../Core/Src/main.c:89:6:HAL_UART_RxCpltCallback	16	static
../Core/Src/main.c:218:7:getIMU	24	static
../Core/Src/main.c:117:5:main	544	static
../Core/Src/main.c:234:7:getIR	32	static
../Core/Src/main.c:258:6:wrap_around	24	static
../Core/Src/main.c:281:7:getLine	32	static
../Core/Src/main.c:297:7:Improveattitude	24	static
../Core/Src/main.c:352:7:Motor_Speed	24	static
../Core/Src/main.c:369:7:LineMove	40	static
../Core/Src/main.c:388:7:Angle_Move	80	static
../Core/Src/main.c:485:7:SystemClock_Config	88	static
../Core/Src/main.c:531:14:MX_TIM2_Init	64	static
../Core/Src/main.c:590:14:MX_TIM3_Init	64	static
../Core/Src/main.c:649:14:MX_UART4_Init	8	static
../Core/Src/main.c:680:14:MX_UART5_Init	8	static
../Core/Src/main.c:711:14:MX_USART1_UART_Init	8	static
../Core/Src/main.c:742:14:MX_USART2_UART_Init	8	static
../Core/Src/main.c:773:14:MX_USART3_UART_Init	8	static
../Core/Src/main.c:804:14:MX_GPIO_Init	48	static
../Core/Src/main.c:850:7:Error_Handler	4	static,ignoring_inline_asm
