../Core/Src/main.c:89:6:HAL_UART_RxCpltCallback	5
../Core/Src/main.c:218:7:getIMU	6
../Core/Src/main.c:117:5:main	5
../Core/Src/main.c:234:7:getIR	6
../Core/Src/main.c:258:6:wrap_around	6
../Core/Src/main.c:281:7:getLine	4
../Core/Src/main.c:297:7:Improveattitude	1
../Core/Src/main.c:352:7:Motor_Speed	7
../Core/Src/main.c:369:7:LineMove	3
../Core/Src/main.c:388:7:Angle_Move	3
../Core/Src/main.c:485:7:SystemClock_Config	3
../Core/Src/main.c:531:14:MX_TIM2_Init	7
../Core/Src/main.c:590:14:MX_TIM3_Init	7
../Core/Src/main.c:649:14:MX_UART4_Init	2
../Core/Src/main.c:680:14:MX_UART5_Init	2
../Core/Src/main.c:711:14:MX_USART1_UART_Init	2
../Core/Src/main.c:742:14:MX_USART2_UART_Init	2
../Core/Src/main.c:773:14:MX_USART3_UART_Init	2
../Core/Src/main.c:804:14:MX_GPIO_Init	1
../Core/Src/main.c:850:7:Error_Handler	1
