2024-01-17 17:53:12,001 [INFO] Activator:176 - 


2024-01-17 17:53:12,003 [INFO] Activator:177 - !SESSION log4j initialized
2024-01-17 17:53:13,590 [INFO] LogOutputStream:77 - [STDOUT_REDIRECT] 
2024-01-17 17:53:14,659 [INFO] ApplicationProperties:184 - Using Application install path: C:\ST\STM32CubeIDE_1.14.0\STM32CubeIDE\plugins\com.st.stm32cube.common.mx_6.10.0.202311202037
2024-01-17 17:53:14,672 [INFO] DbMcusXml:78 - Set database path to: C:\ST\STM32CubeIDE_1.14.0\STM32CubeIDE\plugins\com.st.stm32cube.common.mx_6.10.0.202311202037\\db\/mcu/
2024-01-17 17:53:14,672 [INFO] ApiDb:274 - Set plugin database path to: C:\ST\STM32CubeIDE_1.14.0\STM32CubeIDE\plugins\com.st.stm32cube.common.mx_6.10.0.202311202037\\db\/plugins/boardmanager/
2024-01-17 17:53:14,673 [WARN] ApiDb:259 - Overriding images path with different value:  => C:\ST\STM32CubeIDE_1.14.0\STM32CubeIDE\plugins\com.st.stm32cube.common.mx_6.10.0.202311202037\\db\/plugins/mcufinder/images/
2024-01-17 17:53:14,676 [INFO] ApiDb:250 - Set database path to: C:\Users\mizun\.stmcufinder\plugins\mcufinder//mcu/
2024-01-17 17:53:14,677 [INFO] DbMcusAds:125 - Set database path to: C:\Users\mizun\.stmcufinder\plugins\mcufinder//mcu/
2024-01-17 17:53:14,678 [INFO] CrossReferenceDbSqlite:203 - Set database path to: C:\Users\mizun\.stmcufinder\plugins\mcufinder//mcu/cs/
2024-01-17 17:53:14,761 [INFO] RulesReader:64 - Compatibility file has been processed (297 Rules)
2024-01-17 17:53:14,823 [INFO] DbMcusXml:78 - Set database path to: C:\ST\STM32CubeIDE_1.14.0\STM32CubeIDE\plugins\com.st.stm32cube.common.mx_6.10.0.202311202037\\db\/mcu/
2024-01-17 17:53:14,823 [INFO] ApiDb:274 - Set plugin database path to: C:\ST\STM32CubeIDE_1.14.0\STM32CubeIDE\plugins\com.st.stm32cube.common.mx_6.10.0.202311202037\\db\/plugins/boardmanager/
2024-01-17 17:53:14,823 [INFO] ApiDb:261 - Set plugin images path to: C:\ST\STM32CubeIDE_1.14.0\STM32CubeIDE\plugins\com.st.stm32cube.common.mx_6.10.0.202311202037\\db\/plugins/mcufinder/images/
2024-01-17 17:53:14,823 [WARN] DbFile:41 - Overriding database path with different value: C:\Users\mizun\.stmcufinder\plugins\mcufinder/ => C:\Users\mizun\.stmcufinder\plugins\mcufinder
2024-01-17 17:53:14,823 [INFO] ApiDb:250 - Set database path to: C:\Users\mizun\.stmcufinder\plugins\mcufinder//mcu/
2024-01-17 17:53:14,824 [WARN] DbFile:41 - Overriding database path with different value: C:\Users\mizun\.stmcufinder\plugins\mcufinder/ => C:\Users\mizun\.stmcufinder\plugins\mcufinder
2024-01-17 17:53:14,824 [INFO] DbMcusAds:125 - Set database path to: C:\Users\mizun\.stmcufinder\plugins\mcufinder//mcu/
2024-01-17 17:53:14,824 [WARN] DbFile:41 - Overriding database path with different value: C:\Users\mizun\.stmcufinder\plugins\mcufinder/ => C:\Users\mizun\.stmcufinder\plugins\mcufinder
2024-01-17 17:53:14,824 [WARN] DbFile:41 - Overriding database path with different value: C:\Users\mizun\.stmcufinder\plugins\mcufinder/ => C:\Users\mizun\.stmcufinder\plugins\mcufinder
2024-01-17 17:53:14,824 [INFO] CrossReferenceDbSqlite:203 - Set database path to: C:\Users\mizun\.stmcufinder\plugins\mcufinder//mcu/cs/
2024-01-17 17:53:14,869 [INFO] MainPanel:264 - HeapMemory: 268435456
2024-01-17 17:53:14,912 [INFO] DbMcusXml:78 - Set database path to: C:\ST\STM32CubeIDE_1.14.0\STM32CubeIDE\plugins\com.st.stm32cube.common.mx_6.10.0.202311202037\\db\/mcu/
2024-01-17 17:53:14,912 [INFO] ApiDb:274 - Set plugin database path to: C:\ST\STM32CubeIDE_1.14.0\STM32CubeIDE\plugins\com.st.stm32cube.common.mx_6.10.0.202311202037\\db\/plugins/boardmanager/
2024-01-17 17:53:14,912 [INFO] ApiDb:261 - Set plugin images path to: C:\ST\STM32CubeIDE_1.14.0\STM32CubeIDE\plugins\com.st.stm32cube.common.mx_6.10.0.202311202037\\db\/plugins/mcufinder/images/
2024-01-17 17:53:14,912 [WARN] DbFile:41 - Overriding database path with different value: C:\Users\mizun\.stmcufinder\plugins\mcufinder/ => C:\Users\mizun\.stmcufinder\plugins\mcufinder
2024-01-17 17:53:14,912 [INFO] ApiDb:250 - Set database path to: C:\Users\mizun\.stmcufinder\plugins\mcufinder//mcu/
2024-01-17 17:53:14,912 [WARN] DbFile:41 - Overriding database path with different value: C:\Users\mizun\.stmcufinder\plugins\mcufinder/ => C:\Users\mizun\.stmcufinder\plugins\mcufinder
2024-01-17 17:53:14,912 [INFO] DbMcusAds:125 - Set database path to: C:\Users\mizun\.stmcufinder\plugins\mcufinder//mcu/
2024-01-17 17:53:14,912 [WARN] DbFile:41 - Overriding database path with different value: C:\Users\mizun\.stmcufinder\plugins\mcufinder/ => C:\Users\mizun\.stmcufinder\plugins\mcufinder
2024-01-17 17:53:14,912 [WARN] DbFile:41 - Overriding database path with different value: C:\Users\mizun\.stmcufinder\plugins\mcufinder/ => C:\Users\mizun\.stmcufinder\plugins\mcufinder
2024-01-17 17:53:14,913 [INFO] CrossReferenceDbSqlite:203 - Set database path to: C:\Users\mizun\.stmcufinder\plugins\mcufinder//mcu/cs/
2024-01-17 17:53:14,924 [INFO] ApplicationProperties:184 - Using Application install path: C:\ST\STM32CubeIDE_1.14.0\STM32CubeIDE\plugins\com.st.stm32cube.common.mx_6.10.0.202311202037
2024-01-17 17:53:14,925 [INFO] PluginManage:196 - Search for loadable plugins [exclusion list=, ]
2024-01-17 17:53:14,925 [INFO] PluginManage:310 - Check plugin analytics
2024-01-17 17:53:15,050 [INFO] AnalyticsPlugin:253 - Accepted Software Licenses: STM32CubeMX.6.9.2
2024-01-17 17:53:15,050 [INFO] AnalyticsPlugin:255 - Accepted CMSIS Pack Licenses: 
2024-01-17 17:53:15,050 [INFO] AnalyticsPlugin:257 - Accepted Firmware Licenses: FW.L4.1.18.0,FW.F4.1.27.0
2024-01-17 17:53:15,052 [INFO] PluginManage:359 - Loaded plugin analytics (category:tool,tabindex:-1)
2024-01-17 17:53:15,053 [INFO] PluginManage:310 - Check plugin cadmodel
2024-01-17 17:53:15,056 [INFO] CADModel:105 - Init CAD model plugin
2024-01-17 17:53:15,056 [INFO] PluginManage:359 - Loaded plugin cadmodel (category:power,tabindex:5)
2024-01-17 17:53:15,056 [INFO] PluginManage:310 - Check plugin clock
2024-01-17 17:53:15,062 [INFO] PluginManage:359 - Loaded plugin clock (category:base,tabindex:2)
2024-01-17 17:53:15,062 [INFO] PluginManage:310 - Check plugin ddr
2024-01-17 17:53:15,063 [INFO] PluginManage:359 - Loaded plugin ddr (category:tool,tabindex:6)
2024-01-17 17:53:15,063 [INFO] PluginManage:310 - Check plugin filemanager
2024-01-17 17:53:15,174 [INFO] PluginManage:359 - Loaded plugin filemanager (category:base,tabindex:10)
2024-01-17 17:53:15,174 [INFO] PluginManage:310 - Check plugin ipmanager
2024-01-17 17:53:15,180 [INFO] PluginManage:359 - Loaded plugin ipmanager (category:base,tabindex:5)
2024-01-17 17:53:15,180 [INFO] PluginManage:310 - Check plugin lpbam
2024-01-17 17:53:15,187 [INFO] PluginManage:359 - Loaded plugin lpbam (category:base,tabindex:0)
2024-01-17 17:53:15,187 [INFO] PluginManage:310 - Check plugin memorymap
2024-01-17 17:53:15,196 [INFO] PluginManage:359 - Loaded plugin memorymap (category:base,tabindex:4)
2024-01-17 17:53:15,196 [INFO] PluginManage:310 - Check plugin pinoutandconfiguration
2024-01-17 17:53:15,202 [INFO] PluginManage:359 - Loaded plugin pinoutandconfiguration (category:base,tabindex:1)
2024-01-17 17:53:15,202 [INFO] PluginManage:310 - Check plugin pinoutconfig
2024-01-17 17:53:15,271 [WARN] SupportedApi:132 - Cannot load RTOS API schema: s4s-elt-must-match.1: The content of 'definitions' must match (annotation?, (simpleType | complexType)?, (unique | key | keyref)*)). A problem was found starting at: attribute.
2024-01-17 17:53:15,381 [INFO] PluginManage:359 - Loaded plugin pinoutconfig (category:base,tabindex:0)
2024-01-17 17:53:15,381 [INFO] PluginManage:310 - Check plugin power
2024-01-17 17:53:15,386 [INFO] PluginManage:359 - Loaded plugin power (category:power,tabindex:4)
2024-01-17 17:53:15,386 [INFO] PluginManage:310 - Check plugin projectmanager
2024-01-17 17:53:15,396 [INFO] PluginManage:359 - Loaded plugin projectmanager (category:projectmanager,tabindex:3)
2024-01-17 17:53:15,396 [INFO] PluginManage:310 - Check plugin thirdparty
2024-01-17 17:53:15,465 [INFO] PluginManage:359 - Loaded plugin thirdparty (category:base,tabindex:-1)
2024-01-17 17:53:15,465 [WARN] IntegrityCheckThread:84 - waiting for thirdparty lock release [integrity check]
2024-01-17 17:53:15,465 [INFO] IntegrityCheckThread:86 - entering critical section [integrity check]
2024-01-17 17:53:15,466 [INFO] PluginManage:310 - Check plugin tools
2024-01-17 17:53:15,466 [INFO] ThirdPartyUpdaterWithRetryManager:70 - Updater plugin not ready yet. [1/15]
2024-01-17 17:53:15,468 [INFO] PluginManage:359 - Loaded plugin tools (category:base,tabindex:7)
2024-01-17 17:53:15,468 [INFO] PluginManage:310 - Check plugin tutovideos
2024-01-17 17:53:15,558 [INFO] PluginManage:359 - Loaded plugin tutovideos (category:base,tabindex:-1)
2024-01-17 17:53:15,558 [INFO] PluginManage:310 - Check plugin updater
2024-01-17 17:53:15,563 [INFO] PluginManage:359 - Loaded plugin updater (category:base,tabindex:12)
2024-01-17 17:53:15,564 [INFO] PluginManage:310 - Check plugin userauth
2024-01-17 17:53:15,567 [INFO] UserAuth:114 - Init User Auth plugin
2024-01-17 17:53:15,567 [INFO] PluginManage:359 - Loaded plugin userauth (category:base,tabindex:14)
2024-01-17 17:53:15,567 [INFO] PluginManage:283 - PluginManage : Loaded plugins [17]
2024-01-17 17:53:15,697 [INFO] PinOutPanel:1499 - setPackage(No Configuration,No Configuration)
2024-01-17 17:53:15,746 [INFO] CADModel:165 - CPN selected for project level
2024-01-17 17:53:15,746 [INFO] CADModel:114 - Register for checkConnection events
2024-01-17 17:53:15,755 [INFO] IPUIPlugin:80 - create IPUIPlugin
2024-01-17 17:53:15,756 [INFO] PluginManager:220 - loadIPPluginJar : add adc
2024-01-17 17:53:15,757 [INFO] IPUIPlugin:80 - create IPUIPlugin
2024-01-17 17:53:15,757 [INFO] PluginManager:220 - loadIPPluginJar : add aes
2024-01-17 17:53:15,758 [INFO] IPUIPlugin:80 - create IPUIPlugin
2024-01-17 17:53:15,758 [INFO] PluginManager:220 - loadIPPluginJar : add can
2024-01-17 17:53:15,759 [INFO] IPUIPlugin:80 - create IPUIPlugin
2024-01-17 17:53:15,759 [INFO] PluginManager:220 - loadIPPluginJar : add comp
2024-01-17 17:53:15,760 [INFO] IPUIPlugin:80 - create IPUIPlugin
2024-01-17 17:53:15,760 [INFO] PluginManager:220 - loadIPPluginJar : add cryp
2024-01-17 17:53:15,761 [INFO] IPUIPlugin:80 - create IPUIPlugin
2024-01-17 17:53:15,761 [INFO] PluginManager:220 - loadIPPluginJar : add dfsdm
2024-01-17 17:53:15,764 [INFO] IPUIPlugin:80 - create IPUIPlugin
2024-01-17 17:53:15,764 [INFO] PluginManager:220 - loadIPPluginJar : add dma
2024-01-17 17:53:15,765 [INFO] IPUIPlugin:80 - create IPUIPlugin
2024-01-17 17:53:15,765 [INFO] PluginManager:220 - loadIPPluginJar : add dma3
2024-01-17 17:53:15,766 [INFO] IPUIPlugin:80 - create IPUIPlugin
2024-01-17 17:53:15,766 [INFO] PluginManager:220 - loadIPPluginJar : add fatfs
2024-01-17 17:53:15,768 [INFO] IPUIPlugin:80 - create IPUIPlugin
2024-01-17 17:53:15,768 [INFO] PluginManager:220 - loadIPPluginJar : add fmc
2024-01-17 17:53:15,771 [INFO] IPUIPlugin:80 - create IPUIPlugin
2024-01-17 17:53:15,771 [INFO] PluginManager:220 - loadIPPluginJar : add freertos
2024-01-17 17:53:15,772 [INFO] IPUIPlugin:80 - create IPUIPlugin
2024-01-17 17:53:15,772 [INFO] PluginManager:220 - loadIPPluginJar : add genericplugin
2024-01-17 17:53:15,772 [INFO] IPUIPlugin:80 - create IPUIPlugin
2024-01-17 17:53:15,774 [INFO] PluginManager:220 - loadIPPluginJar : add gfxmmu
2024-01-17 17:53:15,776 [INFO] IPUIPlugin:80 - create IPUIPlugin
2024-01-17 17:53:15,776 [INFO] PluginManager:220 - loadIPPluginJar : add gic
2024-01-17 17:53:15,778 [INFO] IPUIPlugin:80 - create IPUIPlugin
2024-01-17 17:53:15,778 [INFO] PluginManager:220 - loadIPPluginJar : add gpio
2024-01-17 17:53:15,779 [INFO] IPUIPlugin:80 - create IPUIPlugin
2024-01-17 17:53:15,779 [INFO] PluginManager:220 - loadIPPluginJar : add gtzc
2024-01-17 17:53:15,780 [INFO] IPUIPlugin:80 - create IPUIPlugin
2024-01-17 17:53:15,781 [INFO] PluginManager:220 - loadIPPluginJar : add hash
2024-01-17 17:53:15,782 [INFO] IPUIPlugin:80 - create IPUIPlugin
2024-01-17 17:53:15,782 [INFO] PluginManager:220 - loadIPPluginJar : add i2c
2024-01-17 17:53:15,783 [INFO] IPUIPlugin:80 - create IPUIPlugin
2024-01-17 17:53:15,783 [INFO] PluginManager:220 - loadIPPluginJar : add i2s
2024-01-17 17:53:15,784 [INFO] IPUIPlugin:80 - create IPUIPlugin
2024-01-17 17:53:15,784 [INFO] PluginManager:220 - loadIPPluginJar : add i3c
2024-01-17 17:53:15,786 [INFO] IPUIPlugin:80 - create IPUIPlugin
2024-01-17 17:53:15,786 [INFO] PluginManager:220 - loadIPPluginJar : add ipddr
2024-01-17 17:53:15,789 [INFO] IPUIPlugin:80 - create IPUIPlugin
2024-01-17 17:53:15,789 [INFO] PluginManager:220 - loadIPPluginJar : add linkedlist
2024-01-17 17:53:15,791 [INFO] IPUIPlugin:80 - create IPUIPlugin
2024-01-17 17:53:15,791 [INFO] PluginManager:220 - loadIPPluginJar : add lorawan
2024-01-17 17:53:15,791 [INFO] IPUIPlugin:80 - create IPUIPlugin
2024-01-17 17:53:15,792 [INFO] PluginManager:220 - loadIPPluginJar : add ltdc
2024-01-17 17:53:15,795 [INFO] IPUIPlugin:80 - create IPUIPlugin
2024-01-17 17:53:15,795 [INFO] PluginManager:220 - loadIPPluginJar : add mdma
2024-01-17 17:53:15,798 [INFO] IPUIPlugin:80 - create IPUIPlugin
2024-01-17 17:53:15,798 [INFO] PluginManager:220 - loadIPPluginJar : add nvic
2024-01-17 17:53:15,799 [INFO] IPUIPlugin:80 - create IPUIPlugin
2024-01-17 17:53:15,799 [INFO] PluginManager:220 - loadIPPluginJar : add opamp
2024-01-17 17:53:15,801 [INFO] IPUIPlugin:80 - create IPUIPlugin
2024-01-17 17:53:15,801 [INFO] PluginManager:220 - loadIPPluginJar : add openamp
2024-01-17 17:53:15,803 [INFO] IPUIPlugin:80 - create IPUIPlugin
2024-01-17 17:53:15,803 [INFO] PluginManager:220 - loadIPPluginJar : add pdm2pcm
2024-01-17 17:53:15,806 [INFO] IPUIPlugin:80 - create IPUIPlugin
2024-01-17 17:53:15,807 [INFO] PluginManager:220 - loadIPPluginJar : add plateformsettings
2024-01-17 17:53:15,808 [INFO] IPUIPlugin:80 - create IPUIPlugin
2024-01-17 17:53:15,809 [INFO] PluginManager:220 - loadIPPluginJar : add quadspi
2024-01-17 17:53:15,810 [INFO] IPUIPlugin:80 - create IPUIPlugin
2024-01-17 17:53:15,810 [INFO] PluginManager:220 - loadIPPluginJar : add resmgrutility
2024-01-17 17:53:15,812 [INFO] IPUIPlugin:80 - create IPUIPlugin
2024-01-17 17:53:15,812 [INFO] PluginManager:220 - loadIPPluginJar : add sai
2024-01-17 17:53:15,813 [INFO] IPUIPlugin:80 - create IPUIPlugin
2024-01-17 17:53:15,813 [INFO] PluginManager:220 - loadIPPluginJar : add spi
2024-01-17 17:53:15,816 [INFO] IPUIPlugin:80 - create IPUIPlugin
2024-01-17 17:53:15,816 [INFO] PluginManager:220 - loadIPPluginJar : add stm32_wpan
2024-01-17 17:53:15,817 [INFO] IPUIPlugin:80 - create IPUIPlugin
2024-01-17 17:53:15,817 [INFO] PluginManager:220 - loadIPPluginJar : add tim
2024-01-17 17:53:15,820 [INFO] IPUIPlugin:80 - create IPUIPlugin
2024-01-17 17:53:15,820 [INFO] PluginManager:220 - loadIPPluginJar : add touchsensing
2024-01-17 17:53:15,821 [INFO] IPUIPlugin:80 - create IPUIPlugin
2024-01-17 17:53:15,821 [INFO] PluginManager:220 - loadIPPluginJar : add tracer_emb
2024-01-17 17:53:15,822 [INFO] IPUIPlugin:80 - create IPUIPlugin
2024-01-17 17:53:15,822 [INFO] PluginManager:220 - loadIPPluginJar : add ts
2024-01-17 17:53:15,823 [INFO] IPUIPlugin:80 - create IPUIPlugin
2024-01-17 17:53:15,823 [INFO] PluginManager:220 - loadIPPluginJar : add tsc
2024-01-17 17:53:15,824 [INFO] IPUIPlugin:80 - create IPUIPlugin
2024-01-17 17:53:15,824 [INFO] PluginManager:220 - loadIPPluginJar : add ucpd
2024-01-17 17:53:15,826 [INFO] IPUIPlugin:80 - create IPUIPlugin
2024-01-17 17:53:15,826 [INFO] PluginManager:220 - loadIPPluginJar : add usart
2024-01-17 17:53:15,828 [INFO] IPUIPlugin:80 - create IPUIPlugin
2024-01-17 17:53:15,828 [INFO] PluginManager:220 - loadIPPluginJar : add usbx
2024-01-17 17:53:15,934 [INFO] CADModel:165 - CPN selected for project level
2024-01-17 17:53:15,934 [INFO] CADModel:114 - Register for checkConnection events
2024-01-17 17:53:15,934 [FATAL] Updater:308 - Updater called before beeing initialized
2024-01-17 17:53:15,935 [ERROR] CADModel:125 - Updater not yet initialized, retry later 
2024-01-17 17:53:16,015 [INFO] CADModel:165 - CPN selected for project level
2024-01-17 17:53:16,015 [INFO] CADModel:114 - Register for checkConnection events
2024-01-17 17:53:16,015 [FATAL] Updater:308 - Updater called before beeing initialized
2024-01-17 17:53:16,015 [ERROR] CADModel:125 - Updater not yet initialized, retry later 
2024-01-17 17:53:16,017 [FATAL] Updater:308 - Updater called before beeing initialized
2024-01-17 17:53:16,079 [FATAL] Updater:308 - Updater called before beeing initialized
2024-01-17 17:53:16,082 [INFO] DbMcusAds:53 - JSON generation date=Wed Nov 29 19:52:27 JST 2023 (1701255147349)
2024-01-17 17:53:16,082 [FATAL] Updater:308 - Updater called before beeing initialized
2024-01-17 17:53:16,103 [WARN] DetailPanel:346 - Failed to get advertising image, set to default
2024-01-17 17:53:16,162 [FATAL] Updater:308 - Updater called before beeing initialized
2024-01-17 17:53:16,163 [FATAL] Updater:308 - Updater called before beeing initialized
2024-01-17 17:53:16,163 [FATAL] Updater:308 - Updater called before beeing initialized
2024-01-17 17:53:16,163 [WARN] DetailPanel:346 - Failed to get advertising image, set to default
2024-01-17 17:53:16,164 [FATAL] Updater:308 - Updater called before beeing initialized
2024-01-17 17:53:16,197 [ERROR] Updater:1120 - MainUpdater not yet initialized. External WinMGr cannot be set.
2024-01-17 17:53:16,199 [INFO] Updater:1056 - Updater Version found : 6.10.0
2024-01-17 17:53:16,210 [INFO] ApplicationProperties:184 - Using Application install path: C:\ST\STM32CubeIDE_1.14.0\STM32CubeIDE\plugins\com.st.stm32cube.common.mx_6.10.0.202311202037
2024-01-17 17:53:16,373 [INFO] MainUpdater:2873 - connection check result : 10
2024-01-17 17:53:16,374 [INFO] MainUpdater:290 - Updater Check For Update Now.
2024-01-17 17:53:16,374 [INFO] MicroXplorer:498 - Change Database Version : DB.6.0.100
2024-01-17 17:53:16,381 [INFO] McuFinderGlobals:63 - Set McuFinder mode to 2 (CubeIDE integrated)
2024-01-17 17:53:16,460 [INFO] UserAuth:404 - Internet connection configuration mode: 1
2024-01-17 17:53:16,466 [INFO] JxBrowserEngine:152 - Initiate JxBrowser Engine with user profile folder
2024-01-17 17:53:16,524 [INFO] CheckServerUpdateThread:120 - End of CheckServer Thread
2024-01-17 17:53:16,761 [INFO] WebApp:161 - Instantiating new browser for Auth
2024-01-17 17:53:17,050 [INFO] WebApp:780 - Register for checkConnection events
2024-01-17 17:53:17,051 [INFO] WebApp:414 - Apply proxy settings
2024-01-17 17:53:17,051 [INFO] WebApp:499 - Chromium requires no authentication
2024-01-17 17:53:17,055 [INFO] WebApp:442 - Direct internet connection detected
2024-01-17 17:53:17,132 [INFO] WebApp:192 - Starting web application
2024-01-17 17:53:17,132 [INFO] WebApp:544 - Web application path used C:\ST\STM32CubeIDE_1.14.0\STM32CubeIDE\plugins\com.st.stm32cube.common.mx_6.10.0.202311202037\db\plugins\mcufinder\reactClient1\index.html
2024-01-17 17:53:18,578 [WARN] PackLoader:240 - Cannot read IP mode file for STMicroelectronics.X-CUBE-SMBUS.2.1.0
2024-01-17 17:53:18,582 [WARN] PackLoader:240 - Cannot read IP mode file for STMicroelectronics.X-CUBE-TOUCHGFX.4.23.0
2024-01-17 17:53:18,598 [WARN] PackLoader:240 - Cannot read IP mode file for STMicroelectronics.X-CUBE-AZRTOS-F7.1.1.0
2024-01-17 17:53:18,607 [WARN] PackLoader:240 - Cannot read IP mode file for STMicroelectronics.FP-SNS-MOTENV1.4.3.2
2024-01-17 17:53:18,611 [WARN] PackLoader:240 - Cannot read IP mode file for STMicroelectronics.FP-SNS-FLIGHT1.5.0.2
2024-01-17 17:53:18,619 [WARN] PackLoader:240 - Cannot read IP mode file for STMicroelectronics.X-CUBE-DISPLAY.3.0.0
2024-01-17 17:53:18,628 [WARN] PackLoader:240 - Cannot read IP mode file for STMicroelectronics.X-CUBE-BLE1.7.0.0
2024-01-17 17:53:18,633 [WARN] PackLoader:240 - Cannot read IP mode file for emotas.I-CUBE-CANOPEN.1.3.0
2024-01-17 17:53:18,635 [WARN] PackLoader:240 - Cannot read IP mode file for STMicroelectronics.X-CUBE-TOUCHGFX.4.22.1
2024-01-17 17:53:18,639 [WARN] PackLoader:240 - Cannot read IP mode file for STMicroelectronics.FP-SNS-SMARTAG2.1.2.0
2024-01-17 17:53:18,647 [INFO] LogOutputStream:77 - [STDOUT_REDIRECT] 1 : Invalid condition id : UX_CORESTACK_Condition cause : null
2024-01-17 17:53:18,648 [INFO] LogOutputStream:77 - [STDOUT_REDIRECT] 1 : Invalid condition id : UX_CORESTACK_Condition cause : null
2024-01-17 17:53:18,649 [INFO] LogOutputStream:77 - [STDOUT_REDIRECT] 1 : Invalid condition id : UX_CORESTACK_Condition cause : null
2024-01-17 17:53:18,650 [INFO] LogOutputStream:77 - [STDOUT_REDIRECT] 1 : Invalid condition id : UX_CORESTACK_Condition cause : null
2024-01-17 17:53:18,652 [INFO] LogOutputStream:77 - [STDOUT_REDIRECT] 1 : Invalid condition id : UX_CORESTACK_Condition cause : null
2024-01-17 17:53:18,656 [WARN] PackLoader:240 - Cannot read IP mode file for STMicroelectronics.X-CUBE-AZRTOS-WL.2.0.0
2024-01-17 17:53:18,663 [WARN] PackLoader:240 - Cannot read IP mode file for WES.I-CUBE-Cesium.1.3.0
2024-01-17 17:53:18,666 [WARN] PackLoader:240 - Cannot read IP mode file for STMicroelectronics.X-CUBE-BLE2.3.3.0
2024-01-17 17:53:18,672 [WARN] PackLoader:240 - Cannot read IP mode file for STMicroelectronics.X-CUBE-ALGOBUILD.1.3.0
2024-01-17 17:53:18,684 [WARN] PackLoader:240 - Cannot read IP mode file for STMicroelectronics.X-CUBE-AZRTOS-G0.1.1.0
2024-01-17 17:53:18,691 [WARN] PackLoader:240 - Cannot read IP mode file for STMicroelectronics.X-CUBE-NFC4.3.0.0
2024-01-17 17:53:18,700 [WARN] PackLoader:240 - Cannot read IP mode file for STMicroelectronics.X-CUBE-BLEMGR.3.0.0
2024-01-17 17:53:18,706 [WARN] PackLoader:240 - Cannot read IP mode file for STMicroelectronics.FP-ATR-SIGFOX1.3.2.0
2024-01-17 17:53:18,733 [WARN] PackLoader:240 - Cannot read IP mode file for SEGGER.I-CUBE-embOS.1.3.1
2024-01-17 17:53:18,771 [WARN] PackLoader:240 - Cannot read IP mode file for STMicroelectronics.X-CUBE-GNSS1.6.0.0
2024-01-17 17:53:18,781 [WARN] PackLoader:240 - Cannot read IP mode file for STMicroelectronics.X-CUBE-AZRTOS-F4.1.1.0
2024-01-17 17:53:18,787 [WARN] PackLoader:240 - Cannot read IP mode file for wolfSSL.I-CUBE-wolfSSL.5.6.3
2024-01-17 17:53:18,795 [WARN] PackLoader:240 - Cannot read IP mode file for STMicroelectronics.X-CUBE-AZRTOS-L5.2.0.0
2024-01-17 17:53:18,801 [WARN] PackLoader:240 - Cannot read IP mode file for STMicroelectronics.X-CUBE-EEPRMA1.4.2.0
2024-01-17 17:53:18,806 [WARN] PackLoader:240 - Cannot read IP mode file for ITTIA_DB.I-CUBE-ITTIADB.8.8.0
2024-01-17 17:53:18,809 [WARN] PackLoader:240 - Cannot read IP mode file for STMicroelectronics.X-CUBE-BLEMGR.2.0.0
2024-01-17 17:53:18,820 [WARN] ConditionMgr:438 - getConditionDescription Invalid condition id : UX DEVICE CLASS RTOS Condition cause : null
2024-01-17 17:53:18,820 [WARN] ConditionMgr:438 - getConditionDescription Invalid condition id : UX DEVICE CLASS RTOS Condition cause : null
2024-01-17 17:53:18,823 [WARN] PackLoader:240 - Cannot read IP mode file for STMicroelectronics.X-CUBE-AZRTOS-H7.3.1.0
2024-01-17 17:53:18,823 [WARN] ConditionMgr:1039 - genDependencies : Invalid condition id : UX DEVICE CLASS RTOS Condition cause : null
2024-01-17 17:53:18,823 [WARN] ConditionMgr:1039 - genDependencies : Invalid condition id : UX DEVICE CLASS RTOS Condition cause : null
2024-01-17 17:53:18,824 [WARN] ConditionMgr:1039 - genDependencies : Invalid condition id : UX DEVICE CLASS RTOS Condition cause : null
2024-01-17 17:53:18,824 [WARN] ConditionMgr:1039 - genDependencies : Invalid condition id : UX DEVICE CLASS RTOS Condition cause : null
2024-01-17 17:53:18,824 [WARN] ConditionMgr:1039 - genDependencies : Invalid condition id : UX DEVICE CLASS RTOS Condition cause : null
2024-01-17 17:53:18,828 [WARN] PackLoader:240 - Cannot read IP mode file for STMicroelectronics.X-CUBE-NFC7.1.0.1
2024-01-17 17:53:18,834 [WARN] PackLoader:240 - Cannot read IP mode file for STMicroelectronics.X-CUBE-NFC6.3.0.0
2024-01-17 17:53:18,839 [WARN] PackLoader:240 - Cannot read IP mode file for STMicroelectronics.X-CUBE-EEPRMA1.4.1.0
2024-01-17 17:53:18,842 [WARN] PackLoader:240 - Cannot read IP mode file for STMicroelectronics.X-CUBE-AI.8.1.0
2024-01-17 17:53:18,852 [WARN] ConditionMgr:438 - getConditionDescription Invalid condition id : LAN8742 Phy interface Condition cause : null
2024-01-17 17:53:18,852 [WARN] PackLoader:240 - Cannot read IP mode file for STMicroelectronics.X-CUBE-AZRTOS-L4.2.0.0
2024-01-17 17:53:18,853 [WARN] ConditionMgr:1039 - genDependencies : Invalid condition id : LAN8742 Phy interface Condition cause : null
2024-01-17 17:53:18,853 [WARN] ConditionMgr:1039 - genDependencies : Invalid condition id : LAN8742 Phy interface Condition cause : null
2024-01-17 17:53:18,854 [WARN] ConditionMgr:1039 - genDependencies : Invalid condition id : LAN8742 Phy interface Condition cause : null
2024-01-17 17:53:18,858 [WARN] PackLoader:240 - Cannot read IP mode file for STMicroelectronics.X-CUBE-SFXS2LP1.4.0.0
2024-01-17 17:53:18,861 [WARN] PackLoader:240 - Cannot read IP mode file for STMicroelectronics.X-CUBE-ISPU.1.1.0
2024-01-17 17:53:18,870 [WARN] ConditionMgr:438 - getConditionDescription Invalid condition id : UX DEVICE CLASS RTOS Condition cause : null
2024-01-17 17:53:18,870 [WARN] ConditionMgr:438 - getConditionDescription Invalid condition id : UX DEVICE CLASS RTOS Condition cause : null
2024-01-17 17:53:18,871 [WARN] PackLoader:240 - Cannot read IP mode file for STMicroelectronics.X-CUBE-AZRTOS-WB.2.0.0
2024-01-17 17:53:18,872 [WARN] ConditionMgr:1039 - genDependencies : Invalid condition id : UX DEVICE CLASS RTOS Condition cause : null
2024-01-17 17:53:18,872 [WARN] ConditionMgr:1039 - genDependencies : Invalid condition id : UX DEVICE CLASS RTOS Condition cause : null
2024-01-17 17:53:18,872 [WARN] ConditionMgr:1039 - genDependencies : Invalid condition id : UX DEVICE CLASS RTOS Condition cause : null
2024-01-17 17:53:18,872 [WARN] ConditionMgr:1039 - genDependencies : Invalid condition id : UX DEVICE CLASS RTOS Condition cause : null
2024-01-17 17:53:18,872 [WARN] ConditionMgr:1039 - genDependencies : Invalid condition id : UX DEVICE CLASS RTOS Condition cause : null
2024-01-17 17:53:18,878 [WARN] PackLoader:240 - Cannot read IP mode file for STMicroelectronics.X-CUBE-SUBG2.5.0.0
2024-01-17 17:53:18,887 [WARN] PackLoader:240 - Cannot read IP mode file for STMicroelectronics.X-CUBE-TOF1.3.3.1
2024-01-17 17:53:18,902 [WARN] PackLoader:240 - Cannot read IP mode file for STMicroelectronics.X-CUBE-AZRTOS-G4.2.0.0
2024-01-17 17:53:18,912 [WARN] PackLoader:240 - Cannot read IP mode file for Infineon.AIROC-Wi-Fi-Bluetooth-STM32.1.5.1
2024-01-17 17:53:18,918 [WARN] PackLoader:240 - Cannot read IP mode file for STMicroelectronics.FP-SNS-MOTENVWB1.1.3.0
2024-01-17 17:53:18,922 [WARN] PackLoader:240 - Cannot read IP mode file for STMicroelectronics.FP-SNS-MOTENVWB1.1.3.1
2024-01-17 17:53:18,925 [WARN] PackLoader:240 - Cannot read IP mode file for STMicroelectronics.X-CUBE-ISPU.2.0.0
2024-01-17 17:53:18,952 [WARN] PackLoader:240 - Cannot read IP mode file for STMicroelectronics.X-CUBE-MEMS1.10.0.0
2024-01-17 17:53:19,061 [WARN] PackLoader:240 - Cannot read IP mode file for STMicroelectronics.X-CUBE-FREERTOS.1.1.0
2024-01-17 17:53:19,066 [WARN] PackLoader:240 - Cannot read IP mode file for portGmbH.I-Cube-SoM-uGOAL.1.1.0
2024-01-17 17:53:19,071 [WARN] PackLoader:240 - Cannot read IP mode file for STMicroelectronics.X-CUBE-ALS.1.0.1
2024-01-17 17:53:19,075 [WARN] PackLoader:240 - Cannot read IP mode file for STMicroelectronics.FP-ATR-ASTRA1.2.0.0
2024-01-17 17:53:19,082 [WARN] PackLoader:240 - Cannot read IP mode file for STMicroelectronics.X-CUBE-TOF1.3.4.0
2024-01-17 17:53:19,105 [WARN] PackLoader:240 - Cannot read IP mode file for STMicroelectronics.X-CUBE-AZRTOS-H7.3.2.0
2024-01-17 17:53:19,108 [INFO] ThirdParty:978 - Integrity check success = true
2024-01-17 17:53:19,108 [INFO] IntegrityCheckThread:100 - exiting critical section [integrity check]
2024-01-17 17:53:19,108 [INFO] IntegrityCheckThread:103 - End integrity checks thread
2024-01-17 17:53:28,998 [ERROR] LogOutputStream:75 - [STDERR_REDIRECT] 
