16:29:48 **** Incremental Build of configuration Debug for project gyrotry ****
make -j16 all 
arm-none-eabi-gcc "../Core/Src/main.c" -mcpu=cortex-m4 -std=gnu11 -g3 -DDEBUG -DUSE_HAL_DRIVER -DSTM32F303x8 -c -I../Core/Inc -I../Drivers/STM32F3xx_HAL_Driver/Inc -I../Drivers/STM32F3xx_HAL_Driver/Inc/Legacy -I../Drivers/CMSIS/Device/ST/STM32F3xx/Include -I../Drivers/CMSIS/Include -O0 -ffunction-sections -fdata-sections -Wall -fstack-usage -fcyclomatic-complexity -MMD -MP -MF"Core/Src/main.d" -MT"Core/Src/main.o" --specs=nano.specs -mfpu=fpv4-sp-d16 -mfloat-abi=hard -mthumb -o "Core/Src/main.o"
../Core/Src/main.c: In function 'main':
../Core/Src/main.c:108:9: error: unknown type name 'Quaternion'
  108 |         Quaternion q;
      |         ^~~~~~~~~~
../Core/Src/main.c:109:9: error: unknown type name 'VectorFloat'
  109 |         VectorFloat gravity;
      |         ^~~~~~~~~~~
../Core/Src/main.c:130:11: error: 'mpu' undeclared (first use in this function)
  130 |           mpu.setDMPEnabled(true);
      |           ^~~
../Core/Src/main.c:130:11: note: each undeclared identifier is reported only once for each function it appears in
../Core/Src/main.c:151:36: warning: implicit declaration of function 'degrees' [-Wimplicit-function-declaration]
  151 |                         Gyro_Now = degrees(ypr[0]); // + 180;
      |                                    ^~~~~~~
../Core/Src/main.c:212:21: error: invalid storage class for function 'MX_I2C1_Init'
  212 |         static void MX_I2C1_Init(void) {
      |                     ^~~~~~~~~~~~
../Core/Src/main.c:257:21: error: invalid storage class for function 'MX_USART1_UART_Init'
  257 |         static void MX_USART1_UART_Init(void) {
      |                     ^~~~~~~~~~~~~~~~~~~
../Core/Src/main.c:290:21: error: invalid storage class for function 'MX_USART2_UART_Init'
  290 |         static void MX_USART2_UART_Init(void) {
      |                     ^~~~~~~~~~~~~~~~~~~
../Core/Src/main.c:323:21: error: invalid storage class for function 'MX_GPIO_Init'
  323 |         static void MX_GPIO_Init(void) {
      |                     ^~~~~~~~~~~~
../Core/Src/main.c:351:9: error: expected declaration or statement at end of input
  351 |         }
      |         ^
../Core/Src/main.c:111:13: warning: variable 'degree' set but not used [-Wunused-but-set-variable]
  111 |         int degree;
      |             ^~~~~~
../Core/Src/main.c:109:21: warning: unused variable 'gravity' [-Wunused-variable]
  109 |         VectorFloat gravity;
      |                     ^~~~~~~
../Core/Src/main.c:108:20: warning: unused variable 'q' [-Wunused-variable]
  108 |         Quaternion q;
      |                    ^
../Core/Src/main.c:104:21: warning: variable 'dmpReady' set but not used [-Wunused-but-set-variable]
  104 |         static bool dmpReady = false;
      |                     ^~~~~~~~
../Core/Src/main.c: At top level:
../Core/Src/main.c:55:13: warning: 'MX_GPIO_Init' used but never defined
   55 | static void MX_GPIO_Init(void);
      |             ^~~~~~~~~~~~
../Core/Src/main.c:56:13: warning: 'MX_USART2_UART_Init' used but never defined
   56 | static void MX_USART2_UART_Init(void);
      |             ^~~~~~~~~~~~~~~~~~~
../Core/Src/main.c:57:13: warning: 'MX_I2C1_Init' used but never defined
   57 | static void MX_I2C1_Init(void);
      |             ^~~~~~~~~~~~
../Core/Src/main.c:58:13: warning: 'MX_USART1_UART_Init' used but never defined
   58 | static void MX_USART1_UART_Init(void);
      |             ^~~~~~~~~~~~~~~~~~~
../Core/Src/main.c:344:14: warning: 'Error_Handler' defined but not used [-Wunused-function]
  344 |         void Error_Handler(void) {
      |              ^~~~~~~~~~~~~
../Core/Src/main.c:323:21: warning: 'MX_GPIO_Init' defined but not used [-Wunused-function]
  323 |         static void MX_GPIO_Init(void) {
      |                     ^~~~~~~~~~~~
../Core/Src/main.c:290:21: warning: 'MX_USART2_UART_Init' defined but not used [-Wunused-function]
  290 |         static void MX_USART2_UART_Init(void) {
      |                     ^~~~~~~~~~~~~~~~~~~
../Core/Src/main.c:257:21: warning: 'MX_USART1_UART_Init' defined but not used [-Wunused-function]
  257 |         static void MX_USART1_UART_Init(void) {
      |                     ^~~~~~~~~~~~~~~~~~~
../Core/Src/main.c:212:21: warning: 'MX_I2C1_Init' defined but not used [-Wunused-function]
  212 |         static void MX_I2C1_Init(void) {
      |                     ^~~~~~~~~~~~
../Core/Src/main.c:169:14: warning: 'SystemClock_Config' defined but not used [-Wunused-function]
  169 |         void SystemClock_Config(void) {
      |              ^~~~~~~~~~~~~~~~~~
make: *** [Core/Src/subdir.mk:40: Core/Src/main.o] Error 1
"make -j16 all" terminated with exit code 2. Build might be incomplete.
16:30:59 **** Incremental Build of configuration Debug for project gyrotry ****
make -j16 all 
arm-none-eabi-gcc "../Core/Src/main.c" -mcpu=cortex-m4 -std=gnu11 -g3 -DDEBUG -DUSE_HAL_DRIVER -DSTM32F303x8 -c -I../Core/Inc -I../Drivers/STM32F3xx_HAL_Driver/Inc -I../Drivers/STM32F3xx_HAL_Driver/Inc/Legacy -I../Drivers/CMSIS/Device/ST/STM32F3xx/Include -I../Drivers/CMSIS/Include -O0 -ffunction-sections -fdata-sections -Wall -fstack-usage -fcyclomatic-complexity -MMD -MP -MF"Core/Src/main.d" -MT"Core/Src/main.o" --specs=nano.specs -mfpu=fpv4-sp-d16 -mfloat-abi=hard -mthumb -o "Core/Src/main.o"
../Core/Src/main.c: In function 'main':
../Core/Src/main.c:108:9: error: unknown type name 'Quaternion'
  108 |         Quaternion q;
      |         ^~~~~~~~~~
../Core/Src/main.c:109:9: error: unknown type name 'VectorFloat'
  109 |         VectorFloat gravity;
      |         ^~~~~~~~~~~
../Core/Src/main.c:133:24: error: 'mpu' undeclared (first use in this function)
  133 |           packetSize = mpu.dmpGetFIFOPacketSize();
      |                        ^~~
../Core/Src/main.c:133:24: note: each undeclared identifier is reported only once for each function it appears in
../Core/Src/main.c:151:36: warning: implicit declaration of function 'degrees' [-Wimplicit-function-declaration]
  151 |                         Gyro_Now = degrees(ypr[0]); // + 180;
      |                                    ^~~~~~~
../Core/Src/main.c:111:13: warning: variable 'degree' set but not used [-Wunused-but-set-variable]
  111 |         int degree;
      |             ^~~~~~
../Core/Src/main.c:109:21: warning: unused variable 'gravity' [-Wunused-variable]
  109 |         VectorFloat gravity;
      |                     ^~~~~~~
../Core/Src/main.c:108:20: warning: unused variable 'q' [-Wunused-variable]
  108 |         Quaternion q;
      |                    ^
../Core/Src/main.c:104:21: warning: variable 'dmpReady' set but not used [-Wunused-but-set-variable]
  104 |         static bool dmpReady = false;
      |                     ^~~~~~~~
make: *** [Core/Src/subdir.mk:40: Core/Src/main.o] Error 1
"make -j16 all" terminated with exit code 2. Build might be incomplete.
16:57:01 **** Incremental Build of configuration Debug for project gyrotry ****
make -j16 all 
arm-none-eabi-gcc "../Core/Src/main.c" -mcpu=cortex-m4 -std=gnu11 -g3 -DDEBUG -DUSE_HAL_DRIVER -DSTM32F303x8 -c -I../Core/Inc -I../Drivers/STM32F3xx_HAL_Driver/Inc -I../Drivers/STM32F3xx_HAL_Driver/Inc/Legacy -I../Drivers/CMSIS/Device/ST/STM32F3xx/Include -I../Drivers/CMSIS/Include -O0 -ffunction-sections -fdata-sections -Wall -fstack-usage -fcyclomatic-complexity -MMD -MP -MF"Core/Src/main.d" -MT"Core/Src/main.o" --specs=nano.specs -mfpu=fpv4-sp-d16 -mfloat-abi=hard -mthumb -o "Core/Src/main.o"
../Core/Src/main.c: In function 'main':
../Core/Src/main.c:153:64: warning: pointer targets in passing argument 1 of 'strlen' differ in signedness [-Wpointer-sign]
  153 |                 HAL_UART_Transmit(&huart2, &fifoBuffer, strlen(fifoBuffer), 1000);
      |                                                                ^~~~~~~~~~
      |                                                                |
      |                                                                uint8_t * {aka unsigned char *}
In file included from ../Core/Inc/I2Cdev.h:38,
                 from ../Core/Inc/MPU6050.h:41,
                 from ../Core/Src/main.c:21:
C:\ST\STM32CubeIDE_1.14.0\STM32CubeIDE\plugins\com.st.stm32cube.ide.mcu.externaltools.gnu-tools-for-stm32.11.3.rel1.win32_1.1.100.202309141235\tools\bin/../lib/gcc/arm-none-eabi/11.3.1/../../../../arm-none-eabi/include/string.h:41:18: note: expected 'const char *' but argument is of type 'uint8_t *' {aka 'unsigned char *'}
   41 | size_t   strlen (const char *);
      |                  ^~~~~~~~~~~~
../Core/Src/main.c:153:44: warning: passing argument 2 of 'HAL_UART_Transmit' from incompatible pointer type [-Wincompatible-pointer-types]
  153 |                 HAL_UART_Transmit(&huart2, &fifoBuffer, strlen(fifoBuffer), 1000);
      |                                            ^~~~~~~~~~~
      |                                            |
      |                                            uint8_t (*)[64] {aka unsigned char (*)[64]}
In file included from ../Core/Inc/stm32f3xx_hal_conf.h:327,
                 from ../Drivers/STM32F3xx_HAL_Driver/Inc/stm32f3xx_hal.h:29,
                 from ../Core/Inc/main.h:30,
                 from ../Core/Src/main.c:20:
../Drivers/STM32F3xx_HAL_Driver/Inc/stm32f3xx_hal_uart.h:1486:79: note: expected 'const uint8_t *' {aka 'const unsigned char *'} but argument is of type 'uint8_t (*)[64]' {aka 'unsigned char (*)[64]'}
 1486 | HAL_StatusTypeDef HAL_UART_Transmit(UART_HandleTypeDef *huart, const uint8_t *pData, uint16_t Size, uint32_t Timeout);
      |                                                                ~~~~~~~~~~~~~~~^~~~~
../Core/Src/main.c:113:41: warning: unused variable 'Gyro_Offset' [-Wunused-variable]
  113 |         int16_t Gyro_Now = 0, Gyro = 0, Gyro_Offset = 0;
      |                                         ^~~~~~~~~~~
../Core/Src/main.c:113:31: warning: unused variable 'Gyro' [-Wunused-variable]
  113 |         int16_t Gyro_Now = 0, Gyro = 0, Gyro_Offset = 0;
      |                               ^~~~
../Core/Src/main.c:113:17: warning: unused variable 'Gyro_Now' [-Wunused-variable]
  113 |         int16_t Gyro_Now = 0, Gyro = 0, Gyro_Offset = 0;
      |                 ^~~~~~~~
../Core/Src/main.c:105:21: warning: variable 'dmpReady' set but not used [-Wunused-but-set-variable]
  105 |         static bool dmpReady = false;
      |                     ^~~~~~~~
../Core/Src/main.c:99:14: warning: unused variable 'str' [-Wunused-variable]
   99 |         char str[20];
      |              ^~~
arm-none-eabi-gcc -o "gyrotry.elf" @"objects.list"   -mcpu=cortex-m4 -T"C:\Users\mizun\Documents\GitHub\2024_Oidengiken\cubeIDE\gyro\gyrotry\STM32F303K8TX_FLASH.ld" --specs=nosys.specs -Wl,-Map="gyrotry.map" -Wl,--gc-sections -static --specs=nano.specs -mfpu=fpv4-sp-d16 -mfloat-abi=hard -mthumb -Wl,--start-group -lc -lm -Wl,--end-group
Finished building target: gyrotry.elf
 
arm-none-eabi-size  gyrotry.elf 
arm-none-eabi-objdump -h -S gyrotry.elf  > "gyrotry.list"
   text	   data	    bss	    dec	    hex	filename
  16488	     24	   1960	  18472	   4828	gyrotry.elf
Finished building: default.size.stdout
 
Finished building: gyrotry.list
 
16:57:37 **** Incremental Build of configuration Debug for project gyrotry ****
make -j16 all 
arm-none-eabi-size  gyrotry.elf 
   text	   data	    bss	    dec	    hex	filename
  16488	     24	   1960	  18472	   4828	gyrotry.elf
Finished building: default.size.stdout
 
16:57:57 **** Incremental Build of configuration Debug for project gyrotry ****
make -j16 all 
arm-none-eabi-size  gyrotry.elf 
   text	   data	    bss	    dec	    hex	filename
  16488	     24	   1960	  18472	   4828	gyrotry.elf
Finished building: default.size.stdout
 
17:00:33 **** Incremental Build of configuration Debug for project gyrotry ****
make -j16 all 
arm-none-eabi-gcc "../Core/Src/main.c" -mcpu=cortex-m4 -std=gnu11 -g3 -DDEBUG -DUSE_HAL_DRIVER -DSTM32F303x8 -c -I../Core/Inc -I../Drivers/STM32F3xx_HAL_Driver/Inc -I../Drivers/STM32F3xx_HAL_Driver/Inc/Legacy -I../Drivers/CMSIS/Device/ST/STM32F3xx/Include -I../Drivers/CMSIS/Include -O0 -ffunction-sections -fdata-sections -Wall -fstack-usage -fcyclomatic-complexity -MMD -MP -MF"Core/Src/main.d" -MT"Core/Src/main.o" --specs=nano.specs -mfpu=fpv4-sp-d16 -mfloat-abi=hard -mthumb -o "Core/Src/main.o"
../Core/Src/main.c: In function 'main':
../Core/Src/main.c:153:64: warning: pointer targets in passing argument 1 of 'strlen' differ in signedness [-Wpointer-sign]
  153 |                 HAL_UART_Transmit(&huart2, &fifoBuffer, strlen(fifoBuffer), 1000);
      |                                                                ^~~~~~~~~~
      |                                                                |
      |                                                                uint8_t * {aka unsigned char *}
In file included from ../Core/Inc/I2Cdev.h:38,
                 from ../Core/Inc/MPU6050.h:41,
                 from ../Core/Src/main.c:21:
C:\ST\STM32CubeIDE_1.14.0\STM32CubeIDE\plugins\com.st.stm32cube.ide.mcu.externaltools.gnu-tools-for-stm32.11.3.rel1.win32_1.1.100.202309141235\tools\bin/../lib/gcc/arm-none-eabi/11.3.1/../../../../arm-none-eabi/include/string.h:41:18: note: expected 'const char *' but argument is of type 'uint8_t *' {aka 'unsigned char *'}
   41 | size_t   strlen (const char *);
      |                  ^~~~~~~~~~~~
../Core/Src/main.c:153:44: warning: passing argument 2 of 'HAL_UART_Transmit' from incompatible pointer type [-Wincompatible-pointer-types]
  153 |                 HAL_UART_Transmit(&huart2, &fifoBuffer, strlen(fifoBuffer), 1000);
      |                                            ^~~~~~~~~~~
      |                                            |
      |                                            uint8_t (*)[64] {aka unsigned char (*)[64]}
In file included from ../Core/Inc/stm32f3xx_hal_conf.h:327,
                 from ../Drivers/STM32F3xx_HAL_Driver/Inc/stm32f3xx_hal.h:29,
                 from ../Core/Inc/main.h:30,
                 from ../Core/Src/main.c:20:
../Drivers/STM32F3xx_HAL_Driver/Inc/stm32f3xx_hal_uart.h:1486:79: note: expected 'const uint8_t *' {aka 'const unsigned char *'} but argument is of type 'uint8_t (*)[64]' {aka 'unsigned char (*)[64]'}
 1486 | HAL_StatusTypeDef HAL_UART_Transmit(UART_HandleTypeDef *huart, const uint8_t *pData, uint16_t Size, uint32_t Timeout);
      |                                                                ~~~~~~~~~~~~~~~^~~~~
../Core/Src/main.c:113:41: warning: unused variable 'Gyro_Offset' [-Wunused-variable]
  113 |         int16_t Gyro_Now = 0, Gyro = 0, Gyro_Offset = 0;
      |                                         ^~~~~~~~~~~
../Core/Src/main.c:113:31: warning: unused variable 'Gyro' [-Wunused-variable]
  113 |         int16_t Gyro_Now = 0, Gyro = 0, Gyro_Offset = 0;
      |                               ^~~~
../Core/Src/main.c:113:17: warning: unused variable 'Gyro_Now' [-Wunused-variable]
  113 |         int16_t Gyro_Now = 0, Gyro = 0, Gyro_Offset = 0;
      |                 ^~~~~~~~
../Core/Src/main.c:105:21: warning: variable 'dmpReady' set but not used [-Wunused-but-set-variable]
  105 |         static bool dmpReady = false;
      |                     ^~~~~~~~
../Core/Src/main.c:99:14: warning: unused variable 'str' [-Wunused-variable]
   99 |         char str[20];
      |              ^~~
arm-none-eabi-gcc -o "gyrotry.elf" @"objects.list"   -mcpu=cortex-m4 -T"C:\Users\mizun\Documents\GitHub\2024_Oidengiken\cubeIDE\gyro\gyrotry\STM32F303K8TX_FLASH.ld" --specs=nosys.specs -Wl,-Map="gyrotry.map" -Wl,--gc-sections -static --specs=nano.specs -mfpu=fpv4-sp-d16 -mfloat-abi=hard -mthumb -Wl,--start-group -lc -lm -Wl,--end-group
Finished building target: gyrotry.elf
 
arm-none-eabi-size  gyrotry.elf 
arm-none-eabi-objdump -h -S gyrotry.elf  > "gyrotry.list"
   text	   data	    bss	    dec	    hex	filename
  16488	     24	   1960	  18472	   4828	gyrotry.elf
Finished building: default.size.stdout
 
Finished building: gyrotry.list
 
17:01:40 **** Incremental Build of configuration Debug for project gyrotry ****
make -j16 all 
arm-none-eabi-gcc "../Core/Src/main.c" -mcpu=cortex-m4 -std=gnu11 -g3 -DDEBUG -DUSE_HAL_DRIVER -DSTM32F303x8 -c -I../Core/Inc -I../Drivers/STM32F3xx_HAL_Driver/Inc -I../Drivers/STM32F3xx_HAL_Driver/Inc/Legacy -I../Drivers/CMSIS/Device/ST/STM32F3xx/Include -I../Drivers/CMSIS/Include -O0 -ffunction-sections -fdata-sections -Wall -fstack-usage -fcyclomatic-complexity -MMD -MP -MF"Core/Src/main.d" -MT"Core/Src/main.o" --specs=nano.specs -mfpu=fpv4-sp-d16 -mfloat-abi=hard -mthumb -o "Core/Src/main.o"
../Core/Src/main.c: In function 'main':
../Core/Src/main.c:153:64: warning: pointer targets in passing argument 1 of 'strlen' differ in signedness [-Wpointer-sign]
  153 |                 HAL_UART_Transmit(&huart2, &fifoBuffer, strlen(fifoBuffer), 1000);
      |                                                                ^~~~~~~~~~
      |                                                                |
      |                                                                uint8_t * {aka unsigned char *}
In file included from ../Core/Inc/I2Cdev.h:38,
                 from ../Core/Inc/MPU6050.h:41,
                 from ../Core/Src/main.c:21:
C:\ST\STM32CubeIDE_1.14.0\STM32CubeIDE\plugins\com.st.stm32cube.ide.mcu.externaltools.gnu-tools-for-stm32.11.3.rel1.win32_1.1.100.202309141235\tools\bin/../lib/gcc/arm-none-eabi/11.3.1/../../../../arm-none-eabi/include/string.h:41:18: note: expected 'const char *' but argument is of type 'uint8_t *' {aka 'unsigned char *'}
   41 | size_t   strlen (const char *);
      |                  ^~~~~~~~~~~~
../Core/Src/main.c:153:44: warning: passing argument 2 of 'HAL_UART_Transmit' from incompatible pointer type [-Wincompatible-pointer-types]
  153 |                 HAL_UART_Transmit(&huart2, &fifoBuffer, strlen(fifoBuffer), 1000);
      |                                            ^~~~~~~~~~~
      |                                            |
      |                                            uint8_t (*)[64] {aka unsigned char (*)[64]}
In file included from ../Core/Inc/stm32f3xx_hal_conf.h:327,
                 from ../Drivers/STM32F3xx_HAL_Driver/Inc/stm32f3xx_hal.h:29,
                 from ../Core/Inc/main.h:30,
                 from ../Core/Src/main.c:20:
../Drivers/STM32F3xx_HAL_Driver/Inc/stm32f3xx_hal_uart.h:1486:79: note: expected 'const uint8_t *' {aka 'const unsigned char *'} but argument is of type 'uint8_t (*)[64]' {aka 'unsigned char (*)[64]'}
 1486 | HAL_StatusTypeDef HAL_UART_Transmit(UART_HandleTypeDef *huart, const uint8_t *pData, uint16_t Size, uint32_t Timeout);
      |                                                                ~~~~~~~~~~~~~~~^~~~~
../Core/Src/main.c:113:41: warning: unused variable 'Gyro_Offset' [-Wunused-variable]
  113 |         int16_t Gyro_Now = 0, Gyro = 0, Gyro_Offset = 0;
      |                                         ^~~~~~~~~~~
../Core/Src/main.c:113:31: warning: unused variable 'Gyro' [-Wunused-variable]
  113 |         int16_t Gyro_Now = 0, Gyro = 0, Gyro_Offset = 0;
      |                               ^~~~
../Core/Src/main.c:113:17: warning: unused variable 'Gyro_Now' [-Wunused-variable]
  113 |         int16_t Gyro_Now = 0, Gyro = 0, Gyro_Offset = 0;
      |                 ^~~~~~~~
../Core/Src/main.c:105:21: warning: variable 'dmpReady' set but not used [-Wunused-but-set-variable]
  105 |         static bool dmpReady = false;
      |                     ^~~~~~~~
../Core/Src/main.c:99:14: warning: unused variable 'str' [-Wunused-variable]
   99 |         char str[20];
      |              ^~~
arm-none-eabi-gcc -o "gyrotry.elf" @"objects.list"   -mcpu=cortex-m4 -T"C:\Users\mizun\Documents\GitHub\2024_Oidengiken\cubeIDE\gyro\gyrotry\STM32F303K8TX_FLASH.ld" --specs=nosys.specs -Wl,-Map="gyrotry.map" -Wl,--gc-sections -static --specs=nano.specs -mfpu=fpv4-sp-d16 -mfloat-abi=hard -mthumb -Wl,--start-group -lc -lm -Wl,--end-group
Finished building target: gyrotry.elf
 
arm-none-eabi-size  gyrotry.elf 
arm-none-eabi-objdump -h -S gyrotry.elf  > "gyrotry.list"
   text	   data	    bss	    dec	    hex	filename
  16500	     24	   1960	  18484	   4834	gyrotry.elf
Finished building: default.size.stdout
 
Finished building: gyrotry.list
 
17:04:18 **** Incremental Build of configuration Debug for project gyrotry ****
make -j16 all 
arm-none-eabi-gcc "../Core/Src/main.c" -mcpu=cortex-m4 -std=gnu11 -g3 -DDEBUG -DUSE_HAL_DRIVER -DSTM32F303x8 -c -I../Core/Inc -I../Drivers/STM32F3xx_HAL_Driver/Inc -I../Drivers/STM32F3xx_HAL_Driver/Inc/Legacy -I../Drivers/CMSIS/Device/ST/STM32F3xx/Include -I../Drivers/CMSIS/Include -O0 -ffunction-sections -fdata-sections -Wall -fstack-usage -fcyclomatic-complexity -MMD -MP -MF"Core/Src/main.d" -MT"Core/Src/main.o" --specs=nano.specs -mfpu=fpv4-sp-d16 -mfloat-abi=hard -mthumb -o "Core/Src/main.o"
../Core/Src/main.c: In function 'main':
../Core/Src/main.c:153:67: warning: pointer targets in passing argument 1 of 'strlen' differ in signedness [-Wpointer-sign]
  153 |                 HAL_UART_Transmit(&huart2, &fifoBuffer[0], strlen(fifoBuffer), 1000);
      |                                                                   ^~~~~~~~~~
      |                                                                   |
      |                                                                   uint8_t * {aka unsigned char *}
In file included from ../Core/Inc/I2Cdev.h:38,
                 from ../Core/Inc/MPU6050.h:41,
                 from ../Core/Src/main.c:21:
C:\ST\STM32CubeIDE_1.14.0\STM32CubeIDE\plugins\com.st.stm32cube.ide.mcu.externaltools.gnu-tools-for-stm32.11.3.rel1.win32_1.1.100.202309141235\tools\bin/../lib/gcc/arm-none-eabi/11.3.1/../../../../arm-none-eabi/include/string.h:41:18: note: expected 'const char *' but argument is of type 'uint8_t *' {aka 'unsigned char *'}
   41 | size_t   strlen (const char *);
      |                  ^~~~~~~~~~~~
../Core/Src/main.c:113:41: warning: unused variable 'Gyro_Offset' [-Wunused-variable]
  113 |         int16_t Gyro_Now = 0, Gyro = 0, Gyro_Offset = 0;
      |                                         ^~~~~~~~~~~
../Core/Src/main.c:113:31: warning: unused variable 'Gyro' [-Wunused-variable]
  113 |         int16_t Gyro_Now = 0, Gyro = 0, Gyro_Offset = 0;
      |                               ^~~~
../Core/Src/main.c:113:17: warning: unused variable 'Gyro_Now' [-Wunused-variable]
  113 |         int16_t Gyro_Now = 0, Gyro = 0, Gyro_Offset = 0;
      |                 ^~~~~~~~
../Core/Src/main.c:105:21: warning: variable 'dmpReady' set but not used [-Wunused-but-set-variable]
  105 |         static bool dmpReady = false;
      |                     ^~~~~~~~
../Core/Src/main.c:99:14: warning: unused variable 'str' [-Wunused-variable]
   99 |         char str[20];
      |              ^~~
arm-none-eabi-gcc -o "gyrotry.elf" @"objects.list"   -mcpu=cortex-m4 -T"C:\Users\mizun\Documents\GitHub\2024_Oidengiken\cubeIDE\gyro\gyrotry\STM32F303K8TX_FLASH.ld" --specs=nosys.specs -Wl,-Map="gyrotry.map" -Wl,--gc-sections -static --specs=nano.specs -mfpu=fpv4-sp-d16 -mfloat-abi=hard -mthumb -Wl,--start-group -lc -lm -Wl,--end-group
Finished building target: gyrotry.elf
 
arm-none-eabi-size  gyrotry.elf 
arm-none-eabi-objdump -h -S gyrotry.elf  > "gyrotry.list"
   text	   data	    bss	    dec	    hex	filename
  16500	     24	   1960	  18484	   4834	gyrotry.elf
Finished building: default.size.stdout
 
Finished building: gyrotry.list
 
17:07:27 **** Incremental Build of configuration Debug for project gyrotry ****
make -j16 all 
arm-none-eabi-gcc "../Core/Src/main.c" -mcpu=cortex-m4 -std=gnu11 -g3 -DDEBUG -DUSE_HAL_DRIVER -DSTM32F303x8 -c -I../Core/Inc -I../Drivers/STM32F3xx_HAL_Driver/Inc -I../Drivers/STM32F3xx_HAL_Driver/Inc/Legacy -I../Drivers/CMSIS/Device/ST/STM32F3xx/Include -I../Drivers/CMSIS/Include -O0 -ffunction-sections -fdata-sections -Wall -fstack-usage -fcyclomatic-complexity -MMD -MP -MF"Core/Src/main.d" -MT"Core/Src/main.o" --specs=nano.specs -mfpu=fpv4-sp-d16 -mfloat-abi=hard -mthumb -o "Core/Src/main.o"
../Core/Src/main.c: In function 'main':
../Core/Src/main.c:153:67: warning: pointer targets in passing argument 1 of 'strlen' differ in signedness [-Wpointer-sign]
  153 |                 HAL_UART_Transmit(&huart2, &fifoBuffer[1], strlen(fifoBuffer), 1000);
      |                                                                   ^~~~~~~~~~
      |                                                                   |
      |                                                                   uint8_t * {aka unsigned char *}
In file included from ../Core/Inc/I2Cdev.h:38,
                 from ../Core/Inc/MPU6050.h:41,
                 from ../Core/Src/main.c:21:
C:\ST\STM32CubeIDE_1.14.0\STM32CubeIDE\plugins\com.st.stm32cube.ide.mcu.externaltools.gnu-tools-for-stm32.11.3.rel1.win32_1.1.100.202309141235\tools\bin/../lib/gcc/arm-none-eabi/11.3.1/../../../../arm-none-eabi/include/string.h:41:18: note: expected 'const char *' but argument is of type 'uint8_t *' {aka 'unsigned char *'}
   41 | size_t   strlen (const char *);
      |                  ^~~~~~~~~~~~
../Core/Src/main.c:113:41: warning: unused variable 'Gyro_Offset' [-Wunused-variable]
  113 |         int16_t Gyro_Now = 0, Gyro = 0, Gyro_Offset = 0;
      |                                         ^~~~~~~~~~~
../Core/Src/main.c:113:31: warning: unused variable 'Gyro' [-Wunused-variable]
  113 |         int16_t Gyro_Now = 0, Gyro = 0, Gyro_Offset = 0;
      |                               ^~~~
../Core/Src/main.c:113:17: warning: unused variable 'Gyro_Now' [-Wunused-variable]
  113 |         int16_t Gyro_Now = 0, Gyro = 0, Gyro_Offset = 0;
      |                 ^~~~~~~~
../Core/Src/main.c:105:21: warning: variable 'dmpReady' set but not used [-Wunused-but-set-variable]
  105 |         static bool dmpReady = false;
      |                     ^~~~~~~~
../Core/Src/main.c:99:14: warning: unused variable 'str' [-Wunused-variable]
   99 |         char str[20];
      |              ^~~
arm-none-eabi-gcc -o "gyrotry.elf" @"objects.list"   -mcpu=cortex-m4 -T"C:\Users\mizun\Documents\GitHub\2024_Oidengiken\cubeIDE\gyro\gyrotry\STM32F303K8TX_FLASH.ld" --specs=nosys.specs -Wl,-Map="gyrotry.map" -Wl,--gc-sections -static --specs=nano.specs -mfpu=fpv4-sp-d16 -mfloat-abi=hard -mthumb -Wl,--start-group -lc -lm -Wl,--end-group
Finished building target: gyrotry.elf
 
arm-none-eabi-size  gyrotry.elf 
arm-none-eabi-objdump -h -S gyrotry.elf  > "gyrotry.list"
   text	   data	    bss	    dec	    hex	filename
  16504	     24	   1960	  18488	   4838	gyrotry.elf
Finished building: default.size.stdout
 
Finished building: gyrotry.list
 
17:08:04 **** Incremental Build of configuration Debug for project gyrotry ****
make -j16 all 
arm-none-eabi-gcc "../Core/Src/main.c" -mcpu=cortex-m4 -std=gnu11 -g3 -DDEBUG -DUSE_HAL_DRIVER -DSTM32F303x8 -c -I../Core/Inc -I../Drivers/STM32F3xx_HAL_Driver/Inc -I../Drivers/STM32F3xx_HAL_Driver/Inc/Legacy -I../Drivers/CMSIS/Device/ST/STM32F3xx/Include -I../Drivers/CMSIS/Include -O0 -ffunction-sections -fdata-sections -Wall -fstack-usage -fcyclomatic-complexity -MMD -MP -MF"Core/Src/main.d" -MT"Core/Src/main.o" --specs=nano.specs -mfpu=fpv4-sp-d16 -mfloat-abi=hard -mthumb -o "Core/Src/main.o"
../Core/Src/main.c: In function 'main':
../Core/Src/main.c:153:67: warning: pointer targets in passing argument 1 of 'strlen' differ in signedness [-Wpointer-sign]
  153 |                 HAL_UART_Transmit(&huart2, &fifoBuffer[4], strlen(fifoBuffer), 1000);
      |                                                                   ^~~~~~~~~~
      |                                                                   |
      |                                                                   uint8_t * {aka unsigned char *}
In file included from ../Core/Inc/I2Cdev.h:38,
                 from ../Core/Inc/MPU6050.h:41,
                 from ../Core/Src/main.c:21:
C:\ST\STM32CubeIDE_1.14.0\STM32CubeIDE\plugins\com.st.stm32cube.ide.mcu.externaltools.gnu-tools-for-stm32.11.3.rel1.win32_1.1.100.202309141235\tools\bin/../lib/gcc/arm-none-eabi/11.3.1/../../../../arm-none-eabi/include/string.h:41:18: note: expected 'const char *' but argument is of type 'uint8_t *' {aka 'unsigned char *'}
   41 | size_t   strlen (const char *);
      |                  ^~~~~~~~~~~~
../Core/Src/main.c:113:41: warning: unused variable 'Gyro_Offset' [-Wunused-variable]
  113 |         int16_t Gyro_Now = 0, Gyro = 0, Gyro_Offset = 0;
      |                                         ^~~~~~~~~~~
../Core/Src/main.c:113:31: warning: unused variable 'Gyro' [-Wunused-variable]
  113 |         int16_t Gyro_Now = 0, Gyro = 0, Gyro_Offset = 0;
      |                               ^~~~
../Core/Src/main.c:113:17: warning: unused variable 'Gyro_Now' [-Wunused-variable]
  113 |         int16_t Gyro_Now = 0, Gyro = 0, Gyro_Offset = 0;
      |                 ^~~~~~~~
../Core/Src/main.c:105:21: warning: variable 'dmpReady' set but not used [-Wunused-but-set-variable]
  105 |         static bool dmpReady = false;
      |                     ^~~~~~~~
../Core/Src/main.c:99:14: warning: unused variable 'str' [-Wunused-variable]
   99 |         char str[20];
      |              ^~~
arm-none-eabi-gcc -o "gyrotry.elf" @"objects.list"   -mcpu=cortex-m4 -T"C:\Users\mizun\Documents\GitHub\2024_Oidengiken\cubeIDE\gyro\gyrotry\STM32F303K8TX_FLASH.ld" --specs=nosys.specs -Wl,-Map="gyrotry.map" -Wl,--gc-sections -static --specs=nano.specs -mfpu=fpv4-sp-d16 -mfloat-abi=hard -mthumb -Wl,--start-group -lc -lm -Wl,--end-group
Finished building target: gyrotry.elf
 
arm-none-eabi-size  gyrotry.elf 
arm-none-eabi-objdump -h -S gyrotry.elf  > "gyrotry.list"
   text	   data	    bss	    dec	    hex	filename
  16504	     24	   1960	  18488	   4838	gyrotry.elf
Finished building: default.size.stdout
 
Finished building: gyrotry.list
 
17:09:51 **** Incremental Build of configuration Debug for project gyrotry ****
make -j16 all 
arm-none-eabi-gcc "../Core/Src/main.c" -mcpu=cortex-m4 -std=gnu11 -g3 -DDEBUG -DUSE_HAL_DRIVER -DSTM32F303x8 -c -I../Core/Inc -I../Drivers/STM32F3xx_HAL_Driver/Inc -I../Drivers/STM32F3xx_HAL_Driver/Inc/Legacy -I../Drivers/CMSIS/Device/ST/STM32F3xx/Include -I../Drivers/CMSIS/Include -O0 -ffunction-sections -fdata-sections -Wall -fstack-usage -fcyclomatic-complexity -MMD -MP -MF"Core/Src/main.d" -MT"Core/Src/main.o" --specs=nano.specs -mfpu=fpv4-sp-d16 -mfloat-abi=hard -mthumb -o "Core/Src/main.o"
../Core/Src/main.c: In function 'main':
../Core/Src/main.c:153:67: warning: pointer targets in passing argument 1 of 'strlen' differ in signedness [-Wpointer-sign]
  153 |                 HAL_UART_Transmit(&huart2, &fifoBuffer[5], strlen(fifoBuffer), 1000);
      |                                                                   ^~~~~~~~~~
      |                                                                   |
      |                                                                   uint8_t * {aka unsigned char *}
In file included from ../Core/Inc/I2Cdev.h:38,
                 from ../Core/Inc/MPU6050.h:41,
                 from ../Core/Src/main.c:21:
C:\ST\STM32CubeIDE_1.14.0\STM32CubeIDE\plugins\com.st.stm32cube.ide.mcu.externaltools.gnu-tools-for-stm32.11.3.rel1.win32_1.1.100.202309141235\tools\bin/../lib/gcc/arm-none-eabi/11.3.1/../../../../arm-none-eabi/include/string.h:41:18: note: expected 'const char *' but argument is of type 'uint8_t *' {aka 'unsigned char *'}
   41 | size_t   strlen (const char *);
      |                  ^~~~~~~~~~~~
../Core/Src/main.c:113:41: warning: unused variable 'Gyro_Offset' [-Wunused-variable]
  113 |         int16_t Gyro_Now = 0, Gyro = 0, Gyro_Offset = 0;
      |                                         ^~~~~~~~~~~
../Core/Src/main.c:113:31: warning: unused variable 'Gyro' [-Wunused-variable]
  113 |         int16_t Gyro_Now = 0, Gyro = 0, Gyro_Offset = 0;
      |                               ^~~~
../Core/Src/main.c:113:17: warning: unused variable 'Gyro_Now' [-Wunused-variable]
  113 |         int16_t Gyro_Now = 0, Gyro = 0, Gyro_Offset = 0;
      |                 ^~~~~~~~
../Core/Src/main.c:105:21: warning: variable 'dmpReady' set but not used [-Wunused-but-set-variable]
  105 |         static bool dmpReady = false;
      |                     ^~~~~~~~
../Core/Src/main.c:99:14: warning: unused variable 'str' [-Wunused-variable]
   99 |         char str[20];
      |              ^~~
arm-none-eabi-gcc -o "gyrotry.elf" @"objects.list"   -mcpu=cortex-m4 -T"C:\Users\mizun\Documents\GitHub\2024_Oidengiken\cubeIDE\gyro\gyrotry\STM32F303K8TX_FLASH.ld" --specs=nosys.specs -Wl,-Map="gyrotry.map" -Wl,--gc-sections -static --specs=nano.specs -mfpu=fpv4-sp-d16 -mfloat-abi=hard -mthumb -Wl,--start-group -lc -lm -Wl,--end-group
Finished building target: gyrotry.elf
 
arm-none-eabi-size  gyrotry.elf 
arm-none-eabi-objdump -h -S gyrotry.elf  > "gyrotry.list"
   text	   data	    bss	    dec	    hex	filename
  16504	     24	   1960	  18488	   4838	gyrotry.elf
Finished building: default.size.stdout
 
Finished building: gyrotry.list
 
17:10:31 **** Incremental Build of configuration Debug for project gyrotry ****
make -j16 all 
arm-none-eabi-gcc "../Core/Src/main.c" -mcpu=cortex-m4 -std=gnu11 -g3 -DDEBUG -DUSE_HAL_DRIVER -DSTM32F303x8 -c -I../Core/Inc -I../Drivers/STM32F3xx_HAL_Driver/Inc -I../Drivers/STM32F3xx_HAL_Driver/Inc/Legacy -I../Drivers/CMSIS/Device/ST/STM32F3xx/Include -I../Drivers/CMSIS/Include -O0 -ffunction-sections -fdata-sections -Wall -fstack-usage -fcyclomatic-complexity -MMD -MP -MF"Core/Src/main.d" -MT"Core/Src/main.o" --specs=nano.specs -mfpu=fpv4-sp-d16 -mfloat-abi=hard -mthumb -o "Core/Src/main.o"
../Core/Src/main.c: In function 'main':
../Core/Src/main.c:153:67: warning: pointer targets in passing argument 1 of 'strlen' differ in signedness [-Wpointer-sign]
  153 |                 HAL_UART_Transmit(&huart2, &fifoBuffer[8], strlen(fifoBuffer), 1000);
      |                                                                   ^~~~~~~~~~
      |                                                                   |
      |                                                                   uint8_t * {aka unsigned char *}
In file included from ../Core/Inc/I2Cdev.h:38,
                 from ../Core/Inc/MPU6050.h:41,
                 from ../Core/Src/main.c:21:
C:\ST\STM32CubeIDE_1.14.0\STM32CubeIDE\plugins\com.st.stm32cube.ide.mcu.externaltools.gnu-tools-for-stm32.11.3.rel1.win32_1.1.100.202309141235\tools\bin/../lib/gcc/arm-none-eabi/11.3.1/../../../../arm-none-eabi/include/string.h:41:18: note: expected 'const char *' but argument is of type 'uint8_t *' {aka 'unsigned char *'}
   41 | size_t   strlen (const char *);
      |                  ^~~~~~~~~~~~
../Core/Src/main.c:113:41: warning: unused variable 'Gyro_Offset' [-Wunused-variable]
  113 |         int16_t Gyro_Now = 0, Gyro = 0, Gyro_Offset = 0;
      |                                         ^~~~~~~~~~~
../Core/Src/main.c:113:31: warning: unused variable 'Gyro' [-Wunused-variable]
  113 |         int16_t Gyro_Now = 0, Gyro = 0, Gyro_Offset = 0;
      |                               ^~~~
../Core/Src/main.c:113:17: warning: unused variable 'Gyro_Now' [-Wunused-variable]
  113 |         int16_t Gyro_Now = 0, Gyro = 0, Gyro_Offset = 0;
      |                 ^~~~~~~~
../Core/Src/main.c:105:21: warning: variable 'dmpReady' set but not used [-Wunused-but-set-variable]
  105 |         static bool dmpReady = false;
      |                     ^~~~~~~~
../Core/Src/main.c:99:14: warning: unused variable 'str' [-Wunused-variable]
   99 |         char str[20];
      |              ^~~
arm-none-eabi-gcc -o "gyrotry.elf" @"objects.list"   -mcpu=cortex-m4 -T"C:\Users\mizun\Documents\GitHub\2024_Oidengiken\cubeIDE\gyro\gyrotry\STM32F303K8TX_FLASH.ld" --specs=nosys.specs -Wl,-Map="gyrotry.map" -Wl,--gc-sections -static --specs=nano.specs -mfpu=fpv4-sp-d16 -mfloat-abi=hard -mthumb -Wl,--start-group -lc -lm -Wl,--end-group
Finished building target: gyrotry.elf
 
arm-none-eabi-size  gyrotry.elf 
arm-none-eabi-objdump -h -S gyrotry.elf  > "gyrotry.list"
   text	   data	    bss	    dec	    hex	filename
  16504	     24	   1960	  18488	   4838	gyrotry.elf
Finished building: default.size.stdout
 
Finished building: gyrotry.list
 
17:10:54 **** Incremental Build of configuration Debug for project gyrotry ****
make -j16 all 
arm-none-eabi-gcc "../Core/Src/main.c" -mcpu=cortex-m4 -std=gnu11 -g3 -DDEBUG -DUSE_HAL_DRIVER -DSTM32F303x8 -c -I../Core/Inc -I../Drivers/STM32F3xx_HAL_Driver/Inc -I../Drivers/STM32F3xx_HAL_Driver/Inc/Legacy -I../Drivers/CMSIS/Device/ST/STM32F3xx/Include -I../Drivers/CMSIS/Include -O0 -ffunction-sections -fdata-sections -Wall -fstack-usage -fcyclomatic-complexity -MMD -MP -MF"Core/Src/main.d" -MT"Core/Src/main.o" --specs=nano.specs -mfpu=fpv4-sp-d16 -mfloat-abi=hard -mthumb -o "Core/Src/main.o"
../Core/Src/main.c: In function 'main':
../Core/Src/main.c:153:67: warning: pointer targets in passing argument 1 of 'strlen' differ in signedness [-Wpointer-sign]
  153 |                 HAL_UART_Transmit(&huart2, &fifoBuffer[9], strlen(fifoBuffer), 1000);
      |                                                                   ^~~~~~~~~~
      |                                                                   |
      |                                                                   uint8_t * {aka unsigned char *}
In file included from ../Core/Inc/I2Cdev.h:38,
                 from ../Core/Inc/MPU6050.h:41,
                 from ../Core/Src/main.c:21:
C:\ST\STM32CubeIDE_1.14.0\STM32CubeIDE\plugins\com.st.stm32cube.ide.mcu.externaltools.gnu-tools-for-stm32.11.3.rel1.win32_1.1.100.202309141235\tools\bin/../lib/gcc/arm-none-eabi/11.3.1/../../../../arm-none-eabi/include/string.h:41:18: note: expected 'const char *' but argument is of type 'uint8_t *' {aka 'unsigned char *'}
   41 | size_t   strlen (const char *);
      |                  ^~~~~~~~~~~~
../Core/Src/main.c:113:41: warning: unused variable 'Gyro_Offset' [-Wunused-variable]
  113 |         int16_t Gyro_Now = 0, Gyro = 0, Gyro_Offset = 0;
      |                                         ^~~~~~~~~~~
../Core/Src/main.c:113:31: warning: unused variable 'Gyro' [-Wunused-variable]
  113 |         int16_t Gyro_Now = 0, Gyro = 0, Gyro_Offset = 0;
      |                               ^~~~
../Core/Src/main.c:113:17: warning: unused variable 'Gyro_Now' [-Wunused-variable]
  113 |         int16_t Gyro_Now = 0, Gyro = 0, Gyro_Offset = 0;
      |                 ^~~~~~~~
../Core/Src/main.c:105:21: warning: variable 'dmpReady' set but not used [-Wunused-but-set-variable]
  105 |         static bool dmpReady = false;
      |                     ^~~~~~~~
../Core/Src/main.c:99:14: warning: unused variable 'str' [-Wunused-variable]
   99 |         char str[20];
      |              ^~~
arm-none-eabi-gcc -o "gyrotry.elf" @"objects.list"   -mcpu=cortex-m4 -T"C:\Users\mizun\Documents\GitHub\2024_Oidengiken\cubeIDE\gyro\gyrotry\STM32F303K8TX_FLASH.ld" --specs=nosys.specs -Wl,-Map="gyrotry.map" -Wl,--gc-sections -static --specs=nano.specs -mfpu=fpv4-sp-d16 -mfloat-abi=hard -mthumb -Wl,--start-group -lc -lm -Wl,--end-group
Finished building target: gyrotry.elf
 
arm-none-eabi-size  gyrotry.elf 
arm-none-eabi-objdump -h -S gyrotry.elf  > "gyrotry.list"
   text	   data	    bss	    dec	    hex	filename
  16504	     24	   1960	  18488	   4838	gyrotry.elf
Finished building: default.size.stdout
 
Finished building: gyrotry.list
 
17:11:14 **** Incremental Build of configuration Debug for project gyrotry ****
make -j16 all 
arm-none-eabi-gcc "../Core/Src/main.c" -mcpu=cortex-m4 -std=gnu11 -g3 -DDEBUG -DUSE_HAL_DRIVER -DSTM32F303x8 -c -I../Core/Inc -I../Drivers/STM32F3xx_HAL_Driver/Inc -I../Drivers/STM32F3xx_HAL_Driver/Inc/Legacy -I../Drivers/CMSIS/Device/ST/STM32F3xx/Include -I../Drivers/CMSIS/Include -O0 -ffunction-sections -fdata-sections -Wall -fstack-usage -fcyclomatic-complexity -MMD -MP -MF"Core/Src/main.d" -MT"Core/Src/main.o" --specs=nano.specs -mfpu=fpv4-sp-d16 -mfloat-abi=hard -mthumb -o "Core/Src/main.o"
../Core/Src/main.c: In function 'main':
../Core/Src/main.c:153:68: warning: pointer targets in passing argument 1 of 'strlen' differ in signedness [-Wpointer-sign]
  153 |                 HAL_UART_Transmit(&huart2, &fifoBuffer[12], strlen(fifoBuffer), 1000);
      |                                                                    ^~~~~~~~~~
      |                                                                    |
      |                                                                    uint8_t * {aka unsigned char *}
In file included from ../Core/Inc/I2Cdev.h:38,
                 from ../Core/Inc/MPU6050.h:41,
                 from ../Core/Src/main.c:21:
C:\ST\STM32CubeIDE_1.14.0\STM32CubeIDE\plugins\com.st.stm32cube.ide.mcu.externaltools.gnu-tools-for-stm32.11.3.rel1.win32_1.1.100.202309141235\tools\bin/../lib/gcc/arm-none-eabi/11.3.1/../../../../arm-none-eabi/include/string.h:41:18: note: expected 'const char *' but argument is of type 'uint8_t *' {aka 'unsigned char *'}
   41 | size_t   strlen (const char *);
      |                  ^~~~~~~~~~~~
../Core/Src/main.c:113:41: warning: unused variable 'Gyro_Offset' [-Wunused-variable]
  113 |         int16_t Gyro_Now = 0, Gyro = 0, Gyro_Offset = 0;
      |                                         ^~~~~~~~~~~
../Core/Src/main.c:113:31: warning: unused variable 'Gyro' [-Wunused-variable]
  113 |         int16_t Gyro_Now = 0, Gyro = 0, Gyro_Offset = 0;
      |                               ^~~~
../Core/Src/main.c:113:17: warning: unused variable 'Gyro_Now' [-Wunused-variable]
  113 |         int16_t Gyro_Now = 0, Gyro = 0, Gyro_Offset = 0;
      |                 ^~~~~~~~
../Core/Src/main.c:105:21: warning: variable 'dmpReady' set but not used [-Wunused-but-set-variable]
  105 |         static bool dmpReady = false;
      |                     ^~~~~~~~
../Core/Src/main.c:99:14: warning: unused variable 'str' [-Wunused-variable]
   99 |         char str[20];
      |              ^~~
arm-none-eabi-gcc -o "gyrotry.elf" @"objects.list"   -mcpu=cortex-m4 -T"C:\Users\mizun\Documents\GitHub\2024_Oidengiken\cubeIDE\gyro\gyrotry\STM32F303K8TX_FLASH.ld" --specs=nosys.specs -Wl,-Map="gyrotry.map" -Wl,--gc-sections -static --specs=nano.specs -mfpu=fpv4-sp-d16 -mfloat-abi=hard -mthumb -Wl,--start-group -lc -lm -Wl,--end-group
Finished building target: gyrotry.elf
 
arm-none-eabi-size  gyrotry.elf 
arm-none-eabi-objdump -h -S gyrotry.elf  > "gyrotry.list"
   text	   data	    bss	    dec	    hex	filename
  16504	     24	   1960	  18488	   4838	gyrotry.elf
Finished building: default.size.stdout
 
Finished building: gyrotry.list
 
17:12:00 **** Incremental Build of configuration Debug for project gyrotry ****
make -j16 all 
arm-none-eabi-gcc "../Core/Src/main.c" -mcpu=cortex-m4 -std=gnu11 -g3 -DDEBUG -DUSE_HAL_DRIVER -DSTM32F303x8 -c -I../Core/Inc -I../Drivers/STM32F3xx_HAL_Driver/Inc -I../Drivers/STM32F3xx_HAL_Driver/Inc/Legacy -I../Drivers/CMSIS/Device/ST/STM32F3xx/Include -I../Drivers/CMSIS/Include -O0 -ffunction-sections -fdata-sections -Wall -fstack-usage -fcyclomatic-complexity -MMD -MP -MF"Core/Src/main.d" -MT"Core/Src/main.o" --specs=nano.specs -mfpu=fpv4-sp-d16 -mfloat-abi=hard -mthumb -o "Core/Src/main.o"
../Core/Src/main.c: In function 'main':
../Core/Src/main.c:153:68: warning: pointer targets in passing argument 1 of 'strlen' differ in signedness [-Wpointer-sign]
  153 |                 HAL_UART_Transmit(&huart2, &fifoBuffer[13], strlen(fifoBuffer), 1000);
      |                                                                    ^~~~~~~~~~
      |                                                                    |
      |                                                                    uint8_t * {aka unsigned char *}
In file included from ../Core/Inc/I2Cdev.h:38,
                 from ../Core/Inc/MPU6050.h:41,
                 from ../Core/Src/main.c:21:
C:\ST\STM32CubeIDE_1.14.0\STM32CubeIDE\plugins\com.st.stm32cube.ide.mcu.externaltools.gnu-tools-for-stm32.11.3.rel1.win32_1.1.100.202309141235\tools\bin/../lib/gcc/arm-none-eabi/11.3.1/../../../../arm-none-eabi/include/string.h:41:18: note: expected 'const char *' but argument is of type 'uint8_t *' {aka 'unsigned char *'}
   41 | size_t   strlen (const char *);
      |                  ^~~~~~~~~~~~
../Core/Src/main.c:113:41: warning: unused variable 'Gyro_Offset' [-Wunused-variable]
  113 |         int16_t Gyro_Now = 0, Gyro = 0, Gyro_Offset = 0;
      |                                         ^~~~~~~~~~~
../Core/Src/main.c:113:31: warning: unused variable 'Gyro' [-Wunused-variable]
  113 |         int16_t Gyro_Now = 0, Gyro = 0, Gyro_Offset = 0;
      |                               ^~~~
../Core/Src/main.c:113:17: warning: unused variable 'Gyro_Now' [-Wunused-variable]
  113 |         int16_t Gyro_Now = 0, Gyro = 0, Gyro_Offset = 0;
      |                 ^~~~~~~~
../Core/Src/main.c:105:21: warning: variable 'dmpReady' set but not used [-Wunused-but-set-variable]
  105 |         static bool dmpReady = false;
      |                     ^~~~~~~~
../Core/Src/main.c:99:14: warning: unused variable 'str' [-Wunused-variable]
   99 |         char str[20];
      |              ^~~
arm-none-eabi-gcc -o "gyrotry.elf" @"objects.list"   -mcpu=cortex-m4 -T"C:\Users\mizun\Documents\GitHub\2024_Oidengiken\cubeIDE\gyro\gyrotry\STM32F303K8TX_FLASH.ld" --specs=nosys.specs -Wl,-Map="gyrotry.map" -Wl,--gc-sections -static --specs=nano.specs -mfpu=fpv4-sp-d16 -mfloat-abi=hard -mthumb -Wl,--start-group -lc -lm -Wl,--end-group
Finished building target: gyrotry.elf
 
arm-none-eabi-size  gyrotry.elf 
arm-none-eabi-objdump -h -S gyrotry.elf  > "gyrotry.list"
   text	   data	    bss	    dec	    hex	filename
  16504	     24	   1960	  18488	   4838	gyrotry.elf
Finished building: default.size.stdout
 
Finished building: gyrotry.list
 
17:21:33 **** Incremental Build of configuration Debug for project gyrotry ****
make -j16 all 
arm-none-eabi-gcc "../Core/Src/main.c" -mcpu=cortex-m4 -std=gnu11 -g3 -DDEBUG -DUSE_HAL_DRIVER -DSTM32F303x8 -c -I../Core/Inc -I../Drivers/STM32F3xx_HAL_Driver/Inc -I../Drivers/STM32F3xx_HAL_Driver/Inc/Legacy -I../Drivers/CMSIS/Device/ST/STM32F3xx/Include -I../Drivers/CMSIS/Include -O0 -ffunction-sections -fdata-sections -Wall -fstack-usage -fcyclomatic-complexity -MMD -MP -MF"Core/Src/main.d" -MT"Core/Src/main.o" --specs=nano.specs -mfpu=fpv4-sp-d16 -mfloat-abi=hard -mthumb -o "Core/Src/main.o"
../Core/Src/main.c: In function 'main':
../Core/Src/main.c:153:17: warning: implicit declaration of function 'sprintf' [-Wimplicit-function-declaration]
  153 |                 sprintf(str, "%d\n\r", intbuff);
      |                 ^~~~~~~
../Core/Src/main.c:22:1: note: include '<stdio.h>' or provide a declaration of 'sprintf'
   21 | #include "MPU6050.h"
  +++ |+#include <stdio.h>
   22 | 
../Core/Src/main.c:153:17: warning: incompatible implicit declaration of built-in function 'sprintf' [-Wbuiltin-declaration-mismatch]
  153 |                 sprintf(str, "%d\n\r", intbuff);
      |                 ^~~~~~~
../Core/Src/main.c:153:17: note: include '<stdio.h>' or provide a declaration of 'sprintf'
../Core/Src/main.c:154:44: warning: passing argument 2 of 'HAL_UART_Transmit' from incompatible pointer type [-Wincompatible-pointer-types]
  154 |                 HAL_UART_Transmit(&huart2, &str, strlen(str), 1000);
      |                                            ^~~~
      |                                            |
      |                                            char (*)[20]
In file included from ../Core/Inc/stm32f3xx_hal_conf.h:327,
                 from ../Drivers/STM32F3xx_HAL_Driver/Inc/stm32f3xx_hal.h:29,
                 from ../Core/Inc/main.h:30,
                 from ../Core/Src/main.c:20:
../Drivers/STM32F3xx_HAL_Driver/Inc/stm32f3xx_hal_uart.h:1486:79: note: expected 'const uint8_t *' {aka 'const unsigned char *'} but argument is of type 'char (*)[20]'
 1486 | HAL_StatusTypeDef HAL_UART_Transmit(UART_HandleTypeDef *huart, const uint8_t *pData, uint16_t Size, uint32_t Timeout);
      |                                                                ~~~~~~~~~~~~~~~^~~~~
../Core/Src/main.c:113:41: warning: unused variable 'Gyro_Offset' [-Wunused-variable]
  113 |         int16_t Gyro_Now = 0, Gyro = 0, Gyro_Offset = 0;
      |                                         ^~~~~~~~~~~
../Core/Src/main.c:113:31: warning: unused variable 'Gyro' [-Wunused-variable]
  113 |         int16_t Gyro_Now = 0, Gyro = 0, Gyro_Offset = 0;
      |                               ^~~~
../Core/Src/main.c:113:17: warning: unused variable 'Gyro_Now' [-Wunused-variable]
  113 |         int16_t Gyro_Now = 0, Gyro = 0, Gyro_Offset = 0;
      |                 ^~~~~~~~
../Core/Src/main.c:105:21: warning: variable 'dmpReady' set but not used [-Wunused-but-set-variable]
  105 |         static bool dmpReady = false;
      |                     ^~~~~~~~
arm-none-eabi-gcc -o "gyrotry.elf" @"objects.list"   -mcpu=cortex-m4 -T"C:\Users\mizun\Documents\GitHub\2024_Oidengiken\cubeIDE\gyro\gyrotry\STM32F303K8TX_FLASH.ld" --specs=nosys.specs -Wl,-Map="gyrotry.map" -Wl,--gc-sections -static --specs=nano.specs -mfpu=fpv4-sp-d16 -mfloat-abi=hard -mthumb -Wl,--start-group -lc -lm -Wl,--end-group
Finished building target: gyrotry.elf
 
arm-none-eabi-size  gyrotry.elf 
arm-none-eabi-objdump -h -S gyrotry.elf  > "gyrotry.list"
   text	   data	    bss	    dec	    hex	filename
  19144	    104	   2296	  21544	   5428	gyrotry.elf
Finished building: default.size.stdout
 
Finished building: gyrotry.list
 
17:22:08 **** Incremental Build of configuration Debug for project gyrotry ****
make -j16 all 
arm-none-eabi-gcc "../Core/Src/main.c" -mcpu=cortex-m4 -std=gnu11 -g3 -DDEBUG -DUSE_HAL_DRIVER -DSTM32F303x8 -c -I../Core/Inc -I../Drivers/STM32F3xx_HAL_Driver/Inc -I../Drivers/STM32F3xx_HAL_Driver/Inc/Legacy -I../Drivers/CMSIS/Device/ST/STM32F3xx/Include -I../Drivers/CMSIS/Include -O0 -ffunction-sections -fdata-sections -Wall -fstack-usage -fcyclomatic-complexity -MMD -MP -MF"Core/Src/main.d" -MT"Core/Src/main.o" --specs=nano.specs -mfpu=fpv4-sp-d16 -mfloat-abi=hard -mthumb -o "Core/Src/main.o"
../Core/Src/main.c: In function 'main':
../Core/Src/main.c:153:17: warning: implicit declaration of function 'sprintf' [-Wimplicit-function-declaration]
  153 |                 sprintf(str, "%d\n\r", intbuff);
      |                 ^~~~~~~
../Core/Src/main.c:22:1: note: include '<stdio.h>' or provide a declaration of 'sprintf'
   21 | #include "MPU6050.h"
  +++ |+#include <stdio.h>
   22 | 
../Core/Src/main.c:153:17: warning: incompatible implicit declaration of built-in function 'sprintf' [-Wbuiltin-declaration-mismatch]
  153 |                 sprintf(str, "%d\n\r", intbuff);
      |                 ^~~~~~~
../Core/Src/main.c:153:17: note: include '<stdio.h>' or provide a declaration of 'sprintf'
../Core/Src/main.c:154:44: warning: passing argument 2 of 'HAL_UART_Transmit' from incompatible pointer type [-Wincompatible-pointer-types]
  154 |                 HAL_UART_Transmit(&huart2, &str, strlen(str), 1000);
      |                                            ^~~~
      |                                            |
      |                                            char (*)[20]
In file included from ../Core/Inc/stm32f3xx_hal_conf.h:327,
                 from ../Drivers/STM32F3xx_HAL_Driver/Inc/stm32f3xx_hal.h:29,
                 from ../Core/Inc/main.h:30,
                 from ../Core/Src/main.c:20:
../Drivers/STM32F3xx_HAL_Driver/Inc/stm32f3xx_hal_uart.h:1486:79: note: expected 'const uint8_t *' {aka 'const unsigned char *'} but argument is of type 'char (*)[20]'
 1486 | HAL_StatusTypeDef HAL_UART_Transmit(UART_HandleTypeDef *huart, const uint8_t *pData, uint16_t Size, uint32_t Timeout);
      |                                                                ~~~~~~~~~~~~~~~^~~~~
../Core/Src/main.c:113:41: warning: unused variable 'Gyro_Offset' [-Wunused-variable]
  113 |         int16_t Gyro_Now = 0, Gyro = 0, Gyro_Offset = 0;
      |                                         ^~~~~~~~~~~
../Core/Src/main.c:113:31: warning: unused variable 'Gyro' [-Wunused-variable]
  113 |         int16_t Gyro_Now = 0, Gyro = 0, Gyro_Offset = 0;
      |                               ^~~~
../Core/Src/main.c:113:17: warning: unused variable 'Gyro_Now' [-Wunused-variable]
  113 |         int16_t Gyro_Now = 0, Gyro = 0, Gyro_Offset = 0;
      |                 ^~~~~~~~
../Core/Src/main.c:105:21: warning: variable 'dmpReady' set but not used [-Wunused-but-set-variable]
  105 |         static bool dmpReady = false;
      |                     ^~~~~~~~
arm-none-eabi-gcc -o "gyrotry.elf" @"objects.list"   -mcpu=cortex-m4 -T"C:\Users\mizun\Documents\GitHub\2024_Oidengiken\cubeIDE\gyro\gyrotry\STM32F303K8TX_FLASH.ld" --specs=nosys.specs -Wl,-Map="gyrotry.map" -Wl,--gc-sections -static --specs=nano.specs -mfpu=fpv4-sp-d16 -mfloat-abi=hard -mthumb -Wl,--start-group -lc -lm -Wl,--end-group
Finished building target: gyrotry.elf
 
arm-none-eabi-size  gyrotry.elf 
arm-none-eabi-objdump -h -S gyrotry.elf  > "gyrotry.list"
   text	   data	    bss	    dec	    hex	filename
  19144	    104	   2296	  21544	   5428	gyrotry.elf
Finished building: default.size.stdout
 
Finished building: gyrotry.list
 
17:22:28 **** Incremental Build of configuration Debug for project gyrotry ****
make -j16 all 
arm-none-eabi-gcc "../Core/Src/main.c" -mcpu=cortex-m4 -std=gnu11 -g3 -DDEBUG -DUSE_HAL_DRIVER -DSTM32F303x8 -c -I../Core/Inc -I../Drivers/STM32F3xx_HAL_Driver/Inc -I../Drivers/STM32F3xx_HAL_Driver/Inc/Legacy -I../Drivers/CMSIS/Device/ST/STM32F3xx/Include -I../Drivers/CMSIS/Include -O0 -ffunction-sections -fdata-sections -Wall -fstack-usage -fcyclomatic-complexity -MMD -MP -MF"Core/Src/main.d" -MT"Core/Src/main.o" --specs=nano.specs -mfpu=fpv4-sp-d16 -mfloat-abi=hard -mthumb -o "Core/Src/main.o"
../Core/Src/main.c: In function 'main':
../Core/Src/main.c:153:17: warning: implicit declaration of function 'sprintf' [-Wimplicit-function-declaration]
  153 |                 sprintf(str, "%d\n\r", intbuff);
      |                 ^~~~~~~
../Core/Src/main.c:22:1: note: include '<stdio.h>' or provide a declaration of 'sprintf'
   21 | #include "MPU6050.h"
  +++ |+#include <stdio.h>
   22 | 
../Core/Src/main.c:153:17: warning: incompatible implicit declaration of built-in function 'sprintf' [-Wbuiltin-declaration-mismatch]
  153 |                 sprintf(str, "%d\n\r", intbuff);
      |                 ^~~~~~~
../Core/Src/main.c:153:17: note: include '<stdio.h>' or provide a declaration of 'sprintf'
../Core/Src/main.c:154:44: warning: passing argument 2 of 'HAL_UART_Transmit' from incompatible pointer type [-Wincompatible-pointer-types]
  154 |                 HAL_UART_Transmit(&huart2, &str, strlen(str), 1000);
      |                                            ^~~~
      |                                            |
      |                                            char (*)[20]
In file included from ../Core/Inc/stm32f3xx_hal_conf.h:327,
                 from ../Drivers/STM32F3xx_HAL_Driver/Inc/stm32f3xx_hal.h:29,
                 from ../Core/Inc/main.h:30,
                 from ../Core/Src/main.c:20:
../Drivers/STM32F3xx_HAL_Driver/Inc/stm32f3xx_hal_uart.h:1486:79: note: expected 'const uint8_t *' {aka 'const unsigned char *'} but argument is of type 'char (*)[20]'
 1486 | HAL_StatusTypeDef HAL_UART_Transmit(UART_HandleTypeDef *huart, const uint8_t *pData, uint16_t Size, uint32_t Timeout);
      |                                                                ~~~~~~~~~~~~~~~^~~~~
../Core/Src/main.c:113:41: warning: unused variable 'Gyro_Offset' [-Wunused-variable]
  113 |         int16_t Gyro_Now = 0, Gyro = 0, Gyro_Offset = 0;
      |                                         ^~~~~~~~~~~
../Core/Src/main.c:113:31: warning: unused variable 'Gyro' [-Wunused-variable]
  113 |         int16_t Gyro_Now = 0, Gyro = 0, Gyro_Offset = 0;
      |                               ^~~~
../Core/Src/main.c:113:17: warning: unused variable 'Gyro_Now' [-Wunused-variable]
  113 |         int16_t Gyro_Now = 0, Gyro = 0, Gyro_Offset = 0;
      |                 ^~~~~~~~
../Core/Src/main.c:105:21: warning: variable 'dmpReady' set but not used [-Wunused-but-set-variable]
  105 |         static bool dmpReady = false;
      |                     ^~~~~~~~
arm-none-eabi-gcc -o "gyrotry.elf" @"objects.list"   -mcpu=cortex-m4 -T"C:\Users\mizun\Documents\GitHub\2024_Oidengiken\cubeIDE\gyro\gyrotry\STM32F303K8TX_FLASH.ld" --specs=nosys.specs -Wl,-Map="gyrotry.map" -Wl,--gc-sections -static --specs=nano.specs -mfpu=fpv4-sp-d16 -mfloat-abi=hard -mthumb -Wl,--start-group -lc -lm -Wl,--end-group
Finished building target: gyrotry.elf
 
arm-none-eabi-size  gyrotry.elf 
arm-none-eabi-objdump -h -S gyrotry.elf  > "gyrotry.list"
   text	   data	    bss	    dec	    hex	filename
  19144	    104	   2296	  21544	   5428	gyrotry.elf
Finished building: default.size.stdout
 
Finished building: gyrotry.list
 
17:22:50 **** Incremental Build of configuration Debug for project gyrotry ****
make -j16 all 
arm-none-eabi-gcc "../Core/Src/main.c" -mcpu=cortex-m4 -std=gnu11 -g3 -DDEBUG -DUSE_HAL_DRIVER -DSTM32F303x8 -c -I../Core/Inc -I../Drivers/STM32F3xx_HAL_Driver/Inc -I../Drivers/STM32F3xx_HAL_Driver/Inc/Legacy -I../Drivers/CMSIS/Device/ST/STM32F3xx/Include -I../Drivers/CMSIS/Include -O0 -ffunction-sections -fdata-sections -Wall -fstack-usage -fcyclomatic-complexity -MMD -MP -MF"Core/Src/main.d" -MT"Core/Src/main.o" --specs=nano.specs -mfpu=fpv4-sp-d16 -mfloat-abi=hard -mthumb -o "Core/Src/main.o"
../Core/Src/main.c: In function 'main':
../Core/Src/main.c:153:17: warning: implicit declaration of function 'sprintf' [-Wimplicit-function-declaration]
  153 |                 sprintf(str, "%d\n\r", intbuff);
      |                 ^~~~~~~
../Core/Src/main.c:22:1: note: include '<stdio.h>' or provide a declaration of 'sprintf'
   21 | #include "MPU6050.h"
  +++ |+#include <stdio.h>
   22 | 
../Core/Src/main.c:153:17: warning: incompatible implicit declaration of built-in function 'sprintf' [-Wbuiltin-declaration-mismatch]
  153 |                 sprintf(str, "%d\n\r", intbuff);
      |                 ^~~~~~~
../Core/Src/main.c:153:17: note: include '<stdio.h>' or provide a declaration of 'sprintf'
../Core/Src/main.c:154:44: warning: passing argument 2 of 'HAL_UART_Transmit' from incompatible pointer type [-Wincompatible-pointer-types]
  154 |                 HAL_UART_Transmit(&huart2, &str, strlen(str), 1000);
      |                                            ^~~~
      |                                            |
      |                                            char (*)[20]
In file included from ../Core/Inc/stm32f3xx_hal_conf.h:327,
                 from ../Drivers/STM32F3xx_HAL_Driver/Inc/stm32f3xx_hal.h:29,
                 from ../Core/Inc/main.h:30,
                 from ../Core/Src/main.c:20:
../Drivers/STM32F3xx_HAL_Driver/Inc/stm32f3xx_hal_uart.h:1486:79: note: expected 'const uint8_t *' {aka 'const unsigned char *'} but argument is of type 'char (*)[20]'
 1486 | HAL_StatusTypeDef HAL_UART_Transmit(UART_HandleTypeDef *huart, const uint8_t *pData, uint16_t Size, uint32_t Timeout);
      |                                                                ~~~~~~~~~~~~~~~^~~~~
../Core/Src/main.c:113:41: warning: unused variable 'Gyro_Offset' [-Wunused-variable]
  113 |         int16_t Gyro_Now = 0, Gyro = 0, Gyro_Offset = 0;
      |                                         ^~~~~~~~~~~
../Core/Src/main.c:113:31: warning: unused variable 'Gyro' [-Wunused-variable]
  113 |         int16_t Gyro_Now = 0, Gyro = 0, Gyro_Offset = 0;
      |                               ^~~~
../Core/Src/main.c:113:17: warning: unused variable 'Gyro_Now' [-Wunused-variable]
  113 |         int16_t Gyro_Now = 0, Gyro = 0, Gyro_Offset = 0;
      |                 ^~~~~~~~
../Core/Src/main.c:105:21: warning: variable 'dmpReady' set but not used [-Wunused-but-set-variable]
  105 |         static bool dmpReady = false;
      |                     ^~~~~~~~
arm-none-eabi-gcc -o "gyrotry.elf" @"objects.list"   -mcpu=cortex-m4 -T"C:\Users\mizun\Documents\GitHub\2024_Oidengiken\cubeIDE\gyro\gyrotry\STM32F303K8TX_FLASH.ld" --specs=nosys.specs -Wl,-Map="gyrotry.map" -Wl,--gc-sections -static --specs=nano.specs -mfpu=fpv4-sp-d16 -mfloat-abi=hard -mthumb -Wl,--start-group -lc -lm -Wl,--end-group
Finished building target: gyrotry.elf
 
arm-none-eabi-size  gyrotry.elf 
arm-none-eabi-objdump -h -S gyrotry.elf  > "gyrotry.list"
   text	   data	    bss	    dec	    hex	filename
  19144	    104	   2296	  21544	   5428	gyrotry.elf
Finished building: default.size.stdout
 
Finished building: gyrotry.list
 
17:23:18 **** Incremental Build of configuration Debug for project gyrotry ****
make -j16 all 
arm-none-eabi-gcc "../Core/Src/main.c" -mcpu=cortex-m4 -std=gnu11 -g3 -DDEBUG -DUSE_HAL_DRIVER -DSTM32F303x8 -c -I../Core/Inc -I../Drivers/STM32F3xx_HAL_Driver/Inc -I../Drivers/STM32F3xx_HAL_Driver/Inc/Legacy -I../Drivers/CMSIS/Device/ST/STM32F3xx/Include -I../Drivers/CMSIS/Include -O0 -ffunction-sections -fdata-sections -Wall -fstack-usage -fcyclomatic-complexity -MMD -MP -MF"Core/Src/main.d" -MT"Core/Src/main.o" --specs=nano.specs -mfpu=fpv4-sp-d16 -mfloat-abi=hard -mthumb -o "Core/Src/main.o"
../Core/Src/main.c: In function 'main':
../Core/Src/main.c:153:17: warning: implicit declaration of function 'sprintf' [-Wimplicit-function-declaration]
  153 |                 sprintf(str, "%d\n\r", intbuff);
      |                 ^~~~~~~
../Core/Src/main.c:22:1: note: include '<stdio.h>' or provide a declaration of 'sprintf'
   21 | #include "MPU6050.h"
  +++ |+#include <stdio.h>
   22 | 
../Core/Src/main.c:153:17: warning: incompatible implicit declaration of built-in function 'sprintf' [-Wbuiltin-declaration-mismatch]
  153 |                 sprintf(str, "%d\n\r", intbuff);
      |                 ^~~~~~~
../Core/Src/main.c:153:17: note: include '<stdio.h>' or provide a declaration of 'sprintf'
../Core/Src/main.c:154:44: warning: passing argument 2 of 'HAL_UART_Transmit' from incompatible pointer type [-Wincompatible-pointer-types]
  154 |                 HAL_UART_Transmit(&huart2, &str, strlen(str), 1000);
      |                                            ^~~~
      |                                            |
      |                                            char (*)[20]
In file included from ../Core/Inc/stm32f3xx_hal_conf.h:327,
                 from ../Drivers/STM32F3xx_HAL_Driver/Inc/stm32f3xx_hal.h:29,
                 from ../Core/Inc/main.h:30,
                 from ../Core/Src/main.c:20:
../Drivers/STM32F3xx_HAL_Driver/Inc/stm32f3xx_hal_uart.h:1486:79: note: expected 'const uint8_t *' {aka 'const unsigned char *'} but argument is of type 'char (*)[20]'
 1486 | HAL_StatusTypeDef HAL_UART_Transmit(UART_HandleTypeDef *huart, const uint8_t *pData, uint16_t Size, uint32_t Timeout);
      |                                                                ~~~~~~~~~~~~~~~^~~~~
../Core/Src/main.c:113:41: warning: unused variable 'Gyro_Offset' [-Wunused-variable]
  113 |         int16_t Gyro_Now = 0, Gyro = 0, Gyro_Offset = 0;
      |                                         ^~~~~~~~~~~
../Core/Src/main.c:113:31: warning: unused variable 'Gyro' [-Wunused-variable]
  113 |         int16_t Gyro_Now = 0, Gyro = 0, Gyro_Offset = 0;
      |                               ^~~~
../Core/Src/main.c:113:17: warning: unused variable 'Gyro_Now' [-Wunused-variable]
  113 |         int16_t Gyro_Now = 0, Gyro = 0, Gyro_Offset = 0;
      |                 ^~~~~~~~
../Core/Src/main.c:105:21: warning: variable 'dmpReady' set but not used [-Wunused-but-set-variable]
  105 |         static bool dmpReady = false;
      |                     ^~~~~~~~
arm-none-eabi-gcc -o "gyrotry.elf" @"objects.list"   -mcpu=cortex-m4 -T"C:\Users\mizun\Documents\GitHub\2024_Oidengiken\cubeIDE\gyro\gyrotry\STM32F303K8TX_FLASH.ld" --specs=nosys.specs -Wl,-Map="gyrotry.map" -Wl,--gc-sections -static --specs=nano.specs -mfpu=fpv4-sp-d16 -mfloat-abi=hard -mthumb -Wl,--start-group -lc -lm -Wl,--end-group
Finished building target: gyrotry.elf
 
arm-none-eabi-size  gyrotry.elf 
arm-none-eabi-objdump -h -S gyrotry.elf  > "gyrotry.list"
   text	   data	    bss	    dec	    hex	filename
  19144	    104	   2296	  21544	   5428	gyrotry.elf
Finished building: default.size.stdout
 
Finished building: gyrotry.list
 
17:23:38 **** Incremental Build of configuration Debug for project gyrotry ****
make -j16 all 
arm-none-eabi-gcc "../Core/Src/main.c" -mcpu=cortex-m4 -std=gnu11 -g3 -DDEBUG -DUSE_HAL_DRIVER -DSTM32F303x8 -c -I../Core/Inc -I../Drivers/STM32F3xx_HAL_Driver/Inc -I../Drivers/STM32F3xx_HAL_Driver/Inc/Legacy -I../Drivers/CMSIS/Device/ST/STM32F3xx/Include -I../Drivers/CMSIS/Include -O0 -ffunction-sections -fdata-sections -Wall -fstack-usage -fcyclomatic-complexity -MMD -MP -MF"Core/Src/main.d" -MT"Core/Src/main.o" --specs=nano.specs -mfpu=fpv4-sp-d16 -mfloat-abi=hard -mthumb -o "Core/Src/main.o"
../Core/Src/main.c: In function 'main':
../Core/Src/main.c:153:17: warning: implicit declaration of function 'sprintf' [-Wimplicit-function-declaration]
  153 |                 sprintf(str, "%d\n\r", intbuff);
      |                 ^~~~~~~
../Core/Src/main.c:22:1: note: include '<stdio.h>' or provide a declaration of 'sprintf'
   21 | #include "MPU6050.h"
  +++ |+#include <stdio.h>
   22 | 
../Core/Src/main.c:153:17: warning: incompatible implicit declaration of built-in function 'sprintf' [-Wbuiltin-declaration-mismatch]
  153 |                 sprintf(str, "%d\n\r", intbuff);
      |                 ^~~~~~~
../Core/Src/main.c:153:17: note: include '<stdio.h>' or provide a declaration of 'sprintf'
../Core/Src/main.c:154:44: warning: passing argument 2 of 'HAL_UART_Transmit' from incompatible pointer type [-Wincompatible-pointer-types]
  154 |                 HAL_UART_Transmit(&huart2, &str, strlen(str), 1000);
      |                                            ^~~~
      |                                            |
      |                                            char (*)[20]
In file included from ../Core/Inc/stm32f3xx_hal_conf.h:327,
                 from ../Drivers/STM32F3xx_HAL_Driver/Inc/stm32f3xx_hal.h:29,
                 from ../Core/Inc/main.h:30,
                 from ../Core/Src/main.c:20:
../Drivers/STM32F3xx_HAL_Driver/Inc/stm32f3xx_hal_uart.h:1486:79: note: expected 'const uint8_t *' {aka 'const unsigned char *'} but argument is of type 'char (*)[20]'
 1486 | HAL_StatusTypeDef HAL_UART_Transmit(UART_HandleTypeDef *huart, const uint8_t *pData, uint16_t Size, uint32_t Timeout);
      |                                                                ~~~~~~~~~~~~~~~^~~~~
../Core/Src/main.c:113:41: warning: unused variable 'Gyro_Offset' [-Wunused-variable]
  113 |         int16_t Gyro_Now = 0, Gyro = 0, Gyro_Offset = 0;
      |                                         ^~~~~~~~~~~
../Core/Src/main.c:113:31: warning: unused variable 'Gyro' [-Wunused-variable]
  113 |         int16_t Gyro_Now = 0, Gyro = 0, Gyro_Offset = 0;
      |                               ^~~~
../Core/Src/main.c:113:17: warning: unused variable 'Gyro_Now' [-Wunused-variable]
  113 |         int16_t Gyro_Now = 0, Gyro = 0, Gyro_Offset = 0;
      |                 ^~~~~~~~
../Core/Src/main.c:105:21: warning: variable 'dmpReady' set but not used [-Wunused-but-set-variable]
  105 |         static bool dmpReady = false;
      |                     ^~~~~~~~
arm-none-eabi-gcc -o "gyrotry.elf" @"objects.list"   -mcpu=cortex-m4 -T"C:\Users\mizun\Documents\GitHub\2024_Oidengiken\cubeIDE\gyro\gyrotry\STM32F303K8TX_FLASH.ld" --specs=nosys.specs -Wl,-Map="gyrotry.map" -Wl,--gc-sections -static --specs=nano.specs -mfpu=fpv4-sp-d16 -mfloat-abi=hard -mthumb -Wl,--start-group -lc -lm -Wl,--end-group
Finished building target: gyrotry.elf
 
arm-none-eabi-size  gyrotry.elf 
arm-none-eabi-objdump -h -S gyrotry.elf  > "gyrotry.list"
   text	   data	    bss	    dec	    hex	filename
  19144	    104	   2296	  21544	   5428	gyrotry.elf
Finished building: default.size.stdout
 
Finished building: gyrotry.list
 
17:27:07 **** Incremental Build of configuration Debug for project gyrotry ****
make -j16 all 
arm-none-eabi-gcc "../Core/Src/main.c" -mcpu=cortex-m4 -std=gnu11 -g3 -DDEBUG -DUSE_HAL_DRIVER -DSTM32F303x8 -c -I../Core/Inc -I../Drivers/STM32F3xx_HAL_Driver/Inc -I../Drivers/STM32F3xx_HAL_Driver/Inc/Legacy -I../Drivers/CMSIS/Device/ST/STM32F3xx/Include -I../Drivers/CMSIS/Include -O0 -ffunction-sections -fdata-sections -Wall -fstack-usage -fcyclomatic-complexity -MMD -MP -MF"Core/Src/main.d" -MT"Core/Src/main.o" --specs=nano.specs -mfpu=fpv4-sp-d16 -mfloat-abi=hard -mthumb -o "Core/Src/main.o"
../Core/Src/main.c: In function 'main':
../Core/Src/main.c:155:17: warning: implicit declaration of function 'sprintf' [-Wimplicit-function-declaration]
  155 |                 sprintf(str, "%d\n\r", intbuff);
      |                 ^~~~~~~
../Core/Src/main.c:22:1: note: include '<stdio.h>' or provide a declaration of 'sprintf'
   21 | #include "MPU6050.h"
  +++ |+#include <stdio.h>
   22 | 
../Core/Src/main.c:155:17: warning: incompatible implicit declaration of built-in function 'sprintf' [-Wbuiltin-declaration-mismatch]
  155 |                 sprintf(str, "%d\n\r", intbuff);
      |                 ^~~~~~~
../Core/Src/main.c:155:17: note: include '<stdio.h>' or provide a declaration of 'sprintf'
../Core/Src/main.c:156:44: warning: passing argument 2 of 'HAL_UART_Transmit' from incompatible pointer type [-Wincompatible-pointer-types]
  156 |                 HAL_UART_Transmit(&huart2, &str, strlen(str), 1000);
      |                                            ^~~~
      |                                            |
      |                                            char (*)[20]
In file included from ../Core/Inc/stm32f3xx_hal_conf.h:327,
                 from ../Drivers/STM32F3xx_HAL_Driver/Inc/stm32f3xx_hal.h:29,
                 from ../Core/Inc/main.h:30,
                 from ../Core/Src/main.c:20:
../Drivers/STM32F3xx_HAL_Driver/Inc/stm32f3xx_hal_uart.h:1486:79: note: expected 'const uint8_t *' {aka 'const unsigned char *'} but argument is of type 'char (*)[20]'
 1486 | HAL_StatusTypeDef HAL_UART_Transmit(UART_HandleTypeDef *huart, const uint8_t *pData, uint16_t Size, uint32_t Timeout);
      |                                                                ~~~~~~~~~~~~~~~^~~~~
../Core/Src/main.c:113:41: warning: unused variable 'Gyro_Offset' [-Wunused-variable]
  113 |         int16_t Gyro_Now = 0, Gyro = 0, Gyro_Offset = 0;
      |                                         ^~~~~~~~~~~
../Core/Src/main.c:113:31: warning: unused variable 'Gyro' [-Wunused-variable]
  113 |         int16_t Gyro_Now = 0, Gyro = 0, Gyro_Offset = 0;
      |                               ^~~~
../Core/Src/main.c:113:17: warning: unused variable 'Gyro_Now' [-Wunused-variable]
  113 |         int16_t Gyro_Now = 0, Gyro = 0, Gyro_Offset = 0;
      |                 ^~~~~~~~
../Core/Src/main.c:105:21: warning: variable 'dmpReady' set but not used [-Wunused-but-set-variable]
  105 |         static bool dmpReady = false;
      |                     ^~~~~~~~
arm-none-eabi-gcc -o "gyrotry.elf" @"objects.list"   -mcpu=cortex-m4 -T"C:\Users\mizun\Documents\GitHub\2024_Oidengiken\cubeIDE\gyro\gyrotry\STM32F303K8TX_FLASH.ld" --specs=nosys.specs -Wl,-Map="gyrotry.map" -Wl,--gc-sections -static --specs=nano.specs -mfpu=fpv4-sp-d16 -mfloat-abi=hard -mthumb -Wl,--start-group -lc -lm -Wl,--end-group
Finished building target: gyrotry.elf
 
arm-none-eabi-size  gyrotry.elf 
arm-none-eabi-objdump -h -S gyrotry.elf  > "gyrotry.list"
   text	   data	    bss	    dec	    hex	filename
  19180	    104	   2296	  21580	   544c	gyrotry.elf
Finished building: default.size.stdout
 
Finished building: gyrotry.list
 
17:27:27 **** Incremental Build of configuration Debug for project gyrotry ****
make -j16 all 
arm-none-eabi-gcc "../Core/Src/main.c" -mcpu=cortex-m4 -std=gnu11 -g3 -DDEBUG -DUSE_HAL_DRIVER -DSTM32F303x8 -c -I../Core/Inc -I../Drivers/STM32F3xx_HAL_Driver/Inc -I../Drivers/STM32F3xx_HAL_Driver/Inc/Legacy -I../Drivers/CMSIS/Device/ST/STM32F3xx/Include -I../Drivers/CMSIS/Include -O0 -ffunction-sections -fdata-sections -Wall -fstack-usage -fcyclomatic-complexity -MMD -MP -MF"Core/Src/main.d" -MT"Core/Src/main.o" --specs=nano.specs -mfpu=fpv4-sp-d16 -mfloat-abi=hard -mthumb -o "Core/Src/main.o"
../Core/Src/main.c: In function 'main':
../Core/Src/main.c:155:17: warning: implicit declaration of function 'sprintf' [-Wimplicit-function-declaration]
  155 |                 sprintf(str, "%d\n\r", intbuff);
      |                 ^~~~~~~
../Core/Src/main.c:22:1: note: include '<stdio.h>' or provide a declaration of 'sprintf'
   21 | #include "MPU6050.h"
  +++ |+#include <stdio.h>
   22 | 
../Core/Src/main.c:155:17: warning: incompatible implicit declaration of built-in function 'sprintf' [-Wbuiltin-declaration-mismatch]
  155 |                 sprintf(str, "%d\n\r", intbuff);
      |                 ^~~~~~~
../Core/Src/main.c:155:17: note: include '<stdio.h>' or provide a declaration of 'sprintf'
../Core/Src/main.c:156:44: warning: passing argument 2 of 'HAL_UART_Transmit' from incompatible pointer type [-Wincompatible-pointer-types]
  156 |                 HAL_UART_Transmit(&huart2, &str, strlen(str), 1000);
      |                                            ^~~~
      |                                            |
      |                                            char (*)[20]
In file included from ../Core/Inc/stm32f3xx_hal_conf.h:327,
                 from ../Drivers/STM32F3xx_HAL_Driver/Inc/stm32f3xx_hal.h:29,
                 from ../Core/Inc/main.h:30,
                 from ../Core/Src/main.c:20:
../Drivers/STM32F3xx_HAL_Driver/Inc/stm32f3xx_hal_uart.h:1486:79: note: expected 'const uint8_t *' {aka 'const unsigned char *'} but argument is of type 'char (*)[20]'
 1486 | HAL_StatusTypeDef HAL_UART_Transmit(UART_HandleTypeDef *huart, const uint8_t *pData, uint16_t Size, uint32_t Timeout);
      |                                                                ~~~~~~~~~~~~~~~^~~~~
../Core/Src/main.c:113:41: warning: unused variable 'Gyro_Offset' [-Wunused-variable]
  113 |         int16_t Gyro_Now = 0, Gyro = 0, Gyro_Offset = 0;
      |                                         ^~~~~~~~~~~
../Core/Src/main.c:113:31: warning: unused variable 'Gyro' [-Wunused-variable]
  113 |         int16_t Gyro_Now = 0, Gyro = 0, Gyro_Offset = 0;
      |                               ^~~~
../Core/Src/main.c:113:17: warning: unused variable 'Gyro_Now' [-Wunused-variable]
  113 |         int16_t Gyro_Now = 0, Gyro = 0, Gyro_Offset = 0;
      |                 ^~~~~~~~
../Core/Src/main.c:105:21: warning: variable 'dmpReady' set but not used [-Wunused-but-set-variable]
  105 |         static bool dmpReady = false;
      |                     ^~~~~~~~
arm-none-eabi-gcc -o "gyrotry.elf" @"objects.list"   -mcpu=cortex-m4 -T"C:\Users\mizun\Documents\GitHub\2024_Oidengiken\cubeIDE\gyro\gyrotry\STM32F303K8TX_FLASH.ld" --specs=nosys.specs -Wl,-Map="gyrotry.map" -Wl,--gc-sections -static --specs=nano.specs -mfpu=fpv4-sp-d16 -mfloat-abi=hard -mthumb -Wl,--start-group -lc -lm -Wl,--end-group
Finished building target: gyrotry.elf
 
arm-none-eabi-size  gyrotry.elf 
arm-none-eabi-objdump -h -S gyrotry.elf  > "gyrotry.list"
   text	   data	    bss	    dec	    hex	filename
  19180	    104	   2296	  21580	   544c	gyrotry.elf
Finished building: default.size.stdout
 
Finished building: gyrotry.list
 
17:27:45 **** Incremental Build of configuration Debug for project gyrotry ****
make -j16 all 
arm-none-eabi-gcc "../Core/Src/main.c" -mcpu=cortex-m4 -std=gnu11 -g3 -DDEBUG -DUSE_HAL_DRIVER -DSTM32F303x8 -c -I../Core/Inc -I../Drivers/STM32F3xx_HAL_Driver/Inc -I../Drivers/STM32F3xx_HAL_Driver/Inc/Legacy -I../Drivers/CMSIS/Device/ST/STM32F3xx/Include -I../Drivers/CMSIS/Include -O0 -ffunction-sections -fdata-sections -Wall -fstack-usage -fcyclomatic-complexity -MMD -MP -MF"Core/Src/main.d" -MT"Core/Src/main.o" --specs=nano.specs -mfpu=fpv4-sp-d16 -mfloat-abi=hard -mthumb -o "Core/Src/main.o"
../Core/Src/main.c: In function 'main':
../Core/Src/main.c:155:17: warning: implicit declaration of function 'sprintf' [-Wimplicit-function-declaration]
  155 |                 sprintf(str, "%d\n\r", intbuff);
      |                 ^~~~~~~
../Core/Src/main.c:22:1: note: include '<stdio.h>' or provide a declaration of 'sprintf'
   21 | #include "MPU6050.h"
  +++ |+#include <stdio.h>
   22 | 
../Core/Src/main.c:155:17: warning: incompatible implicit declaration of built-in function 'sprintf' [-Wbuiltin-declaration-mismatch]
  155 |                 sprintf(str, "%d\n\r", intbuff);
      |                 ^~~~~~~
../Core/Src/main.c:155:17: note: include '<stdio.h>' or provide a declaration of 'sprintf'
../Core/Src/main.c:156:44: warning: passing argument 2 of 'HAL_UART_Transmit' from incompatible pointer type [-Wincompatible-pointer-types]
  156 |                 HAL_UART_Transmit(&huart2, &str, strlen(str), 1000);
      |                                            ^~~~
      |                                            |
      |                                            char (*)[20]
In file included from ../Core/Inc/stm32f3xx_hal_conf.h:327,
                 from ../Drivers/STM32F3xx_HAL_Driver/Inc/stm32f3xx_hal.h:29,
                 from ../Core/Inc/main.h:30,
                 from ../Core/Src/main.c:20:
../Drivers/STM32F3xx_HAL_Driver/Inc/stm32f3xx_hal_uart.h:1486:79: note: expected 'const uint8_t *' {aka 'const unsigned char *'} but argument is of type 'char (*)[20]'
 1486 | HAL_StatusTypeDef HAL_UART_Transmit(UART_HandleTypeDef *huart, const uint8_t *pData, uint16_t Size, uint32_t Timeout);
      |                                                                ~~~~~~~~~~~~~~~^~~~~
../Core/Src/main.c:113:41: warning: unused variable 'Gyro_Offset' [-Wunused-variable]
  113 |         int16_t Gyro_Now = 0, Gyro = 0, Gyro_Offset = 0;
      |                                         ^~~~~~~~~~~
../Core/Src/main.c:113:31: warning: unused variable 'Gyro' [-Wunused-variable]
  113 |         int16_t Gyro_Now = 0, Gyro = 0, Gyro_Offset = 0;
      |                               ^~~~
../Core/Src/main.c:113:17: warning: unused variable 'Gyro_Now' [-Wunused-variable]
  113 |         int16_t Gyro_Now = 0, Gyro = 0, Gyro_Offset = 0;
      |                 ^~~~~~~~
../Core/Src/main.c:105:21: warning: variable 'dmpReady' set but not used [-Wunused-but-set-variable]
  105 |         static bool dmpReady = false;
      |                     ^~~~~~~~
arm-none-eabi-gcc -o "gyrotry.elf" @"objects.list"   -mcpu=cortex-m4 -T"C:\Users\mizun\Documents\GitHub\2024_Oidengiken\cubeIDE\gyro\gyrotry\STM32F303K8TX_FLASH.ld" --specs=nosys.specs -Wl,-Map="gyrotry.map" -Wl,--gc-sections -static --specs=nano.specs -mfpu=fpv4-sp-d16 -mfloat-abi=hard -mthumb -Wl,--start-group -lc -lm -Wl,--end-group
Finished building target: gyrotry.elf
 
arm-none-eabi-size  gyrotry.elf 
arm-none-eabi-objdump -h -S gyrotry.elf  > "gyrotry.list"
   text	   data	    bss	    dec	    hex	filename
  19180	    104	   2296	  21580	   544c	gyrotry.elf
Finished building: default.size.stdout
 
Finished building: gyrotry.list
 
17:28:05 **** Incremental Build of configuration Debug for project gyrotry ****
make -j16 all 
[...]
 
18:14:41 **** Incremental Build of configuration Debug for project gyro_nolibrary2 ****
make -j16 all 
arm-none-eabi-gcc "../Core/Src/main.c" -mcpu=cortex-m4 -std=gnu11 -g3 -DDEBUG -DUSE_HAL_DRIVER -DSTM32F303x8 -c -I../Core/Inc -I../Drivers/STM32F3xx_HAL_Driver/Inc -I../Drivers/STM32F3xx_HAL_Driver/Inc/Legacy -I../Drivers/CMSIS/Device/ST/STM32F3xx/Include -I../Drivers/CMSIS/Include -O0 -ffunction-sections -fdata-sections -Wall -fstack-usage -fcyclomatic-complexity -MMD -MP -MF"Core/Src/main.d" -MT"Core/Src/main.o" --specs=nano.specs -mfpu=fpv4-sp-d16 -mfloat-abi=hard -mthumb -o "Core/Src/main.o"
../Core/Src/main.c: In function 'main':
../Core/Src/main.c:108:25: warning: implicit declaration of function 'snprintf' [-Wimplicit-function-declaration]
  108 |                         snprintf(msg, sizeof(msg), "0x%02X\r\n", i);
      |                         ^~~~~~~~
../Core/Src/main.c:21:1: note: include '<stdio.h>' or provide a declaration of 'snprintf'
   20 | #include "main.h"
  +++ |+#include <stdio.h>
   21 | 
../Core/Src/main.c:108:25: warning: incompatible implicit declaration of built-in function 'snprintf' [-Wbuiltin-declaration-mismatch]
  108 |                         snprintf(msg, sizeof(msg), "0x%02X\r\n", i);
      |                         ^~~~~~~~
../Core/Src/main.c:108:25: note: include '<stdio.h>' or provide a declaration of 'snprintf'
../Core/Src/main.c:120:33: warning: implicit declaration of function 'sprintf' [-Wimplicit-function-declaration]
  120 |                                 sprintf(str, "%d\n\r", intbuff);
      |                                 ^~~~~~~
../Core/Src/main.c:120:33: note: include '<stdio.h>' or provide a declaration of 'sprintf'
../Core/Src/main.c:120:33: warning: incompatible implicit declaration of built-in function 'sprintf' [-Wbuiltin-declaration-mismatch]
../Core/Src/main.c:120:33: note: include '<stdio.h>' or provide a declaration of 'sprintf'
../Core/Src/main.c:121:66: warning: implicit declaration of function 'strlen' [-Wimplicit-function-declaration]
  121 |                                 HAL_UART_Transmit(&huart2, &str, strlen(str), 1000);
      |                                                                  ^~~~~~
../Core/Src/main.c:21:1: note: include '<string.h>' or provide a declaration of 'strlen'
   20 | #include "main.h"
  +++ |+#include <string.h>
   21 | 
../Core/Src/main.c:121:66: warning: incompatible implicit declaration of built-in function 'strlen' [-Wbuiltin-declaration-mismatch]
  121 |                                 HAL_UART_Transmit(&huart2, &str, strlen(str), 1000);
      |                                                                  ^~~~~~
../Core/Src/main.c:121:66: note: include '<string.h>' or provide a declaration of 'strlen'
../Core/Src/main.c:121:60: warning: passing argument 2 of 'HAL_UART_Transmit' from incompatible pointer type [-Wincompatible-pointer-types]
  121 |                                 HAL_UART_Transmit(&huart2, &str, strlen(str), 1000);
      |                                                            ^~~~
      |                                                            |
      |                                                            char (*)[100]
In file included from ../Core/Inc/stm32f3xx_hal_conf.h:327,
                 from ../Drivers/STM32F3xx_HAL_Driver/Inc/stm32f3xx_hal.h:29,
                 from ../Core/Inc/main.h:30,
                 from ../Core/Src/main.c:20:
../Drivers/STM32F3xx_HAL_Driver/Inc/stm32f3xx_hal_uart.h:1486:79: note: expected 'const uint8_t *' {aka 'const unsigned char *'} but argument is of type 'char (*)[100]'
 1486 | HAL_StatusTypeDef HAL_UART_Transmit(UART_HandleTypeDef *huart, const uint8_t *pData, uint16_t Size, uint32_t Timeout);
      |                                                                ~~~~~~~~~~~~~~~^~~~~
../Core/Src/main.c:114:27: warning: unused variable 'res2' [-Wunused-variable]
  114 |         HAL_StatusTypeDef res2;
      |                           ^~~~
../Core/Src/main.c:97:13: warning: variable 'number' set but not used [-Wunused-but-set-variable]
   97 |         int number;
      |             ^~~~~~
../Core/Src/main.c:95:17: warning: unused variable 'buff' [-Wunused-variable]
   95 |         uint8_t buff;
      |                 ^~~~
arm-none-eabi-gcc -o "gyro_nolibrary2.elf" @"objects.list"   -mcpu=cortex-m4 -T"C:\Users\mizun\Documents\GitHub\2024_Oidengiken\cubeIDE\gyro\gyro_nolibrary2\STM32F303K8TX_FLASH.ld" --specs=nosys.specs -Wl,-Map="gyro_nolibrary2.map" -Wl,--gc-sections -static --specs=nano.specs -mfpu=fpv4-sp-d16 -mfloat-abi=hard -mthumb -Wl,--start-group -lc -lm -Wl,--end-group
Finished building target: gyro_nolibrary2.elf
 
arm-none-eabi-size  gyro_nolibrary2.elf 
arm-none-eabi-objdump -h -S gyro_nolibrary2.elf  > "gyro_nolibrary2.list"
   text	   data	    bss	    dec	    hex	filename
  18536	    100	   2124	  20760	   5118	gyro_nolibrary2.elf
Finished building: default.size.stdout
 
Finished building: gyro_nolibrary2.list
 
18:15:26 **** Incremental Build of configuration Debug for project gyro_nolibrary2 ****
make -j16 all 
arm-none-eabi-gcc "../Core/Src/main.c" -mcpu=cortex-m4 -std=gnu11 -g3 -DDEBUG -DUSE_HAL_DRIVER -DSTM32F303x8 -c -I../Core/Inc -I../Drivers/STM32F3xx_HAL_Driver/Inc -I../Drivers/STM32F3xx_HAL_Driver/Inc/Legacy -I../Drivers/CMSIS/Device/ST/STM32F3xx/Include -I../Drivers/CMSIS/Include -O0 -ffunction-sections -fdata-sections -Wall -fstack-usage -fcyclomatic-complexity -MMD -MP -MF"Core/Src/main.d" -MT"Core/Src/main.o" --specs=nano.specs -mfpu=fpv4-sp-d16 -mfloat-abi=hard -mthumb -o "Core/Src/main.o"
../Core/Src/main.c: In function 'main':
../Core/Src/main.c:108:25: warning: implicit declaration of function 'snprintf' [-Wimplicit-function-declaration]
  108 |                         snprintf(msg, sizeof(msg), "0x%02X\r\n", i);
      |                         ^~~~~~~~
../Core/Src/main.c:21:1: note: include '<stdio.h>' or provide a declaration of 'snprintf'
   20 | #include "main.h"
  +++ |+#include <stdio.h>
   21 | 
../Core/Src/main.c:108:25: warning: incompatible implicit declaration of built-in function 'snprintf' [-Wbuiltin-declaration-mismatch]
  108 |                         snprintf(msg, sizeof(msg), "0x%02X\r\n", i);
      |                         ^~~~~~~~
../Core/Src/main.c:108:25: note: include '<stdio.h>' or provide a declaration of 'snprintf'
../Core/Src/main.c:120:33: warning: implicit declaration of function 'sprintf' [-Wimplicit-function-declaration]
  120 |                                 sprintf(str, "%d\n\r", intbuff);
      |                                 ^~~~~~~
../Core/Src/main.c:120:33: note: include '<stdio.h>' or provide a declaration of 'sprintf'
../Core/Src/main.c:120:33: warning: incompatible implicit declaration of built-in function 'sprintf' [-Wbuiltin-declaration-mismatch]
../Core/Src/main.c:120:33: note: include '<stdio.h>' or provide a declaration of 'sprintf'
../Core/Src/main.c:121:66: warning: implicit declaration of function 'strlen' [-Wimplicit-function-declaration]
  121 |                                 HAL_UART_Transmit(&huart2, &str, strlen(str), 1000);
      |                                                                  ^~~~~~
../Core/Src/main.c:21:1: note: include '<string.h>' or provide a declaration of 'strlen'
   20 | #include "main.h"
  +++ |+#include <string.h>
   21 | 
../Core/Src/main.c:121:66: warning: incompatible implicit declaration of built-in function 'strlen' [-Wbuiltin-declaration-mismatch]
  121 |                                 HAL_UART_Transmit(&huart2, &str, strlen(str), 1000);
      |                                                                  ^~~~~~
../Core/Src/main.c:121:66: note: include '<string.h>' or provide a declaration of 'strlen'
../Core/Src/main.c:121:60: warning: passing argument 2 of 'HAL_UART_Transmit' from incompatible pointer type [-Wincompatible-pointer-types]
  121 |                                 HAL_UART_Transmit(&huart2, &str, strlen(str), 1000);
      |                                                            ^~~~
      |                                                            |
      |                                                            char (*)[100]
In file included from ../Core/Inc/stm32f3xx_hal_conf.h:327,
                 from ../Drivers/STM32F3xx_HAL_Driver/Inc/stm32f3xx_hal.h:29,
                 from ../Core/Inc/main.h:30,
                 from ../Core/Src/main.c:20:
../Drivers/STM32F3xx_HAL_Driver/Inc/stm32f3xx_hal_uart.h:1486:79: note: expected 'const uint8_t *' {aka 'const unsigned char *'} but argument is of type 'char (*)[100]'
 1486 | HAL_StatusTypeDef HAL_UART_Transmit(UART_HandleTypeDef *huart, const uint8_t *pData, uint16_t Size, uint32_t Timeout);
      |                                                                ~~~~~~~~~~~~~~~^~~~~
../Core/Src/main.c:114:27: warning: unused variable 'res2' [-Wunused-variable]
  114 |         HAL_StatusTypeDef res2;
      |                           ^~~~
../Core/Src/main.c:97:13: warning: variable 'number' set but not used [-Wunused-but-set-variable]
   97 |         int number;
      |             ^~~~~~
../Core/Src/main.c:95:17: warning: unused variable 'buff' [-Wunused-variable]
   95 |         uint8_t buff;
      |                 ^~~~
arm-none-eabi-gcc -o "gyro_nolibrary2.elf" @"objects.list"   -mcpu=cortex-m4 -T"C:\Users\mizun\Documents\GitHub\2024_Oidengiken\cubeIDE\gyro\gyro_nolibrary2\STM32F303K8TX_FLASH.ld" --specs=nosys.specs -Wl,-Map="gyro_nolibrary2.map" -Wl,--gc-sections -static --specs=nano.specs -mfpu=fpv4-sp-d16 -mfloat-abi=hard -mthumb -Wl,--start-group -lc -lm -Wl,--end-group
Finished building target: gyro_nolibrary2.elf
 
arm-none-eabi-size  gyro_nolibrary2.elf 
arm-none-eabi-objdump -h -S gyro_nolibrary2.elf  > "gyro_nolibrary2.list"
   text	   data	    bss	    dec	    hex	filename
  18516	    100	   2124	  20740	   5104	gyro_nolibrary2.elf
Finished building: default.size.stdout
 
Finished building: gyro_nolibrary2.list
 
18:15:54 **** Incremental Build of configuration Debug for project gyro_nolibrary2 ****
make -j16 all 
arm-none-eabi-gcc "../Core/Src/main.c" -mcpu=cortex-m4 -std=gnu11 -g3 -DDEBUG -DUSE_HAL_DRIVER -DSTM32F303x8 -c -I../Core/Inc -I../Drivers/STM32F3xx_HAL_Driver/Inc -I../Drivers/STM32F3xx_HAL_Driver/Inc/Legacy -I../Drivers/CMSIS/Device/ST/STM32F3xx/Include -I../Drivers/CMSIS/Include -O0 -ffunction-sections -fdata-sections -Wall -fstack-usage -fcyclomatic-complexity -MMD -MP -MF"Core/Src/main.d" -MT"Core/Src/main.o" --specs=nano.specs -mfpu=fpv4-sp-d16 -mfloat-abi=hard -mthumb -o "Core/Src/main.o"
../Core/Src/main.c: In function 'main':
../Core/Src/main.c:108:25: warning: implicit declaration of function 'snprintf' [-Wimplicit-function-declaration]
  108 |                         snprintf(msg, sizeof(msg), "0x%02X\r\n", i);
      |                         ^~~~~~~~
../Core/Src/main.c:21:1: note: include '<stdio.h>' or provide a declaration of 'snprintf'
   20 | #include "main.h"
  +++ |+#include <stdio.h>
   21 | 
../Core/Src/main.c:108:25: warning: incompatible implicit declaration of built-in function 'snprintf' [-Wbuiltin-declaration-mismatch]
  108 |                         snprintf(msg, sizeof(msg), "0x%02X\r\n", i);
      |                         ^~~~~~~~
../Core/Src/main.c:108:25: note: include '<stdio.h>' or provide a declaration of 'snprintf'
../Core/Src/main.c:120:33: warning: implicit declaration of function 'sprintf' [-Wimplicit-function-declaration]
  120 |                                 sprintf(str, "%d\n\r", intbuff);
      |                                 ^~~~~~~
../Core/Src/main.c:120:33: note: include '<stdio.h>' or provide a declaration of 'sprintf'
../Core/Src/main.c:120:33: warning: incompatible implicit declaration of built-in function 'sprintf' [-Wbuiltin-declaration-mismatch]
../Core/Src/main.c:120:33: note: include '<stdio.h>' or provide a declaration of 'sprintf'
../Core/Src/main.c:121:66: warning: implicit declaration of function 'strlen' [-Wimplicit-function-declaration]
  121 |                                 HAL_UART_Transmit(&huart2, &str, strlen(str), 1000);
      |                                                                  ^~~~~~
../Core/Src/main.c:21:1: note: include '<string.h>' or provide a declaration of 'strlen'
   20 | #include "main.h"
  +++ |+#include <string.h>
   21 | 
../Core/Src/main.c:121:66: warning: incompatible implicit declaration of built-in function 'strlen' [-Wbuiltin-declaration-mismatch]
  121 |                                 HAL_UART_Transmit(&huart2, &str, strlen(str), 1000);
      |                                                                  ^~~~~~
../Core/Src/main.c:121:66: note: include '<string.h>' or provide a declaration of 'strlen'
../Core/Src/main.c:121:60: warning: passing argument 2 of 'HAL_UART_Transmit' from incompatible pointer type [-Wincompatible-pointer-types]
  121 |                                 HAL_UART_Transmit(&huart2, &str, strlen(str), 1000);
      |                                                            ^~~~
      |                                                            |
      |                                                            char (*)[100]
In file included from ../Core/Inc/stm32f3xx_hal_conf.h:327,
                 from ../Drivers/STM32F3xx_HAL_Driver/Inc/stm32f3xx_hal.h:29,
                 from ../Core/Inc/main.h:30,
                 from ../Core/Src/main.c:20:
../Drivers/STM32F3xx_HAL_Driver/Inc/stm32f3xx_hal_uart.h:1486:79: note: expected 'const uint8_t *' {aka 'const unsigned char *'} but argument is of type 'char (*)[100]'
 1486 | HAL_StatusTypeDef HAL_UART_Transmit(UART_HandleTypeDef *huart, const uint8_t *pData, uint16_t Size, uint32_t Timeout);
      |                                                                ~~~~~~~~~~~~~~~^~~~~
../Core/Src/main.c:114:27: warning: unused variable 'res2' [-Wunused-variable]
  114 |         HAL_StatusTypeDef res2;
      |                           ^~~~
../Core/Src/main.c:97:13: warning: variable 'number' set but not used [-Wunused-but-set-variable]
   97 |         int number;
      |             ^~~~~~
../Core/Src/main.c:95:17: warning: unused variable 'buff' [-Wunused-variable]
   95 |         uint8_t buff;
      |                 ^~~~
arm-none-eabi-gcc -o "gyro_nolibrary2.elf" @"objects.list"   -mcpu=cortex-m4 -T"C:\Users\mizun\Documents\GitHub\2024_Oidengiken\cubeIDE\gyro\gyro_nolibrary2\STM32F303K8TX_FLASH.ld" --specs=nosys.specs -Wl,-Map="gyro_nolibrary2.map" -Wl,--gc-sections -static --specs=nano.specs -mfpu=fpv4-sp-d16 -mfloat-abi=hard -mthumb -Wl,--start-group -lc -lm -Wl,--end-group
Finished building target: gyro_nolibrary2.elf
 
arm-none-eabi-size  gyro_nolibrary2.elf 
arm-none-eabi-objdump -h -S gyro_nolibrary2.elf  > "gyro_nolibrary2.list"
   text	   data	    bss	    dec	    hex	filename
  18536	    100	   2124	  20760	   5118	gyro_nolibrary2.elf
Finished building: default.size.stdout
 
Finished building: gyro_nolibrary2.list
 
18:16:12 **** Incremental Build of configuration Debug for project gyro_nolibrary2 ****
make -j16 all 
arm-none-eabi-gcc "../Core/Src/main.c" -mcpu=cortex-m4 -std=gnu11 -g3 -DDEBUG -DUSE_HAL_DRIVER -DSTM32F303x8 -c -I../Core/Inc -I../Drivers/STM32F3xx_HAL_Driver/Inc -I../Drivers/STM32F3xx_HAL_Driver/Inc/Legacy -I../Drivers/CMSIS/Device/ST/STM32F3xx/Include -I../Drivers/CMSIS/Include -O0 -ffunction-sections -fdata-sections -Wall -fstack-usage -fcyclomatic-complexity -MMD -MP -MF"Core/Src/main.d" -MT"Core/Src/main.o" --specs=nano.specs -mfpu=fpv4-sp-d16 -mfloat-abi=hard -mthumb -o "Core/Src/main.o"
../Core/Src/main.c: In function 'main':
../Core/Src/main.c:108:25: warning: implicit declaration of function 'snprintf' [-Wimplicit-function-declaration]
  108 |                         snprintf(msg, sizeof(msg), "0x%02X\r\n", i);
      |                         ^~~~~~~~
../Core/Src/main.c:21:1: note: include '<stdio.h>' or provide a declaration of 'snprintf'
   20 | #include "main.h"
  +++ |+#include <stdio.h>
   21 | 
../Core/Src/main.c:108:25: warning: incompatible implicit declaration of built-in function 'snprintf' [-Wbuiltin-declaration-mismatch]
  108 |                         snprintf(msg, sizeof(msg), "0x%02X\r\n", i);
      |                         ^~~~~~~~
../Core/Src/main.c:108:25: note: include '<stdio.h>' or provide a declaration of 'snprintf'
../Core/Src/main.c:120:33: warning: implicit declaration of function 'sprintf' [-Wimplicit-function-declaration]
  120 |                                 sprintf(str, "%d\n\r", intbuff);
      |                                 ^~~~~~~
../Core/Src/main.c:120:33: note: include '<stdio.h>' or provide a declaration of 'sprintf'
../Core/Src/main.c:120:33: warning: incompatible implicit declaration of built-in function 'sprintf' [-Wbuiltin-declaration-mismatch]
../Core/Src/main.c:120:33: note: include '<stdio.h>' or provide a declaration of 'sprintf'
../Core/Src/main.c:121:66: warning: implicit declaration of function 'strlen' [-Wimplicit-function-declaration]
  121 |                                 HAL_UART_Transmit(&huart2, &str, strlen(str), 1000);
      |                                                                  ^~~~~~
../Core/Src/main.c:21:1: note: include '<string.h>' or provide a declaration of 'strlen'
   20 | #include "main.h"
  +++ |+#include <string.h>
   21 | 
../Core/Src/main.c:121:66: warning: incompatible implicit declaration of built-in function 'strlen' [-Wbuiltin-declaration-mismatch]
  121 |                                 HAL_UART_Transmit(&huart2, &str, strlen(str), 1000);
      |                                                                  ^~~~~~
../Core/Src/main.c:121:66: note: include '<string.h>' or provide a declaration of 'strlen'
../Core/Src/main.c:121:60: warning: passing argument 2 of 'HAL_UART_Transmit' from incompatible pointer type [-Wincompatible-pointer-types]
  121 |                                 HAL_UART_Transmit(&huart2, &str, strlen(str), 1000);
      |                                                            ^~~~
      |                                                            |
      |                                                            char (*)[100]
In file included from ../Core/Inc/stm32f3xx_hal_conf.h:327,
                 from ../Drivers/STM32F3xx_HAL_Driver/Inc/stm32f3xx_hal.h:29,
                 from ../Core/Inc/main.h:30,
                 from ../Core/Src/main.c:20:
../Drivers/STM32F3xx_HAL_Driver/Inc/stm32f3xx_hal_uart.h:1486:79: note: expected 'const uint8_t *' {aka 'const unsigned char *'} but argument is of type 'char (*)[100]'
 1486 | HAL_StatusTypeDef HAL_UART_Transmit(UART_HandleTypeDef *huart, const uint8_t *pData, uint16_t Size, uint32_t Timeout);
      |                                                                ~~~~~~~~~~~~~~~^~~~~
../Core/Src/main.c:114:27: warning: unused variable 'res2' [-Wunused-variable]
  114 |         HAL_StatusTypeDef res2;
      |                           ^~~~
../Core/Src/main.c:97:13: warning: variable 'number' set but not used [-Wunused-but-set-variable]
   97 |         int number;
      |             ^~~~~~
../Core/Src/main.c:95:17: warning: unused variable 'buff' [-Wunused-variable]
   95 |         uint8_t buff;
      |                 ^~~~
arm-none-eabi-gcc -o "gyro_nolibrary2.elf" @"objects.list"   -mcpu=cortex-m4 -T"C:\Users\mizun\Documents\GitHub\2024_Oidengiken\cubeIDE\gyro\gyro_nolibrary2\STM32F303K8TX_FLASH.ld" --specs=nosys.specs -Wl,-Map="gyro_nolibrary2.map" -Wl,--gc-sections -static --specs=nano.specs -mfpu=fpv4-sp-d16 -mfloat-abi=hard -mthumb -Wl,--start-group -lc -lm -Wl,--end-group
Finished building target: gyro_nolibrary2.elf
 
arm-none-eabi-size  gyro_nolibrary2.elf 
arm-none-eabi-objdump -h -S gyro_nolibrary2.elf  > "gyro_nolibrary2.list"
   text	   data	    bss	    dec	    hex	filename
  18536	    100	   2124	  20760	   5118	gyro_nolibrary2.elf
Finished building: default.size.stdout
 
Finished building: gyro_nolibrary2.list
 
