15:57:34 **** Incremental Build of configuration Debug for project Gyro_try ****
make -j16 all 
arm-none-eabi-gcc "../Core/Src/main.c" -mcpu=cortex-m4 -std=gnu11 -g3 -DDEBUG -DUSE_HAL_DRIVER -DSTM32F303x8 -c -I../Core/Inc -I../Drivers/STM32F3xx_HAL_Driver/Inc -I../Drivers/STM32F3xx_HAL_Driver/Inc/Legacy -I../Drivers/CMSIS/Device/ST/STM32F3xx/Include -I../Drivers/CMSIS/Include -O0 -ffunction-sections -fdata-sections -Wall -fstack-usage -fcyclomatic-complexity -MMD -MP -MF"Core/Src/main.d" -MT"Core/Src/main.o" --specs=nano.specs -mfpu=fpv4-sp-d16 -mfloat-abi=hard -mthumb -o "Core/Src/main.o"
../Core/Src/main.c: In function 'main':
../Core/Src/main.c:103:8: warning: unused variable 'buf' [-Wunused-variable]
  103 |   char buf[10];
      |        ^~~
../Core/Src/main.c:102:8: warning: unused variable 'str' [-Wunused-variable]
  102 |   char str[100];
      |        ^~~
arm-none-eabi-gcc -o "Gyro_try.elf" @"objects.list"   -mcpu=cortex-m4 -T"C:\Users\mizun\Documents\GitHub\2024_Oidengiken\cubeIDE\gyro\Gyro_try\STM32F303K8TX_FLASH.ld" --specs=nosys.specs -Wl,-Map="Gyro_try.map" -Wl,--gc-sections -static --specs=nano.specs -mfpu=fpv4-sp-d16 -mfloat-abi=hard -mthumb -Wl,--start-group -lc -lm -Wl,--end-group
Finished building target: Gyro_try.elf
 
arm-none-eabi-size  Gyro_try.elf 
arm-none-eabi-objdump -h -S Gyro_try.elf  > "Gyro_try.list"
   text	   data	    bss	    dec	    hex	filename
  11996	     20	   1924	  13940	   3674	Gyro_try.elf
Finished building: default.size.stdout
 
Finished building: Gyro_try.list
 

15:57:35 Build Finished. 0 errors, 2 warnings. (took 653ms)

