18:02:54 **** Incremental Build of configuration Debug for project gyro_nolibrary ****
make -j16 all 
arm-none-eabi-gcc "../Core/Src/main.c" -mcpu=cortex-m4 -std=gnu11 -g3 -DDEBUG -DUSE_HAL_DRIVER -DSTM32F303x8 -c -I../Core/Inc -I../Drivers/STM32F3xx_HAL_Driver/Inc -I../Drivers/STM32F3xx_HAL_Driver/Inc/Legacy -I../Drivers/CMSIS/Device/ST/STM32F3xx/Include -I../Drivers/CMSIS/Include -O0 -ffunction-sections -fdata-sections -Wall -fstack-usage -fcyclomatic-complexity -MMD -MP -MF"Core/Src/main.d" -MT"Core/Src/main.o" --specs=nano.specs -mfpu=fpv4-sp-d16 -mfloat-abi=hard -mthumb -o "Core/Src/main.o"
../Core/Src/main.c: In function 'main':
../Core/Src/main.c:166:52: warning: passing argument 2 of 'HAL_UART_Transmit' from incompatible pointer type [-Wincompatible-pointer-types]
  166 |                         HAL_UART_Transmit(&huart2, (uint16_t*)"error\r\n", 10, 1000);
      |                                                    ^~~~~~~~~~~~~~~~~~~~~~
      |                                                    |
      |                                                    uint16_t * {aka short unsigned int *}
In file included from ../Core/Inc/stm32f3xx_hal_conf.h:327,
                 from ../Drivers/STM32F3xx_HAL_Driver/Inc/stm32f3xx_hal.h:29,
                 from ../Core/Inc/main.h:30,
                 from ../Core/Src/main.c:20:
../Drivers/STM32F3xx_HAL_Driver/Inc/stm32f3xx_hal_uart.h:1486:79: note: expected 'const uint8_t *' {aka 'const unsigned char *'} but argument is of type 'uint16_t *' {aka 'short unsigned int *'}
 1486 | HAL_StatusTypeDef HAL_UART_Transmit(UART_HandleTypeDef *huart, const uint8_t *pData, uint16_t Size, uint32_t Timeout);
      |                                                                ~~~~~~~~~~~~~~~^~~~~
../Core/Src/main.c:125:14: warning: unused variable 'str' [-Wunused-variable]
  125 |         char str[100];
      |              ^~~
../Core/Src/main.c:124:13: warning: unused variable 'intbuff' [-Wunused-variable]
  124 |         int intbuff;
      |             ^~~~~~~
../Core/Src/main.c:123:14: warning: unused variable 'buff' [-Wunused-variable]
  123 |         char buff;
      |              ^~~~
At top level:
../Core/Src/main.c:110:17: warning: 'write_bits' defined but not used [-Wunused-function]
  110 |         int16_t write_bits(uint8_t regiAddr, uint8_t bitstart, uint8_t length,
      |                 ^~~~~~~~~~
arm-none-eabi-gcc -o "gyro_nolibrary.elf" @"objects.list"   -mcpu=cortex-m4 -T"C:\Users\mizun\Documents\GitHub\2024_Oidengiken\cubeIDE\gyro\gyro_nolibrary\STM32F303K8TX_FLASH.ld" --specs=nosys.specs -Wl,-Map="gyro_nolibrary.map" -Wl,--gc-sections -static --specs=nano.specs -mfpu=fpv4-sp-d16 -mfloat-abi=hard -mthumb -Wl,--start-group -lc -lm -Wl,--end-group
Finished building target: gyro_nolibrary.elf
 
arm-none-eabi-size  gyro_nolibrary.elf 
arm-none-eabi-objdump -h -S gyro_nolibrary.elf  > "gyro_nolibrary.list"
   text	   data	    bss	    dec	    hex	filename
  13812	     20	   1924	  15756	   3d8c	gyro_nolibrary.elf
Finished building: default.size.stdout
 
Finished building: gyro_nolibrary.list
 

18:02:54 Build Finished. 0 errors, 5 warnings. (took 798ms)

