2024-01-17 17:51:00,082 [INFO] Activator:176 - 


2024-01-17 17:51:00,083 [INFO] Activator:177 - !SESSION log4j initialized
2024-01-17 17:51:01,665 [INFO] LogOutputStream:77 - [STDOUT_REDIRECT] 
2024-01-17 17:51:02,719 [INFO] ApplicationProperties:184 - Using Application install path: C:\ST\STM32CubeIDE_1.14.0\STM32CubeIDE\plugins\com.st.stm32cube.common.mx_6.10.0.202311202037
2024-01-17 17:51:02,734 [INFO] DbMcusXml:78 - Set database path to: C:\ST\STM32CubeIDE_1.14.0\STM32CubeIDE\plugins\com.st.stm32cube.common.mx_6.10.0.202311202037\\db\/mcu/
2024-01-17 17:51:02,734 [INFO] ApiDb:274 - Set plugin database path to: C:\ST\STM32CubeIDE_1.14.0\STM32CubeIDE\plugins\com.st.stm32cube.common.mx_6.10.0.202311202037\\db\/plugins/boardmanager/
2024-01-17 17:51:02,734 [WARN] ApiDb:259 - Overriding images path with different value:  => C:\ST\STM32CubeIDE_1.14.0\STM32CubeIDE\plugins\com.st.stm32cube.common.mx_6.10.0.202311202037\\db\/plugins/mcufinder/images/
2024-01-17 17:51:02,737 [INFO] ApiDb:250 - Set database path to: C:\Users\mizun\.stmcufinder\plugins\mcufinder//mcu/
2024-01-17 17:51:02,740 [INFO] DbMcusAds:125 - Set database path to: C:\Users\mizun\.stmcufinder\plugins\mcufinder//mcu/
2024-01-17 17:51:02,740 [INFO] CrossReferenceDbSqlite:203 - Set database path to: C:\Users\mizun\.stmcufinder\plugins\mcufinder//mcu/cs/
2024-01-17 17:51:02,835 [INFO] RulesReader:64 - Compatibility file has been processed (297 Rules)
2024-01-17 17:51:02,910 [INFO] DbMcusXml:78 - Set database path to: C:\ST\STM32CubeIDE_1.14.0\STM32CubeIDE\plugins\com.st.stm32cube.common.mx_6.10.0.202311202037\\db\/mcu/
2024-01-17 17:51:02,910 [INFO] ApiDb:274 - Set plugin database path to: C:\ST\STM32CubeIDE_1.14.0\STM32CubeIDE\plugins\com.st.stm32cube.common.mx_6.10.0.202311202037\\db\/plugins/boardmanager/
2024-01-17 17:51:02,911 [INFO] ApiDb:261 - Set plugin images path to: C:\ST\STM32CubeIDE_1.14.0\STM32CubeIDE\plugins\com.st.stm32cube.common.mx_6.10.0.202311202037\\db\/plugins/mcufinder/images/
2024-01-17 17:51:02,911 [WARN] DbFile:41 - Overriding database path with different value: C:\Users\mizun\.stmcufinder\plugins\mcufinder/ => C:\Users\mizun\.stmcufinder\plugins\mcufinder
2024-01-17 17:51:02,911 [INFO] ApiDb:250 - Set database path to: C:\Users\mizun\.stmcufinder\plugins\mcufinder//mcu/
2024-01-17 17:51:02,911 [WARN] DbFile:41 - Overriding database path with different value: C:\Users\mizun\.stmcufinder\plugins\mcufinder/ => C:\Users\mizun\.stmcufinder\plugins\mcufinder
2024-01-17 17:51:02,911 [INFO] DbMcusAds:125 - Set database path to: C:\Users\mizun\.stmcufinder\plugins\mcufinder//mcu/
2024-01-17 17:51:02,911 [WARN] DbFile:41 - Overriding database path with different value: C:\Users\mizun\.stmcufinder\plugins\mcufinder/ => C:\Users\mizun\.stmcufinder\plugins\mcufinder
2024-01-17 17:51:02,911 [WARN] DbFile:41 - Overriding database path with different value: C:\Users\mizun\.stmcufinder\plugins\mcufinder/ => C:\Users\mizun\.stmcufinder\plugins\mcufinder
2024-01-17 17:51:02,911 [INFO] CrossReferenceDbSqlite:203 - Set database path to: C:\Users\mizun\.stmcufinder\plugins\mcufinder//mcu/cs/
2024-01-17 17:51:02,957 [INFO] MainPanel:264 - HeapMemory: 268435456
2024-01-17 17:51:03,002 [INFO] DbMcusXml:78 - Set database path to: C:\ST\STM32CubeIDE_1.14.0\STM32CubeIDE\plugins\com.st.stm32cube.common.mx_6.10.0.202311202037\\db\/mcu/
2024-01-17 17:51:03,002 [INFO] ApiDb:274 - Set plugin database path to: C:\ST\STM32CubeIDE_1.14.0\STM32CubeIDE\plugins\com.st.stm32cube.common.mx_6.10.0.202311202037\\db\/plugins/boardmanager/
2024-01-17 17:51:03,002 [INFO] ApiDb:261 - Set plugin images path to: C:\ST\STM32CubeIDE_1.14.0\STM32CubeIDE\plugins\com.st.stm32cube.common.mx_6.10.0.202311202037\\db\/plugins/mcufinder/images/
2024-01-17 17:51:03,002 [WARN] DbFile:41 - Overriding database path with different value: C:\Users\mizun\.stmcufinder\plugins\mcufinder/ => C:\Users\mizun\.stmcufinder\plugins\mcufinder
2024-01-17 17:51:03,003 [INFO] ApiDb:250 - Set database path to: C:\Users\mizun\.stmcufinder\plugins\mcufinder//mcu/
2024-01-17 17:51:03,003 [WARN] DbFile:41 - Overriding database path with different value: C:\Users\mizun\.stmcufinder\plugins\mcufinder/ => C:\Users\mizun\.stmcufinder\plugins\mcufinder
2024-01-17 17:51:03,003 [INFO] DbMcusAds:125 - Set database path to: C:\Users\mizun\.stmcufinder\plugins\mcufinder//mcu/
2024-01-17 17:51:03,003 [WARN] DbFile:41 - Overriding database path with different value: C:\Users\mizun\.stmcufinder\plugins\mcufinder/ => C:\Users\mizun\.stmcufinder\plugins\mcufinder
2024-01-17 17:51:03,003 [WARN] DbFile:41 - Overriding database path with different value: C:\Users\mizun\.stmcufinder\plugins\mcufinder/ => C:\Users\mizun\.stmcufinder\plugins\mcufinder
2024-01-17 17:51:03,003 [INFO] CrossReferenceDbSqlite:203 - Set database path to: C:\Users\mizun\.stmcufinder\plugins\mcufinder//mcu/cs/
2024-01-17 17:51:03,013 [INFO] ApplicationProperties:184 - Using Application install path: C:\ST\STM32CubeIDE_1.14.0\STM32CubeIDE\plugins\com.st.stm32cube.common.mx_6.10.0.202311202037
2024-01-17 17:51:03,015 [INFO] PluginManage:196 - Search for loadable plugins [exclusion list=, ]
2024-01-17 17:51:03,015 [INFO] PluginManage:310 - Check plugin analytics
2024-01-17 17:51:03,130 [INFO] AnalyticsPlugin:253 - Accepted Software Licenses: STM32CubeMX.6.9.2
2024-01-17 17:51:03,130 [INFO] AnalyticsPlugin:255 - Accepted CMSIS Pack Licenses: 
2024-01-17 17:51:03,130 [INFO] AnalyticsPlugin:257 - Accepted Firmware Licenses: FW.L4.1.18.0,FW.F4.1.27.0
2024-01-17 17:51:03,132 [INFO] PluginManage:359 - Loaded plugin analytics (category:tool,tabindex:-1)
2024-01-17 17:51:03,132 [INFO] PluginManage:310 - Check plugin cadmodel
2024-01-17 17:51:03,135 [INFO] CADModel:105 - Init CAD model plugin
2024-01-17 17:51:03,135 [INFO] PluginManage:359 - Loaded plugin cadmodel (category:power,tabindex:5)
2024-01-17 17:51:03,135 [INFO] PluginManage:310 - Check plugin clock
2024-01-17 17:51:03,141 [INFO] PluginManage:359 - Loaded plugin clock (category:base,tabindex:2)
2024-01-17 17:51:03,141 [INFO] PluginManage:310 - Check plugin ddr
2024-01-17 17:51:03,142 [INFO] PluginManage:359 - Loaded plugin ddr (category:tool,tabindex:6)
2024-01-17 17:51:03,142 [INFO] PluginManage:310 - Check plugin filemanager
2024-01-17 17:51:03,239 [INFO] PluginManage:359 - Loaded plugin filemanager (category:base,tabindex:10)
2024-01-17 17:51:03,239 [INFO] PluginManage:310 - Check plugin ipmanager
2024-01-17 17:51:03,245 [INFO] PluginManage:359 - Loaded plugin ipmanager (category:base,tabindex:5)
2024-01-17 17:51:03,245 [INFO] PluginManage:310 - Check plugin lpbam
2024-01-17 17:51:03,251 [INFO] PluginManage:359 - Loaded plugin lpbam (category:base,tabindex:0)
2024-01-17 17:51:03,251 [INFO] PluginManage:310 - Check plugin memorymap
2024-01-17 17:51:03,258 [INFO] PluginManage:359 - Loaded plugin memorymap (category:base,tabindex:4)
2024-01-17 17:51:03,258 [INFO] PluginManage:310 - Check plugin pinoutandconfiguration
2024-01-17 17:51:03,263 [INFO] PluginManage:359 - Loaded plugin pinoutandconfiguration (category:base,tabindex:1)
2024-01-17 17:51:03,263 [INFO] PluginManage:310 - Check plugin pinoutconfig
2024-01-17 17:51:03,364 [WARN] SupportedApi:132 - Cannot load RTOS API schema: s4s-elt-must-match.1: The content of 'definitions' must match (annotation?, (simpleType | complexType)?, (unique | key | keyref)*)). A problem was found starting at: attribute.
2024-01-17 17:51:03,456 [INFO] PluginManage:359 - Loaded plugin pinoutconfig (category:base,tabindex:0)
2024-01-17 17:51:03,456 [INFO] PluginManage:310 - Check plugin power
2024-01-17 17:51:03,461 [INFO] PluginManage:359 - Loaded plugin power (category:power,tabindex:4)
2024-01-17 17:51:03,461 [INFO] PluginManage:310 - Check plugin projectmanager
2024-01-17 17:51:03,470 [INFO] PluginManage:359 - Loaded plugin projectmanager (category:projectmanager,tabindex:3)
2024-01-17 17:51:03,470 [INFO] PluginManage:310 - Check plugin thirdparty
2024-01-17 17:51:03,543 [WARN] IntegrityCheckThread:84 - waiting for thirdparty lock release [integrity check]
2024-01-17 17:51:03,543 [INFO] PluginManage:359 - Loaded plugin thirdparty (category:base,tabindex:-1)
2024-01-17 17:51:03,543 [INFO] IntegrityCheckThread:86 - entering critical section [integrity check]
2024-01-17 17:51:03,543 [INFO] PluginManage:310 - Check plugin tools
2024-01-17 17:51:03,544 [INFO] ThirdPartyUpdaterWithRetryManager:70 - Updater plugin not ready yet. [1/15]
2024-01-17 17:51:03,546 [INFO] PluginManage:359 - Loaded plugin tools (category:base,tabindex:7)
2024-01-17 17:51:03,546 [INFO] PluginManage:310 - Check plugin tutovideos
2024-01-17 17:51:03,649 [INFO] PluginManage:359 - Loaded plugin tutovideos (category:base,tabindex:-1)
2024-01-17 17:51:03,649 [INFO] PluginManage:310 - Check plugin updater
2024-01-17 17:51:03,655 [INFO] PluginManage:359 - Loaded plugin updater (category:base,tabindex:12)
2024-01-17 17:51:03,655 [INFO] PluginManage:310 - Check plugin userauth
2024-01-17 17:51:03,658 [INFO] UserAuth:114 - Init User Auth plugin
2024-01-17 17:51:03,658 [INFO] PluginManage:359 - Loaded plugin userauth (category:base,tabindex:14)
2024-01-17 17:51:03,659 [INFO] PluginManage:283 - PluginManage : Loaded plugins [17]
2024-01-17 17:51:03,797 [INFO] PinOutPanel:1499 - setPackage(No Configuration,No Configuration)
2024-01-17 17:51:03,843 [INFO] CADModel:165 - CPN selected for project level
2024-01-17 17:51:03,843 [INFO] CADModel:114 - Register for checkConnection events
2024-01-17 17:51:03,855 [INFO] IPUIPlugin:80 - create IPUIPlugin
2024-01-17 17:51:03,855 [INFO] PluginManager:220 - loadIPPluginJar : add adc
2024-01-17 17:51:03,856 [INFO] IPUIPlugin:80 - create IPUIPlugin
2024-01-17 17:51:03,856 [INFO] PluginManager:220 - loadIPPluginJar : add aes
2024-01-17 17:51:03,857 [INFO] IPUIPlugin:80 - create IPUIPlugin
2024-01-17 17:51:03,858 [INFO] PluginManager:220 - loadIPPluginJar : add can
2024-01-17 17:51:03,858 [INFO] IPUIPlugin:80 - create IPUIPlugin
2024-01-17 17:51:03,859 [INFO] PluginManager:220 - loadIPPluginJar : add comp
2024-01-17 17:51:03,860 [INFO] IPUIPlugin:80 - create IPUIPlugin
2024-01-17 17:51:03,860 [INFO] PluginManager:220 - loadIPPluginJar : add cryp
2024-01-17 17:51:03,861 [INFO] IPUIPlugin:80 - create IPUIPlugin
2024-01-17 17:51:03,861 [INFO] PluginManager:220 - loadIPPluginJar : add dfsdm
2024-01-17 17:51:03,865 [INFO] IPUIPlugin:80 - create IPUIPlugin
2024-01-17 17:51:03,866 [INFO] PluginManager:220 - loadIPPluginJar : add dma
2024-01-17 17:51:03,867 [INFO] IPUIPlugin:80 - create IPUIPlugin
2024-01-17 17:51:03,867 [INFO] PluginManager:220 - loadIPPluginJar : add dma3
2024-01-17 17:51:03,868 [INFO] IPUIPlugin:80 - create IPUIPlugin
2024-01-17 17:51:03,868 [INFO] PluginManager:220 - loadIPPluginJar : add fatfs
2024-01-17 17:51:03,871 [INFO] IPUIPlugin:80 - create IPUIPlugin
2024-01-17 17:51:03,871 [INFO] PluginManager:220 - loadIPPluginJar : add fmc
2024-01-17 17:51:03,873 [INFO] IPUIPlugin:80 - create IPUIPlugin
2024-01-17 17:51:03,874 [INFO] PluginManager:220 - loadIPPluginJar : add freertos
2024-01-17 17:51:03,874 [INFO] IPUIPlugin:80 - create IPUIPlugin
2024-01-17 17:51:03,874 [INFO] PluginManager:220 - loadIPPluginJar : add genericplugin
2024-01-17 17:51:03,875 [INFO] IPUIPlugin:80 - create IPUIPlugin
2024-01-17 17:51:03,876 [INFO] PluginManager:220 - loadIPPluginJar : add gfxmmu
2024-01-17 17:51:03,878 [INFO] IPUIPlugin:80 - create IPUIPlugin
2024-01-17 17:51:03,879 [INFO] PluginManager:220 - loadIPPluginJar : add gic
2024-01-17 17:51:03,881 [INFO] IPUIPlugin:80 - create IPUIPlugin
2024-01-17 17:51:03,881 [INFO] PluginManager:220 - loadIPPluginJar : add gpio
2024-01-17 17:51:03,882 [INFO] IPUIPlugin:80 - create IPUIPlugin
2024-01-17 17:51:03,883 [INFO] PluginManager:220 - loadIPPluginJar : add gtzc
2024-01-17 17:51:03,885 [INFO] IPUIPlugin:80 - create IPUIPlugin
2024-01-17 17:51:03,885 [INFO] PluginManager:220 - loadIPPluginJar : add hash
2024-01-17 17:51:03,886 [INFO] IPUIPlugin:80 - create IPUIPlugin
2024-01-17 17:51:03,886 [INFO] PluginManager:220 - loadIPPluginJar : add i2c
2024-01-17 17:51:03,887 [INFO] IPUIPlugin:80 - create IPUIPlugin
2024-01-17 17:51:03,887 [INFO] PluginManager:220 - loadIPPluginJar : add i2s
2024-01-17 17:51:03,888 [INFO] IPUIPlugin:80 - create IPUIPlugin
2024-01-17 17:51:03,888 [INFO] PluginManager:220 - loadIPPluginJar : add i3c
2024-01-17 17:51:03,890 [INFO] IPUIPlugin:80 - create IPUIPlugin
2024-01-17 17:51:03,890 [INFO] PluginManager:220 - loadIPPluginJar : add ipddr
2024-01-17 17:51:03,895 [INFO] IPUIPlugin:80 - create IPUIPlugin
2024-01-17 17:51:03,895 [INFO] PluginManager:220 - loadIPPluginJar : add linkedlist
2024-01-17 17:51:03,897 [INFO] IPUIPlugin:80 - create IPUIPlugin
2024-01-17 17:51:03,899 [INFO] PluginManager:220 - loadIPPluginJar : add lorawan
2024-01-17 17:51:03,900 [INFO] IPUIPlugin:80 - create IPUIPlugin
2024-01-17 17:51:03,900 [INFO] PluginManager:220 - loadIPPluginJar : add ltdc
2024-01-17 17:51:03,904 [INFO] IPUIPlugin:80 - create IPUIPlugin
2024-01-17 17:51:03,904 [INFO] PluginManager:220 - loadIPPluginJar : add mdma
2024-01-17 17:51:03,907 [INFO] IPUIPlugin:80 - create IPUIPlugin
2024-01-17 17:51:03,907 [INFO] PluginManager:220 - loadIPPluginJar : add nvic
2024-01-17 17:51:03,909 [INFO] IPUIPlugin:80 - create IPUIPlugin
2024-01-17 17:51:03,909 [INFO] PluginManager:220 - loadIPPluginJar : add opamp
2024-01-17 17:51:03,910 [INFO] IPUIPlugin:80 - create IPUIPlugin
2024-01-17 17:51:03,910 [INFO] PluginManager:220 - loadIPPluginJar : add openamp
2024-01-17 17:51:03,914 [INFO] IPUIPlugin:80 - create IPUIPlugin
2024-01-17 17:51:03,914 [INFO] PluginManager:220 - loadIPPluginJar : add pdm2pcm
2024-01-17 17:51:03,919 [INFO] IPUIPlugin:80 - create IPUIPlugin
2024-01-17 17:51:03,920 [INFO] PluginManager:220 - loadIPPluginJar : add plateformsettings
2024-01-17 17:51:03,921 [INFO] IPUIPlugin:80 - create IPUIPlugin
2024-01-17 17:51:03,921 [INFO] PluginManager:220 - loadIPPluginJar : add quadspi
2024-01-17 17:51:03,923 [INFO] IPUIPlugin:80 - create IPUIPlugin
2024-01-17 17:51:03,923 [INFO] PluginManager:220 - loadIPPluginJar : add resmgrutility
2024-01-17 17:51:03,925 [INFO] IPUIPlugin:80 - create IPUIPlugin
2024-01-17 17:51:03,925 [INFO] PluginManager:220 - loadIPPluginJar : add sai
2024-01-17 17:51:03,927 [INFO] IPUIPlugin:80 - create IPUIPlugin
2024-01-17 17:51:03,927 [INFO] PluginManager:220 - loadIPPluginJar : add spi
2024-01-17 17:51:03,931 [INFO] IPUIPlugin:80 - create IPUIPlugin
2024-01-17 17:51:03,931 [INFO] PluginManager:220 - loadIPPluginJar : add stm32_wpan
2024-01-17 17:51:03,932 [INFO] IPUIPlugin:80 - create IPUIPlugin
2024-01-17 17:51:03,932 [INFO] PluginManager:220 - loadIPPluginJar : add tim
2024-01-17 17:51:03,934 [INFO] IPUIPlugin:80 - create IPUIPlugin
2024-01-17 17:51:03,934 [INFO] PluginManager:220 - loadIPPluginJar : add touchsensing
2024-01-17 17:51:03,935 [INFO] IPUIPlugin:80 - create IPUIPlugin
2024-01-17 17:51:03,935 [INFO] PluginManager:220 - loadIPPluginJar : add tracer_emb
2024-01-17 17:51:03,936 [INFO] IPUIPlugin:80 - create IPUIPlugin
2024-01-17 17:51:03,936 [INFO] PluginManager:220 - loadIPPluginJar : add ts
2024-01-17 17:51:03,937 [INFO] IPUIPlugin:80 - create IPUIPlugin
2024-01-17 17:51:03,937 [INFO] PluginManager:220 - loadIPPluginJar : add tsc
2024-01-17 17:51:03,938 [INFO] IPUIPlugin:80 - create IPUIPlugin
2024-01-17 17:51:03,938 [INFO] PluginManager:220 - loadIPPluginJar : add ucpd
2024-01-17 17:51:03,939 [INFO] IPUIPlugin:80 - create IPUIPlugin
2024-01-17 17:51:03,939 [INFO] PluginManager:220 - loadIPPluginJar : add usart
2024-01-17 17:51:03,941 [INFO] IPUIPlugin:80 - create IPUIPlugin
2024-01-17 17:51:03,941 [INFO] PluginManager:220 - loadIPPluginJar : add usbx
2024-01-17 17:51:04,053 [INFO] CADModel:165 - CPN selected for project level
2024-01-17 17:51:04,053 [INFO] CADModel:114 - Register for checkConnection events
2024-01-17 17:51:04,053 [FATAL] Updater:308 - Updater called before beeing initialized
2024-01-17 17:51:04,054 [ERROR] CADModel:125 - Updater not yet initialized, retry later 
2024-01-17 17:51:04,138 [INFO] CADModel:165 - CPN selected for project level
2024-01-17 17:51:04,139 [INFO] CADModel:114 - Register for checkConnection events
2024-01-17 17:51:04,139 [FATAL] Updater:308 - Updater called before beeing initialized
2024-01-17 17:51:04,139 [ERROR] CADModel:125 - Updater not yet initialized, retry later 
2024-01-17 17:51:04,141 [FATAL] Updater:308 - Updater called before beeing initialized
2024-01-17 17:51:04,205 [FATAL] Updater:308 - Updater called before beeing initialized
2024-01-17 17:51:04,208 [INFO] DbMcusAds:53 - JSON generation date=Wed Nov 29 19:52:27 JST 2023 (1701255147349)
2024-01-17 17:51:04,208 [FATAL] Updater:308 - Updater called before beeing initialized
2024-01-17 17:51:04,229 [WARN] DetailPanel:346 - Failed to get advertising image, set to default
2024-01-17 17:51:04,288 [FATAL] Updater:308 - Updater called before beeing initialized
2024-01-17 17:51:04,289 [FATAL] Updater:308 - Updater called before beeing initialized
2024-01-17 17:51:04,289 [FATAL] Updater:308 - Updater called before beeing initialized
2024-01-17 17:51:04,289 [WARN] DetailPanel:346 - Failed to get advertising image, set to default
2024-01-17 17:51:04,290 [FATAL] Updater:308 - Updater called before beeing initialized
2024-01-17 17:51:04,323 [ERROR] Updater:1120 - MainUpdater not yet initialized. External WinMGr cannot be set.
2024-01-17 17:51:04,324 [INFO] Updater:1056 - Updater Version found : 6.10.0
2024-01-17 17:51:04,338 [INFO] ApplicationProperties:184 - Using Application install path: C:\ST\STM32CubeIDE_1.14.0\STM32CubeIDE\plugins\com.st.stm32cube.common.mx_6.10.0.202311202037
2024-01-17 17:51:04,524 [INFO] MainUpdater:2873 - connection check result : 10
2024-01-17 17:51:04,525 [INFO] MainUpdater:290 - Updater Check For Update Now.
2024-01-17 17:51:04,525 [INFO] MicroXplorer:498 - Change Database Version : DB.6.0.100
2024-01-17 17:51:04,532 [INFO] McuFinderGlobals:63 - Set McuFinder mode to 2 (CubeIDE integrated)
2024-01-17 17:51:04,618 [INFO] UserAuth:404 - Internet connection configuration mode: 1
2024-01-17 17:51:04,625 [INFO] JxBrowserEngine:152 - Initiate JxBrowser Engine with user profile folder
2024-01-17 17:51:04,682 [INFO] CheckServerUpdateThread:120 - End of CheckServer Thread
2024-01-17 17:51:04,950 [INFO] WebApp:161 - Instantiating new browser for Auth
2024-01-17 17:51:05,256 [INFO] WebApp:780 - Register for checkConnection events
2024-01-17 17:51:05,256 [INFO] WebApp:414 - Apply proxy settings
2024-01-17 17:51:05,256 [INFO] WebApp:499 - Chromium requires no authentication
2024-01-17 17:51:05,260 [INFO] WebApp:442 - Direct internet connection detected
2024-01-17 17:51:05,344 [INFO] WebApp:192 - Starting web application
2024-01-17 17:51:05,344 [INFO] WebApp:544 - Web application path used C:\ST\STM32CubeIDE_1.14.0\STM32CubeIDE\plugins\com.st.stm32cube.common.mx_6.10.0.202311202037\db\plugins\mcufinder\reactClient1\index.html
2024-01-17 17:51:06,641 [WARN] PackLoader:240 - Cannot read IP mode file for STMicroelectronics.X-CUBE-SMBUS.2.1.0
2024-01-17 17:51:06,647 [WARN] PackLoader:240 - Cannot read IP mode file for STMicroelectronics.X-CUBE-TOUCHGFX.4.23.0
2024-01-17 17:51:06,674 [WARN] PackLoader:240 - Cannot read IP mode file for STMicroelectronics.X-CUBE-AZRTOS-F7.1.1.0
2024-01-17 17:51:06,707 [WARN] PackLoader:240 - Cannot read IP mode file for STMicroelectronics.FP-SNS-MOTENV1.4.3.2
2024-01-17 17:51:06,718 [WARN] PackLoader:240 - Cannot read IP mode file for STMicroelectronics.FP-SNS-FLIGHT1.5.0.2
2024-01-17 17:51:06,725 [WARN] PackLoader:240 - Cannot read IP mode file for STMicroelectronics.X-CUBE-DISPLAY.3.0.0
2024-01-17 17:51:06,738 [WARN] PackLoader:240 - Cannot read IP mode file for STMicroelectronics.X-CUBE-BLE1.7.0.0
2024-01-17 17:51:06,743 [WARN] PackLoader:240 - Cannot read IP mode file for emotas.I-CUBE-CANOPEN.1.3.0
2024-01-17 17:51:06,747 [WARN] PackLoader:240 - Cannot read IP mode file for STMicroelectronics.X-CUBE-TOUCHGFX.4.22.1
2024-01-17 17:51:06,752 [WARN] PackLoader:240 - Cannot read IP mode file for STMicroelectronics.FP-SNS-SMARTAG2.1.2.0
2024-01-17 17:51:06,764 [INFO] LogOutputStream:77 - [STDOUT_REDIRECT] 1 : Invalid condition id : UX_CORESTACK_Condition cause : null
2024-01-17 17:51:06,765 [INFO] LogOutputStream:77 - [STDOUT_REDIRECT] 1 : Invalid condition id : UX_CORESTACK_Condition cause : null
2024-01-17 17:51:06,766 [INFO] LogOutputStream:77 - [STDOUT_REDIRECT] 1 : Invalid condition id : UX_CORESTACK_Condition cause : null
2024-01-17 17:51:06,767 [INFO] LogOutputStream:77 - [STDOUT_REDIRECT] 1 : Invalid condition id : UX_CORESTACK_Condition cause : null
2024-01-17 17:51:06,768 [INFO] LogOutputStream:77 - [STDOUT_REDIRECT] 1 : Invalid condition id : UX_CORESTACK_Condition cause : null
2024-01-17 17:51:06,772 [WARN] PackLoader:240 - Cannot read IP mode file for STMicroelectronics.X-CUBE-AZRTOS-WL.2.0.0
2024-01-17 17:51:06,782 [WARN] PackLoader:240 - Cannot read IP mode file for WES.I-CUBE-Cesium.1.3.0
2024-01-17 17:51:06,786 [WARN] PackLoader:240 - Cannot read IP mode file for STMicroelectronics.X-CUBE-BLE2.3.3.0
2024-01-17 17:51:06,792 [WARN] PackLoader:240 - Cannot read IP mode file for STMicroelectronics.X-CUBE-ALGOBUILD.1.3.0
2024-01-17 17:51:06,808 [WARN] PackLoader:240 - Cannot read IP mode file for STMicroelectronics.X-CUBE-AZRTOS-G0.1.1.0
2024-01-17 17:51:06,816 [WARN] PackLoader:240 - Cannot read IP mode file for STMicroelectronics.X-CUBE-NFC4.3.0.0
2024-01-17 17:51:06,825 [WARN] PackLoader:240 - Cannot read IP mode file for STMicroelectronics.X-CUBE-BLEMGR.3.0.0
2024-01-17 17:51:06,832 [WARN] PackLoader:240 - Cannot read IP mode file for STMicroelectronics.FP-ATR-SIGFOX1.3.2.0
2024-01-17 17:51:06,852 [WARN] PackLoader:240 - Cannot read IP mode file for SEGGER.I-CUBE-embOS.1.3.1
2024-01-17 17:51:06,886 [WARN] PackLoader:240 - Cannot read IP mode file for STMicroelectronics.X-CUBE-GNSS1.6.0.0
2024-01-17 17:51:06,901 [WARN] PackLoader:240 - Cannot read IP mode file for STMicroelectronics.X-CUBE-AZRTOS-F4.1.1.0
2024-01-17 17:51:06,906 [WARN] PackLoader:240 - Cannot read IP mode file for wolfSSL.I-CUBE-wolfSSL.5.6.3
2024-01-17 17:51:06,918 [WARN] PackLoader:240 - Cannot read IP mode file for STMicroelectronics.X-CUBE-AZRTOS-L5.2.0.0
2024-01-17 17:51:06,925 [WARN] PackLoader:240 - Cannot read IP mode file for STMicroelectronics.X-CUBE-EEPRMA1.4.2.0
2024-01-17 17:51:06,930 [WARN] PackLoader:240 - Cannot read IP mode file for ITTIA_DB.I-CUBE-ITTIADB.8.8.0
2024-01-17 17:51:06,935 [WARN] PackLoader:240 - Cannot read IP mode file for STMicroelectronics.X-CUBE-BLEMGR.2.0.0
2024-01-17 17:51:06,946 [WARN] ConditionMgr:438 - getConditionDescription Invalid condition id : UX DEVICE CLASS RTOS Condition cause : null
2024-01-17 17:51:06,946 [WARN] ConditionMgr:438 - getConditionDescription Invalid condition id : UX DEVICE CLASS RTOS Condition cause : null
2024-01-17 17:51:06,949 [WARN] PackLoader:240 - Cannot read IP mode file for STMicroelectronics.X-CUBE-AZRTOS-H7.3.1.0
2024-01-17 17:51:06,950 [WARN] ConditionMgr:1039 - genDependencies : Invalid condition id : UX DEVICE CLASS RTOS Condition cause : null
2024-01-17 17:51:06,950 [WARN] ConditionMgr:1039 - genDependencies : Invalid condition id : UX DEVICE CLASS RTOS Condition cause : null
2024-01-17 17:51:06,951 [WARN] ConditionMgr:1039 - genDependencies : Invalid condition id : UX DEVICE CLASS RTOS Condition cause : null
2024-01-17 17:51:06,951 [WARN] ConditionMgr:1039 - genDependencies : Invalid condition id : UX DEVICE CLASS RTOS Condition cause : null
2024-01-17 17:51:06,951 [WARN] ConditionMgr:1039 - genDependencies : Invalid condition id : UX DEVICE CLASS RTOS Condition cause : null
2024-01-17 17:51:06,956 [WARN] PackLoader:240 - Cannot read IP mode file for STMicroelectronics.X-CUBE-NFC7.1.0.1
2024-01-17 17:51:06,962 [WARN] PackLoader:240 - Cannot read IP mode file for STMicroelectronics.X-CUBE-NFC6.3.0.0
2024-01-17 17:51:06,967 [WARN] PackLoader:240 - Cannot read IP mode file for STMicroelectronics.X-CUBE-EEPRMA1.4.1.0
2024-01-17 17:51:06,970 [WARN] PackLoader:240 - Cannot read IP mode file for STMicroelectronics.X-CUBE-AI.8.1.0
2024-01-17 17:51:06,980 [WARN] ConditionMgr:438 - getConditionDescription Invalid condition id : LAN8742 Phy interface Condition cause : null
2024-01-17 17:51:06,981 [WARN] PackLoader:240 - Cannot read IP mode file for STMicroelectronics.X-CUBE-AZRTOS-L4.2.0.0
2024-01-17 17:51:06,981 [WARN] ConditionMgr:1039 - genDependencies : Invalid condition id : LAN8742 Phy interface Condition cause : null
2024-01-17 17:51:06,981 [WARN] ConditionMgr:1039 - genDependencies : Invalid condition id : LAN8742 Phy interface Condition cause : null
2024-01-17 17:51:06,982 [WARN] ConditionMgr:1039 - genDependencies : Invalid condition id : LAN8742 Phy interface Condition cause : null
2024-01-17 17:51:06,987 [WARN] PackLoader:240 - Cannot read IP mode file for STMicroelectronics.X-CUBE-SFXS2LP1.4.0.0
2024-01-17 17:51:06,991 [WARN] PackLoader:240 - Cannot read IP mode file for STMicroelectronics.X-CUBE-ISPU.1.1.0
2024-01-17 17:51:06,999 [WARN] ConditionMgr:438 - getConditionDescription Invalid condition id : UX DEVICE CLASS RTOS Condition cause : null
2024-01-17 17:51:07,000 [WARN] ConditionMgr:438 - getConditionDescription Invalid condition id : UX DEVICE CLASS RTOS Condition cause : null
2024-01-17 17:51:07,001 [WARN] PackLoader:240 - Cannot read IP mode file for STMicroelectronics.X-CUBE-AZRTOS-WB.2.0.0
2024-01-17 17:51:07,001 [WARN] ConditionMgr:1039 - genDependencies : Invalid condition id : UX DEVICE CLASS RTOS Condition cause : null
2024-01-17 17:51:07,001 [WARN] ConditionMgr:1039 - genDependencies : Invalid condition id : UX DEVICE CLASS RTOS Condition cause : null
2024-01-17 17:51:07,001 [WARN] ConditionMgr:1039 - genDependencies : Invalid condition id : UX DEVICE CLASS RTOS Condition cause : null
2024-01-17 17:51:07,002 [WARN] ConditionMgr:1039 - genDependencies : Invalid condition id : UX DEVICE CLASS RTOS Condition cause : null
2024-01-17 17:51:07,002 [WARN] ConditionMgr:1039 - genDependencies : Invalid condition id : UX DEVICE CLASS RTOS Condition cause : null
2024-01-17 17:51:07,008 [WARN] PackLoader:240 - Cannot read IP mode file for STMicroelectronics.X-CUBE-SUBG2.5.0.0
2024-01-17 17:51:07,019 [WARN] PackLoader:240 - Cannot read IP mode file for STMicroelectronics.X-CUBE-TOF1.3.3.1
2024-01-17 17:51:07,034 [WARN] PackLoader:240 - Cannot read IP mode file for STMicroelectronics.X-CUBE-AZRTOS-G4.2.0.0
2024-01-17 17:51:07,044 [WARN] PackLoader:240 - Cannot read IP mode file for Infineon.AIROC-Wi-Fi-Bluetooth-STM32.1.5.1
2024-01-17 17:51:07,050 [WARN] PackLoader:240 - Cannot read IP mode file for STMicroelectronics.FP-SNS-MOTENVWB1.1.3.0
2024-01-17 17:51:07,053 [WARN] PackLoader:240 - Cannot read IP mode file for STMicroelectronics.FP-SNS-MOTENVWB1.1.3.1
2024-01-17 17:51:07,057 [WARN] PackLoader:240 - Cannot read IP mode file for STMicroelectronics.X-CUBE-ISPU.2.0.0
2024-01-17 17:51:07,084 [WARN] PackLoader:240 - Cannot read IP mode file for STMicroelectronics.X-CUBE-MEMS1.10.0.0
2024-01-17 17:51:07,169 [WARN] PackLoader:240 - Cannot read IP mode file for STMicroelectronics.X-CUBE-FREERTOS.1.1.0
2024-01-17 17:51:07,172 [WARN] PackLoader:240 - Cannot read IP mode file for portGmbH.I-Cube-SoM-uGOAL.1.1.0
2024-01-17 17:51:07,175 [WARN] PackLoader:240 - Cannot read IP mode file for STMicroelectronics.X-CUBE-ALS.1.0.1
2024-01-17 17:51:07,180 [WARN] PackLoader:240 - Cannot read IP mode file for STMicroelectronics.FP-ATR-ASTRA1.2.0.0
2024-01-17 17:51:07,190 [WARN] PackLoader:240 - Cannot read IP mode file for STMicroelectronics.X-CUBE-TOF1.3.4.0
2024-01-17 17:51:07,219 [WARN] PackLoader:240 - Cannot read IP mode file for STMicroelectronics.X-CUBE-AZRTOS-H7.3.2.0
2024-01-17 17:51:07,221 [INFO] ThirdParty:978 - Integrity check success = true
2024-01-17 17:51:07,222 [INFO] IntegrityCheckThread:100 - exiting critical section [integrity check]
2024-01-17 17:51:07,222 [INFO] IntegrityCheckThread:103 - End integrity checks thread
2024-01-17 17:51:25,778 [ERROR] LogOutputStream:75 - [STDERR_REDIRECT] SLF4J: Failed to load class "org.slf4j.impl.StaticLoggerBinder".
2024-01-17 17:51:25,778 [ERROR] LogOutputStream:75 - [STDERR_REDIRECT] SLF4J: Defaulting to no-operation (NOP) logger implementation
2024-01-17 17:51:25,779 [ERROR] LogOutputStream:75 - [STDERR_REDIRECT] SLF4J: See http://www.slf4j.org/codes.html#StaticLoggerBinder for further details.
2024-01-17 17:52:09,798 [ERROR] LogOutputStream:75 - [STDERR_REDIRECT] 
