2024-01-20 13:43:53,360 [INFO] Activator:176 - 


2024-01-20 13:43:53,365 [INFO] Activator:177 - !SESSION log4j initialized
2024-01-20 13:43:59,215 [INFO] LogOutputStream:77 - [STDOUT_REDIRECT] 
2024-01-20 13:44:01,297 [INFO] ApplicationProperties:184 - Using Application install path: C:\ST\STM32CubeIDE_1.14.0\STM32CubeIDE\plugins\com.st.stm32cube.common.mx_6.10.0.202311202037
2024-01-20 13:44:01,317 [INFO] DbMcusXml:78 - Set database path to: C:\ST\STM32CubeIDE_1.14.0\STM32CubeIDE\plugins\com.st.stm32cube.common.mx_6.10.0.202311202037\\db\/mcu/
2024-01-20 13:44:01,317 [INFO] ApiDb:274 - Set plugin database path to: C:\ST\STM32CubeIDE_1.14.0\STM32CubeIDE\plugins\com.st.stm32cube.common.mx_6.10.0.202311202037\\db\/plugins/boardmanager/
2024-01-20 13:44:01,318 [WARN] ApiDb:259 - Overriding images path with different value:  => C:\ST\STM32CubeIDE_1.14.0\STM32CubeIDE\plugins\com.st.stm32cube.common.mx_6.10.0.202311202037\\db\/plugins/mcufinder/images/
2024-01-20 13:44:01,331 [INFO] ApiDb:250 - Set database path to: C:\Users\mizun\.stmcufinder\plugins\mcufinder//mcu/
2024-01-20 13:44:01,332 [INFO] DbMcusAds:125 - Set database path to: C:\Users\mizun\.stmcufinder\plugins\mcufinder//mcu/
2024-01-20 13:44:01,334 [INFO] CrossReferenceDbSqlite:203 - Set database path to: C:\Users\mizun\.stmcufinder\plugins\mcufinder//mcu/cs/
2024-01-20 13:44:01,454 [INFO] RulesReader:64 - Compatibility file has been processed (297 Rules)
2024-01-20 13:44:01,526 [INFO] DbMcusXml:78 - Set database path to: C:\ST\STM32CubeIDE_1.14.0\STM32CubeIDE\plugins\com.st.stm32cube.common.mx_6.10.0.202311202037\\db\/mcu/
2024-01-20 13:44:01,526 [INFO] ApiDb:274 - Set plugin database path to: C:\ST\STM32CubeIDE_1.14.0\STM32CubeIDE\plugins\com.st.stm32cube.common.mx_6.10.0.202311202037\\db\/plugins/boardmanager/
2024-01-20 13:44:01,526 [INFO] ApiDb:261 - Set plugin images path to: C:\ST\STM32CubeIDE_1.14.0\STM32CubeIDE\plugins\com.st.stm32cube.common.mx_6.10.0.202311202037\\db\/plugins/mcufinder/images/
2024-01-20 13:44:01,527 [WARN] DbFile:41 - Overriding database path with different value: C:\Users\mizun\.stmcufinder\plugins\mcufinder/ => C:\Users\mizun\.stmcufinder\plugins\mcufinder
2024-01-20 13:44:01,527 [INFO] ApiDb:250 - Set database path to: C:\Users\mizun\.stmcufinder\plugins\mcufinder//mcu/
2024-01-20 13:44:01,527 [WARN] DbFile:41 - Overriding database path with different value: C:\Users\mizun\.stmcufinder\plugins\mcufinder/ => C:\Users\mizun\.stmcufinder\plugins\mcufinder
2024-01-20 13:44:01,527 [INFO] DbMcusAds:125 - Set database path to: C:\Users\mizun\.stmcufinder\plugins\mcufinder//mcu/
2024-01-20 13:44:01,527 [WARN] DbFile:41 - Overriding database path with different value: C:\Users\mizun\.stmcufinder\plugins\mcufinder/ => C:\Users\mizun\.stmcufinder\plugins\mcufinder
2024-01-20 13:44:01,527 [WARN] DbFile:41 - Overriding database path with different value: C:\Users\mizun\.stmcufinder\plugins\mcufinder/ => C:\Users\mizun\.stmcufinder\plugins\mcufinder
2024-01-20 13:44:01,527 [INFO] CrossReferenceDbSqlite:203 - Set database path to: C:\Users\mizun\.stmcufinder\plugins\mcufinder//mcu/cs/
2024-01-20 13:44:01,617 [INFO] MainPanel:264 - HeapMemory: 268435456
2024-01-20 13:44:01,732 [INFO] DbMcusXml:78 - Set database path to: C:\ST\STM32CubeIDE_1.14.0\STM32CubeIDE\plugins\com.st.stm32cube.common.mx_6.10.0.202311202037\\db\/mcu/
2024-01-20 13:44:01,732 [INFO] ApiDb:274 - Set plugin database path to: C:\ST\STM32CubeIDE_1.14.0\STM32CubeIDE\plugins\com.st.stm32cube.common.mx_6.10.0.202311202037\\db\/plugins/boardmanager/
2024-01-20 13:44:01,732 [INFO] ApiDb:261 - Set plugin images path to: C:\ST\STM32CubeIDE_1.14.0\STM32CubeIDE\plugins\com.st.stm32cube.common.mx_6.10.0.202311202037\\db\/plugins/mcufinder/images/
2024-01-20 13:44:01,733 [WARN] DbFile:41 - Overriding database path with different value: C:\Users\mizun\.stmcufinder\plugins\mcufinder/ => C:\Users\mizun\.stmcufinder\plugins\mcufinder
2024-01-20 13:44:01,733 [INFO] ApiDb:250 - Set database path to: C:\Users\mizun\.stmcufinder\plugins\mcufinder//mcu/
2024-01-20 13:44:01,733 [WARN] DbFile:41 - Overriding database path with different value: C:\Users\mizun\.stmcufinder\plugins\mcufinder/ => C:\Users\mizun\.stmcufinder\plugins\mcufinder
2024-01-20 13:44:01,733 [INFO] DbMcusAds:125 - Set database path to: C:\Users\mizun\.stmcufinder\plugins\mcufinder//mcu/
2024-01-20 13:44:01,733 [WARN] DbFile:41 - Overriding database path with different value: C:\Users\mizun\.stmcufinder\plugins\mcufinder/ => C:\Users\mizun\.stmcufinder\plugins\mcufinder
2024-01-20 13:44:01,733 [WARN] DbFile:41 - Overriding database path with different value: C:\Users\mizun\.stmcufinder\plugins\mcufinder/ => C:\Users\mizun\.stmcufinder\plugins\mcufinder
2024-01-20 13:44:01,733 [INFO] CrossReferenceDbSqlite:203 - Set database path to: C:\Users\mizun\.stmcufinder\plugins\mcufinder//mcu/cs/
2024-01-20 13:44:01,756 [INFO] ApplicationProperties:184 - Using Application install path: C:\ST\STM32CubeIDE_1.14.0\STM32CubeIDE\plugins\com.st.stm32cube.common.mx_6.10.0.202311202037
2024-01-20 13:44:01,758 [INFO] PluginManage:196 - Search for loadable plugins [exclusion list=, ]
2024-01-20 13:44:01,759 [INFO] PluginManage:310 - Check plugin analytics
2024-01-20 13:44:01,940 [INFO] AnalyticsPlugin:253 - Accepted Software Licenses: STM32CubeMX.6.9.2
2024-01-20 13:44:01,941 [INFO] AnalyticsPlugin:255 - Accepted CMSIS Pack Licenses: 
2024-01-20 13:44:01,941 [INFO] AnalyticsPlugin:257 - Accepted Firmware Licenses: FW.L4.1.18.0,FW.F4.1.27.0,FW.F4.1.28.0
2024-01-20 13:44:01,947 [INFO] PluginManage:359 - Loaded plugin analytics (category:tool,tabindex:-1)
2024-01-20 13:44:01,947 [INFO] PluginManage:310 - Check plugin cadmodel
2024-01-20 13:44:01,963 [INFO] CADModel:105 - Init CAD model plugin
2024-01-20 13:44:01,964 [INFO] PluginManage:359 - Loaded plugin cadmodel (category:power,tabindex:5)
2024-01-20 13:44:01,964 [INFO] PluginManage:310 - Check plugin clock
2024-01-20 13:44:01,986 [INFO] PluginManage:359 - Loaded plugin clock (category:base,tabindex:2)
2024-01-20 13:44:01,986 [INFO] PluginManage:310 - Check plugin ddr
2024-01-20 13:44:01,989 [INFO] PluginManage:359 - Loaded plugin ddr (category:tool,tabindex:6)
2024-01-20 13:44:01,989 [INFO] PluginManage:310 - Check plugin filemanager
2024-01-20 13:44:02,140 [INFO] PluginManage:359 - Loaded plugin filemanager (category:base,tabindex:10)
2024-01-20 13:44:02,141 [INFO] PluginManage:310 - Check plugin ipmanager
2024-01-20 13:44:02,151 [INFO] PluginManage:359 - Loaded plugin ipmanager (category:base,tabindex:5)
2024-01-20 13:44:02,151 [INFO] PluginManage:310 - Check plugin lpbam
2024-01-20 13:44:02,169 [INFO] PluginManage:359 - Loaded plugin lpbam (category:base,tabindex:0)
2024-01-20 13:44:02,169 [INFO] PluginManage:310 - Check plugin memorymap
2024-01-20 13:44:02,190 [INFO] PluginManage:359 - Loaded plugin memorymap (category:base,tabindex:4)
2024-01-20 13:44:02,191 [INFO] PluginManage:310 - Check plugin pinoutandconfiguration
2024-01-20 13:44:02,203 [INFO] PluginManage:359 - Loaded plugin pinoutandconfiguration (category:base,tabindex:1)
2024-01-20 13:44:02,203 [INFO] PluginManage:310 - Check plugin pinoutconfig
2024-01-20 13:44:02,325 [WARN] SupportedApi:132 - Cannot load RTOS API schema: s4s-elt-must-match.1: The content of 'definitions' must match (annotation?, (simpleType | complexType)?, (unique | key | keyref)*)). A problem was found starting at: attribute.
2024-01-20 13:44:02,433 [INFO] PluginManage:359 - Loaded plugin pinoutconfig (category:base,tabindex:0)
2024-01-20 13:44:02,433 [INFO] PluginManage:310 - Check plugin power
2024-01-20 13:44:02,450 [INFO] PluginManage:359 - Loaded plugin power (category:power,tabindex:4)
2024-01-20 13:44:02,450 [INFO] PluginManage:310 - Check plugin projectmanager
2024-01-20 13:44:02,464 [INFO] PluginManage:359 - Loaded plugin projectmanager (category:projectmanager,tabindex:3)
2024-01-20 13:44:02,464 [INFO] PluginManage:310 - Check plugin thirdparty
2024-01-20 13:44:02,690 [INFO] PluginManage:359 - Loaded plugin thirdparty (category:base,tabindex:-1)
2024-01-20 13:44:02,690 [INFO] PluginManage:310 - Check plugin tools
2024-01-20 13:44:02,690 [WARN] IntegrityCheckThread:84 - waiting for thirdparty lock release [integrity check]
2024-01-20 13:44:02,690 [INFO] IntegrityCheckThread:86 - entering critical section [integrity check]
2024-01-20 13:44:02,691 [INFO] ThirdPartyUpdaterWithRetryManager:70 - Updater plugin not ready yet. [1/15]
2024-01-20 13:44:02,720 [INFO] PluginManage:359 - Loaded plugin tools (category:base,tabindex:7)
2024-01-20 13:44:02,721 [INFO] PluginManage:310 - Check plugin tutovideos
2024-01-20 13:44:02,990 [INFO] PluginManage:359 - Loaded plugin tutovideos (category:base,tabindex:-1)
2024-01-20 13:44:02,990 [INFO] PluginManage:310 - Check plugin updater
2024-01-20 13:44:03,003 [INFO] PluginManage:359 - Loaded plugin updater (category:base,tabindex:12)
2024-01-20 13:44:03,003 [INFO] PluginManage:310 - Check plugin userauth
2024-01-20 13:44:03,009 [INFO] UserAuth:114 - Init User Auth plugin
2024-01-20 13:44:03,009 [INFO] PluginManage:359 - Loaded plugin userauth (category:base,tabindex:14)
2024-01-20 13:44:03,009 [INFO] PluginManage:283 - PluginManage : Loaded plugins [17]
2024-01-20 13:44:03,235 [INFO] PinOutPanel:1499 - setPackage(No Configuration,No Configuration)
2024-01-20 13:44:03,300 [INFO] CADModel:165 - CPN selected for project level
2024-01-20 13:44:03,302 [INFO] CADModel:114 - Register for checkConnection events
2024-01-20 13:44:03,343 [INFO] IPUIPlugin:80 - create IPUIPlugin
2024-01-20 13:44:03,343 [INFO] PluginManager:220 - loadIPPluginJar : add adc
2024-01-20 13:44:03,373 [INFO] IPUIPlugin:80 - create IPUIPlugin
2024-01-20 13:44:03,373 [INFO] PluginManager:220 - loadIPPluginJar : add aes
2024-01-20 13:44:03,414 [INFO] IPUIPlugin:80 - create IPUIPlugin
2024-01-20 13:44:03,414 [INFO] PluginManager:220 - loadIPPluginJar : add can
2024-01-20 13:44:03,433 [INFO] IPUIPlugin:80 - create IPUIPlugin
2024-01-20 13:44:03,433 [INFO] PluginManager:220 - loadIPPluginJar : add comp
2024-01-20 13:44:03,455 [INFO] IPUIPlugin:80 - create IPUIPlugin
2024-01-20 13:44:03,455 [INFO] PluginManager:220 - loadIPPluginJar : add cryp
2024-01-20 13:44:03,472 [INFO] IPUIPlugin:80 - create IPUIPlugin
2024-01-20 13:44:03,472 [INFO] PluginManager:220 - loadIPPluginJar : add dfsdm
2024-01-20 13:44:03,486 [INFO] IPUIPlugin:80 - create IPUIPlugin
2024-01-20 13:44:03,487 [INFO] PluginManager:220 - loadIPPluginJar : add dma
2024-01-20 13:44:03,515 [INFO] IPUIPlugin:80 - create IPUIPlugin
2024-01-20 13:44:03,515 [INFO] PluginManager:220 - loadIPPluginJar : add dma3
2024-01-20 13:44:03,527 [INFO] IPUIPlugin:80 - create IPUIPlugin
2024-01-20 13:44:03,527 [INFO] PluginManager:220 - loadIPPluginJar : add fatfs
2024-01-20 13:44:03,571 [INFO] IPUIPlugin:80 - create IPUIPlugin
2024-01-20 13:44:03,571 [INFO] PluginManager:220 - loadIPPluginJar : add fmc
2024-01-20 13:44:03,590 [INFO] IPUIPlugin:80 - create IPUIPlugin
2024-01-20 13:44:03,590 [INFO] PluginManager:220 - loadIPPluginJar : add freertos
2024-01-20 13:44:03,624 [INFO] IPUIPlugin:80 - create IPUIPlugin
2024-01-20 13:44:03,625 [INFO] PluginManager:220 - loadIPPluginJar : add genericplugin
2024-01-20 13:44:03,710 [INFO] IPUIPlugin:80 - create IPUIPlugin
2024-01-20 13:44:03,711 [INFO] PluginManager:220 - loadIPPluginJar : add gfxmmu
2024-01-20 13:44:03,813 [INFO] IPUIPlugin:80 - create IPUIPlugin
2024-01-20 13:44:03,813 [INFO] PluginManager:220 - loadIPPluginJar : add gic
2024-01-20 13:44:03,834 [INFO] IPUIPlugin:80 - create IPUIPlugin
2024-01-20 13:44:03,834 [INFO] PluginManager:220 - loadIPPluginJar : add gpio
2024-01-20 13:44:03,908 [INFO] IPUIPlugin:80 - create IPUIPlugin
2024-01-20 13:44:03,908 [INFO] PluginManager:220 - loadIPPluginJar : add gtzc
2024-01-20 13:44:03,930 [INFO] IPUIPlugin:80 - create IPUIPlugin
2024-01-20 13:44:03,930 [INFO] PluginManager:220 - loadIPPluginJar : add hash
2024-01-20 13:44:03,985 [INFO] IPUIPlugin:80 - create IPUIPlugin
2024-01-20 13:44:03,985 [INFO] PluginManager:220 - loadIPPluginJar : add i2c
2024-01-20 13:44:04,022 [INFO] IPUIPlugin:80 - create IPUIPlugin
2024-01-20 13:44:04,022 [INFO] PluginManager:220 - loadIPPluginJar : add i2s
2024-01-20 13:44:04,053 [INFO] IPUIPlugin:80 - create IPUIPlugin
2024-01-20 13:44:04,053 [INFO] PluginManager:220 - loadIPPluginJar : add i3c
2024-01-20 13:44:04,142 [INFO] IPUIPlugin:80 - create IPUIPlugin
2024-01-20 13:44:04,142 [INFO] PluginManager:220 - loadIPPluginJar : add ipddr
2024-01-20 13:44:04,201 [INFO] IPUIPlugin:80 - create IPUIPlugin
2024-01-20 13:44:04,202 [INFO] PluginManager:220 - loadIPPluginJar : add linkedlist
2024-01-20 13:44:04,223 [INFO] IPUIPlugin:80 - create IPUIPlugin
2024-01-20 13:44:04,224 [INFO] PluginManager:220 - loadIPPluginJar : add lorawan
2024-01-20 13:44:04,245 [INFO] IPUIPlugin:80 - create IPUIPlugin
2024-01-20 13:44:04,245 [INFO] PluginManager:220 - loadIPPluginJar : add ltdc
2024-01-20 13:44:04,258 [INFO] IPUIPlugin:80 - create IPUIPlugin
2024-01-20 13:44:04,258 [INFO] PluginManager:220 - loadIPPluginJar : add mdma
2024-01-20 13:44:04,269 [INFO] IPUIPlugin:80 - create IPUIPlugin
2024-01-20 13:44:04,269 [INFO] PluginManager:220 - loadIPPluginJar : add nvic
2024-01-20 13:44:04,305 [INFO] IPUIPlugin:80 - create IPUIPlugin
2024-01-20 13:44:04,305 [INFO] PluginManager:220 - loadIPPluginJar : add opamp
2024-01-20 13:44:04,343 [INFO] IPUIPlugin:80 - create IPUIPlugin
2024-01-20 13:44:04,343 [INFO] PluginManager:220 - loadIPPluginJar : add openamp
2024-01-20 13:44:04,374 [INFO] IPUIPlugin:80 - create IPUIPlugin
2024-01-20 13:44:04,374 [INFO] PluginManager:220 - loadIPPluginJar : add pdm2pcm
2024-01-20 13:44:04,385 [INFO] IPUIPlugin:80 - create IPUIPlugin
2024-01-20 13:44:04,386 [INFO] PluginManager:220 - loadIPPluginJar : add plateformsettings
2024-01-20 13:44:04,400 [INFO] IPUIPlugin:80 - create IPUIPlugin
2024-01-20 13:44:04,401 [INFO] PluginManager:220 - loadIPPluginJar : add quadspi
2024-01-20 13:44:04,409 [INFO] IPUIPlugin:80 - create IPUIPlugin
2024-01-20 13:44:04,409 [INFO] PluginManager:220 - loadIPPluginJar : add resmgrutility
2024-01-20 13:44:04,437 [INFO] IPUIPlugin:80 - create IPUIPlugin
2024-01-20 13:44:04,437 [INFO] PluginManager:220 - loadIPPluginJar : add sai
2024-01-20 13:44:04,458 [INFO] IPUIPlugin:80 - create IPUIPlugin
2024-01-20 13:44:04,458 [INFO] PluginManager:220 - loadIPPluginJar : add spi
2024-01-20 13:44:04,525 [INFO] IPUIPlugin:80 - create IPUIPlugin
2024-01-20 13:44:04,526 [INFO] PluginManager:220 - loadIPPluginJar : add stm32_wpan
2024-01-20 13:44:04,541 [INFO] IPUIPlugin:80 - create IPUIPlugin
2024-01-20 13:44:04,541 [INFO] PluginManager:220 - loadIPPluginJar : add tim
2024-01-20 13:44:04,580 [INFO] IPUIPlugin:80 - create IPUIPlugin
2024-01-20 13:44:04,580 [INFO] PluginManager:220 - loadIPPluginJar : add touchsensing
2024-01-20 13:44:04,594 [INFO] IPUIPlugin:80 - create IPUIPlugin
2024-01-20 13:44:04,595 [INFO] PluginManager:220 - loadIPPluginJar : add tracer_emb
2024-01-20 13:44:04,608 [INFO] IPUIPlugin:80 - create IPUIPlugin
2024-01-20 13:44:04,608 [INFO] PluginManager:220 - loadIPPluginJar : add ts
2024-01-20 13:44:04,620 [INFO] IPUIPlugin:80 - create IPUIPlugin
2024-01-20 13:44:04,620 [INFO] PluginManager:220 - loadIPPluginJar : add tsc
2024-01-20 13:44:04,633 [INFO] IPUIPlugin:80 - create IPUIPlugin
2024-01-20 13:44:04,633 [INFO] PluginManager:220 - loadIPPluginJar : add ucpd
2024-01-20 13:44:04,667 [INFO] IPUIPlugin:80 - create IPUIPlugin
2024-01-20 13:44:04,667 [INFO] PluginManager:220 - loadIPPluginJar : add usart
2024-01-20 13:44:04,705 [INFO] IPUIPlugin:80 - create IPUIPlugin
2024-01-20 13:44:04,705 [INFO] PluginManager:220 - loadIPPluginJar : add usbx
2024-01-20 13:44:04,821 [INFO] CADModel:165 - CPN selected for project level
2024-01-20 13:44:04,822 [INFO] CADModel:114 - Register for checkConnection events
2024-01-20 13:44:04,822 [FATAL] Updater:308 - Updater called before beeing initialized
2024-01-20 13:44:04,822 [ERROR] CADModel:125 - Updater not yet initialized, retry later 
2024-01-20 13:44:04,982 [INFO] CADModel:165 - CPN selected for project level
2024-01-20 13:44:04,982 [INFO] CADModel:114 - Register for checkConnection events
2024-01-20 13:44:04,982 [FATAL] Updater:308 - Updater called before beeing initialized
2024-01-20 13:44:04,982 [ERROR] CADModel:125 - Updater not yet initialized, retry later 
2024-01-20 13:44:04,985 [FATAL] Updater:308 - Updater called before beeing initialized
2024-01-20 13:44:05,078 [FATAL] Updater:308 - Updater called before beeing initialized
2024-01-20 13:44:05,085 [INFO] DbMcusAds:53 - JSON generation date=Wed Nov 29 19:52:27 JST 2023 (1701255147200)
2024-01-20 13:44:05,085 [FATAL] Updater:308 - Updater called before beeing initialized
2024-01-20 13:44:05,147 [WARN] DetailPanel:346 - Failed to get advertising image, set to default
2024-01-20 13:44:05,220 [FATAL] Updater:308 - Updater called before beeing initialized
2024-01-20 13:44:05,222 [FATAL] Updater:308 - Updater called before beeing initialized
2024-01-20 13:44:05,222 [FATAL] Updater:308 - Updater called before beeing initialized
2024-01-20 13:44:05,222 [WARN] DetailPanel:346 - Failed to get advertising image, set to default
2024-01-20 13:44:05,224 [FATAL] Updater:308 - Updater called before beeing initialized
2024-01-20 13:44:05,273 [ERROR] Updater:1120 - MainUpdater not yet initialized. External WinMGr cannot be set.
2024-01-20 13:44:05,284 [INFO] Updater:1056 - Updater Version found : 6.10.0
2024-01-20 13:44:05,306 [INFO] ApplicationProperties:184 - Using Application install path: C:\ST\STM32CubeIDE_1.14.0\STM32CubeIDE\plugins\com.st.stm32cube.common.mx_6.10.0.202311202037
2024-01-20 13:44:05,589 [INFO] MainUpdater:2873 - connection check result : 10
2024-01-20 13:44:05,589 [INFO] MainUpdater:3567 - Updater definition file requires update
2024-01-20 13:44:05,590 [INFO] MainUpdater:290 - Updater Check For Update Now.
2024-01-20 13:44:05,590 [INFO] MicroXplorer:498 - Change Database Version : DB.6.0.100
2024-01-20 13:44:05,610 [INFO] McuFinderGlobals:63 - Set McuFinder mode to 2 (CubeIDE integrated)
2024-01-20 13:44:05,638 [INFO] ServerAccessManage:473 - Download File updaters.zip
2024-01-20 13:44:05,692 [WARN] MainUpdater:1194 - Updater busy. Cannot search thirdparties
2024-01-20 13:44:05,692 [INFO] ThirdPartyUpdaterWithRetryManager:96 - Updater plugin is busy. [1/15]
2024-01-20 13:44:05,729 [INFO] FileExtend:240 - Unzip File : updaters.zip
2024-01-20 13:44:05,729 [INFO] FileExtend:255 - Standard Zip Deflate
2024-01-20 13:44:05,854 [INFO] UserAuth:404 - Internet connection configuration mode: 1
2024-01-20 13:44:05,882 [INFO] JxBrowserEngine:152 - Initiate JxBrowser Engine with user profile folder
2024-01-20 13:44:06,033 [INFO] ServerAccessManage:473 - Download File PacksControlFlags.xml
2024-01-20 13:44:07,191 [INFO] ServerAccessManage:473 - Download File cubemx.pidx
2024-01-20 13:44:07,288 [INFO] LoadServerUpdatesThread:375 - End of LoadServerUpdate Thread
2024-01-20 13:44:07,477 [INFO] CheckServerUpdateThread:120 - End of CheckServer Thread
2024-01-20 13:44:08,662 [INFO] WebApp:161 - Instantiating new browser for Auth
2024-01-20 13:44:08,876 [WARN] PackLoader:240 - Cannot read IP mode file for STMicroelectronics.X-CUBE-SMBUS.2.1.0
2024-01-20 13:44:08,893 [WARN] PackLoader:240 - Cannot read IP mode file for STMicroelectronics.X-CUBE-TOUCHGFX.4.23.0
2024-01-20 13:44:08,930 [WARN] PackLoader:240 - Cannot read IP mode file for STMicroelectronics.X-CUBE-AZRTOS-F7.1.1.0
2024-01-20 13:44:08,957 [WARN] PackLoader:240 - Cannot read IP mode file for STMicroelectronics.FP-SNS-MOTENV1.4.3.2
2024-01-20 13:44:08,973 [WARN] PackLoader:240 - Cannot read IP mode file for STMicroelectronics.FP-SNS-FLIGHT1.5.0.2
2024-01-20 13:44:08,990 [WARN] PackLoader:240 - Cannot read IP mode file for STMicroelectronics.X-CUBE-DISPLAY.3.0.0
2024-01-20 13:44:09,011 [WARN] PackLoader:240 - Cannot read IP mode file for STMicroelectronics.X-CUBE-BLE1.7.0.0
2024-01-20 13:44:09,024 [WARN] PackLoader:240 - Cannot read IP mode file for emotas.I-CUBE-CANOPEN.1.3.0
2024-01-20 13:44:09,035 [WARN] PackLoader:240 - Cannot read IP mode file for STMicroelectronics.X-CUBE-TOUCHGFX.4.22.1
2024-01-20 13:44:09,045 [WARN] PackLoader:240 - Cannot read IP mode file for STMicroelectronics.FP-SNS-SMARTAG2.1.2.0
2024-01-20 13:44:09,062 [INFO] LogOutputStream:77 - [STDOUT_REDIRECT] 1 : Invalid condition id : UX_CORESTACK_Condition cause : null
2024-01-20 13:44:09,063 [INFO] LogOutputStream:77 - [STDOUT_REDIRECT] 1 : Invalid condition id : UX_CORESTACK_Condition cause : null
2024-01-20 13:44:09,064 [INFO] LogOutputStream:77 - [STDOUT_REDIRECT] 1 : Invalid condition id : UX_CORESTACK_Condition cause : null
2024-01-20 13:44:09,065 [INFO] LogOutputStream:77 - [STDOUT_REDIRECT] 1 : Invalid condition id : UX_CORESTACK_Condition cause : null
2024-01-20 13:44:09,066 [INFO] LogOutputStream:77 - [STDOUT_REDIRECT] 1 : Invalid condition id : UX_CORESTACK_Condition cause : null
2024-01-20 13:44:09,069 [WARN] PackLoader:240 - Cannot read IP mode file for STMicroelectronics.X-CUBE-AZRTOS-WL.2.0.0
2024-01-20 13:44:09,081 [WARN] PackLoader:240 - Cannot read IP mode file for WES.I-CUBE-Cesium.1.3.0
2024-01-20 13:44:09,091 [WARN] PackLoader:240 - Cannot read IP mode file for STMicroelectronics.X-CUBE-BLE2.3.3.0
2024-01-20 13:44:09,106 [WARN] PackLoader:240 - Cannot read IP mode file for STMicroelectronics.X-CUBE-ALGOBUILD.1.3.0
2024-01-20 13:44:09,133 [WARN] PackLoader:240 - Cannot read IP mode file for STMicroelectronics.X-CUBE-AZRTOS-G0.1.1.0
2024-01-20 13:44:09,150 [WARN] PackLoader:240 - Cannot read IP mode file for STMicroelectronics.X-CUBE-NFC4.3.0.0
2024-01-20 13:44:09,178 [WARN] PackLoader:240 - Cannot read IP mode file for STMicroelectronics.X-CUBE-BLEMGR.3.0.0
2024-01-20 13:44:09,189 [WARN] PackLoader:240 - Cannot read IP mode file for STMicroelectronics.FP-ATR-SIGFOX1.3.2.0
2024-01-20 13:44:09,230 [WARN] PackLoader:240 - Cannot read IP mode file for SEGGER.I-CUBE-embOS.1.3.1
2024-01-20 13:44:09,275 [WARN] PackLoader:240 - Cannot read IP mode file for STMicroelectronics.X-CUBE-GNSS1.6.0.0
2024-01-20 13:44:09,303 [WARN] PackLoader:240 - Cannot read IP mode file for STMicroelectronics.X-CUBE-AZRTOS-F4.1.1.0
2024-01-20 13:44:09,315 [WARN] PackLoader:240 - Cannot read IP mode file for wolfSSL.I-CUBE-wolfSSL.5.6.3
2024-01-20 13:44:09,345 [WARN] PackLoader:240 - Cannot read IP mode file for STMicroelectronics.X-CUBE-AZRTOS-L5.2.0.0
2024-01-20 13:44:09,362 [WARN] PackLoader:240 - Cannot read IP mode file for STMicroelectronics.X-CUBE-EEPRMA1.4.2.0
2024-01-20 13:44:09,378 [WARN] PackLoader:240 - Cannot read IP mode file for ITTIA_DB.I-CUBE-ITTIADB.8.8.0
2024-01-20 13:44:09,392 [WARN] PackLoader:240 - Cannot read IP mode file for STMicroelectronics.X-CUBE-BLEMGR.2.0.0
2024-01-20 13:44:09,417 [INFO] WebApp:780 - Register for checkConnection events
2024-01-20 13:44:09,417 [INFO] WebApp:414 - Apply proxy settings
2024-01-20 13:44:09,418 [INFO] WebApp:499 - Chromium requires no authentication
2024-01-20 13:44:09,420 [WARN] ConditionMgr:438 - getConditionDescription Invalid condition id : UX DEVICE CLASS RTOS Condition cause : null
2024-01-20 13:44:09,421 [WARN] ConditionMgr:438 - getConditionDescription Invalid condition id : UX DEVICE CLASS RTOS Condition cause : null
2024-01-20 13:44:09,424 [WARN] PackLoader:240 - Cannot read IP mode file for STMicroelectronics.X-CUBE-AZRTOS-H7.3.1.0
2024-01-20 13:44:09,425 [WARN] ConditionMgr:1039 - genDependencies : Invalid condition id : UX DEVICE CLASS RTOS Condition cause : null
2024-01-20 13:44:09,425 [WARN] ConditionMgr:1039 - genDependencies : Invalid condition id : UX DEVICE CLASS RTOS Condition cause : null
2024-01-20 13:44:09,426 [WARN] ConditionMgr:1039 - genDependencies : Invalid condition id : UX DEVICE CLASS RTOS Condition cause : null
2024-01-20 13:44:09,426 [WARN] ConditionMgr:1039 - genDependencies : Invalid condition id : UX DEVICE CLASS RTOS Condition cause : null
2024-01-20 13:44:09,426 [WARN] ConditionMgr:1039 - genDependencies : Invalid condition id : UX DEVICE CLASS RTOS Condition cause : null
2024-01-20 13:44:09,429 [INFO] WebApp:442 - Direct internet connection detected
2024-01-20 13:44:09,441 [WARN] PackLoader:240 - Cannot read IP mode file for STMicroelectronics.X-CUBE-NFC7.1.0.1
2024-01-20 13:44:09,458 [WARN] PackLoader:240 - Cannot read IP mode file for STMicroelectronics.X-CUBE-NFC6.3.0.0
2024-01-20 13:44:09,476 [WARN] PackLoader:240 - Cannot read IP mode file for STMicroelectronics.X-CUBE-EEPRMA1.4.1.0
2024-01-20 13:44:09,490 [WARN] PackLoader:240 - Cannot read IP mode file for STMicroelectronics.X-CUBE-AI.8.1.0
2024-01-20 13:44:09,518 [WARN] ConditionMgr:438 - getConditionDescription Invalid condition id : LAN8742 Phy interface Condition cause : null
2024-01-20 13:44:09,520 [WARN] PackLoader:240 - Cannot read IP mode file for STMicroelectronics.X-CUBE-AZRTOS-L4.2.0.0
2024-01-20 13:44:09,521 [WARN] ConditionMgr:1039 - genDependencies : Invalid condition id : LAN8742 Phy interface Condition cause : null
2024-01-20 13:44:09,522 [WARN] ConditionMgr:1039 - genDependencies : Invalid condition id : LAN8742 Phy interface Condition cause : null
2024-01-20 13:44:09,522 [WARN] ConditionMgr:1039 - genDependencies : Invalid condition id : LAN8742 Phy interface Condition cause : null
2024-01-20 13:44:09,536 [WARN] PackLoader:240 - Cannot read IP mode file for STMicroelectronics.X-CUBE-SFXS2LP1.4.0.0
2024-01-20 13:44:09,547 [WARN] PackLoader:240 - Cannot read IP mode file for STMicroelectronics.X-CUBE-ISPU.1.1.0
2024-01-20 13:44:09,573 [WARN] ConditionMgr:438 - getConditionDescription Invalid condition id : UX DEVICE CLASS RTOS Condition cause : null
2024-01-20 13:44:09,573 [WARN] ConditionMgr:438 - getConditionDescription Invalid condition id : UX DEVICE CLASS RTOS Condition cause : null
2024-01-20 13:44:09,574 [WARN] PackLoader:240 - Cannot read IP mode file for STMicroelectronics.X-CUBE-AZRTOS-WB.2.0.0
2024-01-20 13:44:09,575 [WARN] ConditionMgr:1039 - genDependencies : Invalid condition id : UX DEVICE CLASS RTOS Condition cause : null
2024-01-20 13:44:09,575 [WARN] ConditionMgr:1039 - genDependencies : Invalid condition id : UX DEVICE CLASS RTOS Condition cause : null
2024-01-20 13:44:09,575 [WARN] ConditionMgr:1039 - genDependencies : Invalid condition id : UX DEVICE CLASS RTOS Condition cause : null
2024-01-20 13:44:09,576 [WARN] ConditionMgr:1039 - genDependencies : Invalid condition id : UX DEVICE CLASS RTOS Condition cause : null
2024-01-20 13:44:09,576 [WARN] ConditionMgr:1039 - genDependencies : Invalid condition id : UX DEVICE CLASS RTOS Condition cause : null
2024-01-20 13:44:09,594 [WARN] PackLoader:240 - Cannot read IP mode file for STMicroelectronics.X-CUBE-SUBG2.5.0.0
2024-01-20 13:44:09,616 [WARN] PackLoader:240 - Cannot read IP mode file for STMicroelectronics.X-CUBE-TOF1.3.3.1
2024-01-20 13:44:09,645 [WARN] PackLoader:240 - Cannot read IP mode file for STMicroelectronics.X-CUBE-AZRTOS-G4.2.0.0
2024-01-20 13:44:09,666 [WARN] PackLoader:240 - Cannot read IP mode file for Infineon.AIROC-Wi-Fi-Bluetooth-STM32.1.5.1
2024-01-20 13:44:09,681 [WARN] PackLoader:240 - Cannot read IP mode file for STMicroelectronics.FP-SNS-MOTENVWB1.1.3.0
2024-01-20 13:44:09,692 [WARN] PackLoader:240 - Cannot read IP mode file for STMicroelectronics.FP-SNS-MOTENVWB1.1.3.1
2024-01-20 13:44:09,703 [WARN] PackLoader:240 - Cannot read IP mode file for STMicroelectronics.X-CUBE-ISPU.2.0.0
2024-01-20 13:44:09,747 [WARN] PackLoader:240 - Cannot read IP mode file for STMicroelectronics.X-CUBE-MEMS1.10.0.0
2024-01-20 13:44:09,768 [INFO] WebApp:192 - Starting web application
2024-01-20 13:44:09,768 [INFO] WebApp:544 - Web application path used C:\ST\STM32CubeIDE_1.14.0\STM32CubeIDE\plugins\com.st.stm32cube.common.mx_6.10.0.202311202037\db\plugins\mcufinder\reactClient1\index.html
2024-01-20 13:44:09,854 [WARN] PackLoader:240 - Cannot read IP mode file for STMicroelectronics.X-CUBE-FREERTOS.1.1.0
2024-01-20 13:44:09,868 [WARN] PackLoader:240 - Cannot read IP mode file for portGmbH.I-Cube-SoM-uGOAL.1.1.0
2024-01-20 13:44:09,881 [WARN] PackLoader:240 - Cannot read IP mode file for STMicroelectronics.X-CUBE-ALS.1.0.1
2024-01-20 13:44:09,896 [WARN] PackLoader:240 - Cannot read IP mode file for STMicroelectronics.FP-ATR-ASTRA1.2.0.0
2024-01-20 13:44:09,913 [WARN] PackLoader:240 - Cannot read IP mode file for STMicroelectronics.X-CUBE-TOF1.3.4.0
2024-01-20 13:44:09,944 [WARN] PackLoader:240 - Cannot read IP mode file for STMicroelectronics.X-CUBE-AZRTOS-H7.3.2.0
2024-01-20 13:44:09,946 [INFO] ThirdParty:978 - Integrity check success = true
2024-01-20 13:44:09,946 [INFO] IntegrityCheckThread:100 - exiting critical section [integrity check]
2024-01-20 13:44:09,947 [INFO] IntegrityCheckThread:103 - End integrity checks thread
2024-01-20 13:44:30,726 [ERROR] LogOutputStream:75 - [STDERR_REDIRECT] SLF4J: Failed to load class "org.slf4j.impl.StaticLoggerBinder".
2024-01-20 13:44:30,727 [ERROR] LogOutputStream:75 - [STDERR_REDIRECT] SLF4J: Defaulting to no-operation (NOP) logger implementation
2024-01-20 13:44:30,728 [ERROR] LogOutputStream:75 - [STDERR_REDIRECT] SLF4J: See http://www.slf4j.org/codes.html#StaticLoggerBinder for further details.
