2024-02-11 16:46:56,296 [INFO] UtilMem:75 - End SaveConfig() Used Memory: 712751992 Bytes (1073741824)
2024-02-11 16:46:56,377 [INFO] UtilMem:75 - End SaveConfig() Used Memory: 733197176 Bytes (1073741824)
2024-02-11 16:46:56,820 [INFO] UtilMem:75 - End SaveConfig() Used Memory: 767800184 Bytes (1073741824)
2024-02-11 16:46:57,037 [INFO] BlockDiagram:2759 - set Specific Code input for plugin: TIM1_8
2024-02-11 16:46:57,037 [INFO] BlockDiagram:2759 - set Specific Code input for plugin: TIM1_8
2024-02-11 16:46:57,037 [INFO] BlockDiagram:2759 - set Specific Code input for plugin: SYS
2024-02-11 16:46:57,037 [INFO] BlockDiagram:2759 - set Specific Code input for plugin: RCC
2024-02-11 16:46:57,037 [INFO] BlockDiagram:2759 - set Specific Code input for plugin: NVIC
2024-02-11 16:46:57,037 [INFO] BlockDiagram:2759 - set Specific Code input for plugin: USART
2024-02-11 16:46:57,037 [INFO] BlockDiagram:2759 - set Specific Code input for plugin: USART
2024-02-11 16:46:57,037 [INFO] BlockDiagram:2759 - set Specific Code input for plugin: USART
2024-02-11 16:46:57,037 [INFO] BlockDiagram:2759 - set Specific Code input for plugin: UART
2024-02-11 16:46:57,037 [INFO] BlockDiagram:2759 - set Specific Code input for plugin: GPIO
2024-02-11 16:46:57,039 [INFO] CodeGenerator:807 - code generatio: config db path: C:\ST\STM32CubeIDE_1.14.0\STM32CubeIDE\plugins\com.st.stm32cube.common.mx_6.10.0.202311202037\\db\
2024-02-11 16:46:57,208 [INFO] CodeEngine:255 - oldGeneratedFile, C:\Users\mizun\Documents\GitHub\2024_Oidengiken\cubeIDE\ofence\ofence_normal\MXTmpFiles\license.tmp_save
2024-02-11 16:46:57,278 [INFO] CodeEngine:279 - Generated code: C:\Users\mizun\Documents\GitHub\2024_Oidengiken\cubeIDE\ofence\ofence_normal\MXTmpFiles\license.tmp
2024-02-11 16:46:57,303 [INFO] CodeEngine:255 - oldGeneratedFile, C:\Users\mizun\Documents\GitHub\2024_Oidengiken\cubeIDE\ofence\ofence_normal\MXTmpFiles\gpio.tmp_save
2024-02-11 16:46:57,424 [INFO] CodeEngine:279 - Generated code: C:\Users\mizun\Documents\GitHub\2024_Oidengiken\cubeIDE\ofence\ofence_normal\MXTmpFiles\gpio.tmp
2024-02-11 16:46:57,579 [INFO] CodeEngine:255 - oldGeneratedFile, C:\Users\mizun\Documents\GitHub\2024_Oidengiken\cubeIDE\ofence\ofence_normal\Core\Src\stm32f4xx_it.c_save
2024-02-11 16:46:57,738 [INFO] CodeEngine:279 - Generated code: C:\Users\mizun\Documents\GitHub\2024_Oidengiken\cubeIDE\ofence\ofence_normal\Core\Src\stm32f4xx_it.c
2024-02-11 16:46:57,757 [INFO] CodeEngine:255 - oldGeneratedFile, C:\Users\mizun\Documents\GitHub\2024_Oidengiken\cubeIDE\ofence\ofence_normal\Core\Inc\stm32f4xx_it.h_save
2024-02-11 16:46:57,817 [INFO] CodeEngine:279 - Generated code: C:\Users\mizun\Documents\GitHub\2024_Oidengiken\cubeIDE\ofence\ofence_normal\Core\Inc\stm32f4xx_it.h
2024-02-11 16:46:57,858 [INFO] CodeEngine:255 - oldGeneratedFile, C:\Users\mizun\Documents\GitHub\2024_Oidengiken\cubeIDE\ofence\ofence_normal\Core\Src\stm32f4xx_hal_msp.c_save
2024-02-11 16:46:57,959 [INFO] CodeEngine:279 - Generated code: C:\Users\mizun\Documents\GitHub\2024_Oidengiken\cubeIDE\ofence\ofence_normal\Core\Src\stm32f4xx_hal_msp.c
2024-02-11 16:46:57,977 [INFO] CodeEngine:255 - oldGeneratedFile, C:\Users\mizun\Documents\GitHub\2024_Oidengiken\cubeIDE\ofence\ofence_normal\MXTmpFiles\system.tmp_save
2024-02-11 16:46:58,029 [INFO] CodeEngine:279 - Generated code: C:\Users\mizun\Documents\GitHub\2024_Oidengiken\cubeIDE\ofence\ofence_normal\MXTmpFiles\system.tmp
2024-02-11 16:46:58,050 [INFO] CodeEngine:311 - oldGeneratedFile, C:\Users\mizun\Documents\GitHub\2024_Oidengiken\cubeIDE\ofence\ofence_normal\Core\Inc\stm32f4xx_hal_conf.h_save
2024-02-11 16:46:58,141 [INFO] CodeEngine:335 - Generated code: C:\Users\mizun\Documents\GitHub\2024_Oidengiken\cubeIDE\ofence\ofence_normal\Core\Inc\stm32f4xx_hal_conf.h
2024-02-11 16:46:58,162 [WARN] IPConfigManager:2946 - Warning: the RefConfig PLL2P_FOR_MCO is not available in your config.xml file
2024-02-11 16:46:58,163 [WARN] IPConfigManager:3440 - IP not found : TIM
2024-02-11 16:46:58,164 [WARN] CodeGenerator:3939 - IP not found : null
2024-02-11 16:46:58,190 [INFO] CodeEngine:255 - oldGeneratedFile, C:\Users\mizun\Documents\GitHub\2024_Oidengiken\cubeIDE\ofence\ofence_normal\Core\Inc\main.h_save
2024-02-11 16:46:58,259 [INFO] CodeEngine:279 - Generated code: C:\Users\mizun\Documents\GitHub\2024_Oidengiken\cubeIDE\ofence\ofence_normal\Core\Inc\main.h
2024-02-11 16:46:58,282 [INFO] CodeEngine:255 - oldGeneratedFile, C:\Users\mizun\Documents\GitHub\2024_Oidengiken\cubeIDE\ofence\ofence_normal\Core\Src\main.c_save
2024-02-11 16:46:58,408 [INFO] CodeEngine:279 - Generated code: C:\Users\mizun\Documents\GitHub\2024_Oidengiken\cubeIDE\ofence\ofence_normal\Core\Src\main.c
2024-02-11 16:46:58,799 [INFO] ProjectBuilder:3076 - Time for Copy HAL[1] : 127mS.
2024-02-11 16:46:58,802 [INFO] ProjectBuilder:4485 - Project Generator version: 4.2.0-B44
2024-02-11 16:46:58,964 [INFO] ConfigFileManager:1495 - The Die is : DIE421
2024-02-11 16:47:00,280 [INFO] ProjectBuilder:4747 - Time for Generating toolchain IDE Files: 1478mS.
2024-02-11 16:47:00,280 [INFO] ProjectBuilder:2947 - Time for Copy CMSIS : 0mS.
2024-02-11 16:47:00,283 [INFO] ProjectBuilder:2947 - Time for Copy CMSIS : 0mS.
