17:14:12 **** Incremental Build of configuration Debug for project ofence_IT ****
make -j16 all 
arm-none-eabi-gcc "../Core/Src/main.c" -mcpu=cortex-m4 -std=gnu11 -g3 -DDEBUG -DUSE_HAL_DRIVER -DSTM32F446xx -c -I../Core/Inc -I../Drivers/STM32F4xx_HAL_Driver/Inc -I../Drivers/STM32F4xx_HAL_Driver/Inc/Legacy -I../Drivers/CMSIS/Device/ST/STM32F4xx/Include -I../Drivers/CMSIS/Include -O0 -ffunction-sections -fdata-sections -Wall -fstack-usage -fcyclomatic-complexity -MMD -MP -MF"Core/Src/main.d" -MT"Core/Src/main.o" --specs=nano.specs -mfpu=fpv4-sp-d16 -mfloat-abi=hard -mthumb -o "Core/Src/main.o"
../Core/Src/main.c: In function 'HAL_UART_RxCpltCallback':
../Core/Src/main.c:89:17: warning: implicit declaration of function 'memmove' [-Wimplicit-function-declaration]
   89 |                 memmove(&IMUdata[0], &IMUdata[1], sizeof(IMUdata[0]) * (7 - 0));
      |                 ^~~~~~~
../Core/Src/main.c:21:1: note: include '<string.h>' or provide a declaration of 'memmove'
   20 | #include "main.h"
  +++ |+#include <string.h>
   21 | 
../Core/Src/main.c:89:17: warning: incompatible implicit declaration of built-in function 'memmove' [-Wbuiltin-declaration-mismatch]
   89 |                 memmove(&IMUdata[0], &IMUdata[1], sizeof(IMUdata[0]) * (7 - 0));
      |                 ^~~~~~~
../Core/Src/main.c:89:17: note: include '<string.h>' or provide a declaration of 'memmove'
../Core/Src/main.c:94:17: warning: incompatible implicit declaration of built-in function 'memmove' [-Wbuiltin-declaration-mismatch]
   94 |                 memmove(&Linedata[0], &Linedata[1], sizeof(Linedata[0]) * (7 - 0));
      |                 ^~~~~~~
../Core/Src/main.c:94:17: note: include '<string.h>' or provide a declaration of 'memmove'
../Core/Src/main.c:99:17: warning: incompatible implicit declaration of built-in function 'memmove' [-Wbuiltin-declaration-mismatch]
   99 |                 memmove(&IRdata[0], &IRdata[1], sizeof(IRdata[0]) * (7 - 0));
      |                 ^~~~~~~
../Core/Src/main.c:99:17: note: include '<string.h>' or provide a declaration of 'memmove'
../Core/Src/main.c: In function 'main':
../Core/Src/main.c:201:29: warning: missing braces around initializer [-Wmissing-braces]
  201 |         double kesu[4][3] = { 1, 1, 0.00, 1, -1, 0.00, -1, -1, 0.00, -1, 1, 0.00, };
      |                             ^
      |                               {         } {          } {           } {            }
../Core/Src/main.c: In function 'getIR':
../Core/Src/main.c:240:24: warning: implicit declaration of function 'abs' [-Wimplicit-function-declaration]
  240 |                 IRdr = abs(IRdr);
      |                        ^~~
../Core/Src/main.c:21:1: note: include '<stdlib.h>' or provide a declaration of 'abs'
   20 | #include "main.h"
  +++ |+#include <stdlib.h>
   21 | 
../Core/Src/main.c: In function 'LineMove':
../Core/Src/main.c:344:17: warning: implicit declaration of function 'getLinedata'; did you mean 'getLine'? [-Wimplicit-function-declaration]
  344 |                 getLinedata();
      |                 ^~~~~~~~~~~
      |                 getLine
../Core/Src/main.c:350:22: warning: implicit declaration of function 'sin' [-Wimplicit-function-declaration]
  350 |                 Vx = sin(rad);
      |                      ^~~
../Core/Src/main.c:21:1: note: include '<math.h>' or provide a declaration of 'sin'
   20 | #include "main.h"
  +++ |+#include <math.h>
   21 | 
../Core/Src/main.c:350:22: warning: incompatible implicit declaration of built-in function 'sin' [-Wbuiltin-declaration-mismatch]
  350 |                 Vx = sin(rad);
      |                      ^~~
../Core/Src/main.c:350:22: note: include '<math.h>' or provide a declaration of 'sin'
../Core/Src/main.c:351:22: warning: implicit declaration of function 'cos' [-Wimplicit-function-declaration]
  351 |                 Vy = cos(rad);
      |                      ^~~
../Core/Src/main.c:351:22: note: include '<math.h>' or provide a declaration of 'cos'
../Core/Src/main.c:351:22: warning: incompatible implicit declaration of built-in function 'cos' [-Wbuiltin-declaration-mismatch]
../Core/Src/main.c:351:22: note: include '<math.h>' or provide a declaration of 'cos'
../Core/Src/main.c: In function 'Angle_Movesub':
../Core/Src/main.c:368:22: warning: incompatible implicit declaration of built-in function 'sin' [-Wbuiltin-declaration-mismatch]
  368 |                 Vx = sin(rad);
      |                      ^~~
../Core/Src/main.c:368:22: note: include '<math.h>' or provide a declaration of 'sin'
../Core/Src/main.c:369:22: warning: incompatible implicit declaration of built-in function 'cos' [-Wbuiltin-declaration-mismatch]
  369 |                 Vy = cos(rad);
      |                      ^~~
../Core/Src/main.c:369:22: note: include '<math.h>' or provide a declaration of 'cos'
../Core/Src/main.c: In function 'main':
../Core/Src/main.c:410:38: warning: passing argument 2 of 'HAL_UART_Receive_IT' from incompatible pointer type [-Wincompatible-pointer-types]
  410 |         HAL_UART_Receive_IT(&huart3, &IMUrcvBuffer, 1);
      |                                      ^~~~~~~~~~~~~
      |                                      |
      |                                      uint8_t (*)[8] {aka unsigned char (*)[8]}
In file included from ../Core/Inc/stm32f4xx_hal_conf.h:411,
                 from ../Drivers/STM32F4xx_HAL_Driver/Inc/stm32f4xx_hal.h:29,
                 from ../Core/Inc/main.h:30,
                 from ../Core/Src/main.c:20:
../Drivers/STM32F4xx_HAL_Driver/Inc/stm32f4xx_hal_uart.h:748:75: note: expected 'uint8_t *' {aka 'unsigned char *'} but argument is of type 'uint8_t (*)[8]' {aka 'unsigned char (*)[8]'}
  748 | HAL_StatusTypeDef HAL_UART_Receive_IT(UART_HandleTypeDef *huart, uint8_t *pData, uint16_t Size);
      |                                                                  ~~~~~~~~~^~~~~
../Core/Src/main.c:411:46: warning: passing argument 2 of 'HAL_UART_Receive_IT' from incompatible pointer type [-Wincompatible-pointer-types]
  411 |                 HAL_UART_Receive_IT(&huart1, &IRrcvBuffer, 1);
      |                                              ^~~~~~~~~~~~
      |                                              |
      |                                              uint8_t (*)[8] {aka unsigned char (*)[8]}
In file included from ../Core/Inc/stm32f4xx_hal_conf.h:411,
                 from ../Drivers/STM32F4xx_HAL_Driver/Inc/stm32f4xx_hal.h:29,
                 from ../Core/Inc/main.h:30,
                 from ../Core/Src/main.c:20:
../Drivers/STM32F4xx_HAL_Driver/Inc/stm32f4xx_hal_uart.h:748:75: note: expected 'uint8_t *' {aka 'unsigned char *'} but argument is of type 'uint8_t (*)[8]' {aka 'unsigned char (*)[8]'}
  748 | HAL_StatusTypeDef HAL_UART_Receive_IT(UART_HandleTypeDef *huart, uint8_t *pData, uint16_t Size);
      |                                                                  ~~~~~~~~~^~~~~
../Core/Src/main.c:412:46: warning: passing argument 2 of 'HAL_UART_Receive_IT' from incompatible pointer type [-Wincompatible-pointer-types]
  412 |                 HAL_UART_Receive_IT(&huart5, &LinercvBuffer, 1);
      |                                              ^~~~~~~~~~~~~~
      |                                              |
      |                                              uint8_t (*)[8] {aka unsigned char (*)[8]}
In file included from ../Core/Inc/stm32f4xx_hal_conf.h:411,
                 from ../Drivers/STM32F4xx_HAL_Driver/Inc/stm32f4xx_hal.h:29,
                 from ../Core/Inc/main.h:30,
                 from ../Core/Src/main.c:20:
../Drivers/STM32F4xx_HAL_Driver/Inc/stm32f4xx_hal_uart.h:748:75: note: expected 'uint8_t *' {aka 'unsigned char *'} but argument is of type 'uint8_t (*)[8]' {aka 'unsigned char (*)[8]'}
  748 | HAL_StatusTypeDef HAL_UART_Receive_IT(UART_HandleTypeDef *huart, uint8_t *pData, uint16_t Size);
      |                                                                  ~~~~~~~~~^~~~~
../Core/Src/main.c:450:17: warning: implicit declaration of function 'sprintf' [-Wimplicit-function-declaration]
  450 |                 sprintf(str, "%d\n\r", IRAngle);
      |                 ^~~~~~~
../Core/Src/main.c:21:1: note: include '<stdio.h>' or provide a declaration of 'sprintf'
   20 | #include "main.h"
  +++ |+#include <stdio.h>
   21 | 
../Core/Src/main.c:450:17: warning: incompatible implicit declaration of built-in function 'sprintf' [-Wbuiltin-declaration-mismatch]
  450 |                 sprintf(str, "%d\n\r", IRAngle);
      |                 ^~~~~~~
../Core/Src/main.c:450:17: note: include '<stdio.h>' or provide a declaration of 'sprintf'
../Core/Src/main.c:452:50: warning: implicit declaration of function 'strlen' [-Wimplicit-function-declaration]
  452 |                 HAL_UART_Transmit(&huart2, &str, strlen(str), 1000);
      |                                                  ^~~~~~
../Core/Src/main.c:452:50: note: include '<string.h>' or provide a declaration of 'strlen'
../Core/Src/main.c:452:50: warning: incompatible implicit declaration of built-in function 'strlen' [-Wbuiltin-declaration-mismatch]
../Core/Src/main.c:452:50: note: include '<string.h>' or provide a declaration of 'strlen'
../Core/Src/main.c:452:44: warning: passing argument 2 of 'HAL_UART_Transmit' from incompatible pointer type [-Wincompatible-pointer-types]
  452 |                 HAL_UART_Transmit(&huart2, &str, strlen(str), 1000);
      |                                            ^~~~
      |                                            |
      |                                            char (*)[10]
In file included from ../Core/Inc/stm32f4xx_hal_conf.h:411,
                 from ../Drivers/STM32F4xx_HAL_Driver/Inc/stm32f4xx_hal.h:29,
                 from ../Core/Inc/main.h:30,
                 from ../Core/Src/main.c:20:
../Drivers/STM32F4xx_HAL_Driver/Inc/stm32f4xx_hal_uart.h:745:79: note: expected 'const uint8_t *' {aka 'const unsigned char *'} but argument is of type 'char (*)[10]'
  745 | HAL_StatusTypeDef HAL_UART_Transmit(UART_HandleTypeDef *huart, const uint8_t *pData, uint16_t Size, uint32_t Timeout);
      |                                                                ~~~~~~~~~~~~~~~^~~~~
../Core/Src/main.c:212:13: warning: unused variable 'allpower' [-Wunused-variable]
  212 |         int allpower;
      |             ^~~~~~~~
../Core/Src/main.c:206:32: warning: unused variable 'Lline' [-Wunused-variable]
  206 |         double Vxline, Vyline, Lline;
      |                                ^~~~~
../Core/Src/main.c:206:24: warning: unused variable 'Vyline' [-Wunused-variable]
  206 |         double Vxline, Vyline, Lline;
      |                        ^~~~~~
../Core/Src/main.c:206:16: warning: unused variable 'Vxline' [-Wunused-variable]
  206 |         double Vxline, Vyline, Lline;
      |                ^~~~~~
../Core/Src/main.c:203:15: warning: unused variable 'pi' [-Wunused-variable]
  203 |         float pi = 3.14; //3.141592
      |               ^~
../Core/Src/main.c:187:14: warning: unused variable 'kaigyou' [-Wunused-variable]
  187 |         char kaigyou[] = "\n\r";
      |              ^~~~~~~
../Core/Src/main.c:184:13: warning: unused variable 'defence_distance' [-Wunused-variable]
  184 |         int defence_distance;
      |             ^~~~~~~~~~~~~~~~
../Core/Src/main.c:183:13: warning: unused variable 'defence_angle' [-Wunused-variable]
  183 |         int defence_angle;
      |             ^~~~~~~~~~~~~
../Core/Src/main.c:182:13: warning: unused variable 'attack_distance' [-Wunused-variable]
  182 |         int attack_distance;
      |             ^~~~~~~~~~~~~~~
../Core/Src/main.c:181:13: warning: unused variable 'attack_angle' [-Wunused-variable]
  181 |         int attack_angle;
      |             ^~~~~~~~~~~~
../Core/Src/main.c:180:13: warning: unused variable 'MVrev_number' [-Wunused-variable]
  180 |         int MVrev_number[4];
      |             ^~~~~~~~~~~~
../Core/Src/main.c:179:14: warning: unused variable 'MVrev' [-Wunused-variable]
  179 |         char MVrev[4];
      |              ^~~~~
../Core/Src/main.c:178:13: warning: unused variable 'MVrevh_number' [-Wunused-variable]
  178 |         int MVrevh_number;
      |             ^~~~~~~~~~~~~
../Core/Src/main.c:177:14: warning: unused variable 'MVrevh' [-Wunused-variable]
  177 |         char MVrevh;
      |              ^~~~~~
../Core/Src/main.c:173:13: warning: unused variable 'IMUrev_numberPast' [-Wunused-variable]
  173 |         int IMUrev_numberPast[2];
      |             ^~~~~~~~~~~~~~~~~
../Core/Src/main.c:171:14: warning: unused variable 'IMUrev' [-Wunused-variable]
  171 |         char IMUrev[2];
      |              ^~~~~~
../Core/Src/main.c:170:13: warning: unused variable 'IMUrevh_number' [-Wunused-variable]
  170 |         int IMUrevh_number;
      |             ^~~~~~~~~~~~~~
../Core/Src/main.c:169:14: warning: unused variable 'IMUrevh' [-Wunused-variable]
  169 |         char IMUrevh;
      |              ^~~~~~~
../Core/Src/main.c:166:13: warning: unused variable 'IRvalue' [-Wunused-variable]
  166 |         int IRvalue[20];
      |             ^~~~~~~
../Core/Src/main.c:165:13: warning: unused variable 'IR_ave' [-Wunused-variable]
  165 |         int IR_ave;
      |             ^~~~~~
../Core/Src/main.c:164:13: warning: unused variable 'IRsum' [-Wunused-variable]
  164 |         int IRsum;
      |             ^~~~~
../Core/Src/main.c:163:13: warning: unused variable 'mawarikomu' [-Wunused-variable]
  163 |         int mawarikomu;
      |             ^~~~~~~~~~
../Core/Src/main.c:162:13: warning: unused variable 'IRdrPast' [-Wunused-variable]
  162 |         int IRdrPast = 0;
      |             ^~~~~~~~
../Core/Src/main.c:161:13: warning: unused variable 'IRdrSub' [-Wunused-variable]
  161 |         int IRdrSub = 0;
      |             ^~~~~~~
../Core/Src/main.c:156:14: warning: unused variable 'IRrev' [-Wunused-variable]
  156 |         char IRrev[2];
      |              ^~~~~
../Core/Src/main.c:155:13: warning: unused variable 'IRrevh_number' [-Wunused-variable]
  155 |         int IRrevh_number;
      |             ^~~~~~~~~~~~~
../Core/Src/main.c:154:14: warning: unused variable 'IRrevh' [-Wunused-variable]
  154 |         char IRrevh;
      |              ^~~~~~
../Core/Src/main.c:149:13: warning: unused variable 'Linerev_numberpast' [-Wunused-variable]
  149 |         int Linerev_numberpast[2];
      |             ^~~~~~~~~~~~~~~~~~
../Core/Src/main.c:147:14: warning: unused variable 'Linerev' [-Wunused-variable]
  147 |         char Linerev[2];
      |              ^~~~~~~
../Core/Src/main.c:146:13: warning: unused variable 'Linerevh_number' [-Wunused-variable]
  146 |         int Linerevh_number;
      |             ^~~~~~~~~~~~~~~
../Core/Src/main.c:145:14: warning: unused variable 'Linerevh' [-Wunused-variable]
  145 |         char Linerevh;
      |              ^~~~~~~~
At top level:
../Core/Src/main.c:362:14: warning: 'Angle_Movesub' defined but not used [-Wunused-function]
  362 |         void Angle_Movesub(int degree, int power) {     //進みたい角度とモーターの出??  ?  ? ???  ?  ??  ?  ? ???  ?  力す??  ?  ? ???  ?  ??  ?  ? ???  ?  角度に進??  ?  ?
      |              ^~~~~~~~~~~~~
../Core/Src/main.c:343:14: warning: 'LineMove' defined but not used [-Wunused-function]
  343 |         void LineMove() {
      |              ^~~~~~~~
../Core/Src/main.c:315:14: warning: 'Improveattitude_target' defined but not used [-Wunused-function]
  315 |         void Improveattitude_target(int Angle, int basic) {
      |              ^~~~~~~~~~~~~~~~~~~~~~
../Core/Src/main.c:304:14: warning: 'Improveattitude' defined but not used [-Wunused-function]
  304 |         void Improveattitude(int Angle) {
      |              ^~~~~~~~~~~~~~~
../Core/Src/main.c:265:13: warning: 'wrap_around' defined but not used [-Wunused-function]
  265 |         int wrap_around(void) {
      |             ^~~~~~~~~~~
../Core/Src/main.c:249:14: warning: 'getLine' defined but not used [-Wunused-function]
  249 |         void getLine() {
      |              ^~~~~~~
arm-none-eabi-gcc -o "ofence_IT.elf" @"objects.list"   -mcpu=cortex-m4 -T"C:\Users\mizun\Documents\GitHub\2024_Oidengiken\cubeIDE\ofence\ofence_IT\STM32F446RETX_FLASH.ld" --specs=nosys.specs -Wl,-Map="ofence_IT.map" -Wl,--gc-sections -static --specs=nano.specs -mfpu=fpv4-sp-d16 -mfloat-abi=hard -mthumb -Wl,--start-group -lc -lm -Wl,--end-group
Finished building target: ofence_IT.elf
 
arm-none-eabi-size  ofence_IT.elf 
arm-none-eabi-objdump -h -S ofence_IT.elf  > "ofence_IT.list"
   text	   data	    bss	    dec	    hex	filename
  19316	    100	   2364	  21780	   5514	ofence_IT.elf
Finished building: default.size.stdout
 
Finished building: ofence_IT.list
 
17:20:52 **** Incremental Build of configuration Debug for project ofence_IT ****
make -j16 all 
arm-none-eabi-size  ofence_IT.elf 
   text	   data	    bss	    dec	    hex	filename
  19316	    100	   2364	  21780	   5514	ofence_IT.elf
Finished building: default.size.stdout
 
