17:55:35 **** Build of configuration Debug for project IRrecive ****
make -j16 all 
arm-none-eabi-gcc "../Drivers/STM32F4xx_HAL_Driver/Src/stm32f4xx_hal.c" -mcpu=cortex-m4 -std=gnu11 -g3 -DDEBUG -DUSE_HAL_DRIVER -DSTM32F446xx -c -I../Core/Inc -I../Drivers/STM32F4xx_HAL_Driver/Inc -I../Drivers/STM32F4xx_HAL_Driver/Inc/Legacy -I../Drivers/CMSIS/Device/ST/STM32F4xx/Include -I../Drivers/CMSIS/Include -O0 -ffunction-sections -fdata-sections -Wall -fstack-usage -fcyclomatic-complexity -MMD -MP -MF"Drivers/STM32F4xx_HAL_Driver/Src/stm32f4xx_hal.d" -MT"Drivers/STM32F4xx_HAL_Driver/Src/stm32f4xx_hal.o" --specs=nano.specs -mfpu=fpv4-sp-d16 -mfloat-abi=hard -mthumb -o "Drivers/STM32F4xx_HAL_Driver/Src/stm32f4xx_hal.o"
arm-none-eabi-gcc "../Drivers/STM32F4xx_HAL_Driver/Src/stm32f4xx_hal_cortex.c" -mcpu=cortex-m4 -std=gnu11 -g3 -DDEBUG -DUSE_HAL_DRIVER -DSTM32F446xx -c -I../Core/Inc -I../Drivers/STM32F4xx_HAL_Driver/Inc -I../Drivers/STM32F4xx_HAL_Driver/Inc/Legacy -I../Drivers/CMSIS/Device/ST/STM32F4xx/Include -I../Drivers/CMSIS/Include -O0 -ffunction-sections -fdata-sections -Wall -fstack-usage -fcyclomatic-complexity -MMD -MP -MF"Drivers/STM32F4xx_HAL_Driver/Src/stm32f4xx_hal_cortex.d" -MT"Drivers/STM32F4xx_HAL_Driver/Src/stm32f4xx_hal_cortex.o" --specs=nano.specs -mfpu=fpv4-sp-d16 -mfloat-abi=hard -mthumb -o "Drivers/STM32F4xx_HAL_Driver/Src/stm32f4xx_hal_cortex.o"
arm-none-eabi-gcc "../Drivers/STM32F4xx_HAL_Driver/Src/stm32f4xx_hal_dma.c" -mcpu=cortex-m4 -std=gnu11 -g3 -DDEBUG -DUSE_HAL_DRIVER -DSTM32F446xx -c -I../Core/Inc -I../Drivers/STM32F4xx_HAL_Driver/Inc -I../Drivers/STM32F4xx_HAL_Driver/Inc/Legacy -I../Drivers/CMSIS/Device/ST/STM32F4xx/Include -I../Drivers/CMSIS/Include -O0 -ffunction-sections -fdata-sections -Wall -fstack-usage -fcyclomatic-complexity -MMD -MP -MF"Drivers/STM32F4xx_HAL_Driver/Src/stm32f4xx_hal_dma.d" -MT"Drivers/STM32F4xx_HAL_Driver/Src/stm32f4xx_hal_dma.o" --specs=nano.specs -mfpu=fpv4-sp-d16 -mfloat-abi=hard -mthumb -o "Drivers/STM32F4xx_HAL_Driver/Src/stm32f4xx_hal_dma.o"
arm-none-eabi-gcc "../Drivers/STM32F4xx_HAL_Driver/Src/stm32f4xx_hal_dma_ex.c" -mcpu=cortex-m4 -std=gnu11 -g3 -DDEBUG -DUSE_HAL_DRIVER -DSTM32F446xx -c -I../Core/Inc -I../Drivers/STM32F4xx_HAL_Driver/Inc -I../Drivers/STM32F4xx_HAL_Driver/Inc/Legacy -I../Drivers/CMSIS/Device/ST/STM32F4xx/Include -I../Drivers/CMSIS/Include -O0 -ffunction-sections -fdata-sections -Wall -fstack-usage -fcyclomatic-complexity -MMD -MP -MF"Drivers/STM32F4xx_HAL_Driver/Src/stm32f4xx_hal_dma_ex.d" -MT"Drivers/STM32F4xx_HAL_Driver/Src/stm32f4xx_hal_dma_ex.o" --specs=nano.specs -mfpu=fpv4-sp-d16 -mfloat-abi=hard -mthumb -o "Drivers/STM32F4xx_HAL_Driver/Src/stm32f4xx_hal_dma_ex.o"
arm-none-eabi-gcc "../Drivers/STM32F4xx_HAL_Driver/Src/stm32f4xx_hal_exti.c" -mcpu=cortex-m4 -std=gnu11 -g3 -DDEBUG -DUSE_HAL_DRIVER -DSTM32F446xx -c -I../Core/Inc -I../Drivers/STM32F4xx_HAL_Driver/Inc -I../Drivers/STM32F4xx_HAL_Driver/Inc/Legacy -I../Drivers/CMSIS/Device/ST/STM32F4xx/Include -I../Drivers/CMSIS/Include -O0 -ffunction-sections -fdata-sections -Wall -fstack-usage -fcyclomatic-complexity -MMD -MP -MF"Drivers/STM32F4xx_HAL_Driver/Src/stm32f4xx_hal_exti.d" -MT"Drivers/STM32F4xx_HAL_Driver/Src/stm32f4xx_hal_exti.o" --specs=nano.specs -mfpu=fpv4-sp-d16 -mfloat-abi=hard -mthumb -o "Drivers/STM32F4xx_HAL_Driver/Src/stm32f4xx_hal_exti.o"
arm-none-eabi-gcc "../Drivers/STM32F4xx_HAL_Driver/Src/stm32f4xx_hal_flash.c" -mcpu=cortex-m4 -std=gnu11 -g3 -DDEBUG -DUSE_HAL_DRIVER -DSTM32F446xx -c -I../Core/Inc -I../Drivers/STM32F4xx_HAL_Driver/Inc -I../Drivers/STM32F4xx_HAL_Driver/Inc/Legacy -I../Drivers/CMSIS/Device/ST/STM32F4xx/Include -I../Drivers/CMSIS/Include -O0 -ffunction-sections -fdata-sections -Wall -fstack-usage -fcyclomatic-complexity -MMD -MP -MF"Drivers/STM32F4xx_HAL_Driver/Src/stm32f4xx_hal_flash.d" -MT"Drivers/STM32F4xx_HAL_Driver/Src/stm32f4xx_hal_flash.o" --specs=nano.specs -mfpu=fpv4-sp-d16 -mfloat-abi=hard -mthumb -o "Drivers/STM32F4xx_HAL_Driver/Src/stm32f4xx_hal_flash.o"
arm-none-eabi-gcc "../Drivers/STM32F4xx_HAL_Driver/Src/stm32f4xx_hal_flash_ex.c" -mcpu=cortex-m4 -std=gnu11 -g3 -DDEBUG -DUSE_HAL_DRIVER -DSTM32F446xx -c -I../Core/Inc -I../Drivers/STM32F4xx_HAL_Driver/Inc -I../Drivers/STM32F4xx_HAL_Driver/Inc/Legacy -I../Drivers/CMSIS/Device/ST/STM32F4xx/Include -I../Drivers/CMSIS/Include -O0 -ffunction-sections -fdata-sections -Wall -fstack-usage -fcyclomatic-complexity -MMD -MP -MF"Drivers/STM32F4xx_HAL_Driver/Src/stm32f4xx_hal_flash_ex.d" -MT"Drivers/STM32F4xx_HAL_Driver/Src/stm32f4xx_hal_flash_ex.o" --specs=nano.specs -mfpu=fpv4-sp-d16 -mfloat-abi=hard -mthumb -o "Drivers/STM32F4xx_HAL_Driver/Src/stm32f4xx_hal_flash_ex.o"
arm-none-eabi-gcc "../Drivers/STM32F4xx_HAL_Driver/Src/stm32f4xx_hal_flash_ramfunc.c" -mcpu=cortex-m4 -std=gnu11 -g3 -DDEBUG -DUSE_HAL_DRIVER -DSTM32F446xx -c -I../Core/Inc -I../Drivers/STM32F4xx_HAL_Driver/Inc -I../Drivers/STM32F4xx_HAL_Driver/Inc/Legacy -I../Drivers/CMSIS/Device/ST/STM32F4xx/Include -I../Drivers/CMSIS/Include -O0 -ffunction-sections -fdata-sections -Wall -fstack-usage -fcyclomatic-complexity -MMD -MP -MF"Drivers/STM32F4xx_HAL_Driver/Src/stm32f4xx_hal_flash_ramfunc.d" -MT"Drivers/STM32F4xx_HAL_Driver/Src/stm32f4xx_hal_flash_ramfunc.o" --specs=nano.specs -mfpu=fpv4-sp-d16 -mfloat-abi=hard -mthumb -o "Drivers/STM32F4xx_HAL_Driver/Src/stm32f4xx_hal_flash_ramfunc.o"
arm-none-eabi-gcc "../Drivers/STM32F4xx_HAL_Driver/Src/stm32f4xx_hal_gpio.c" -mcpu=cortex-m4 -std=gnu11 -g3 -DDEBUG -DUSE_HAL_DRIVER -DSTM32F446xx -c -I../Core/Inc -I../Drivers/STM32F4xx_HAL_Driver/Inc -I../Drivers/STM32F4xx_HAL_Driver/Inc/Legacy -I../Drivers/CMSIS/Device/ST/STM32F4xx/Include -I../Drivers/CMSIS/Include -O0 -ffunction-sections -fdata-sections -Wall -fstack-usage -fcyclomatic-complexity -MMD -MP -MF"Drivers/STM32F4xx_HAL_Driver/Src/stm32f4xx_hal_gpio.d" -MT"Drivers/STM32F4xx_HAL_Driver/Src/stm32f4xx_hal_gpio.o" --specs=nano.specs -mfpu=fpv4-sp-d16 -mfloat-abi=hard -mthumb -o "Drivers/STM32F4xx_HAL_Driver/Src/stm32f4xx_hal_gpio.o"
arm-none-eabi-gcc "../Drivers/STM32F4xx_HAL_Driver/Src/stm32f4xx_hal_pwr.c" -mcpu=cortex-m4 -std=gnu11 -g3 -DDEBUG -DUSE_HAL_DRIVER -DSTM32F446xx -c -I../Core/Inc -I../Drivers/STM32F4xx_HAL_Driver/Inc -I../Drivers/STM32F4xx_HAL_Driver/Inc/Legacy -I../Drivers/CMSIS/Device/ST/STM32F4xx/Include -I../Drivers/CMSIS/Include -O0 -ffunction-sections -fdata-sections -Wall -fstack-usage -fcyclomatic-complexity -MMD -MP -MF"Drivers/STM32F4xx_HAL_Driver/Src/stm32f4xx_hal_pwr.d" -MT"Drivers/STM32F4xx_HAL_Driver/Src/stm32f4xx_hal_pwr.o" --specs=nano.specs -mfpu=fpv4-sp-d16 -mfloat-abi=hard -mthumb -o "Drivers/STM32F4xx_HAL_Driver/Src/stm32f4xx_hal_pwr.o"
arm-none-eabi-gcc "../Drivers/STM32F4xx_HAL_Driver/Src/stm32f4xx_hal_pwr_ex.c" -mcpu=cortex-m4 -std=gnu11 -g3 -DDEBUG -DUSE_HAL_DRIVER -DSTM32F446xx -c -I../Core/Inc -I../Drivers/STM32F4xx_HAL_Driver/Inc -I../Drivers/STM32F4xx_HAL_Driver/Inc/Legacy -I../Drivers/CMSIS/Device/ST/STM32F4xx/Include -I../Drivers/CMSIS/Include -O0 -ffunction-sections -fdata-sections -Wall -fstack-usage -fcyclomatic-complexity -MMD -MP -MF"Drivers/STM32F4xx_HAL_Driver/Src/stm32f4xx_hal_pwr_ex.d" -MT"Drivers/STM32F4xx_HAL_Driver/Src/stm32f4xx_hal_pwr_ex.o" --specs=nano.specs -mfpu=fpv4-sp-d16 -mfloat-abi=hard -mthumb -o "Drivers/STM32F4xx_HAL_Driver/Src/stm32f4xx_hal_pwr_ex.o"
arm-none-eabi-gcc "../Drivers/STM32F4xx_HAL_Driver/Src/stm32f4xx_hal_rcc.c" -mcpu=cortex-m4 -std=gnu11 -g3 -DDEBUG -DUSE_HAL_DRIVER -DSTM32F446xx -c -I../Core/Inc -I../Drivers/STM32F4xx_HAL_Driver/Inc -I../Drivers/STM32F4xx_HAL_Driver/Inc/Legacy -I../Drivers/CMSIS/Device/ST/STM32F4xx/Include -I../Drivers/CMSIS/Include -O0 -ffunction-sections -fdata-sections -Wall -fstack-usage -fcyclomatic-complexity -MMD -MP -MF"Drivers/STM32F4xx_HAL_Driver/Src/stm32f4xx_hal_rcc.d" -MT"Drivers/STM32F4xx_HAL_Driver/Src/stm32f4xx_hal_rcc.o" --specs=nano.specs -mfpu=fpv4-sp-d16 -mfloat-abi=hard -mthumb -o "Drivers/STM32F4xx_HAL_Driver/Src/stm32f4xx_hal_rcc.o"
arm-none-eabi-gcc "../Drivers/STM32F4xx_HAL_Driver/Src/stm32f4xx_hal_rcc_ex.c" -mcpu=cortex-m4 -std=gnu11 -g3 -DDEBUG -DUSE_HAL_DRIVER -DSTM32F446xx -c -I../Core/Inc -I../Drivers/STM32F4xx_HAL_Driver/Inc -I../Drivers/STM32F4xx_HAL_Driver/Inc/Legacy -I../Drivers/CMSIS/Device/ST/STM32F4xx/Include -I../Drivers/CMSIS/Include -O0 -ffunction-sections -fdata-sections -Wall -fstack-usage -fcyclomatic-complexity -MMD -MP -MF"Drivers/STM32F4xx_HAL_Driver/Src/stm32f4xx_hal_rcc_ex.d" -MT"Drivers/STM32F4xx_HAL_Driver/Src/stm32f4xx_hal_rcc_ex.o" --specs=nano.specs -mfpu=fpv4-sp-d16 -mfloat-abi=hard -mthumb -o "Drivers/STM32F4xx_HAL_Driver/Src/stm32f4xx_hal_rcc_ex.o"
arm-none-eabi-gcc "../Drivers/STM32F4xx_HAL_Driver/Src/stm32f4xx_hal_tim.c" -mcpu=cortex-m4 -std=gnu11 -g3 -DDEBUG -DUSE_HAL_DRIVER -DSTM32F446xx -c -I../Core/Inc -I../Drivers/STM32F4xx_HAL_Driver/Inc -I../Drivers/STM32F4xx_HAL_Driver/Inc/Legacy -I../Drivers/CMSIS/Device/ST/STM32F4xx/Include -I../Drivers/CMSIS/Include -O0 -ffunction-sections -fdata-sections -Wall -fstack-usage -fcyclomatic-complexity -MMD -MP -MF"Drivers/STM32F4xx_HAL_Driver/Src/stm32f4xx_hal_tim.d" -MT"Drivers/STM32F4xx_HAL_Driver/Src/stm32f4xx_hal_tim.o" --specs=nano.specs -mfpu=fpv4-sp-d16 -mfloat-abi=hard -mthumb -o "Drivers/STM32F4xx_HAL_Driver/Src/stm32f4xx_hal_tim.o"
arm-none-eabi-gcc "../Drivers/STM32F4xx_HAL_Driver/Src/stm32f4xx_hal_tim_ex.c" -mcpu=cortex-m4 -std=gnu11 -g3 -DDEBUG -DUSE_HAL_DRIVER -DSTM32F446xx -c -I../Core/Inc -I../Drivers/STM32F4xx_HAL_Driver/Inc -I../Drivers/STM32F4xx_HAL_Driver/Inc/Legacy -I../Drivers/CMSIS/Device/ST/STM32F4xx/Include -I../Drivers/CMSIS/Include -O0 -ffunction-sections -fdata-sections -Wall -fstack-usage -fcyclomatic-complexity -MMD -MP -MF"Drivers/STM32F4xx_HAL_Driver/Src/stm32f4xx_hal_tim_ex.d" -MT"Drivers/STM32F4xx_HAL_Driver/Src/stm32f4xx_hal_tim_ex.o" --specs=nano.specs -mfpu=fpv4-sp-d16 -mfloat-abi=hard -mthumb -o "Drivers/STM32F4xx_HAL_Driver/Src/stm32f4xx_hal_tim_ex.o"
arm-none-eabi-gcc "../Drivers/STM32F4xx_HAL_Driver/Src/stm32f4xx_hal_uart.c" -mcpu=cortex-m4 -std=gnu11 -g3 -DDEBUG -DUSE_HAL_DRIVER -DSTM32F446xx -c -I../Core/Inc -I../Drivers/STM32F4xx_HAL_Driver/Inc -I../Drivers/STM32F4xx_HAL_Driver/Inc/Legacy -I../Drivers/CMSIS/Device/ST/STM32F4xx/Include -I../Drivers/CMSIS/Include -O0 -ffunction-sections -fdata-sections -Wall -fstack-usage -fcyclomatic-complexity -MMD -MP -MF"Drivers/STM32F4xx_HAL_Driver/Src/stm32f4xx_hal_uart.d" -MT"Drivers/STM32F4xx_HAL_Driver/Src/stm32f4xx_hal_uart.o" --specs=nano.specs -mfpu=fpv4-sp-d16 -mfloat-abi=hard -mthumb -o "Drivers/STM32F4xx_HAL_Driver/Src/stm32f4xx_hal_uart.o"
arm-none-eabi-gcc -mcpu=cortex-m4 -g3 -DDEBUG -c -x assembler-with-cpp -MMD -MP -MF"Core/Startup/startup_stm32f446retx.d" -MT"Core/Startup/startup_stm32f446retx.o" --specs=nano.specs -mfpu=fpv4-sp-d16 -mfloat-abi=hard -mthumb -o "Core/Startup/startup_stm32f446retx.o" "../Core/Startup/startup_stm32f446retx.s"
arm-none-eabi-gcc "../Core/Src/main.c" -mcpu=cortex-m4 -std=gnu11 -g3 -DDEBUG -DUSE_HAL_DRIVER -DSTM32F446xx -c -I../Core/Inc -I../Drivers/STM32F4xx_HAL_Driver/Inc -I../Drivers/STM32F4xx_HAL_Driver/Inc/Legacy -I../Drivers/CMSIS/Device/ST/STM32F4xx/Include -I../Drivers/CMSIS/Include -O0 -ffunction-sections -fdata-sections -Wall -fstack-usage -fcyclomatic-complexity -MMD -MP -MF"Core/Src/main.d" -MT"Core/Src/main.o" --specs=nano.specs -mfpu=fpv4-sp-d16 -mfloat-abi=hard -mthumb -o "Core/Src/main.o"
arm-none-eabi-gcc "../Core/Src/stm32f4xx_hal_msp.c" -mcpu=cortex-m4 -std=gnu11 -g3 -DDEBUG -DUSE_HAL_DRIVER -DSTM32F446xx -c -I../Core/Inc -I../Drivers/STM32F4xx_HAL_Driver/Inc -I../Drivers/STM32F4xx_HAL_Driver/Inc/Legacy -I../Drivers/CMSIS/Device/ST/STM32F4xx/Include -I../Drivers/CMSIS/Include -O0 -ffunction-sections -fdata-sections -Wall -fstack-usage -fcyclomatic-complexity -MMD -MP -MF"Core/Src/stm32f4xx_hal_msp.d" -MT"Core/Src/stm32f4xx_hal_msp.o" --specs=nano.specs -mfpu=fpv4-sp-d16 -mfloat-abi=hard -mthumb -o "Core/Src/stm32f4xx_hal_msp.o"
arm-none-eabi-gcc "../Core/Src/stm32f4xx_it.c" -mcpu=cortex-m4 -std=gnu11 -g3 -DDEBUG -DUSE_HAL_DRIVER -DSTM32F446xx -c -I../Core/Inc -I../Drivers/STM32F4xx_HAL_Driver/Inc -I../Drivers/STM32F4xx_HAL_Driver/Inc/Legacy -I../Drivers/CMSIS/Device/ST/STM32F4xx/Include -I../Drivers/CMSIS/Include -O0 -ffunction-sections -fdata-sections -Wall -fstack-usage -fcyclomatic-complexity -MMD -MP -MF"Core/Src/stm32f4xx_it.d" -MT"Core/Src/stm32f4xx_it.o" --specs=nano.specs -mfpu=fpv4-sp-d16 -mfloat-abi=hard -mthumb -o "Core/Src/stm32f4xx_it.o"
arm-none-eabi-gcc "../Core/Src/syscalls.c" -mcpu=cortex-m4 -std=gnu11 -g3 -DDEBUG -DUSE_HAL_DRIVER -DSTM32F446xx -c -I../Core/Inc -I../Drivers/STM32F4xx_HAL_Driver/Inc -I../Drivers/STM32F4xx_HAL_Driver/Inc/Legacy -I../Drivers/CMSIS/Device/ST/STM32F4xx/Include -I../Drivers/CMSIS/Include -O0 -ffunction-sections -fdata-sections -Wall -fstack-usage -fcyclomatic-complexity -MMD -MP -MF"Core/Src/syscalls.d" -MT"Core/Src/syscalls.o" --specs=nano.specs -mfpu=fpv4-sp-d16 -mfloat-abi=hard -mthumb -o "Core/Src/syscalls.o"
arm-none-eabi-gcc "../Core/Src/sysmem.c" -mcpu=cortex-m4 -std=gnu11 -g3 -DDEBUG -DUSE_HAL_DRIVER -DSTM32F446xx -c -I../Core/Inc -I../Drivers/STM32F4xx_HAL_Driver/Inc -I../Drivers/STM32F4xx_HAL_Driver/Inc/Legacy -I../Drivers/CMSIS/Device/ST/STM32F4xx/Include -I../Drivers/CMSIS/Include -O0 -ffunction-sections -fdata-sections -Wall -fstack-usage -fcyclomatic-complexity -MMD -MP -MF"Core/Src/sysmem.d" -MT"Core/Src/sysmem.o" --specs=nano.specs -mfpu=fpv4-sp-d16 -mfloat-abi=hard -mthumb -o "Core/Src/sysmem.o"
arm-none-eabi-gcc "../Core/Src/system_stm32f4xx.c" -mcpu=cortex-m4 -std=gnu11 -g3 -DDEBUG -DUSE_HAL_DRIVER -DSTM32F446xx -c -I../Core/Inc -I../Drivers/STM32F4xx_HAL_Driver/Inc -I../Drivers/STM32F4xx_HAL_Driver/Inc/Legacy -I../Drivers/CMSIS/Device/ST/STM32F4xx/Include -I../Drivers/CMSIS/Include -O0 -ffunction-sections -fdata-sections -Wall -fstack-usage -fcyclomatic-complexity -MMD -MP -MF"Core/Src/system_stm32f4xx.d" -MT"Core/Src/system_stm32f4xx.o" --specs=nano.specs -mfpu=fpv4-sp-d16 -mfloat-abi=hard -mthumb -o "Core/Src/system_stm32f4xx.o"
../Core/Src/main.c: In function 'getIR':
../Core/Src/main.c:105:51: warning: pointer targets in passing argument 2 of 'HAL_UART_Receive' differ in signedness [-Wpointer-sign]
  105 |                         HAL_UART_Receive(&huart1, &IRrevh, 1, 1000);
      |                                                   ^~~~~~~
      |                                                   |
      |                                                   char *
In file included from ../Core/Inc/stm32f4xx_hal_conf.h:411,
                 from ../Drivers/STM32F4xx_HAL_Driver/Inc/stm32f4xx_hal.h:29,
                 from ../Core/Inc/main.h:30,
                 from ../Core/Src/main.c:20:
../Drivers/STM32F4xx_HAL_Driver/Inc/stm32f4xx_hal_uart.h:746:72: note: expected 'uint8_t *' {aka 'unsigned char *'} but argument is of type 'char *'
  746 | HAL_StatusTypeDef HAL_UART_Receive(UART_HandleTypeDef *huart, uint8_t *pData, uint16_t Size, uint32_t Timeout);
      |                                                               ~~~~~~~~~^~~~~
../Core/Src/main.c:108:43: warning: passing argument 2 of 'HAL_UART_Receive' from incompatible pointer type [-Wincompatible-pointer-types]
  108 |                 HAL_UART_Receive(&huart1, &IRrev, 2, 1000);
      |                                           ^~~~~~
      |                                           |
      |                                           char (*)[2]
In file included from ../Core/Inc/stm32f4xx_hal_conf.h:411,
                 from ../Drivers/STM32F4xx_HAL_Driver/Inc/stm32f4xx_hal.h:29,
                 from ../Core/Inc/main.h:30,
                 from ../Core/Src/main.c:20:
../Drivers/STM32F4xx_HAL_Driver/Inc/stm32f4xx_hal_uart.h:746:72: note: expected 'uint8_t *' {aka 'unsigned char *'} but argument is of type 'char (*)[2]'
  746 | HAL_StatusTypeDef HAL_UART_Receive(UART_HandleTypeDef *huart, uint8_t *pData, uint16_t Size, uint32_t Timeout);
      |                                                               ~~~~~~~~~^~~~~
../Core/Src/main.c:114:24: warning: implicit declaration of function 'abs' [-Wimplicit-function-declaration]
  114 |                 IRdr = abs(IRdr);
      |                        ^~~
../Core/Src/main.c:21:1: note: include '<stdlib.h>' or provide a declaration of 'abs'
   20 | #include "main.h"
  +++ |+#include <stdlib.h>
   21 | 
../Core/Src/main.c: In function 'main':
../Core/Src/main.c:127:11: warning: implicit declaration of function 'sprintf' [-Wimplicit-function-declaration]
  127 |           sprintf(str, "%d\n\r", IRorigin);
      |           ^~~~~~~
../Core/Src/main.c:21:1: note: include '<stdio.h>' or provide a declaration of 'sprintf'
   20 | #include "main.h"
  +++ |+#include <stdio.h>
   21 | 
../Core/Src/main.c:127:11: warning: incompatible implicit declaration of built-in function 'sprintf' [-Wbuiltin-declaration-mismatch]
  127 |           sprintf(str, "%d\n\r", IRorigin);
      |           ^~~~~~~
../Core/Src/main.c:127:11: note: include '<stdio.h>' or provide a declaration of 'sprintf'
../Core/Src/main.c:128:44: warning: implicit declaration of function 'strlen' [-Wimplicit-function-declaration]
  128 |           HAL_UART_Transmit(&huart2, &str, strlen(str), 1000);
      |                                            ^~~~~~
../Core/Src/main.c:21:1: note: include '<string.h>' or provide a declaration of 'strlen'
   20 | #include "main.h"
  +++ |+#include <string.h>
   21 | 
../Core/Src/main.c:128:44: warning: incompatible implicit declaration of built-in function 'strlen' [-Wbuiltin-declaration-mismatch]
  128 |           HAL_UART_Transmit(&huart2, &str, strlen(str), 1000);
      |                                            ^~~~~~
../Core/Src/main.c:128:44: note: include '<string.h>' or provide a declaration of 'strlen'
../Core/Src/main.c:128:38: warning: passing argument 2 of 'HAL_UART_Transmit' from incompatible pointer type [-Wincompatible-pointer-types]
  128 |           HAL_UART_Transmit(&huart2, &str, strlen(str), 1000);
      |                                      ^~~~
      |                                      |
      |                                      char (*)[100]
In file included from ../Core/Inc/stm32f4xx_hal_conf.h:411,
                 from ../Drivers/STM32F4xx_HAL_Driver/Inc/stm32f4xx_hal.h:29,
                 from ../Core/Inc/main.h:30,
                 from ../Core/Src/main.c:20:
../Drivers/STM32F4xx_HAL_Driver/Inc/stm32f4xx_hal_uart.h:745:79: note: expected 'const uint8_t *' {aka 'const unsigned char *'} but argument is of type 'char (*)[100]'
  745 | HAL_StatusTypeDef HAL_UART_Transmit(UART_HandleTypeDef *huart, const uint8_t *pData, uint16_t Size, uint32_t Timeout);
      |                                                                ~~~~~~~~~~~~~~~^~~~~
arm-none-eabi-gcc -o "IRrecive.elf" @"objects.list"   -mcpu=cortex-m4 -T"C:\Users\mizun\Documents\GitHub\2024_Oidengiken\cubeIDE\ofence\IRrecive\STM32F446RETX_FLASH.ld" --specs=nosys.specs -Wl,-Map="IRrecive.map" -Wl,--gc-sections -static --specs=nano.specs -mfpu=fpv4-sp-d16 -mfloat-abi=hard -mthumb -Wl,--start-group -lc -lm -Wl,--end-group
Finished building target: IRrecive.elf
 
arm-none-eabi-size  IRrecive.elf 
arm-none-eabi-objdump -h -S IRrecive.elf  > "IRrecive.list"
   text	   data	    bss	    dec	    hex	filename
  14004	    100	   2044	  16148	   3f14	IRrecive.elf
Finished building: default.size.stdout
 
Finished building: IRrecive.list
 
17:55:41 **** Incremental Build of configuration Debug for project IRrecive ****
make -j16 all 
arm-none-eabi-size  IRrecive.elf 
   text	   data	    bss	    dec	    hex	filename
  14004	    100	   2044	  16148	   3f14	IRrecive.elf
Finished building: default.size.stdout
 
17:58:02 **** Incremental Build of configuration Debug for project IRrecive ****
make -j16 all 
arm-none-eabi-size  IRrecive.elf 
   text	   data	    bss	    dec	    hex	filename
  14004	    100	   2044	  16148	   3f14	IRrecive.elf
Finished building: default.size.stdout
 
18:00:58 **** Incremental Build of configuration Debug for project IRrecive ****
make -j16 all 
arm-none-eabi-gcc "../Core/Src/main.c" -mcpu=cortex-m4 -std=gnu11 -g3 -DDEBUG -DUSE_HAL_DRIVER -DSTM32F446xx -c -I../Core/Inc -I../Drivers/STM32F4xx_HAL_Driver/Inc -I../Drivers/STM32F4xx_HAL_Driver/Inc/Legacy -I../Drivers/CMSIS/Device/ST/STM32F4xx/Include -I../Drivers/CMSIS/Include -O0 -ffunction-sections -fdata-sections -Wall -fstack-usage -fcyclomatic-complexity -MMD -MP -MF"Core/Src/main.d" -MT"Core/Src/main.o" --specs=nano.specs -mfpu=fpv4-sp-d16 -mfloat-abi=hard -mthumb -o "Core/Src/main.o"
../Core/Src/main.c: In function 'getIR':
../Core/Src/main.c:105:51: warning: pointer targets in passing argument 2 of 'HAL_UART_Receive' differ in signedness [-Wpointer-sign]
  105 |                         HAL_UART_Receive(&huart1, &IRrevh, 1, 1000);
      |                                                   ^~~~~~~
      |                                                   |
      |                                                   char *
In file included from ../Core/Inc/stm32f4xx_hal_conf.h:411,
                 from ../Drivers/STM32F4xx_HAL_Driver/Inc/stm32f4xx_hal.h:29,
                 from ../Core/Inc/main.h:30,
                 from ../Core/Src/main.c:20:
../Drivers/STM32F4xx_HAL_Driver/Inc/stm32f4xx_hal_uart.h:746:72: note: expected 'uint8_t *' {aka 'unsigned char *'} but argument is of type 'char *'
  746 | HAL_StatusTypeDef HAL_UART_Receive(UART_HandleTypeDef *huart, uint8_t *pData, uint16_t Size, uint32_t Timeout);
      |                                                               ~~~~~~~~~^~~~~
../Core/Src/main.c:108:43: warning: passing argument 2 of 'HAL_UART_Receive' from incompatible pointer type [-Wincompatible-pointer-types]
  108 |                 HAL_UART_Receive(&huart1, &IRrev, 2, 1000);
      |                                           ^~~~~~
      |                                           |
      |                                           char (*)[2]
In file included from ../Core/Inc/stm32f4xx_hal_conf.h:411,
                 from ../Drivers/STM32F4xx_HAL_Driver/Inc/stm32f4xx_hal.h:29,
                 from ../Core/Inc/main.h:30,
                 from ../Core/Src/main.c:20:
../Drivers/STM32F4xx_HAL_Driver/Inc/stm32f4xx_hal_uart.h:746:72: note: expected 'uint8_t *' {aka 'unsigned char *'} but argument is of type 'char (*)[2]'
  746 | HAL_StatusTypeDef HAL_UART_Receive(UART_HandleTypeDef *huart, uint8_t *pData, uint16_t Size, uint32_t Timeout);
      |                                                               ~~~~~~~~~^~~~~
../Core/Src/main.c:114:24: warning: implicit declaration of function 'abs' [-Wimplicit-function-declaration]
  114 |                 IRdr = abs(IRdr);
      |                        ^~~
../Core/Src/main.c:21:1: note: include '<stdlib.h>' or provide a declaration of 'abs'
   20 | #include "main.h"
  +++ |+#include <stdlib.h>
   21 | 
../Core/Src/main.c: In function 'main':
../Core/Src/main.c:127:11: warning: implicit declaration of function 'sprintf' [-Wimplicit-function-declaration]
  127 |           sprintf(str, "%d\n\r", IRorigin);
      |           ^~~~~~~
../Core/Src/main.c:21:1: note: include '<stdio.h>' or provide a declaration of 'sprintf'
   20 | #include "main.h"
  +++ |+#include <stdio.h>
   21 | 
../Core/Src/main.c:127:11: warning: incompatible implicit declaration of built-in function 'sprintf' [-Wbuiltin-declaration-mismatch]
  127 |           sprintf(str, "%d\n\r", IRorigin);
      |           ^~~~~~~
../Core/Src/main.c:127:11: note: include '<stdio.h>' or provide a declaration of 'sprintf'
../Core/Src/main.c:128:44: warning: implicit declaration of function 'strlen' [-Wimplicit-function-declaration]
  128 |           HAL_UART_Transmit(&huart2, &str, strlen(str), 1000);
      |                                            ^~~~~~
../Core/Src/main.c:21:1: note: include '<string.h>' or provide a declaration of 'strlen'
   20 | #include "main.h"
  +++ |+#include <string.h>
   21 | 
../Core/Src/main.c:128:44: warning: incompatible implicit declaration of built-in function 'strlen' [-Wbuiltin-declaration-mismatch]
  128 |           HAL_UART_Transmit(&huart2, &str, strlen(str), 1000);
      |                                            ^~~~~~
../Core/Src/main.c:128:44: note: include '<string.h>' or provide a declaration of 'strlen'
../Core/Src/main.c:128:38: warning: passing argument 2 of 'HAL_UART_Transmit' from incompatible pointer type [-Wincompatible-pointer-types]
  128 |           HAL_UART_Transmit(&huart2, &str, strlen(str), 1000);
      |                                      ^~~~
      |                                      |
      |                                      char (*)[100]
In file included from ../Core/Inc/stm32f4xx_hal_conf.h:411,
                 from ../Drivers/STM32F4xx_HAL_Driver/Inc/stm32f4xx_hal.h:29,
                 from ../Core/Inc/main.h:30,
                 from ../Core/Src/main.c:20:
../Drivers/STM32F4xx_HAL_Driver/Inc/stm32f4xx_hal_uart.h:745:79: note: expected 'const uint8_t *' {aka 'const unsigned char *'} but argument is of type 'char (*)[100]'
  745 | HAL_StatusTypeDef HAL_UART_Transmit(UART_HandleTypeDef *huart, const uint8_t *pData, uint16_t Size, uint32_t Timeout);
      |                                                                ~~~~~~~~~~~~~~~^~~~~
arm-none-eabi-gcc -o "IRrecive.elf" @"objects.list"   -mcpu=cortex-m4 -T"C:\Users\mizun\Documents\GitHub\2024_Oidengiken\cubeIDE\ofence\IRrecive\STM32F446RETX_FLASH.ld" --specs=nosys.specs -Wl,-Map="IRrecive.map" -Wl,--gc-sections -static --specs=nano.specs -mfpu=fpv4-sp-d16 -mfloat-abi=hard -mthumb -Wl,--start-group -lc -lm -Wl,--end-group
Finished building target: IRrecive.elf
 
arm-none-eabi-size  IRrecive.elf 
arm-none-eabi-objdump -h -S IRrecive.elf  > "IRrecive.list"
   text	   data	    bss	    dec	    hex	filename
  14000	    100	   2044	  16144	   3f10	IRrecive.elf
Finished building: default.size.stdout
 
Finished building: IRrecive.list
 
13:44:16 **** Incremental Build of configuration Debug for project IRrecive ****
make -j16 all 
arm-none-eabi-size  IRrecive.elf 
   text	   data	    bss	    dec	    hex	filename
  14000	    100	   2044	  16144	   3f10	IRrecive.elf
Finished building: default.size.stdout
 
13:44:50 **** Incremental Build of configuration Debug for project IRrecive ****
make -j16 all 
arm-none-eabi-size  IRrecive.elf 
   text	   data	    bss	    dec	    hex	filename
  14000	    100	   2044	  16144	   3f10	IRrecive.elf
Finished building: default.size.stdout
 
14:36:02 **** Incremental Build of configuration Debug for project IRrecive ****
make -j16 all 
arm-none-eabi-gcc "../Core/Src/main.c" -mcpu=cortex-m4 -std=gnu11 -g3 -DDEBUG -DUSE_HAL_DRIVER -DSTM32F446xx -c -I../Core/Inc -I../Drivers/STM32F4xx_HAL_Driver/Inc -I../Drivers/STM32F4xx_HAL_Driver/Inc/Legacy -I../Drivers/CMSIS/Device/ST/STM32F4xx/Include -I../Drivers/CMSIS/Include -O0 -ffunction-sections -fdata-sections -Wall -fstack-usage -fcyclomatic-complexity -MMD -MP -MF"Core/Src/main.d" -MT"Core/Src/main.o" --specs=nano.specs -mfpu=fpv4-sp-d16 -mfloat-abi=hard -mthumb -o "Core/Src/main.o"
../Core/Src/main.c: In function 'getIR':
../Core/Src/main.c:105:51: warning: pointer targets in passing argument 2 of 'HAL_UART_Receive' differ in signedness [-Wpointer-sign]
  105 |                         HAL_UART_Receive(&huart1, &IRrevh, 1, 1000);
      |                                                   ^~~~~~~
      |                                                   |
      |                                                   char *
In file included from ../Core/Inc/stm32f4xx_hal_conf.h:411,
                 from ../Drivers/STM32F4xx_HAL_Driver/Inc/stm32f4xx_hal.h:29,
                 from ../Core/Inc/main.h:30,
                 from ../Core/Src/main.c:20:
../Drivers/STM32F4xx_HAL_Driver/Inc/stm32f4xx_hal_uart.h:746:72: note: expected 'uint8_t *' {aka 'unsigned char *'} but argument is of type 'char *'
  746 | HAL_StatusTypeDef HAL_UART_Receive(UART_HandleTypeDef *huart, uint8_t *pData, uint16_t Size, uint32_t Timeout);
      |                                                               ~~~~~~~~~^~~~~
../Core/Src/main.c:108:43: warning: passing argument 2 of 'HAL_UART_Receive' from incompatible pointer type [-Wincompatible-pointer-types]
  108 |                 HAL_UART_Receive(&huart1, &IRrev, 2, 1000);
      |                                           ^~~~~~
      |                                           |
      |                                           char (*)[2]
In file included from ../Core/Inc/stm32f4xx_hal_conf.h:411,
                 from ../Drivers/STM32F4xx_HAL_Driver/Inc/stm32f4xx_hal.h:29,
                 from ../Core/Inc/main.h:30,
                 from ../Core/Src/main.c:20:
../Drivers/STM32F4xx_HAL_Driver/Inc/stm32f4xx_hal_uart.h:746:72: note: expected 'uint8_t *' {aka 'unsigned char *'} but argument is of type 'char (*)[2]'
  746 | HAL_StatusTypeDef HAL_UART_Receive(UART_HandleTypeDef *huart, uint8_t *pData, uint16_t Size, uint32_t Timeout);
      |                                                               ~~~~~~~~~^~~~~
../Core/Src/main.c:114:24: warning: implicit declaration of function 'abs' [-Wimplicit-function-declaration]
  114 |                 IRdr = abs(IRdr);
      |                        ^~~
../Core/Src/main.c:21:1: note: include '<stdlib.h>' or provide a declaration of 'abs'
   20 | #include "main.h"
  +++ |+#include <stdlib.h>
   21 | 
../Core/Src/main.c: In function 'main':
../Core/Src/main.c:127:11: warning: implicit declaration of function 'sprintf' [-Wimplicit-function-declaration]
  127 |           sprintf(str, "%d\n\r", IRorigin);
      |           ^~~~~~~
../Core/Src/main.c:21:1: note: include '<stdio.h>' or provide a declaration of 'sprintf'
   20 | #include "main.h"
  +++ |+#include <stdio.h>
   21 | 
../Core/Src/main.c:127:11: warning: incompatible implicit declaration of built-in function 'sprintf' [-Wbuiltin-declaration-mismatch]
  127 |           sprintf(str, "%d\n\r", IRorigin);
      |           ^~~~~~~
../Core/Src/main.c:127:11: note: include '<stdio.h>' or provide a declaration of 'sprintf'
../Core/Src/main.c:128:44: warning: implicit declaration of function 'strlen' [-Wimplicit-function-declaration]
  128 |           HAL_UART_Transmit(&huart2, &str, strlen(str), 1000);
      |                                            ^~~~~~
../Core/Src/main.c:21:1: note: include '<string.h>' or provide a declaration of 'strlen'
   20 | #include "main.h"
  +++ |+#include <string.h>
   21 | 
../Core/Src/main.c:128:44: warning: incompatible implicit declaration of built-in function 'strlen' [-Wbuiltin-declaration-mismatch]
  128 |           HAL_UART_Transmit(&huart2, &str, strlen(str), 1000);
      |                                            ^~~~~~
../Core/Src/main.c:128:44: note: include '<string.h>' or provide a declaration of 'strlen'
../Core/Src/main.c:128:38: warning: passing argument 2 of 'HAL_UART_Transmit' from incompatible pointer type [-Wincompatible-pointer-types]
  128 |           HAL_UART_Transmit(&huart2, &str, strlen(str), 1000);
      |                                      ^~~~
      |                                      |
      |                                      char (*)[100]
In file included from ../Core/Inc/stm32f4xx_hal_conf.h:411,
                 from ../Drivers/STM32F4xx_HAL_Driver/Inc/stm32f4xx_hal.h:29,
                 from ../Core/Inc/main.h:30,
                 from ../Core/Src/main.c:20:
../Drivers/STM32F4xx_HAL_Driver/Inc/stm32f4xx_hal_uart.h:745:79: note: expected 'const uint8_t *' {aka 'const unsigned char *'} but argument is of type 'char (*)[100]'
  745 | HAL_StatusTypeDef HAL_UART_Transmit(UART_HandleTypeDef *huart, const uint8_t *pData, uint16_t Size, uint32_t Timeout);
      |                                                                ~~~~~~~~~~~~~~~^~~~~
arm-none-eabi-gcc -o "IRrecive.elf" @"objects.list"   -mcpu=cortex-m4 -T"C:\Users\mizun\Documents\GitHub\2024_Oidengiken\cubeIDE\ofence\IRrecive\STM32F446RETX_FLASH.ld" --specs=nosys.specs -Wl,-Map="IRrecive.map" -Wl,--gc-sections -static --specs=nano.specs -mfpu=fpv4-sp-d16 -mfloat-abi=hard -mthumb -Wl,--start-group -lc -lm -Wl,--end-group
Finished building target: IRrecive.elf
 
arm-none-eabi-size  IRrecive.elf 
arm-none-eabi-objdump -h -S IRrecive.elf  > "IRrecive.list"
   text	   data	    bss	    dec	    hex	filename
  14000	    100	   2044	  16144	   3f10	IRrecive.elf
Finished building: default.size.stdout
 
Finished building: IRrecive.list
 
14:37:18 **** Incremental Build of configuration Debug for project IRrecive ****
make -j16 all 
arm-none-eabi-gcc "../Core/Src/main.c" -mcpu=cortex-m4 -std=gnu11 -g3 -DDEBUG -DUSE_HAL_DRIVER -DSTM32F446xx -c -I../Core/Inc -I../Drivers/STM32F4xx_HAL_Driver/Inc -I../Drivers/STM32F4xx_HAL_Driver/Inc/Legacy -I../Drivers/CMSIS/Device/ST/STM32F4xx/Include -I../Drivers/CMSIS/Include -O0 -ffunction-sections -fdata-sections -Wall -fstack-usage -fcyclomatic-complexity -MMD -MP -MF"Core/Src/main.d" -MT"Core/Src/main.o" --specs=nano.specs -mfpu=fpv4-sp-d16 -mfloat-abi=hard -mthumb -o "Core/Src/main.o"
../Core/Src/main.c: In function 'getIR':
../Core/Src/main.c:105:51: warning: pointer targets in passing argument 2 of 'HAL_UART_Receive' differ in signedness [-Wpointer-sign]
  105 |                         HAL_UART_Receive(&huart1, &IRrevh, 1, 1000);
      |                                                   ^~~~~~~
      |                                                   |
      |                                                   char *
In file included from ../Core/Inc/stm32f4xx_hal_conf.h:411,
                 from ../Drivers/STM32F4xx_HAL_Driver/Inc/stm32f4xx_hal.h:29,
                 from ../Core/Inc/main.h:30,
                 from ../Core/Src/main.c:20:
../Drivers/STM32F4xx_HAL_Driver/Inc/stm32f4xx_hal_uart.h:746:72: note: expected 'uint8_t *' {aka 'unsigned char *'} but argument is of type 'char *'
  746 | HAL_StatusTypeDef HAL_UART_Receive(UART_HandleTypeDef *huart, uint8_t *pData, uint16_t Size, uint32_t Timeout);
      |                                                               ~~~~~~~~~^~~~~
../Core/Src/main.c:108:43: warning: passing argument 2 of 'HAL_UART_Receive' from incompatible pointer type [-Wincompatible-pointer-types]
  108 |                 HAL_UART_Receive(&huart1, &IRrev, 2, 1000);
      |                                           ^~~~~~
      |                                           |
      |                                           char (*)[2]
In file included from ../Core/Inc/stm32f4xx_hal_conf.h:411,
                 from ../Drivers/STM32F4xx_HAL_Driver/Inc/stm32f4xx_hal.h:29,
                 from ../Core/Inc/main.h:30,
                 from ../Core/Src/main.c:20:
../Drivers/STM32F4xx_HAL_Driver/Inc/stm32f4xx_hal_uart.h:746:72: note: expected 'uint8_t *' {aka 'unsigned char *'} but argument is of type 'char (*)[2]'
  746 | HAL_StatusTypeDef HAL_UART_Receive(UART_HandleTypeDef *huart, uint8_t *pData, uint16_t Size, uint32_t Timeout);
      |                                                               ~~~~~~~~~^~~~~
../Core/Src/main.c:114:24: warning: implicit declaration of function 'abs' [-Wimplicit-function-declaration]
  114 |                 IRdr = abs(IRdr);
      |                        ^~~
../Core/Src/main.c:21:1: note: include '<stdlib.h>' or provide a declaration of 'abs'
   20 | #include "main.h"
  +++ |+#include <stdlib.h>
   21 | 
../Core/Src/main.c: In function 'main':
../Core/Src/main.c:127:11: warning: implicit declaration of function 'sprintf' [-Wimplicit-function-declaration]
  127 |           sprintf(str, "%d\n\r", 100);
      |           ^~~~~~~
../Core/Src/main.c:21:1: note: include '<stdio.h>' or provide a declaration of 'sprintf'
   20 | #include "main.h"
  +++ |+#include <stdio.h>
   21 | 
../Core/Src/main.c:127:11: warning: incompatible implicit declaration of built-in function 'sprintf' [-Wbuiltin-declaration-mismatch]
  127 |           sprintf(str, "%d\n\r", 100);
      |           ^~~~~~~
../Core/Src/main.c:127:11: note: include '<stdio.h>' or provide a declaration of 'sprintf'
../Core/Src/main.c:128:44: warning: implicit declaration of function 'strlen' [-Wimplicit-function-declaration]
  128 |           HAL_UART_Transmit(&huart2, &str, strlen(str), 1000);
      |                                            ^~~~~~
../Core/Src/main.c:21:1: note: include '<string.h>' or provide a declaration of 'strlen'
   20 | #include "main.h"
  +++ |+#include <string.h>
   21 | 
../Core/Src/main.c:128:44: warning: incompatible implicit declaration of built-in function 'strlen' [-Wbuiltin-declaration-mismatch]
  128 |           HAL_UART_Transmit(&huart2, &str, strlen(str), 1000);
      |                                            ^~~~~~
../Core/Src/main.c:128:44: note: include '<string.h>' or provide a declaration of 'strlen'
../Core/Src/main.c:128:38: warning: passing argument 2 of 'HAL_UART_Transmit' from incompatible pointer type [-Wincompatible-pointer-types]
  128 |           HAL_UART_Transmit(&huart2, &str, strlen(str), 1000);
      |                                      ^~~~
      |                                      |
      |                                      char (*)[100]
In file included from ../Core/Inc/stm32f4xx_hal_conf.h:411,
                 from ../Drivers/STM32F4xx_HAL_Driver/Inc/stm32f4xx_hal.h:29,
                 from ../Core/Inc/main.h:30,
                 from ../Core/Src/main.c:20:
../Drivers/STM32F4xx_HAL_Driver/Inc/stm32f4xx_hal_uart.h:745:79: note: expected 'const uint8_t *' {aka 'const unsigned char *'} but argument is of type 'char (*)[100]'
  745 | HAL_StatusTypeDef HAL_UART_Transmit(UART_HandleTypeDef *huart, const uint8_t *pData, uint16_t Size, uint32_t Timeout);
      |                                                                ~~~~~~~~~~~~~~~^~~~~
arm-none-eabi-gcc -o "IRrecive.elf" @"objects.list"   -mcpu=cortex-m4 -T"C:\Users\mizun\Documents\GitHub\2024_Oidengiken\cubeIDE\ofence\IRrecive\STM32F446RETX_FLASH.ld" --specs=nosys.specs -Wl,-Map="IRrecive.map" -Wl,--gc-sections -static --specs=nano.specs -mfpu=fpv4-sp-d16 -mfloat-abi=hard -mthumb -Wl,--start-group -lc -lm -Wl,--end-group
Finished building target: IRrecive.elf
 
arm-none-eabi-size  IRrecive.elf 
arm-none-eabi-objdump -h -S IRrecive.elf  > "IRrecive.list"
   text	   data	    bss	    dec	    hex	filename
  14000	    100	   2044	  16144	   3f10	IRrecive.elf
Finished building: default.size.stdout
 
Finished building: IRrecive.list
 
14:37:35 **** Incremental Build of configuration Debug for project IRrecive ****
make -j16 all 
arm-none-eabi-gcc "../Core/Src/main.c" -mcpu=cortex-m4 -std=gnu11 -g3 -DDEBUG -DUSE_HAL_DRIVER -DSTM32F446xx -c -I../Core/Inc -I../Drivers/STM32F4xx_HAL_Driver/Inc -I../Drivers/STM32F4xx_HAL_Driver/Inc/Legacy -I../Drivers/CMSIS/Device/ST/STM32F4xx/Include -I../Drivers/CMSIS/Include -O0 -ffunction-sections -fdata-sections -Wall -fstack-usage -fcyclomatic-complexity -MMD -MP -MF"Core/Src/main.d" -MT"Core/Src/main.o" --specs=nano.specs -mfpu=fpv4-sp-d16 -mfloat-abi=hard -mthumb -o "Core/Src/main.o"
../Core/Src/main.c: In function 'getIR':
../Core/Src/main.c:105:51: warning: pointer targets in passing argument 2 of 'HAL_UART_Receive' differ in signedness [-Wpointer-sign]
  105 |                         HAL_UART_Receive(&huart1, &IRrevh, 1, 1000);
      |                                                   ^~~~~~~
      |                                                   |
      |                                                   char *
In file included from ../Core/Inc/stm32f4xx_hal_conf.h:411,
                 from ../Drivers/STM32F4xx_HAL_Driver/Inc/stm32f4xx_hal.h:29,
                 from ../Core/Inc/main.h:30,
                 from ../Core/Src/main.c:20:
../Drivers/STM32F4xx_HAL_Driver/Inc/stm32f4xx_hal_uart.h:746:72: note: expected 'uint8_t *' {aka 'unsigned char *'} but argument is of type 'char *'
  746 | HAL_StatusTypeDef HAL_UART_Receive(UART_HandleTypeDef *huart, uint8_t *pData, uint16_t Size, uint32_t Timeout);
      |                                                               ~~~~~~~~~^~~~~
../Core/Src/main.c:108:43: warning: passing argument 2 of 'HAL_UART_Receive' from incompatible pointer type [-Wincompatible-pointer-types]
  108 |                 HAL_UART_Receive(&huart1, &IRrev, 2, 1000);
      |                                           ^~~~~~
      |                                           |
      |                                           char (*)[2]
In file included from ../Core/Inc/stm32f4xx_hal_conf.h:411,
                 from ../Drivers/STM32F4xx_HAL_Driver/Inc/stm32f4xx_hal.h:29,
                 from ../Core/Inc/main.h:30,
                 from ../Core/Src/main.c:20:
../Drivers/STM32F4xx_HAL_Driver/Inc/stm32f4xx_hal_uart.h:746:72: note: expected 'uint8_t *' {aka 'unsigned char *'} but argument is of type 'char (*)[2]'
  746 | HAL_StatusTypeDef HAL_UART_Receive(UART_HandleTypeDef *huart, uint8_t *pData, uint16_t Size, uint32_t Timeout);
      |                                                               ~~~~~~~~~^~~~~
../Core/Src/main.c:114:24: warning: implicit declaration of function 'abs' [-Wimplicit-function-declaration]
  114 |                 IRdr = abs(IRdr);
      |                        ^~~
../Core/Src/main.c:21:1: note: include '<stdlib.h>' or provide a declaration of 'abs'
   20 | #include "main.h"
  +++ |+#include <stdlib.h>
   21 | 
../Core/Src/main.c: In function 'main':
../Core/Src/main.c:127:11: warning: implicit declaration of function 'sprintf' [-Wimplicit-function-declaration]
  127 |           sprintf(str, "%d\n\r", 100);
      |           ^~~~~~~
../Core/Src/main.c:21:1: note: include '<stdio.h>' or provide a declaration of 'sprintf'
   20 | #include "main.h"
  +++ |+#include <stdio.h>
   21 | 
../Core/Src/main.c:127:11: warning: incompatible implicit declaration of built-in function 'sprintf' [-Wbuiltin-declaration-mismatch]
  127 |           sprintf(str, "%d\n\r", 100);
      |           ^~~~~~~
../Core/Src/main.c:127:11: note: include '<stdio.h>' or provide a declaration of 'sprintf'
../Core/Src/main.c:128:44: warning: implicit declaration of function 'strlen' [-Wimplicit-function-declaration]
  128 |           HAL_UART_Transmit(&huart2, &str, strlen(str), 1000);
      |                                            ^~~~~~
../Core/Src/main.c:21:1: note: include '<string.h>' or provide a declaration of 'strlen'
   20 | #include "main.h"
  +++ |+#include <string.h>
   21 | 
../Core/Src/main.c:128:44: warning: incompatible implicit declaration of built-in function 'strlen' [-Wbuiltin-declaration-mismatch]
  128 |           HAL_UART_Transmit(&huart2, &str, strlen(str), 1000);
      |                                            ^~~~~~
../Core/Src/main.c:128:44: note: include '<string.h>' or provide a declaration of 'strlen'
../Core/Src/main.c:128:38: warning: passing argument 2 of 'HAL_UART_Transmit' from incompatible pointer type [-Wincompatible-pointer-types]
  128 |           HAL_UART_Transmit(&huart2, &str, strlen(str), 1000);
      |                                      ^~~~
      |                                      |
      |                                      char (*)[100]
In file included from ../Core/Inc/stm32f4xx_hal_conf.h:411,
                 from ../Drivers/STM32F4xx_HAL_Driver/Inc/stm32f4xx_hal.h:29,
                 from ../Core/Inc/main.h:30,
                 from ../Core/Src/main.c:20:
../Drivers/STM32F4xx_HAL_Driver/Inc/stm32f4xx_hal_uart.h:745:79: note: expected 'const uint8_t *' {aka 'const unsigned char *'} but argument is of type 'char (*)[100]'
  745 | HAL_StatusTypeDef HAL_UART_Transmit(UART_HandleTypeDef *huart, const uint8_t *pData, uint16_t Size, uint32_t Timeout);
      |                                                                ~~~~~~~~~~~~~~~^~~~~
arm-none-eabi-gcc -o "IRrecive.elf" @"objects.list"   -mcpu=cortex-m4 -T"C:\Users\mizun\Documents\GitHub\2024_Oidengiken\cubeIDE\ofence\IRrecive\STM32F446RETX_FLASH.ld" --specs=nosys.specs -Wl,-Map="IRrecive.map" -Wl,--gc-sections -static --specs=nano.specs -mfpu=fpv4-sp-d16 -mfloat-abi=hard -mthumb -Wl,--start-group -lc -lm -Wl,--end-group
Finished building target: IRrecive.elf
 
arm-none-eabi-size  IRrecive.elf 
arm-none-eabi-objdump -h -S IRrecive.elf  > "IRrecive.list"
   text	   data	    bss	    dec	    hex	filename
  14000	    100	   2044	  16144	   3f10	IRrecive.elf
Finished building: default.size.stdout
 
Finished building: IRrecive.list
 
14:37:52 **** Incremental Build of configuration Debug for project IRrecive ****
make -j16 all 
arm-none-eabi-gcc "../Core/Src/main.c" -mcpu=cortex-m4 -std=gnu11 -g3 -DDEBUG -DUSE_HAL_DRIVER -DSTM32F446xx -c -I../Core/Inc -I../Drivers/STM32F4xx_HAL_Driver/Inc -I../Drivers/STM32F4xx_HAL_Driver/Inc/Legacy -I../Drivers/CMSIS/Device/ST/STM32F4xx/Include -I../Drivers/CMSIS/Include -O0 -ffunction-sections -fdata-sections -Wall -fstack-usage -fcyclomatic-complexity -MMD -MP -MF"Core/Src/main.d" -MT"Core/Src/main.o" --specs=nano.specs -mfpu=fpv4-sp-d16 -mfloat-abi=hard -mthumb -o "Core/Src/main.o"
../Core/Src/main.c: In function 'getIR':
../Core/Src/main.c:105:51: warning: pointer targets in passing argument 2 of 'HAL_UART_Receive' differ in signedness [-Wpointer-sign]
  105 |                         HAL_UART_Receive(&huart1, &IRrevh, 1, 1000);
      |                                                   ^~~~~~~
      |                                                   |
      |                                                   char *
In file included from ../Core/Inc/stm32f4xx_hal_conf.h:411,
                 from ../Drivers/STM32F4xx_HAL_Driver/Inc/stm32f4xx_hal.h:29,
                 from ../Core/Inc/main.h:30,
                 from ../Core/Src/main.c:20:
../Drivers/STM32F4xx_HAL_Driver/Inc/stm32f4xx_hal_uart.h:746:72: note: expected 'uint8_t *' {aka 'unsigned char *'} but argument is of type 'char *'
  746 | HAL_StatusTypeDef HAL_UART_Receive(UART_HandleTypeDef *huart, uint8_t *pData, uint16_t Size, uint32_t Timeout);
      |                                                               ~~~~~~~~~^~~~~
../Core/Src/main.c:108:43: warning: passing argument 2 of 'HAL_UART_Receive' from incompatible pointer type [-Wincompatible-pointer-types]
  108 |                 HAL_UART_Receive(&huart1, &IRrev, 2, 1000);
      |                                           ^~~~~~
      |                                           |
      |                                           char (*)[2]
In file included from ../Core/Inc/stm32f4xx_hal_conf.h:411,
                 from ../Drivers/STM32F4xx_HAL_Driver/Inc/stm32f4xx_hal.h:29,
                 from ../Core/Inc/main.h:30,
                 from ../Core/Src/main.c:20:
../Drivers/STM32F4xx_HAL_Driver/Inc/stm32f4xx_hal_uart.h:746:72: note: expected 'uint8_t *' {aka 'unsigned char *'} but argument is of type 'char (*)[2]'
  746 | HAL_StatusTypeDef HAL_UART_Receive(UART_HandleTypeDef *huart, uint8_t *pData, uint16_t Size, uint32_t Timeout);
      |                                                               ~~~~~~~~~^~~~~
../Core/Src/main.c:114:24: warning: implicit declaration of function 'abs' [-Wimplicit-function-declaration]
  114 |                 IRdr = abs(IRdr);
      |                        ^~~
../Core/Src/main.c:21:1: note: include '<stdlib.h>' or provide a declaration of 'abs'
   20 | #include "main.h"
  +++ |+#include <stdlib.h>
   21 | 
../Core/Src/main.c: In function 'main':
../Core/Src/main.c:127:11: warning: implicit declaration of function 'sprintf' [-Wimplicit-function-declaration]
  127 |           sprintf(str, "%d\n\r", IRAngle);
      |           ^~~~~~~
../Core/Src/main.c:21:1: note: include '<stdio.h>' or provide a declaration of 'sprintf'
   20 | #include "main.h"
  +++ |+#include <stdio.h>
   21 | 
../Core/Src/main.c:127:11: warning: incompatible implicit declaration of built-in function 'sprintf' [-Wbuiltin-declaration-mismatch]
  127 |           sprintf(str, "%d\n\r", IRAngle);
      |           ^~~~~~~
../Core/Src/main.c:127:11: note: include '<stdio.h>' or provide a declaration of 'sprintf'
../Core/Src/main.c:128:44: warning: implicit declaration of function 'strlen' [-Wimplicit-function-declaration]
  128 |           HAL_UART_Transmit(&huart2, &str, strlen(str), 1000);
      |                                            ^~~~~~
../Core/Src/main.c:21:1: note: include '<string.h>' or provide a declaration of 'strlen'
   20 | #include "main.h"
  +++ |+#include <string.h>
   21 | 
../Core/Src/main.c:128:44: warning: incompatible implicit declaration of built-in function 'strlen' [-Wbuiltin-declaration-mismatch]
  128 |           HAL_UART_Transmit(&huart2, &str, strlen(str), 1000);
      |                                            ^~~~~~
../Core/Src/main.c:128:44: note: include '<string.h>' or provide a declaration of 'strlen'
../Core/Src/main.c:128:38: warning: passing argument 2 of 'HAL_UART_Transmit' from incompatible pointer type [-Wincompatible-pointer-types]
  128 |           HAL_UART_Transmit(&huart2, &str, strlen(str), 1000);
      |                                      ^~~~
      |                                      |
      |                                      char (*)[100]
In file included from ../Core/Inc/stm32f4xx_hal_conf.h:411,
                 from ../Drivers/STM32F4xx_HAL_Driver/Inc/stm32f4xx_hal.h:29,
                 from ../Core/Inc/main.h:30,
                 from ../Core/Src/main.c:20:
../Drivers/STM32F4xx_HAL_Driver/Inc/stm32f4xx_hal_uart.h:745:79: note: expected 'const uint8_t *' {aka 'const unsigned char *'} but argument is of type 'char (*)[100]'
  745 | HAL_StatusTypeDef HAL_UART_Transmit(UART_HandleTypeDef *huart, const uint8_t *pData, uint16_t Size, uint32_t Timeout);
      |                                                                ~~~~~~~~~~~~~~~^~~~~
arm-none-eabi-gcc -o "IRrecive.elf" @"objects.list"   -mcpu=cortex-m4 -T"C:\Users\mizun\Documents\GitHub\2024_Oidengiken\cubeIDE\ofence\IRrecive\STM32F446RETX_FLASH.ld" --specs=nosys.specs -Wl,-Map="IRrecive.map" -Wl,--gc-sections -static --specs=nano.specs -mfpu=fpv4-sp-d16 -mfloat-abi=hard -mthumb -Wl,--start-group -lc -lm -Wl,--end-group
Finished building target: IRrecive.elf
 
arm-none-eabi-size  IRrecive.elf 
arm-none-eabi-objdump -h -S IRrecive.elf  > "IRrecive.list"
   text	   data	    bss	    dec	    hex	filename
  14000	    100	   2044	  16144	   3f10	IRrecive.elf
Finished building: default.size.stdout
 
Finished building: IRrecive.list
 
14:38:29 **** Incremental Build of configuration Debug for project IRrecive ****
make -j16 all 
arm-none-eabi-gcc "../Core/Src/main.c" -mcpu=cortex-m4 -std=gnu11 -g3 -DDEBUG -DUSE_HAL_DRIVER -DSTM32F446xx -c -I../Core/Inc -I../Drivers/STM32F4xx_HAL_Driver/Inc -I../Drivers/STM32F4xx_HAL_Driver/Inc/Legacy -I../Drivers/CMSIS/Device/ST/STM32F4xx/Include -I../Drivers/CMSIS/Include -O0 -ffunction-sections -fdata-sections -Wall -fstack-usage -fcyclomatic-complexity -MMD -MP -MF"Core/Src/main.d" -MT"Core/Src/main.o" --specs=nano.specs -mfpu=fpv4-sp-d16 -mfloat-abi=hard -mthumb -o "Core/Src/main.o"
../Core/Src/main.c: In function 'getIR':
../Core/Src/main.c:105:51: warning: pointer targets in passing argument 2 of 'HAL_UART_Receive' differ in signedness [-Wpointer-sign]
  105 |                         HAL_UART_Receive(&huart1, &IRrevh, 1, 1000);
      |                                                   ^~~~~~~
      |                                                   |
      |                                                   char *
In file included from ../Core/Inc/stm32f4xx_hal_conf.h:411,
                 from ../Drivers/STM32F4xx_HAL_Driver/Inc/stm32f4xx_hal.h:29,
                 from ../Core/Inc/main.h:30,
                 from ../Core/Src/main.c:20:
../Drivers/STM32F4xx_HAL_Driver/Inc/stm32f4xx_hal_uart.h:746:72: note: expected 'uint8_t *' {aka 'unsigned char *'} but argument is of type 'char *'
  746 | HAL_StatusTypeDef HAL_UART_Receive(UART_HandleTypeDef *huart, uint8_t *pData, uint16_t Size, uint32_t Timeout);
      |                                                               ~~~~~~~~~^~~~~
../Core/Src/main.c:108:43: warning: passing argument 2 of 'HAL_UART_Receive' from incompatible pointer type [-Wincompatible-pointer-types]
  108 |                 HAL_UART_Receive(&huart1, &IRrev, 2, 1000);
      |                                           ^~~~~~
      |                                           |
      |                                           char (*)[2]
In file included from ../Core/Inc/stm32f4xx_hal_conf.h:411,
                 from ../Drivers/STM32F4xx_HAL_Driver/Inc/stm32f4xx_hal.h:29,
                 from ../Core/Inc/main.h:30,
                 from ../Core/Src/main.c:20:
../Drivers/STM32F4xx_HAL_Driver/Inc/stm32f4xx_hal_uart.h:746:72: note: expected 'uint8_t *' {aka 'unsigned char *'} but argument is of type 'char (*)[2]'
  746 | HAL_StatusTypeDef HAL_UART_Receive(UART_HandleTypeDef *huart, uint8_t *pData, uint16_t Size, uint32_t Timeout);
      |                                                               ~~~~~~~~~^~~~~
../Core/Src/main.c:114:24: warning: implicit declaration of function 'abs' [-Wimplicit-function-declaration]
  114 |                 IRdr = abs(IRdr);
      |                        ^~~
../Core/Src/main.c:21:1: note: include '<stdlib.h>' or provide a declaration of 'abs'
   20 | #include "main.h"
  +++ |+#include <stdlib.h>
   21 | 
../Core/Src/main.c: In function 'main':
../Core/Src/main.c:127:11: warning: implicit declaration of function 'sprintf' [-Wimplicit-function-declaration]
  127 |           sprintf(str, "%d\n\r", IRorigin);
      |           ^~~~~~~
../Core/Src/main.c:21:1: note: include '<stdio.h>' or provide a declaration of 'sprintf'
   20 | #include "main.h"
  +++ |+#include <stdio.h>
   21 | 
../Core/Src/main.c:127:11: warning: incompatible implicit declaration of built-in function 'sprintf' [-Wbuiltin-declaration-mismatch]
  127 |           sprintf(str, "%d\n\r", IRorigin);
      |           ^~~~~~~
../Core/Src/main.c:127:11: note: include '<stdio.h>' or provide a declaration of 'sprintf'
../Core/Src/main.c:128:44: warning: implicit declaration of function 'strlen' [-Wimplicit-function-declaration]
  128 |           HAL_UART_Transmit(&huart2, &str, strlen(str), 1000);
      |                                            ^~~~~~
../Core/Src/main.c:21:1: note: include '<string.h>' or provide a declaration of 'strlen'
   20 | #include "main.h"
  +++ |+#include <string.h>
   21 | 
../Core/Src/main.c:128:44: warning: incompatible implicit declaration of built-in function 'strlen' [-Wbuiltin-declaration-mismatch]
  128 |           HAL_UART_Transmit(&huart2, &str, strlen(str), 1000);
      |                                            ^~~~~~
../Core/Src/main.c:128:44: note: include '<string.h>' or provide a declaration of 'strlen'
../Core/Src/main.c:128:38: warning: passing argument 2 of 'HAL_UART_Transmit' from incompatible pointer type [-Wincompatible-pointer-types]
  128 |           HAL_UART_Transmit(&huart2, &str, strlen(str), 1000);
      |                                      ^~~~
      |                                      |
      |                                      char (*)[100]
In file included from ../Core/Inc/stm32f4xx_hal_conf.h:411,
                 from ../Drivers/STM32F4xx_HAL_Driver/Inc/stm32f4xx_hal.h:29,
                 from ../Core/Inc/main.h:30,
                 from ../Core/Src/main.c:20:
../Drivers/STM32F4xx_HAL_Driver/Inc/stm32f4xx_hal_uart.h:745:79: note: expected 'const uint8_t *' {aka 'const unsigned char *'} but argument is of type 'char (*)[100]'
  745 | HAL_StatusTypeDef HAL_UART_Transmit(UART_HandleTypeDef *huart, const uint8_t *pData, uint16_t Size, uint32_t Timeout);
      |                                                                ~~~~~~~~~~~~~~~^~~~~
arm-none-eabi-gcc -o "IRrecive.elf" @"objects.list"   -mcpu=cortex-m4 -T"C:\Users\mizun\Documents\GitHub\2024_Oidengiken\cubeIDE\ofence\IRrecive\STM32F446RETX_FLASH.ld" --specs=nosys.specs -Wl,-Map="IRrecive.map" -Wl,--gc-sections -static --specs=nano.specs -mfpu=fpv4-sp-d16 -mfloat-abi=hard -mthumb -Wl,--start-group -lc -lm -Wl,--end-group
Finished building target: IRrecive.elf
 
arm-none-eabi-size  IRrecive.elf 
arm-none-eabi-objdump -h -S IRrecive.elf  > "IRrecive.list"
   text	   data	    bss	    dec	    hex	filename
  14000	    100	   2044	  16144	   3f10	IRrecive.elf
Finished building: default.size.stdout
 
Finished building: IRrecive.list
 
15:54:21 **** Incremental Build of configuration Debug for project IRrecive ****
make -j16 all 
arm-none-eabi-gcc "../Core/Src/main.c" -mcpu=cortex-m4 -std=gnu11 -g3 -DDEBUG -DUSE_HAL_DRIVER -DSTM32F446xx -c -I../Core/Inc -I../Drivers/STM32F4xx_HAL_Driver/Inc -I../Drivers/STM32F4xx_HAL_Driver/Inc/Legacy -I../Drivers/CMSIS/Device/ST/STM32F4xx/Include -I../Drivers/CMSIS/Include -O0 -ffunction-sections -fdata-sections -Wall -fstack-usage -fcyclomatic-complexity -MMD -MP -MF"Core/Src/main.d" -MT"Core/Src/main.o" --specs=nano.specs -mfpu=fpv4-sp-d16 -mfloat-abi=hard -mthumb -o "Core/Src/main.o"
../Core/Src/main.c: In function 'getIR':
../Core/Src/main.c:105:51: warning: pointer targets in passing argument 2 of 'HAL_UART_Receive' differ in signedness [-Wpointer-sign]
  105 |                         HAL_UART_Receive(&huart1, &IRrevh, 1, 1000);
      |                                                   ^~~~~~~
      |                                                   |
      |                                                   char *
In file included from ../Core/Inc/stm32f4xx_hal_conf.h:411,
                 from ../Drivers/STM32F4xx_HAL_Driver/Inc/stm32f4xx_hal.h:29,
                 from ../Core/Inc/main.h:30,
                 from ../Core/Src/main.c:20:
../Drivers/STM32F4xx_HAL_Driver/Inc/stm32f4xx_hal_uart.h:746:72: note: expected 'uint8_t *' {aka 'unsigned char *'} but argument is of type 'char *'
  746 | HAL_StatusTypeDef HAL_UART_Receive(UART_HandleTypeDef *huart, uint8_t *pData, uint16_t Size, uint32_t Timeout);
      |                                                               ~~~~~~~~~^~~~~
../Core/Src/main.c:108:43: warning: passing argument 2 of 'HAL_UART_Receive' from incompatible pointer type [-Wincompatible-pointer-types]
  108 |                 HAL_UART_Receive(&huart1, &IRrev, 2, 1000);
      |                                           ^~~~~~
      |                                           |
      |                                           char (*)[2]
In file included from ../Core/Inc/stm32f4xx_hal_conf.h:411,
                 from ../Drivers/STM32F4xx_HAL_Driver/Inc/stm32f4xx_hal.h:29,
                 from ../Core/Inc/main.h:30,
                 from ../Core/Src/main.c:20:
../Drivers/STM32F4xx_HAL_Driver/Inc/stm32f4xx_hal_uart.h:746:72: note: expected 'uint8_t *' {aka 'unsigned char *'} but argument is of type 'char (*)[2]'
  746 | HAL_StatusTypeDef HAL_UART_Receive(UART_HandleTypeDef *huart, uint8_t *pData, uint16_t Size, uint32_t Timeout);
      |                                                               ~~~~~~~~~^~~~~
../Core/Src/main.c:114:24: warning: implicit declaration of function 'abs' [-Wimplicit-function-declaration]
  114 |                 IRdr = abs(IRdr);
      |                        ^~~
../Core/Src/main.c:21:1: note: include '<stdlib.h>' or provide a declaration of 'abs'
   20 | #include "main.h"
  +++ |+#include <stdlib.h>
   21 | 
../Core/Src/main.c: In function 'main':
../Core/Src/main.c:127:11: warning: implicit declaration of function 'sprintf' [-Wimplicit-function-declaration]
  127 |           sprintf(str, "%d\n\r", IRAngle);
      |           ^~~~~~~
../Core/Src/main.c:21:1: note: include '<stdio.h>' or provide a declaration of 'sprintf'
   20 | #include "main.h"
  +++ |+#include <stdio.h>
   21 | 
../Core/Src/main.c:127:11: warning: incompatible implicit declaration of built-in function 'sprintf' [-Wbuiltin-declaration-mismatch]
  127 |           sprintf(str, "%d\n\r", IRAngle);
      |           ^~~~~~~
../Core/Src/main.c:127:11: note: include '<stdio.h>' or provide a declaration of 'sprintf'
../Core/Src/main.c:128:44: warning: implicit declaration of function 'strlen' [-Wimplicit-function-declaration]
  128 |           HAL_UART_Transmit(&huart2, &str, strlen(str), 1000);
      |                                            ^~~~~~
../Core/Src/main.c:21:1: note: include '<string.h>' or provide a declaration of 'strlen'
   20 | #include "main.h"
  +++ |+#include <string.h>
   21 | 
../Core/Src/main.c:128:44: warning: incompatible implicit declaration of built-in function 'strlen' [-Wbuiltin-declaration-mismatch]
  128 |           HAL_UART_Transmit(&huart2, &str, strlen(str), 1000);
      |                                            ^~~~~~
../Core/Src/main.c:128:44: note: include '<string.h>' or provide a declaration of 'strlen'
../Core/Src/main.c:128:38: warning: passing argument 2 of 'HAL_UART_Transmit' from incompatible pointer type [-Wincompatible-pointer-types]
  128 |           HAL_UART_Transmit(&huart2, &str, strlen(str), 1000);
      |                                      ^~~~
      |                                      |
      |                                      char (*)[100]
In file included from ../Core/Inc/stm32f4xx_hal_conf.h:411,
                 from ../Drivers/STM32F4xx_HAL_Driver/Inc/stm32f4xx_hal.h:29,
                 from ../Core/Inc/main.h:30,
                 from ../Core/Src/main.c:20:
../Drivers/STM32F4xx_HAL_Driver/Inc/stm32f4xx_hal_uart.h:745:79: note: expected 'const uint8_t *' {aka 'const unsigned char *'} but argument is of type 'char (*)[100]'
  745 | HAL_StatusTypeDef HAL_UART_Transmit(UART_HandleTypeDef *huart, const uint8_t *pData, uint16_t Size, uint32_t Timeout);
      |                                                                ~~~~~~~~~~~~~~~^~~~~
arm-none-eabi-gcc -o "IRrecive.elf" @"objects.list"   -mcpu=cortex-m4 -T"C:\Users\mizun\Documents\GitHub\2024_Oidengiken\cubeIDE\ofence\IRrecive\STM32F446RETX_FLASH.ld" --specs=nosys.specs -Wl,-Map="IRrecive.map" -Wl,--gc-sections -static --specs=nano.specs -mfpu=fpv4-sp-d16 -mfloat-abi=hard -mthumb -Wl,--start-group -lc -lm -Wl,--end-group
Finished building target: IRrecive.elf
 
arm-none-eabi-size  IRrecive.elf 
arm-none-eabi-objdump -h -S IRrecive.elf  > "IRrecive.list"
   text	   data	    bss	    dec	    hex	filename
  14000	    100	   2044	  16144	   3f10	IRrecive.elf
Finished building: default.size.stdout
 
Finished building: IRrecive.list
 
15:54:42 **** Incremental Build of configuration Debug for project IRrecive ****
make -j16 all 
arm-none-eabi-gcc "../Core/Src/main.c" -mcpu=cortex-m4 -std=gnu11 -g3 -DDEBUG -DUSE_HAL_DRIVER -DSTM32F446xx -c -I../Core/Inc -I../Drivers/STM32F4xx_HAL_Driver/Inc -I../Drivers/STM32F4xx_HAL_Driver/Inc/Legacy -I../Drivers/CMSIS/Device/ST/STM32F4xx/Include -I../Drivers/CMSIS/Include -O0 -ffunction-sections -fdata-sections -Wall -fstack-usage -fcyclomatic-complexity -MMD -MP -MF"Core/Src/main.d" -MT"Core/Src/main.o" --specs=nano.specs -mfpu=fpv4-sp-d16 -mfloat-abi=hard -mthumb -o "Core/Src/main.o"
../Core/Src/main.c: In function 'getIR':
../Core/Src/main.c:105:51: warning: pointer targets in passing argument 2 of 'HAL_UART_Receive' differ in signedness [-Wpointer-sign]
  105 |                         HAL_UART_Receive(&huart1, &IRrevh, 1, 1000);
      |                                                   ^~~~~~~
      |                                                   |
      |                                                   char *
In file included from ../Core/Inc/stm32f4xx_hal_conf.h:411,
                 from ../Drivers/STM32F4xx_HAL_Driver/Inc/stm32f4xx_hal.h:29,
                 from ../Core/Inc/main.h:30,
                 from ../Core/Src/main.c:20:
../Drivers/STM32F4xx_HAL_Driver/Inc/stm32f4xx_hal_uart.h:746:72: note: expected 'uint8_t *' {aka 'unsigned char *'} but argument is of type 'char *'
  746 | HAL_StatusTypeDef HAL_UART_Receive(UART_HandleTypeDef *huart, uint8_t *pData, uint16_t Size, uint32_t Timeout);
      |                                                               ~~~~~~~~~^~~~~
../Core/Src/main.c:108:43: warning: passing argument 2 of 'HAL_UART_Receive' from incompatible pointer type [-Wincompatible-pointer-types]
  108 |                 HAL_UART_Receive(&huart1, &IRrev, 2, 1000);
      |                                           ^~~~~~
      |                                           |
      |                                           char (*)[2]
In file included from ../Core/Inc/stm32f4xx_hal_conf.h:411,
                 from ../Drivers/STM32F4xx_HAL_Driver/Inc/stm32f4xx_hal.h:29,
                 from ../Core/Inc/main.h:30,
                 from ../Core/Src/main.c:20:
../Drivers/STM32F4xx_HAL_Driver/Inc/stm32f4xx_hal_uart.h:746:72: note: expected 'uint8_t *' {aka 'unsigned char *'} but argument is of type 'char (*)[2]'
  746 | HAL_StatusTypeDef HAL_UART_Receive(UART_HandleTypeDef *huart, uint8_t *pData, uint16_t Size, uint32_t Timeout);
      |                                                               ~~~~~~~~~^~~~~
../Core/Src/main.c:114:24: warning: implicit declaration of function 'abs' [-Wimplicit-function-declaration]
  114 |                 IRdr = abs(IRdr);
      |                        ^~~
../Core/Src/main.c:21:1: note: include '<stdlib.h>' or provide a declaration of 'abs'
   20 | #include "main.h"
  +++ |+#include <stdlib.h>
   21 | 
../Core/Src/main.c: In function 'main':
../Core/Src/main.c:127:11: warning: implicit declaration of function 'sprintf' [-Wimplicit-function-declaration]
  127 |           sprintf(str, "%d\n\r", IRAngle);
      |           ^~~~~~~
../Core/Src/main.c:21:1: note: include '<stdio.h>' or provide a declaration of 'sprintf'
   20 | #include "main.h"
  +++ |+#include <stdio.h>
   21 | 
../Core/Src/main.c:127:11: warning: incompatible implicit declaration of built-in function 'sprintf' [-Wbuiltin-declaration-mismatch]
  127 |           sprintf(str, "%d\n\r", IRAngle);
      |           ^~~~~~~
../Core/Src/main.c:127:11: note: include '<stdio.h>' or provide a declaration of 'sprintf'
../Core/Src/main.c:128:44: warning: implicit declaration of function 'strlen' [-Wimplicit-function-declaration]
  128 |           HAL_UART_Transmit(&huart2, &str, strlen(str), 1000);
      |                                            ^~~~~~
../Core/Src/main.c:21:1: note: include '<string.h>' or provide a declaration of 'strlen'
   20 | #include "main.h"
  +++ |+#include <string.h>
   21 | 
../Core/Src/main.c:128:44: warning: incompatible implicit declaration of built-in function 'strlen' [-Wbuiltin-declaration-mismatch]
  128 |           HAL_UART_Transmit(&huart2, &str, strlen(str), 1000);
      |                                            ^~~~~~
../Core/Src/main.c:128:44: note: include '<string.h>' or provide a declaration of 'strlen'
../Core/Src/main.c:128:38: warning: passing argument 2 of 'HAL_UART_Transmit' from incompatible pointer type [-Wincompatible-pointer-types]
  128 |           HAL_UART_Transmit(&huart2, &str, strlen(str), 1000);
      |                                      ^~~~
      |                                      |
      |                                      char (*)[100]
In file included from ../Core/Inc/stm32f4xx_hal_conf.h:411,
                 from ../Drivers/STM32F4xx_HAL_Driver/Inc/stm32f4xx_hal.h:29,
                 from ../Core/Inc/main.h:30,
                 from ../Core/Src/main.c:20:
../Drivers/STM32F4xx_HAL_Driver/Inc/stm32f4xx_hal_uart.h:745:79: note: expected 'const uint8_t *' {aka 'const unsigned char *'} but argument is of type 'char (*)[100]'
  745 | HAL_StatusTypeDef HAL_UART_Transmit(UART_HandleTypeDef *huart, const uint8_t *pData, uint16_t Size, uint32_t Timeout);
      |                                                                ~~~~~~~~~~~~~~~^~~~~
arm-none-eabi-gcc -o "IRrecive.elf" @"objects.list"   -mcpu=cortex-m4 -T"C:\Users\mizun\Documents\GitHub\2024_Oidengiken\cubeIDE\ofence\IRrecive\STM32F446RETX_FLASH.ld" --specs=nosys.specs -Wl,-Map="IRrecive.map" -Wl,--gc-sections -static --specs=nano.specs -mfpu=fpv4-sp-d16 -mfloat-abi=hard -mthumb -Wl,--start-group -lc -lm -Wl,--end-group
Finished building target: IRrecive.elf
 
arm-none-eabi-size  IRrecive.elf 
arm-none-eabi-objdump -h -S IRrecive.elf  > "IRrecive.list"
   text	   data	    bss	    dec	    hex	filename
  13976	    100	   2044	  16120	   3ef8	IRrecive.elf
Finished building: default.size.stdout
 
Finished building: IRrecive.list
 
16:17:03 **** Incremental Build of configuration Debug for project IRrecive ****
make -j16 all 
arm-none-eabi-gcc "../Core/Src/main.c" -mcpu=cortex-m4 -std=gnu11 -g3 -DDEBUG -DUSE_HAL_DRIVER -DSTM32F446xx -c -I../Core/Inc -I../Drivers/STM32F4xx_HAL_Driver/Inc -I../Drivers/STM32F4xx_HAL_Driver/Inc/Legacy -I../Drivers/CMSIS/Device/ST/STM32F4xx/Include -I../Drivers/CMSIS/Include -O0 -ffunction-sections -fdata-sections -Wall -fstack-usage -fcyclomatic-complexity -MMD -MP -MF"Core/Src/main.d" -MT"Core/Src/main.o" --specs=nano.specs -mfpu=fpv4-sp-d16 -mfloat-abi=hard -mthumb -o "Core/Src/main.o"
../Core/Src/main.c: In function 'getIR':
../Core/Src/main.c:105:51: warning: pointer targets in passing argument 2 of 'HAL_UART_Receive' differ in signedness [-Wpointer-sign]
  105 |                         HAL_UART_Receive(&huart1, &IRrevh, 1, 1000);
      |                                                   ^~~~~~~
      |                                                   |
      |                                                   char *
In file included from ../Core/Inc/stm32f4xx_hal_conf.h:411,
                 from ../Drivers/STM32F4xx_HAL_Driver/Inc/stm32f4xx_hal.h:29,
                 from ../Core/Inc/main.h:30,
                 from ../Core/Src/main.c:20:
../Drivers/STM32F4xx_HAL_Driver/Inc/stm32f4xx_hal_uart.h:746:72: note: expected 'uint8_t *' {aka 'unsigned char *'} but argument is of type 'char *'
  746 | HAL_StatusTypeDef HAL_UART_Receive(UART_HandleTypeDef *huart, uint8_t *pData, uint16_t Size, uint32_t Timeout);
      |                                                               ~~~~~~~~~^~~~~
../Core/Src/main.c:108:43: warning: passing argument 2 of 'HAL_UART_Receive' from incompatible pointer type [-Wincompatible-pointer-types]
  108 |                 HAL_UART_Receive(&huart1, &IRrev, 2, 1000);
      |                                           ^~~~~~
      |                                           |
      |                                           char (*)[2]
In file included from ../Core/Inc/stm32f4xx_hal_conf.h:411,
                 from ../Drivers/STM32F4xx_HAL_Driver/Inc/stm32f4xx_hal.h:29,
                 from ../Core/Inc/main.h:30,
                 from ../Core/Src/main.c:20:
../Drivers/STM32F4xx_HAL_Driver/Inc/stm32f4xx_hal_uart.h:746:72: note: expected 'uint8_t *' {aka 'unsigned char *'} but argument is of type 'char (*)[2]'
  746 | HAL_StatusTypeDef HAL_UART_Receive(UART_HandleTypeDef *huart, uint8_t *pData, uint16_t Size, uint32_t Timeout);
      |                                                               ~~~~~~~~~^~~~~
../Core/Src/main.c:114:24: warning: implicit declaration of function 'abs' [-Wimplicit-function-declaration]
  114 |                 IRdr = abs(IRdr);
      |                        ^~~
../Core/Src/main.c:21:1: note: include '<stdlib.h>' or provide a declaration of 'abs'
   20 | #include "main.h"
  +++ |+#include <stdlib.h>
   21 | 
../Core/Src/main.c: In function 'main':
../Core/Src/main.c:127:11: warning: implicit declaration of function 'sprintf' [-Wimplicit-function-declaration]
  127 |           sprintf(str, "%d\n\r", IRorigin);
      |           ^~~~~~~
../Core/Src/main.c:21:1: note: include '<stdio.h>' or provide a declaration of 'sprintf'
   20 | #include "main.h"
  +++ |+#include <stdio.h>
   21 | 
../Core/Src/main.c:127:11: warning: incompatible implicit declaration of built-in function 'sprintf' [-Wbuiltin-declaration-mismatch]
  127 |           sprintf(str, "%d\n\r", IRorigin);
      |           ^~~~~~~
../Core/Src/main.c:127:11: note: include '<stdio.h>' or provide a declaration of 'sprintf'
../Core/Src/main.c:128:44: warning: implicit declaration of function 'strlen' [-Wimplicit-function-declaration]
  128 |           HAL_UART_Transmit(&huart2, &str, strlen(str), 1000);
      |                                            ^~~~~~
../Core/Src/main.c:21:1: note: include '<string.h>' or provide a declaration of 'strlen'
   20 | #include "main.h"
  +++ |+#include <string.h>
   21 | 
../Core/Src/main.c:128:44: warning: incompatible implicit declaration of built-in function 'strlen' [-Wbuiltin-declaration-mismatch]
  128 |           HAL_UART_Transmit(&huart2, &str, strlen(str), 1000);
      |                                            ^~~~~~
../Core/Src/main.c:128:44: note: include '<string.h>' or provide a declaration of 'strlen'
../Core/Src/main.c:128:38: warning: passing argument 2 of 'HAL_UART_Transmit' from incompatible pointer type [-Wincompatible-pointer-types]
  128 |           HAL_UART_Transmit(&huart2, &str, strlen(str), 1000);
      |                                      ^~~~
      |                                      |
      |                                      char (*)[100]
In file included from ../Core/Inc/stm32f4xx_hal_conf.h:411,
                 from ../Drivers/STM32F4xx_HAL_Driver/Inc/stm32f4xx_hal.h:29,
                 from ../Core/Inc/main.h:30,
                 from ../Core/Src/main.c:20:
../Drivers/STM32F4xx_HAL_Driver/Inc/stm32f4xx_hal_uart.h:745:79: note: expected 'const uint8_t *' {aka 'const unsigned char *'} but argument is of type 'char (*)[100]'
  745 | HAL_StatusTypeDef HAL_UART_Transmit(UART_HandleTypeDef *huart, const uint8_t *pData, uint16_t Size, uint32_t Timeout);
      |                                                                ~~~~~~~~~~~~~~~^~~~~
../Core/Src/main.c:101:13: warning: variable 'IRAngle' set but not used [-Wunused-but-set-variable]
  101 |         int IRAngle;
      |             ^~~~~~~
arm-none-eabi-gcc -o "IRrecive.elf" @"objects.list"   -mcpu=cortex-m4 -T"C:\Users\mizun\Documents\GitHub\2024_Oidengiken\cubeIDE\ofence\IRrecive\STM32F446RETX_FLASH.ld" --specs=nosys.specs -Wl,-Map="IRrecive.map" -Wl,--gc-sections -static --specs=nano.specs -mfpu=fpv4-sp-d16 -mfloat-abi=hard -mthumb -Wl,--start-group -lc -lm -Wl,--end-group
Finished building target: IRrecive.elf
 
arm-none-eabi-size  IRrecive.elf 
arm-none-eabi-objdump -h -S IRrecive.elf  > "IRrecive.list"
   text	   data	    bss	    dec	    hex	filename
  13976	    100	   2044	  16120	   3ef8	IRrecive.elf
Finished building: default.size.stdout
 
Finished building: IRrecive.list
 
17:25:03 **** Incremental Build of configuration Debug for project IRrecive ****
make -j16 all 
arm-none-eabi-gcc "../Core/Src/main.c" -mcpu=cortex-m4 -std=gnu11 -g3 -DDEBUG -DUSE_HAL_DRIVER -DSTM32F446xx -c -I../Core/Inc -I../Drivers/STM32F4xx_HAL_Driver/Inc -I../Drivers/STM32F4xx_HAL_Driver/Inc/Legacy -I../Drivers/CMSIS/Device/ST/STM32F4xx/Include -I../Drivers/CMSIS/Include -O0 -ffunction-sections -fdata-sections -Wall -fstack-usage -fcyclomatic-complexity -MMD -MP -MF"Core/Src/main.d" -MT"Core/Src/main.o" --specs=nano.specs -mfpu=fpv4-sp-d16 -mfloat-abi=hard -mthumb -o "Core/Src/main.o"
../Core/Src/main.c: In function 'getIR':
../Core/Src/main.c:105:51: warning: pointer targets in passing argument 2 of 'HAL_UART_Receive' differ in signedness [-Wpointer-sign]
  105 |                         HAL_UART_Receive(&huart1, &IRrevh, 1, 1000);
      |                                                   ^~~~~~~
      |                                                   |
      |                                                   char *
In file included from ../Core/Inc/stm32f4xx_hal_conf.h:411,
                 from ../Drivers/STM32F4xx_HAL_Driver/Inc/stm32f4xx_hal.h:29,
                 from ../Core/Inc/main.h:30,
                 from ../Core/Src/main.c:20:
../Drivers/STM32F4xx_HAL_Driver/Inc/stm32f4xx_hal_uart.h:746:72: note: expected 'uint8_t *' {aka 'unsigned char *'} but argument is of type 'char *'
  746 | HAL_StatusTypeDef HAL_UART_Receive(UART_HandleTypeDef *huart, uint8_t *pData, uint16_t Size, uint32_t Timeout);
      |                                                               ~~~~~~~~~^~~~~
../Core/Src/main.c:108:43: warning: passing argument 2 of 'HAL_UART_Receive' from incompatible pointer type [-Wincompatible-pointer-types]
  108 |                 HAL_UART_Receive(&huart1, &IRrev, 2, 1000);
      |                                           ^~~~~~
      |                                           |
      |                                           char (*)[2]
In file included from ../Core/Inc/stm32f4xx_hal_conf.h:411,
                 from ../Drivers/STM32F4xx_HAL_Driver/Inc/stm32f4xx_hal.h:29,
                 from ../Core/Inc/main.h:30,
                 from ../Core/Src/main.c:20:
../Drivers/STM32F4xx_HAL_Driver/Inc/stm32f4xx_hal_uart.h:746:72: note: expected 'uint8_t *' {aka 'unsigned char *'} but argument is of type 'char (*)[2]'
  746 | HAL_StatusTypeDef HAL_UART_Receive(UART_HandleTypeDef *huart, uint8_t *pData, uint16_t Size, uint32_t Timeout);
      |                                                               ~~~~~~~~~^~~~~
../Core/Src/main.c:114:24: warning: implicit declaration of function 'abs' [-Wimplicit-function-declaration]
  114 |                 IRdr = abs(IRdr);
      |                        ^~~
../Core/Src/main.c:21:1: note: include '<stdlib.h>' or provide a declaration of 'abs'
   20 | #include "main.h"
  +++ |+#include <stdlib.h>
   21 | 
../Core/Src/main.c: In function 'main':
../Core/Src/main.c:127:11: warning: implicit declaration of function 'sprintf' [-Wimplicit-function-declaration]
  127 |           sprintf(str, "%d\n\r", IRAngle);
      |           ^~~~~~~
../Core/Src/main.c:21:1: note: include '<stdio.h>' or provide a declaration of 'sprintf'
   20 | #include "main.h"
  +++ |+#include <stdio.h>
   21 | 
../Core/Src/main.c:127:11: warning: incompatible implicit declaration of built-in function 'sprintf' [-Wbuiltin-declaration-mismatch]
  127 |           sprintf(str, "%d\n\r", IRAngle);
      |           ^~~~~~~
../Core/Src/main.c:127:11: note: include '<stdio.h>' or provide a declaration of 'sprintf'
../Core/Src/main.c:128:44: warning: implicit declaration of function 'strlen' [-Wimplicit-function-declaration]
  128 |           HAL_UART_Transmit(&huart2, &str, strlen(str), 1000);
      |                                            ^~~~~~
../Core/Src/main.c:21:1: note: include '<string.h>' or provide a declaration of 'strlen'
   20 | #include "main.h"
  +++ |+#include <string.h>
   21 | 
../Core/Src/main.c:128:44: warning: incompatible implicit declaration of built-in function 'strlen' [-Wbuiltin-declaration-mismatch]
  128 |           HAL_UART_Transmit(&huart2, &str, strlen(str), 1000);
      |                                            ^~~~~~
../Core/Src/main.c:128:44: note: include '<string.h>' or provide a declaration of 'strlen'
../Core/Src/main.c:128:38: warning: passing argument 2 of 'HAL_UART_Transmit' from incompatible pointer type [-Wincompatible-pointer-types]
  128 |           HAL_UART_Transmit(&huart2, &str, strlen(str), 1000);
      |                                      ^~~~
      |                                      |
      |                                      char (*)[100]
In file included from ../Core/Inc/stm32f4xx_hal_conf.h:411,
                 from ../Drivers/STM32F4xx_HAL_Driver/Inc/stm32f4xx_hal.h:29,
                 from ../Core/Inc/main.h:30,
                 from ../Core/Src/main.c:20:
../Drivers/STM32F4xx_HAL_Driver/Inc/stm32f4xx_hal_uart.h:745:79: note: expected 'const uint8_t *' {aka 'const unsigned char *'} but argument is of type 'char (*)[100]'
  745 | HAL_StatusTypeDef HAL_UART_Transmit(UART_HandleTypeDef *huart, const uint8_t *pData, uint16_t Size, uint32_t Timeout);
      |                                                                ~~~~~~~~~~~~~~~^~~~~
[...]
../Drivers/STM32F4xx_HAL_Driver/Inc/stm32f4xx_hal_uart.h:745:79: note: expected 'const uint8_t *' {aka 'const unsigned char *'} but argument is of type 'char (*)[10]'
  745 | HAL_StatusTypeDef HAL_UART_Transmit(UART_HandleTypeDef *huart, const uint8_t *pData, uint16_t Size, uint32_t Timeout);
      |                                                                ~~~~~~~~~~~~~~~^~~~~
../Core/Src/main.c:167:32: warning: unused variable 'Lline' [-Wunused-variable]
  167 |         double Vxline, Vyline, Lline;
      |                                ^~~~~
../Core/Src/main.c:167:24: warning: unused variable 'Vyline' [-Wunused-variable]
  167 |         double Vxline, Vyline, Lline;
      |                        ^~~~~~
../Core/Src/main.c:167:16: warning: unused variable 'Vxline' [-Wunused-variable]
  167 |         double Vxline, Vyline, Lline;
      |                ^~~~~~
../Core/Src/main.c:164:15: warning: unused variable 'pi' [-Wunused-variable]
  164 |         float pi = 3.14; //3.141592
      |               ^~
../Core/Src/main.c:148:14: warning: unused variable 'kaigyou' [-Wunused-variable]
  148 |         char kaigyou[] = "\n\r";
      |              ^~~~~~~
../Core/Src/main.c:145:13: warning: unused variable 'defence_distance' [-Wunused-variable]
  145 |         int defence_distance;
      |             ^~~~~~~~~~~~~~~~
../Core/Src/main.c:144:13: warning: unused variable 'defence_angle' [-Wunused-variable]
  144 |         int defence_angle;
      |             ^~~~~~~~~~~~~
../Core/Src/main.c:143:13: warning: unused variable 'attack_distance' [-Wunused-variable]
  143 |         int attack_distance;
      |             ^~~~~~~~~~~~~~~
../Core/Src/main.c:142:13: warning: unused variable 'attack_angle' [-Wunused-variable]
  142 |         int attack_angle;
      |             ^~~~~~~~~~~~
../Core/Src/main.c:141:13: warning: unused variable 'MVrev_number' [-Wunused-variable]
  141 |         int MVrev_number[4];
      |             ^~~~~~~~~~~~
../Core/Src/main.c:140:14: warning: unused variable 'MVrev' [-Wunused-variable]
  140 |         char MVrev[4];
      |              ^~~~~
../Core/Src/main.c:139:13: warning: unused variable 'MVrevh_number' [-Wunused-variable]
  139 |         int MVrevh_number;
      |             ^~~~~~~~~~~~~
../Core/Src/main.c:138:14: warning: unused variable 'MVrevh' [-Wunused-variable]
  138 |         char MVrevh;
      |              ^~~~~~
../Core/Src/main.c:131:13: warning: variable 'IMUrevh_number' set but not used [-Wunused-but-set-variable]
  131 |         int IMUrevh_number;
      |             ^~~~~~~~~~~~~~
../Core/Src/main.c:127:13: warning: unused variable 'IR_ave' [-Wunused-variable]
  127 |         int IR_ave;
      |             ^~~~~~
../Core/Src/main.c:125:13: warning: unused variable 'mawarikomu' [-Wunused-variable]
  125 |         int mawarikomu;
      |             ^~~~~~~~~~
../Core/Src/main.c:117:13: warning: variable 'IRrevh_number' set but not used [-Wunused-but-set-variable]
  117 |         int IRrevh_number;
      |             ^~~~~~~~~~~~~
At top level:
../Core/Src/main.c:304:14: warning: 'Improveattitude_target' defined but not used [-Wunused-function]
  304 |         void Improveattitude_target(int Angle, int basic) {
      |              ^~~~~~~~~~~~~~~~~~~~~~
arm-none-eabi-gcc -o "ofence_normal.elf" @"objects.list"   -mcpu=cortex-m4 -T"C:\Users\mizun\Documents\GitHub\2024_Oidengiken\cubeIDE\ofence\ofence_normal\STM32F446RETX_FLASH.ld" --specs=nosys.specs -Wl,-Map="ofence_normal.map" -Wl,--gc-sections -static --specs=nano.specs -mfpu=fpv4-sp-d16 -mfloat-abi=hard -mthumb -Wl,--start-group -lc -lm -Wl,--end-group
Finished building target: ofence_normal.elf
 
arm-none-eabi-size  ofence_normal.elf 
arm-none-eabi-objdump -h -S ofence_normal.elf  > "ofence_normal.list"
   text	   data	    bss	    dec	    hex	filename
  26788	    100	   2332	  29220	   7224	ofence_normal.elf
Finished building: default.size.stdout
 
Finished building: ofence_normal.list
 
17:23:04 **** Incremental Build of configuration Debug for project ofence_normal ****
make -j16 all 
arm-none-eabi-gcc "../Core/Src/main.c" -mcpu=cortex-m4 -std=gnu11 -g3 -DDEBUG -DUSE_HAL_DRIVER -DSTM32F446xx -c -I../Core/Inc -I../Drivers/STM32F4xx_HAL_Driver/Inc -I../Drivers/STM32F4xx_HAL_Driver/Inc/Legacy -I../Drivers/CMSIS/Device/ST/STM32F4xx/Include -I../Drivers/CMSIS/Include -O0 -ffunction-sections -fdata-sections -Wall -fstack-usage -fcyclomatic-complexity -MMD -MP -MF"Core/Src/main.d" -MT"Core/Src/main.o" --specs=nano.specs -mfpu=fpv4-sp-d16 -mfloat-abi=hard -mthumb -o "Core/Src/main.o"
../Core/Src/main.c: In function 'main':
../Core/Src/main.c:162:29: warning: missing braces around initializer [-Wmissing-braces]
  162 |         double kesu[4][3] = { 1, 1, 0.00, 1, -1, 0.00, -1, -1, 0.00, -1, 1, 0.00, };
      |                             ^
      |                               {         } {          } {           } {            }
../Core/Src/main.c: In function 'getLinedata':
../Core/Src/main.c:176:51: warning: pointer targets in passing argument 2 of 'HAL_UART_Receive' differ in signedness [-Wpointer-sign]
  176 |                         HAL_UART_Receive(&huart5, &Linerevh, 1, 1000);
      |                                                   ^~~~~~~~~
      |                                                   |
      |                                                   char *
In file included from ../Core/Inc/stm32f4xx_hal_conf.h:411,
                 from ../Drivers/STM32F4xx_HAL_Driver/Inc/stm32f4xx_hal.h:29,
                 from ../Core/Inc/main.h:30,
                 from ../Core/Src/main.c:20:
../Drivers/STM32F4xx_HAL_Driver/Inc/stm32f4xx_hal_uart.h:746:72: note: expected 'uint8_t *' {aka 'unsigned char *'} but argument is of type 'char *'
  746 | HAL_StatusTypeDef HAL_UART_Receive(UART_HandleTypeDef *huart, uint8_t *pData, uint16_t Size, uint32_t Timeout);
      |                                                               ~~~~~~~~~^~~~~
../Core/Src/main.c:179:43: warning: passing argument 2 of 'HAL_UART_Receive' from incompatible pointer type [-Wincompatible-pointer-types]
  179 |                 HAL_UART_Receive(&huart5, &Linerev, 2, 1000);
      |                                           ^~~~~~~~
      |                                           |
      |                                           char (*)[2]
In file included from ../Core/Inc/stm32f4xx_hal_conf.h:411,
                 from ../Drivers/STM32F4xx_HAL_Driver/Inc/stm32f4xx_hal.h:29,
                 from ../Core/Inc/main.h:30,
                 from ../Core/Src/main.c:20:
../Drivers/STM32F4xx_HAL_Driver/Inc/stm32f4xx_hal_uart.h:746:72: note: expected 'uint8_t *' {aka 'unsigned char *'} but argument is of type 'char (*)[2]'
  746 | HAL_StatusTypeDef HAL_UART_Receive(UART_HandleTypeDef *huart, uint8_t *pData, uint16_t Size, uint32_t Timeout);
      |                                                               ~~~~~~~~~^~~~~
../Core/Src/main.c:197:29: warning: implicit declaration of function 'abs' [-Wimplicit-function-declaration]
  197 |                 LinePower = abs(LinePower);
      |                             ^~~
../Core/Src/main.c:21:1: note: include '<stdlib.h>' or provide a declaration of 'abs'
   20 | #include "main.h"
  +++ |+#include <stdlib.h>
   21 | 
../Core/Src/main.c: In function 'getIR':
../Core/Src/main.c:205:51: warning: pointer targets in passing argument 2 of 'HAL_UART_Receive' differ in signedness [-Wpointer-sign]
  205 |                         HAL_UART_Receive(&huart1, &IRrevh, sizeof(Linerevh), 1000);
      |                                                   ^~~~~~~
      |                                                   |
      |                                                   char *
In file included from ../Core/Inc/stm32f4xx_hal_conf.h:411,
                 from ../Drivers/STM32F4xx_HAL_Driver/Inc/stm32f4xx_hal.h:29,
                 from ../Core/Inc/main.h:30,
                 from ../Core/Src/main.c:20:
../Drivers/STM32F4xx_HAL_Driver/Inc/stm32f4xx_hal_uart.h:746:72: note: expected 'uint8_t *' {aka 'unsigned char *'} but argument is of type 'char *'
  746 | HAL_StatusTypeDef HAL_UART_Receive(UART_HandleTypeDef *huart, uint8_t *pData, uint16_t Size, uint32_t Timeout);
      |                                                               ~~~~~~~~~^~~~~
../Core/Src/main.c:208:43: warning: passing argument 2 of 'HAL_UART_Receive' from incompatible pointer type [-Wincompatible-pointer-types]
  208 |                 HAL_UART_Receive(&huart1, &IRrev, 2, 1000);
      |                                           ^~~~~~
      |                                           |
      |                                           char (*)[2]
In file included from ../Core/Inc/stm32f4xx_hal_conf.h:411,
                 from ../Drivers/STM32F4xx_HAL_Driver/Inc/stm32f4xx_hal.h:29,
                 from ../Core/Inc/main.h:30,
                 from ../Core/Src/main.c:20:
../Drivers/STM32F4xx_HAL_Driver/Inc/stm32f4xx_hal_uart.h:746:72: note: expected 'uint8_t *' {aka 'unsigned char *'} but argument is of type 'char (*)[2]'
  746 | HAL_StatusTypeDef HAL_UART_Receive(UART_HandleTypeDef *huart, uint8_t *pData, uint16_t Size, uint32_t Timeout);
      |                                                               ~~~~~~~~~^~~~~
../Core/Src/main.c:228:17: warning: implicit declaration of function 'memmove' [-Wimplicit-function-declaration]
  228 |                 memmove(&IRvalue[0], &IRvalue[1], sizeof(IRvalue[0]) * (19 - 0));
      |                 ^~~~~~~
../Core/Src/main.c:21:1: note: include '<string.h>' or provide a declaration of 'memmove'
   20 | #include "main.h"
  +++ |+#include <string.h>
   21 | 
../Core/Src/main.c:228:17: warning: incompatible implicit declaration of built-in function 'memmove' [-Wbuiltin-declaration-mismatch]
  228 |                 memmove(&IRvalue[0], &IRvalue[1], sizeof(IRvalue[0]) * (19 - 0));
      |                 ^~~~~~~
../Core/Src/main.c:228:17: note: include '<string.h>' or provide a declaration of 'memmove'
../Core/Src/main.c: In function 'getIMU':
../Core/Src/main.c:237:51: warning: pointer targets in passing argument 2 of 'HAL_UART_Receive' differ in signedness [-Wpointer-sign]
  237 |                         HAL_UART_Receive(&huart3, &IMUrevh, sizeof(Linerevh), 1000);
      |                                                   ^~~~~~~~
      |                                                   |
      |                                                   char *
In file included from ../Core/Inc/stm32f4xx_hal_conf.h:411,
                 from ../Drivers/STM32F4xx_HAL_Driver/Inc/stm32f4xx_hal.h:29,
                 from ../Core/Inc/main.h:30,
                 from ../Core/Src/main.c:20:
../Drivers/STM32F4xx_HAL_Driver/Inc/stm32f4xx_hal_uart.h:746:72: note: expected 'uint8_t *' {aka 'unsigned char *'} but argument is of type 'char *'
  746 | HAL_StatusTypeDef HAL_UART_Receive(UART_HandleTypeDef *huart, uint8_t *pData, uint16_t Size, uint32_t Timeout);
      |                                                               ~~~~~~~~~^~~~~
../Core/Src/main.c:240:43: warning: passing argument 2 of 'HAL_UART_Receive' from incompatible pointer type [-Wincompatible-pointer-types]
  240 |                 HAL_UART_Receive(&huart3, &IMUrev, 2, 10);
      |                                           ^~~~~~~
      |                                           |
      |                                           char (*)[2]
In file included from ../Core/Inc/stm32f4xx_hal_conf.h:411,
                 from ../Drivers/STM32F4xx_HAL_Driver/Inc/stm32f4xx_hal.h:29,
                 from ../Core/Inc/main.h:30,
                 from ../Core/Src/main.c:20:
../Drivers/STM32F4xx_HAL_Driver/Inc/stm32f4xx_hal_uart.h:746:72: note: expected 'uint8_t *' {aka 'unsigned char *'} but argument is of type 'char (*)[2]'
  746 | HAL_StatusTypeDef HAL_UART_Receive(UART_HandleTypeDef *huart, uint8_t *pData, uint16_t Size, uint32_t Timeout);
      |                                                               ~~~~~~~~~^~~~~
../Core/Src/main.c: In function 'LineMove':
../Core/Src/main.c:339:22: warning: implicit declaration of function 'sin' [-Wimplicit-function-declaration]
  339 |                 Vx = sin(rad);
      |                      ^~~
../Core/Src/main.c:21:1: note: include '<math.h>' or provide a declaration of 'sin'
   20 | #include "main.h"
  +++ |+#include <math.h>
   21 | 
../Core/Src/main.c:339:22: warning: incompatible implicit declaration of built-in function 'sin' [-Wbuiltin-declaration-mismatch]
  339 |                 Vx = sin(rad);
      |                      ^~~
../Core/Src/main.c:339:22: note: include '<math.h>' or provide a declaration of 'sin'
../Core/Src/main.c:340:22: warning: implicit declaration of function 'cos' [-Wimplicit-function-declaration]
  340 |                 Vy = cos(rad);
      |                      ^~~
../Core/Src/main.c:340:22: note: include '<math.h>' or provide a declaration of 'cos'
../Core/Src/main.c:340:22: warning: incompatible implicit declaration of built-in function 'cos' [-Wbuiltin-declaration-mismatch]
../Core/Src/main.c:340:22: note: include '<math.h>' or provide a declaration of 'cos'
../Core/Src/main.c: In function 'Angle_Movesub':
../Core/Src/main.c:357:22: warning: incompatible implicit declaration of built-in function 'sin' [-Wbuiltin-declaration-mismatch]
  357 |                 Vx = sin(rad);
      |                      ^~~
../Core/Src/main.c:357:22: note: include '<math.h>' or provide a declaration of 'sin'
../Core/Src/main.c:358:22: warning: incompatible implicit declaration of built-in function 'cos' [-Wbuiltin-declaration-mismatch]
  358 |                 Vy = cos(rad);
      |                      ^~~
../Core/Src/main.c:358:22: note: include '<math.h>' or provide a declaration of 'cos'
../Core/Src/main.c: In function 'main':
../Core/Src/main.c:422:17: warning: implicit declaration of function 'sprintf' [-Wimplicit-function-declaration]
  422 |                 sprintf(str, "%d\n\r", IRAngle);
      |                 ^~~~~~~
../Core/Src/main.c:21:1: note: include '<stdio.h>' or provide a declaration of 'sprintf'
   20 | #include "main.h"
  +++ |+#include <stdio.h>
   21 | 
../Core/Src/main.c:422:17: warning: incompatible implicit declaration of built-in function 'sprintf' [-Wbuiltin-declaration-mismatch]
  422 |                 sprintf(str, "%d\n\r", IRAngle);
      |                 ^~~~~~~
../Core/Src/main.c:422:17: note: include '<stdio.h>' or provide a declaration of 'sprintf'
../Core/Src/main.c:423:50: warning: implicit declaration of function 'strlen' [-Wimplicit-function-declaration]
  423 |                 HAL_UART_Transmit(&huart2, &str, strlen(str), 1000);
      |                                                  ^~~~~~
../Core/Src/main.c:423:50: note: include '<string.h>' or provide a declaration of 'strlen'
../Core/Src/main.c:423:50: warning: incompatible implicit declaration of built-in function 'strlen' [-Wbuiltin-declaration-mismatch]
../Core/Src/main.c:423:50: note: include '<string.h>' or provide a declaration of 'strlen'
../Core/Src/main.c:423:44: warning: passing argument 2 of 'HAL_UART_Transmit' from incompatible pointer type [-Wincompatible-pointer-types]
  423 |                 HAL_UART_Transmit(&huart2, &str, strlen(str), 1000);
      |                                            ^~~~
      |                                            |
      |                                            char (*)[10]
In file included from ../Core/Inc/stm32f4xx_hal_conf.h:411,
                 from ../Drivers/STM32F4xx_HAL_Driver/Inc/stm32f4xx_hal.h:29,
                 from ../Core/Inc/main.h:30,
                 from ../Core/Src/main.c:20:
../Drivers/STM32F4xx_HAL_Driver/Inc/stm32f4xx_hal_uart.h:745:79: note: expected 'const uint8_t *' {aka 'const unsigned char *'} but argument is of type 'char (*)[10]'
  745 | HAL_StatusTypeDef HAL_UART_Transmit(UART_HandleTypeDef *huart, const uint8_t *pData, uint16_t Size, uint32_t Timeout);
      |                                                                ~~~~~~~~~~~~~~~^~~~~
../Core/Src/main.c:173:13: warning: unused variable 'allpower' [-Wunused-variable]
  173 |         int allpower;
      |             ^~~~~~~~
../Core/Src/main.c:167:32: warning: unused variable 'Lline' [-Wunused-variable]
  167 |         double Vxline, Vyline, Lline;
      |                                ^~~~~
../Core/Src/main.c:167:24: warning: unused variable 'Vyline' [-Wunused-variable]
  167 |         double Vxline, Vyline, Lline;
      |                        ^~~~~~
../Core/Src/main.c:167:16: warning: unused variable 'Vxline' [-Wunused-variable]
  167 |         double Vxline, Vyline, Lline;
      |                ^~~~~~
../Core/Src/main.c:164:15: warning: unused variable 'pi' [-Wunused-variable]
  164 |         float pi = 3.14; //3.141592
      |               ^~
../Core/Src/main.c:148:14: warning: unused variable 'kaigyou' [-Wunused-variable]
  148 |         char kaigyou[] = "\n\r";
      |              ^~~~~~~
../Core/Src/main.c:145:13: warning: unused variable 'defence_distance' [-Wunused-variable]
  145 |         int defence_distance;
      |             ^~~~~~~~~~~~~~~~
../Core/Src/main.c:144:13: warning: unused variable 'defence_angle' [-Wunused-variable]
  144 |         int defence_angle;
      |             ^~~~~~~~~~~~~
../Core/Src/main.c:143:13: warning: unused variable 'attack_distance' [-Wunused-variable]
  143 |         int attack_distance;
      |             ^~~~~~~~~~~~~~~
../Core/Src/main.c:142:13: warning: unused variable 'attack_angle' [-Wunused-variable]
  142 |         int attack_angle;
      |             ^~~~~~~~~~~~
../Core/Src/main.c:141:13: warning: unused variable 'MVrev_number' [-Wunused-variable]
  141 |         int MVrev_number[4];
      |             ^~~~~~~~~~~~
../Core/Src/main.c:140:14: warning: unused variable 'MVrev' [-Wunused-variable]
  140 |         char MVrev[4];
      |              ^~~~~
../Core/Src/main.c:139:13: warning: unused variable 'MVrevh_number' [-Wunused-variable]
  139 |         int MVrevh_number;
      |             ^~~~~~~~~~~~~
../Core/Src/main.c:138:14: warning: unused variable 'MVrevh' [-Wunused-variable]
  138 |         char MVrevh;
      |              ^~~~~~
../Core/Src/main.c:131:13: warning: variable 'IMUrevh_number' set but not used [-Wunused-but-set-variable]
  131 |         int IMUrevh_number;
      |             ^~~~~~~~~~~~~~
../Core/Src/main.c:127:13: warning: unused variable 'IR_ave' [-Wunused-variable]
  127 |         int IR_ave;
      |             ^~~~~~
../Core/Src/main.c:125:13: warning: unused variable 'mawarikomu' [-Wunused-variable]
  125 |         int mawarikomu;
      |             ^~~~~~~~~~
../Core/Src/main.c:117:13: warning: variable 'IRrevh_number' set but not used [-Wunused-but-set-variable]
  117 |         int IRrevh_number;
      |             ^~~~~~~~~~~~~
At top level:
../Core/Src/main.c:332:14: warning: 'LineMove' defined but not used [-Wunused-function]
  332 |         void LineMove() {
      |              ^~~~~~~~
../Core/Src/main.c:304:14: warning: 'Improveattitude_target' defined but not used [-Wunused-function]
  304 |         void Improveattitude_target(int Angle, int basic) {
      |              ^~~~~~~~~~~~~~~~~~~~~~
arm-none-eabi-gcc -o "ofence_normal.elf" @"objects.list"   -mcpu=cortex-m4 -T"C:\Users\mizun\Documents\GitHub\2024_Oidengiken\cubeIDE\ofence\ofence_normal\STM32F446RETX_FLASH.ld" --specs=nosys.specs -Wl,-Map="ofence_normal.map" -Wl,--gc-sections -static --specs=nano.specs -mfpu=fpv4-sp-d16 -mfloat-abi=hard -mthumb -Wl,--start-group -lc -lm -Wl,--end-group
Finished building target: ofence_normal.elf
 
arm-none-eabi-size  ofence_normal.elf 
arm-none-eabi-objdump -h -S ofence_normal.elf  > "ofence_normal.list"
   text	   data	    bss	    dec	    hex	filename
  26084	    100	   2332	  28516	   6f64	ofence_normal.elf
Finished building: default.size.stdout
 
Finished building: ofence_normal.list
 
