../Core/Src/main.c:87:6:HAL_UART_RxCpltCallback	4
../Core/Src/main.c:115:5:main	1
../Core/Src/main.c:229:7:getIR	4
../Core/Src/main.c:326:7:Motor_Speed	7
../Core/Src/main.c:470:6:SystemClock_Config	3
../Core/Src/main.c:515:13:MX_TIM2_Init	7
../Core/Src/main.c:574:13:MX_TIM3_Init	7
../Core/Src/main.c:633:13:MX_UART5_Init	2
../Core/Src/main.c:664:13:MX_USART1_UART_Init	2
../Core/Src/main.c:695:13:MX_USART2_UART_Init	2
../Core/Src/main.c:726:13:MX_USART3_UART_Init	2
../Core/Src/main.c:757:13:MX_GPIO_Init	1
../Core/Src/main.c:803:6:Error_Handler	1
