../Core/Src/main.c:87:6:HAL_UART_RxCpltCallback	16	static
../Core/Src/main.c:115:5:main	520	static
../Core/Src/main.c:229:7:getIR	32	static
../Core/Src/main.c:326:7:Motor_Speed	24	static
../Core/Src/main.c:470:6:SystemClock_Config	88	static
../Core/Src/main.c:515:13:MX_TIM2_Init	64	static
../Core/Src/main.c:574:13:MX_TIM3_Init	64	static
../Core/Src/main.c:633:13:MX_UART5_Init	8	static
../Core/Src/main.c:664:13:MX_USART1_UART_Init	8	static
../Core/Src/main.c:695:13:MX_USART2_UART_Init	8	static
../Core/Src/main.c:726:13:MX_USART3_UART_Init	8	static
../Core/Src/main.c:757:13:MX_GPIO_Init	48	static
../Core/Src/main.c:803:6:Error_Handler	4	static,ignoring_inline_asm
