../Core/Src/main.c:77:5:main	536	static
../Core/Src/main.c:229:6:wrap_around	16	static
../Core/Src/main.c:266:7:getIR	24	static
../Core/Src/main.c:292:7:getIMU	24	static
../Core/Src/main.c:350:7:Improveattitude	24	static
../Core/Src/main.c:372:7:Motor_Speed	24	static
../Core/Src/main.c:408:7:Angle_Movesub	80	static
../Core/Src/main.c:499:6:SystemClock_Config	88	static
../Core/Src/main.c:544:13:MX_TIM2_Init	64	static
../Core/Src/main.c:603:13:MX_TIM3_Init	64	static
../Core/Src/main.c:662:13:MX_UART5_Init	8	static
../Core/Src/main.c:693:13:MX_USART1_UART_Init	8	static
../Core/Src/main.c:724:13:MX_USART2_UART_Init	8	static
../Core/Src/main.c:755:13:MX_USART3_UART_Init	8	static
../Core/Src/main.c:786:13:MX_GPIO_Init	48	static
../Core/Src/main.c:832:6:Error_Handler	4	static,ignoring_inline_asm
