../Core/Src/main.c:77:5:main	1
../Core/Src/main.c:203:7:getIR	6
../Core/Src/main.c:235:7:getIMU	10
../Core/Src/main.c:293:7:Improveattitude	1
../Core/Src/main.c:315:7:Motor_Speed	7
../Core/Src/main.c:351:7:Angle_Movesub	3
../Core/Src/main.c:435:6:SystemClock_Config	3
../Core/Src/main.c:480:13:MX_TIM2_Init	7
../Core/Src/main.c:539:13:MX_TIM3_Init	7
../Core/Src/main.c:598:13:MX_UART5_Init	2
../Core/Src/main.c:629:13:MX_USART1_UART_Init	2
../Core/Src/main.c:660:13:MX_USART2_UART_Init	2
../Core/Src/main.c:691:13:MX_USART3_UART_Init	2
../Core/Src/main.c:722:13:MX_GPIO_Init	1
../Core/Src/main.c:768:6:Error_Handler	1
