../Core/Src/main.c:174:7:getLinedata	24	static
../Core/Src/main.c:77:5:main	536	static
../Core/Src/main.c:203:7:getIR	32	static
../Core/Src/main.c:232:7:getIMU	24	static
../Core/Src/main.c:312:7:Motor_Speed	24	static
../Core/Src/main.c:438:6:SystemClock_Config	88	static
../Core/Src/main.c:483:13:MX_TIM2_Init	64	static
../Core/Src/main.c:542:13:MX_TIM3_Init	64	static
../Core/Src/main.c:601:13:MX_UART5_Init	8	static
../Core/Src/main.c:632:13:MX_USART1_UART_Init	8	static
../Core/Src/main.c:663:13:MX_USART2_UART_Init	8	static
../Core/Src/main.c:694:13:MX_USART3_UART_Init	8	static
../Core/Src/main.c:725:13:MX_GPIO_Init	48	static
../Core/Src/main.c:771:6:Error_Handler	4	static,ignoring_inline_asm
