../Core/Src/main.c:174:7:getLinedata	8
../Core/Src/main.c:77:5:main	1
../Core/Src/main.c:203:7:getIR	6
../Core/Src/main.c:232:7:getIMU	10
../Core/Src/main.c:312:7:Motor_Speed	7
../Core/Src/main.c:438:6:SystemClock_Config	3
../Core/Src/main.c:483:13:MX_TIM2_Init	7
../Core/Src/main.c:542:13:MX_TIM3_Init	7
../Core/Src/main.c:601:13:MX_UART5_Init	2
../Core/Src/main.c:632:13:MX_USART1_UART_Init	2
../Core/Src/main.c:663:13:MX_USART2_UART_Init	2
../Core/Src/main.c:694:13:MX_USART3_UART_Init	2
../Core/Src/main.c:725:13:MX_GPIO_Init	1
../Core/Src/main.c:771:6:Error_Handler	1
