2024-01-17 17:53:53,697 [INFO] Activator:176 - 


2024-01-17 17:53:53,698 [INFO] Activator:177 - !SESSION log4j initialized
2024-01-17 17:53:55,270 [INFO] LogOutputStream:77 - [STDOUT_REDIRECT] 
2024-01-17 17:53:56,363 [INFO] ApplicationProperties:184 - Using Application install path: C:\ST\STM32CubeIDE_1.14.0\STM32CubeIDE\plugins\com.st.stm32cube.common.mx_6.10.0.202311202037
2024-01-17 17:53:56,377 [INFO] DbMcusXml:78 - Set database path to: C:\ST\STM32CubeIDE_1.14.0\STM32CubeIDE\plugins\com.st.stm32cube.common.mx_6.10.0.202311202037\\db\/mcu/
2024-01-17 17:53:56,377 [INFO] ApiDb:274 - Set plugin database path to: C:\ST\STM32CubeIDE_1.14.0\STM32CubeIDE\plugins\com.st.stm32cube.common.mx_6.10.0.202311202037\\db\/plugins/boardmanager/
2024-01-17 17:53:56,378 [WARN] ApiDb:259 - Overriding images path with different value:  => C:\ST\STM32CubeIDE_1.14.0\STM32CubeIDE\plugins\com.st.stm32cube.common.mx_6.10.0.202311202037\\db\/plugins/mcufinder/images/
2024-01-17 17:53:56,382 [INFO] ApiDb:250 - Set database path to: C:\Users\mizun\.stmcufinder\plugins\mcufinder//mcu/
2024-01-17 17:53:56,383 [INFO] DbMcusAds:125 - Set database path to: C:\Users\mizun\.stmcufinder\plugins\mcufinder//mcu/
2024-01-17 17:53:56,384 [INFO] CrossReferenceDbSqlite:203 - Set database path to: C:\Users\mizun\.stmcufinder\plugins\mcufinder//mcu/cs/
2024-01-17 17:53:56,465 [INFO] RulesReader:64 - Compatibility file has been processed (297 Rules)
2024-01-17 17:53:56,543 [INFO] DbMcusXml:78 - Set database path to: C:\ST\STM32CubeIDE_1.14.0\STM32CubeIDE\plugins\com.st.stm32cube.common.mx_6.10.0.202311202037\\db\/mcu/
2024-01-17 17:53:56,543 [INFO] ApiDb:274 - Set plugin database path to: C:\ST\STM32CubeIDE_1.14.0\STM32CubeIDE\plugins\com.st.stm32cube.common.mx_6.10.0.202311202037\\db\/plugins/boardmanager/
2024-01-17 17:53:56,543 [INFO] ApiDb:261 - Set plugin images path to: C:\ST\STM32CubeIDE_1.14.0\STM32CubeIDE\plugins\com.st.stm32cube.common.mx_6.10.0.202311202037\\db\/plugins/mcufinder/images/
2024-01-17 17:53:56,543 [WARN] DbFile:41 - Overriding database path with different value: C:\Users\mizun\.stmcufinder\plugins\mcufinder/ => C:\Users\mizun\.stmcufinder\plugins\mcufinder
2024-01-17 17:53:56,543 [INFO] ApiDb:250 - Set database path to: C:\Users\mizun\.stmcufinder\plugins\mcufinder//mcu/
2024-01-17 17:53:56,544 [WARN] DbFile:41 - Overriding database path with different value: C:\Users\mizun\.stmcufinder\plugins\mcufinder/ => C:\Users\mizun\.stmcufinder\plugins\mcufinder
2024-01-17 17:53:56,544 [INFO] DbMcusAds:125 - Set database path to: C:\Users\mizun\.stmcufinder\plugins\mcufinder//mcu/
2024-01-17 17:53:56,544 [WARN] DbFile:41 - Overriding database path with different value: C:\Users\mizun\.stmcufinder\plugins\mcufinder/ => C:\Users\mizun\.stmcufinder\plugins\mcufinder
2024-01-17 17:53:56,544 [WARN] DbFile:41 - Overriding database path with different value: C:\Users\mizun\.stmcufinder\plugins\mcufinder/ => C:\Users\mizun\.stmcufinder\plugins\mcufinder
2024-01-17 17:53:56,544 [INFO] CrossReferenceDbSqlite:203 - Set database path to: C:\Users\mizun\.stmcufinder\plugins\mcufinder//mcu/cs/
2024-01-17 17:53:56,598 [INFO] MainPanel:264 - HeapMemory: 268435456
2024-01-17 17:53:56,647 [INFO] DbMcusXml:78 - Set database path to: C:\ST\STM32CubeIDE_1.14.0\STM32CubeIDE\plugins\com.st.stm32cube.common.mx_6.10.0.202311202037\\db\/mcu/
2024-01-17 17:53:56,647 [INFO] ApiDb:274 - Set plugin database path to: C:\ST\STM32CubeIDE_1.14.0\STM32CubeIDE\plugins\com.st.stm32cube.common.mx_6.10.0.202311202037\\db\/plugins/boardmanager/
2024-01-17 17:53:56,647 [INFO] ApiDb:261 - Set plugin images path to: C:\ST\STM32CubeIDE_1.14.0\STM32CubeIDE\plugins\com.st.stm32cube.common.mx_6.10.0.202311202037\\db\/plugins/mcufinder/images/
2024-01-17 17:53:56,648 [WARN] DbFile:41 - Overriding database path with different value: C:\Users\mizun\.stmcufinder\plugins\mcufinder/ => C:\Users\mizun\.stmcufinder\plugins\mcufinder
2024-01-17 17:53:56,648 [INFO] ApiDb:250 - Set database path to: C:\Users\mizun\.stmcufinder\plugins\mcufinder//mcu/
2024-01-17 17:53:56,648 [WARN] DbFile:41 - Overriding database path with different value: C:\Users\mizun\.stmcufinder\plugins\mcufinder/ => C:\Users\mizun\.stmcufinder\plugins\mcufinder
2024-01-17 17:53:56,648 [INFO] DbMcusAds:125 - Set database path to: C:\Users\mizun\.stmcufinder\plugins\mcufinder//mcu/
2024-01-17 17:53:56,648 [WARN] DbFile:41 - Overriding database path with different value: C:\Users\mizun\.stmcufinder\plugins\mcufinder/ => C:\Users\mizun\.stmcufinder\plugins\mcufinder
2024-01-17 17:53:56,648 [WARN] DbFile:41 - Overriding database path with different value: C:\Users\mizun\.stmcufinder\plugins\mcufinder/ => C:\Users\mizun\.stmcufinder\plugins\mcufinder
2024-01-17 17:53:56,648 [INFO] CrossReferenceDbSqlite:203 - Set database path to: C:\Users\mizun\.stmcufinder\plugins\mcufinder//mcu/cs/
2024-01-17 17:53:56,659 [INFO] ApplicationProperties:184 - Using Application install path: C:\ST\STM32CubeIDE_1.14.0\STM32CubeIDE\plugins\com.st.stm32cube.common.mx_6.10.0.202311202037
2024-01-17 17:53:56,660 [INFO] PluginManage:196 - Search for loadable plugins [exclusion list=, ]
2024-01-17 17:53:56,660 [INFO] PluginManage:310 - Check plugin analytics
2024-01-17 17:53:56,780 [INFO] AnalyticsPlugin:253 - Accepted Software Licenses: STM32CubeMX.6.9.2
2024-01-17 17:53:56,780 [INFO] AnalyticsPlugin:255 - Accepted CMSIS Pack Licenses: 
2024-01-17 17:53:56,780 [INFO] AnalyticsPlugin:257 - Accepted Firmware Licenses: FW.L4.1.18.0,FW.F4.1.27.0
2024-01-17 17:53:56,783 [INFO] PluginManage:359 - Loaded plugin analytics (category:tool,tabindex:-1)
2024-01-17 17:53:56,783 [INFO] PluginManage:310 - Check plugin cadmodel
2024-01-17 17:53:56,787 [INFO] CADModel:105 - Init CAD model plugin
2024-01-17 17:53:56,787 [INFO] PluginManage:359 - Loaded plugin cadmodel (category:power,tabindex:5)
2024-01-17 17:53:56,787 [INFO] PluginManage:310 - Check plugin clock
2024-01-17 17:53:56,792 [INFO] PluginManage:359 - Loaded plugin clock (category:base,tabindex:2)
2024-01-17 17:53:56,793 [INFO] PluginManage:310 - Check plugin ddr
2024-01-17 17:53:56,794 [INFO] PluginManage:359 - Loaded plugin ddr (category:tool,tabindex:6)
2024-01-17 17:53:56,794 [INFO] PluginManage:310 - Check plugin filemanager
2024-01-17 17:53:56,905 [INFO] PluginManage:359 - Loaded plugin filemanager (category:base,tabindex:10)
2024-01-17 17:53:56,905 [INFO] PluginManage:310 - Check plugin ipmanager
2024-01-17 17:53:56,912 [INFO] PluginManage:359 - Loaded plugin ipmanager (category:base,tabindex:5)
2024-01-17 17:53:56,912 [INFO] PluginManage:310 - Check plugin lpbam
2024-01-17 17:53:56,921 [INFO] PluginManage:359 - Loaded plugin lpbam (category:base,tabindex:0)
2024-01-17 17:53:56,922 [INFO] PluginManage:310 - Check plugin memorymap
2024-01-17 17:53:56,940 [INFO] PluginManage:359 - Loaded plugin memorymap (category:base,tabindex:4)
2024-01-17 17:53:56,940 [INFO] PluginManage:310 - Check plugin pinoutandconfiguration
2024-01-17 17:53:56,946 [INFO] PluginManage:359 - Loaded plugin pinoutandconfiguration (category:base,tabindex:1)
2024-01-17 17:53:56,946 [INFO] PluginManage:310 - Check plugin pinoutconfig
2024-01-17 17:53:57,021 [WARN] SupportedApi:132 - Cannot load RTOS API schema: s4s-elt-must-match.1: The content of 'definitions' must match (annotation?, (simpleType | complexType)?, (unique | key | keyref)*)). A problem was found starting at: attribute.
2024-01-17 17:53:57,125 [INFO] PluginManage:359 - Loaded plugin pinoutconfig (category:base,tabindex:0)
2024-01-17 17:53:57,125 [INFO] PluginManage:310 - Check plugin power
2024-01-17 17:53:57,130 [INFO] PluginManage:359 - Loaded plugin power (category:power,tabindex:4)
2024-01-17 17:53:57,130 [INFO] PluginManage:310 - Check plugin projectmanager
2024-01-17 17:53:57,140 [INFO] PluginManage:359 - Loaded plugin projectmanager (category:projectmanager,tabindex:3)
2024-01-17 17:53:57,141 [INFO] PluginManage:310 - Check plugin thirdparty
2024-01-17 17:53:57,218 [INFO] PluginManage:359 - Loaded plugin thirdparty (category:base,tabindex:-1)
2024-01-17 17:53:57,218 [WARN] IntegrityCheckThread:84 - waiting for thirdparty lock release [integrity check]
2024-01-17 17:53:57,218 [INFO] PluginManage:310 - Check plugin tools
2024-01-17 17:53:57,218 [INFO] IntegrityCheckThread:86 - entering critical section [integrity check]
2024-01-17 17:53:57,218 [INFO] ThirdPartyUpdaterWithRetryManager:70 - Updater plugin not ready yet. [1/15]
2024-01-17 17:53:57,220 [INFO] PluginManage:359 - Loaded plugin tools (category:base,tabindex:7)
2024-01-17 17:53:57,220 [INFO] PluginManage:310 - Check plugin tutovideos
2024-01-17 17:53:57,308 [INFO] PluginManage:359 - Loaded plugin tutovideos (category:base,tabindex:-1)
2024-01-17 17:53:57,308 [INFO] PluginManage:310 - Check plugin updater
2024-01-17 17:53:57,315 [INFO] PluginManage:359 - Loaded plugin updater (category:base,tabindex:12)
2024-01-17 17:53:57,315 [INFO] PluginManage:310 - Check plugin userauth
2024-01-17 17:53:57,318 [INFO] UserAuth:114 - Init User Auth plugin
2024-01-17 17:53:57,318 [INFO] PluginManage:359 - Loaded plugin userauth (category:base,tabindex:14)
2024-01-17 17:53:57,318 [INFO] PluginManage:283 - PluginManage : Loaded plugins [17]
2024-01-17 17:53:57,462 [INFO] PinOutPanel:1499 - setPackage(No Configuration,No Configuration)
2024-01-17 17:53:57,508 [INFO] CADModel:165 - CPN selected for project level
2024-01-17 17:53:57,508 [INFO] CADModel:114 - Register for checkConnection events
2024-01-17 17:53:57,518 [INFO] IPUIPlugin:80 - create IPUIPlugin
2024-01-17 17:53:57,518 [INFO] PluginManager:220 - loadIPPluginJar : add adc
2024-01-17 17:53:57,519 [INFO] IPUIPlugin:80 - create IPUIPlugin
2024-01-17 17:53:57,519 [INFO] PluginManager:220 - loadIPPluginJar : add aes
2024-01-17 17:53:57,521 [INFO] IPUIPlugin:80 - create IPUIPlugin
2024-01-17 17:53:57,521 [INFO] PluginManager:220 - loadIPPluginJar : add can
2024-01-17 17:53:57,522 [INFO] IPUIPlugin:80 - create IPUIPlugin
2024-01-17 17:53:57,522 [INFO] PluginManager:220 - loadIPPluginJar : add comp
2024-01-17 17:53:57,523 [INFO] IPUIPlugin:80 - create IPUIPlugin
2024-01-17 17:53:57,523 [INFO] PluginManager:220 - loadIPPluginJar : add cryp
2024-01-17 17:53:57,524 [INFO] IPUIPlugin:80 - create IPUIPlugin
2024-01-17 17:53:57,524 [INFO] PluginManager:220 - loadIPPluginJar : add dfsdm
2024-01-17 17:53:57,527 [INFO] IPUIPlugin:80 - create IPUIPlugin
2024-01-17 17:53:57,527 [INFO] PluginManager:220 - loadIPPluginJar : add dma
2024-01-17 17:53:57,529 [INFO] IPUIPlugin:80 - create IPUIPlugin
2024-01-17 17:53:57,529 [INFO] PluginManager:220 - loadIPPluginJar : add dma3
2024-01-17 17:53:57,530 [INFO] IPUIPlugin:80 - create IPUIPlugin
2024-01-17 17:53:57,530 [INFO] PluginManager:220 - loadIPPluginJar : add fatfs
2024-01-17 17:53:57,532 [INFO] IPUIPlugin:80 - create IPUIPlugin
2024-01-17 17:53:57,532 [INFO] PluginManager:220 - loadIPPluginJar : add fmc
2024-01-17 17:53:57,534 [INFO] IPUIPlugin:80 - create IPUIPlugin
2024-01-17 17:53:57,534 [INFO] PluginManager:220 - loadIPPluginJar : add freertos
2024-01-17 17:53:57,536 [INFO] IPUIPlugin:80 - create IPUIPlugin
2024-01-17 17:53:57,536 [INFO] PluginManager:220 - loadIPPluginJar : add genericplugin
2024-01-17 17:53:57,537 [INFO] IPUIPlugin:80 - create IPUIPlugin
2024-01-17 17:53:57,537 [INFO] PluginManager:220 - loadIPPluginJar : add gfxmmu
2024-01-17 17:53:57,540 [INFO] IPUIPlugin:80 - create IPUIPlugin
2024-01-17 17:53:57,540 [INFO] PluginManager:220 - loadIPPluginJar : add gic
2024-01-17 17:53:57,542 [INFO] IPUIPlugin:80 - create IPUIPlugin
2024-01-17 17:53:57,542 [INFO] PluginManager:220 - loadIPPluginJar : add gpio
2024-01-17 17:53:57,543 [INFO] IPUIPlugin:80 - create IPUIPlugin
2024-01-17 17:53:57,543 [INFO] PluginManager:220 - loadIPPluginJar : add gtzc
2024-01-17 17:53:57,544 [INFO] IPUIPlugin:80 - create IPUIPlugin
2024-01-17 17:53:57,544 [INFO] PluginManager:220 - loadIPPluginJar : add hash
2024-01-17 17:53:57,546 [INFO] IPUIPlugin:80 - create IPUIPlugin
2024-01-17 17:53:57,546 [INFO] PluginManager:220 - loadIPPluginJar : add i2c
2024-01-17 17:53:57,547 [INFO] IPUIPlugin:80 - create IPUIPlugin
2024-01-17 17:53:57,547 [INFO] PluginManager:220 - loadIPPluginJar : add i2s
2024-01-17 17:53:57,548 [INFO] IPUIPlugin:80 - create IPUIPlugin
2024-01-17 17:53:57,548 [INFO] PluginManager:220 - loadIPPluginJar : add i3c
2024-01-17 17:53:57,550 [INFO] IPUIPlugin:80 - create IPUIPlugin
2024-01-17 17:53:57,550 [INFO] PluginManager:220 - loadIPPluginJar : add ipddr
2024-01-17 17:53:57,553 [INFO] IPUIPlugin:80 - create IPUIPlugin
2024-01-17 17:53:57,553 [INFO] PluginManager:220 - loadIPPluginJar : add linkedlist
2024-01-17 17:53:57,555 [INFO] IPUIPlugin:80 - create IPUIPlugin
2024-01-17 17:53:57,555 [INFO] PluginManager:220 - loadIPPluginJar : add lorawan
2024-01-17 17:53:57,556 [INFO] IPUIPlugin:80 - create IPUIPlugin
2024-01-17 17:53:57,556 [INFO] PluginManager:220 - loadIPPluginJar : add ltdc
2024-01-17 17:53:57,559 [INFO] IPUIPlugin:80 - create IPUIPlugin
2024-01-17 17:53:57,559 [INFO] PluginManager:220 - loadIPPluginJar : add mdma
2024-01-17 17:53:57,561 [INFO] IPUIPlugin:80 - create IPUIPlugin
2024-01-17 17:53:57,561 [INFO] PluginManager:220 - loadIPPluginJar : add nvic
2024-01-17 17:53:57,562 [INFO] IPUIPlugin:80 - create IPUIPlugin
2024-01-17 17:53:57,562 [INFO] PluginManager:220 - loadIPPluginJar : add opamp
2024-01-17 17:53:57,564 [INFO] IPUIPlugin:80 - create IPUIPlugin
2024-01-17 17:53:57,564 [INFO] PluginManager:220 - loadIPPluginJar : add openamp
2024-01-17 17:53:57,565 [INFO] IPUIPlugin:80 - create IPUIPlugin
2024-01-17 17:53:57,565 [INFO] PluginManager:220 - loadIPPluginJar : add pdm2pcm
2024-01-17 17:53:57,569 [INFO] IPUIPlugin:80 - create IPUIPlugin
2024-01-17 17:53:57,570 [INFO] PluginManager:220 - loadIPPluginJar : add plateformsettings
2024-01-17 17:53:57,572 [INFO] IPUIPlugin:80 - create IPUIPlugin
2024-01-17 17:53:57,572 [INFO] PluginManager:220 - loadIPPluginJar : add quadspi
2024-01-17 17:53:57,574 [INFO] IPUIPlugin:80 - create IPUIPlugin
2024-01-17 17:53:57,574 [INFO] PluginManager:220 - loadIPPluginJar : add resmgrutility
2024-01-17 17:53:57,576 [INFO] IPUIPlugin:80 - create IPUIPlugin
2024-01-17 17:53:57,576 [INFO] PluginManager:220 - loadIPPluginJar : add sai
2024-01-17 17:53:57,577 [INFO] IPUIPlugin:80 - create IPUIPlugin
2024-01-17 17:53:57,577 [INFO] PluginManager:220 - loadIPPluginJar : add spi
2024-01-17 17:53:57,580 [INFO] IPUIPlugin:80 - create IPUIPlugin
2024-01-17 17:53:57,581 [INFO] PluginManager:220 - loadIPPluginJar : add stm32_wpan
2024-01-17 17:53:57,582 [INFO] IPUIPlugin:80 - create IPUIPlugin
2024-01-17 17:53:57,582 [INFO] PluginManager:220 - loadIPPluginJar : add tim
2024-01-17 17:53:57,583 [INFO] IPUIPlugin:80 - create IPUIPlugin
2024-01-17 17:53:57,583 [INFO] PluginManager:220 - loadIPPluginJar : add touchsensing
2024-01-17 17:53:57,584 [INFO] IPUIPlugin:80 - create IPUIPlugin
2024-01-17 17:53:57,584 [INFO] PluginManager:220 - loadIPPluginJar : add tracer_emb
2024-01-17 17:53:57,585 [INFO] IPUIPlugin:80 - create IPUIPlugin
2024-01-17 17:53:57,585 [INFO] PluginManager:220 - loadIPPluginJar : add ts
2024-01-17 17:53:57,586 [INFO] IPUIPlugin:80 - create IPUIPlugin
2024-01-17 17:53:57,586 [INFO] PluginManager:220 - loadIPPluginJar : add tsc
2024-01-17 17:53:57,587 [INFO] IPUIPlugin:80 - create IPUIPlugin
2024-01-17 17:53:57,587 [INFO] PluginManager:220 - loadIPPluginJar : add ucpd
2024-01-17 17:53:57,588 [INFO] IPUIPlugin:80 - create IPUIPlugin
2024-01-17 17:53:57,588 [INFO] PluginManager:220 - loadIPPluginJar : add usart
2024-01-17 17:53:57,591 [INFO] IPUIPlugin:80 - create IPUIPlugin
2024-01-17 17:53:57,591 [INFO] PluginManager:220 - loadIPPluginJar : add usbx
2024-01-17 17:53:57,701 [INFO] CADModel:165 - CPN selected for project level
2024-01-17 17:53:57,701 [INFO] CADModel:114 - Register for checkConnection events
2024-01-17 17:53:57,701 [FATAL] Updater:308 - Updater called before beeing initialized
2024-01-17 17:53:57,701 [ERROR] CADModel:125 - Updater not yet initialized, retry later 
2024-01-17 17:53:57,786 [INFO] CADModel:165 - CPN selected for project level
2024-01-17 17:53:57,787 [INFO] CADModel:114 - Register for checkConnection events
2024-01-17 17:53:57,787 [FATAL] Updater:308 - Updater called before beeing initialized
2024-01-17 17:53:57,787 [ERROR] CADModel:125 - Updater not yet initialized, retry later 
2024-01-17 17:53:57,789 [FATAL] Updater:308 - Updater called before beeing initialized
2024-01-17 17:53:57,850 [FATAL] Updater:308 - Updater called before beeing initialized
2024-01-17 17:53:57,853 [INFO] DbMcusAds:53 - JSON generation date=Wed Nov 29 19:52:27 JST 2023 (1701255147349)
2024-01-17 17:53:57,853 [FATAL] Updater:308 - Updater called before beeing initialized
2024-01-17 17:53:57,872 [WARN] DetailPanel:346 - Failed to get advertising image, set to default
2024-01-17 17:53:57,933 [FATAL] Updater:308 - Updater called before beeing initialized
2024-01-17 17:53:57,934 [FATAL] Updater:308 - Updater called before beeing initialized
2024-01-17 17:53:57,934 [FATAL] Updater:308 - Updater called before beeing initialized
2024-01-17 17:53:57,934 [WARN] DetailPanel:346 - Failed to get advertising image, set to default
2024-01-17 17:53:57,934 [FATAL] Updater:308 - Updater called before beeing initialized
2024-01-17 17:53:57,965 [ERROR] Updater:1120 - MainUpdater not yet initialized. External WinMGr cannot be set.
2024-01-17 17:53:57,967 [INFO] Updater:1056 - Updater Version found : 6.10.0
2024-01-17 17:53:57,977 [INFO] ApplicationProperties:184 - Using Application install path: C:\ST\STM32CubeIDE_1.14.0\STM32CubeIDE\plugins\com.st.stm32cube.common.mx_6.10.0.202311202037
2024-01-17 17:53:58,153 [INFO] MainUpdater:2873 - connection check result : 10
2024-01-17 17:53:58,154 [INFO] MainUpdater:290 - Updater Check For Update Now.
2024-01-17 17:53:58,154 [INFO] MicroXplorer:498 - Change Database Version : DB.6.0.100
2024-01-17 17:53:58,163 [INFO] McuFinderGlobals:63 - Set McuFinder mode to 2 (CubeIDE integrated)
2024-01-17 17:53:58,245 [INFO] UserAuth:404 - Internet connection configuration mode: 1
2024-01-17 17:53:58,252 [INFO] JxBrowserEngine:152 - Initiate JxBrowser Engine with user profile folder
2024-01-17 17:53:58,308 [INFO] CheckServerUpdateThread:120 - End of CheckServer Thread
2024-01-17 17:53:58,552 [INFO] WebApp:161 - Instantiating new browser for Auth
2024-01-17 17:53:58,841 [INFO] WebApp:780 - Register for checkConnection events
2024-01-17 17:53:58,841 [INFO] WebApp:414 - Apply proxy settings
2024-01-17 17:53:58,841 [INFO] WebApp:499 - Chromium requires no authentication
2024-01-17 17:53:58,845 [INFO] WebApp:442 - Direct internet connection detected
2024-01-17 17:53:58,922 [INFO] WebApp:192 - Starting web application
2024-01-17 17:53:58,922 [INFO] WebApp:544 - Web application path used C:\ST\STM32CubeIDE_1.14.0\STM32CubeIDE\plugins\com.st.stm32cube.common.mx_6.10.0.202311202037\db\plugins\mcufinder\reactClient1\index.html
2024-01-17 17:53:59,774 [ERROR] LogOutputStream:75 - [STDERR_REDIRECT] 
2024-01-17 18:02:38,914 [INFO] Activator:176 - 


2024-01-17 18:02:38,915 [INFO] Activator:177 - !SESSION log4j initialized
2024-01-17 18:02:40,973 [INFO] LogOutputStream:77 - [STDOUT_REDIRECT] 
2024-01-17 18:02:41,978 [INFO] ApplicationProperties:184 - Using Application install path: C:\ST\STM32CubeIDE_1.14.0\STM32CubeIDE\plugins\com.st.stm32cube.common.mx_6.10.0.202311202037
2024-01-17 18:02:41,994 [INFO] DbMcusXml:78 - Set database path to: C:\ST\STM32CubeIDE_1.14.0\STM32CubeIDE\plugins\com.st.stm32cube.common.mx_6.10.0.202311202037\\db\/mcu/
2024-01-17 18:02:41,994 [INFO] ApiDb:274 - Set plugin database path to: C:\ST\STM32CubeIDE_1.14.0\STM32CubeIDE\plugins\com.st.stm32cube.common.mx_6.10.0.202311202037\\db\/plugins/boardmanager/
2024-01-17 18:02:41,994 [WARN] ApiDb:259 - Overriding images path with different value:  => C:\ST\STM32CubeIDE_1.14.0\STM32CubeIDE\plugins\com.st.stm32cube.common.mx_6.10.0.202311202037\\db\/plugins/mcufinder/images/
2024-01-17 18:02:41,998 [INFO] ApiDb:250 - Set database path to: C:\Users\mizun\.stmcufinder\plugins\mcufinder//mcu/
2024-01-17 18:02:41,999 [INFO] DbMcusAds:125 - Set database path to: C:\Users\mizun\.stmcufinder\plugins\mcufinder//mcu/
2024-01-17 18:02:42,000 [INFO] CrossReferenceDbSqlite:203 - Set database path to: C:\Users\mizun\.stmcufinder\plugins\mcufinder//mcu/cs/
2024-01-17 18:02:42,084 [INFO] RulesReader:64 - Compatibility file has been processed (297 Rules)
2024-01-17 18:02:42,160 [INFO] DbMcusXml:78 - Set database path to: C:\ST\STM32CubeIDE_1.14.0\STM32CubeIDE\plugins\com.st.stm32cube.common.mx_6.10.0.202311202037\\db\/mcu/
2024-01-17 18:02:42,160 [INFO] ApiDb:274 - Set plugin database path to: C:\ST\STM32CubeIDE_1.14.0\STM32CubeIDE\plugins\com.st.stm32cube.common.mx_6.10.0.202311202037\\db\/plugins/boardmanager/
2024-01-17 18:02:42,160 [INFO] ApiDb:261 - Set plugin images path to: C:\ST\STM32CubeIDE_1.14.0\STM32CubeIDE\plugins\com.st.stm32cube.common.mx_6.10.0.202311202037\\db\/plugins/mcufinder/images/
2024-01-17 18:02:42,160 [WARN] DbFile:41 - Overriding database path with different value: C:\Users\mizun\.stmcufinder\plugins\mcufinder/ => C:\Users\mizun\.stmcufinder\plugins\mcufinder
2024-01-17 18:02:42,160 [INFO] ApiDb:250 - Set database path to: C:\Users\mizun\.stmcufinder\plugins\mcufinder//mcu/
2024-01-17 18:02:42,160 [WARN] DbFile:41 - Overriding database path with different value: C:\Users\mizun\.stmcufinder\plugins\mcufinder/ => C:\Users\mizun\.stmcufinder\plugins\mcufinder
2024-01-17 18:02:42,160 [INFO] DbMcusAds:125 - Set database path to: C:\Users\mizun\.stmcufinder\plugins\mcufinder//mcu/
2024-01-17 18:02:42,160 [WARN] DbFile:41 - Overriding database path with different value: C:\Users\mizun\.stmcufinder\plugins\mcufinder/ => C:\Users\mizun\.stmcufinder\plugins\mcufinder
2024-01-17 18:02:42,160 [WARN] DbFile:41 - Overriding database path with different value: C:\Users\mizun\.stmcufinder\plugins\mcufinder/ => C:\Users\mizun\.stmcufinder\plugins\mcufinder
2024-01-17 18:02:42,160 [INFO] CrossReferenceDbSqlite:203 - Set database path to: C:\Users\mizun\.stmcufinder\plugins\mcufinder//mcu/cs/
2024-01-17 18:02:42,207 [INFO] MainPanel:264 - HeapMemory: 268435456
2024-01-17 18:02:42,249 [INFO] DbMcusXml:78 - Set database path to: C:\ST\STM32CubeIDE_1.14.0\STM32CubeIDE\plugins\com.st.stm32cube.common.mx_6.10.0.202311202037\\db\/mcu/
2024-01-17 18:02:42,250 [INFO] ApiDb:274 - Set plugin database path to: C:\ST\STM32CubeIDE_1.14.0\STM32CubeIDE\plugins\com.st.stm32cube.common.mx_6.10.0.202311202037\\db\/plugins/boardmanager/
2024-01-17 18:02:42,250 [INFO] ApiDb:261 - Set plugin images path to: C:\ST\STM32CubeIDE_1.14.0\STM32CubeIDE\plugins\com.st.stm32cube.common.mx_6.10.0.202311202037\\db\/plugins/mcufinder/images/
2024-01-17 18:02:42,250 [WARN] DbFile:41 - Overriding database path with different value: C:\Users\mizun\.stmcufinder\plugins\mcufinder/ => C:\Users\mizun\.stmcufinder\plugins\mcufinder
2024-01-17 18:02:42,250 [INFO] ApiDb:250 - Set database path to: C:\Users\mizun\.stmcufinder\plugins\mcufinder//mcu/
2024-01-17 18:02:42,250 [WARN] DbFile:41 - Overriding database path with different value: C:\Users\mizun\.stmcufinder\plugins\mcufinder/ => C:\Users\mizun\.stmcufinder\plugins\mcufinder
2024-01-17 18:02:42,250 [INFO] DbMcusAds:125 - Set database path to: C:\Users\mizun\.stmcufinder\plugins\mcufinder//mcu/
2024-01-17 18:02:42,250 [WARN] DbFile:41 - Overriding database path with different value: C:\Users\mizun\.stmcufinder\plugins\mcufinder/ => C:\Users\mizun\.stmcufinder\plugins\mcufinder
2024-01-17 18:02:42,250 [WARN] DbFile:41 - Overriding database path with different value: C:\Users\mizun\.stmcufinder\plugins\mcufinder/ => C:\Users\mizun\.stmcufinder\plugins\mcufinder
2024-01-17 18:02:42,250 [INFO] CrossReferenceDbSqlite:203 - Set database path to: C:\Users\mizun\.stmcufinder\plugins\mcufinder//mcu/cs/
2024-01-17 18:02:42,261 [INFO] ApplicationProperties:184 - Using Application install path: C:\ST\STM32CubeIDE_1.14.0\STM32CubeIDE\plugins\com.st.stm32cube.common.mx_6.10.0.202311202037
2024-01-17 18:02:42,262 [INFO] PluginManage:196 - Search for loadable plugins [exclusion list=, ]
2024-01-17 18:02:42,262 [INFO] PluginManage:310 - Check plugin analytics
2024-01-17 18:02:42,409 [INFO] AnalyticsPlugin:253 - Accepted Software Licenses: STM32CubeMX.6.9.2
2024-01-17 18:02:42,409 [INFO] AnalyticsPlugin:255 - Accepted CMSIS Pack Licenses: 
2024-01-17 18:02:42,409 [INFO] AnalyticsPlugin:257 - Accepted Firmware Licenses: FW.L4.1.18.0,FW.F4.1.27.0
2024-01-17 18:02:42,412 [INFO] PluginManage:359 - Loaded plugin analytics (category:tool,tabindex:-1)
2024-01-17 18:02:42,412 [INFO] PluginManage:310 - Check plugin cadmodel
2024-01-17 18:02:42,415 [INFO] CADModel:105 - Init CAD model plugin
2024-01-17 18:02:42,415 [INFO] PluginManage:359 - Loaded plugin cadmodel (category:power,tabindex:5)
2024-01-17 18:02:42,416 [INFO] PluginManage:310 - Check plugin clock
2024-01-17 18:02:42,423 [INFO] PluginManage:359 - Loaded plugin clock (category:base,tabindex:2)
2024-01-17 18:02:42,423 [INFO] PluginManage:310 - Check plugin ddr
2024-01-17 18:02:42,425 [INFO] PluginManage:359 - Loaded plugin ddr (category:tool,tabindex:6)
2024-01-17 18:02:42,425 [INFO] PluginManage:310 - Check plugin filemanager
2024-01-17 18:02:42,535 [INFO] PluginManage:359 - Loaded plugin filemanager (category:base,tabindex:10)
2024-01-17 18:02:42,535 [INFO] PluginManage:310 - Check plugin ipmanager
2024-01-17 18:02:42,541 [INFO] PluginManage:359 - Loaded plugin ipmanager (category:base,tabindex:5)
2024-01-17 18:02:42,541 [INFO] PluginManage:310 - Check plugin lpbam
2024-01-17 18:02:42,547 [INFO] PluginManage:359 - Loaded plugin lpbam (category:base,tabindex:0)
2024-01-17 18:02:42,548 [INFO] PluginManage:310 - Check plugin memorymap
2024-01-17 18:02:42,558 [INFO] PluginManage:359 - Loaded plugin memorymap (category:base,tabindex:4)
2024-01-17 18:02:42,558 [INFO] PluginManage:310 - Check plugin pinoutandconfiguration
2024-01-17 18:02:42,563 [INFO] PluginManage:359 - Loaded plugin pinoutandconfiguration (category:base,tabindex:1)
2024-01-17 18:02:42,563 [INFO] PluginManage:310 - Check plugin pinoutconfig
2024-01-17 18:02:42,654 [WARN] SupportedApi:132 - Cannot load RTOS API schema: s4s-elt-must-match.1: The content of 'definitions' must match (annotation?, (simpleType | complexType)?, (unique | key | keyref)*)). A problem was found starting at: attribute.
2024-01-17 18:02:42,750 [INFO] PluginManage:359 - Loaded plugin pinoutconfig (category:base,tabindex:0)
2024-01-17 18:02:42,750 [INFO] PluginManage:310 - Check plugin power
2024-01-17 18:02:42,756 [INFO] PluginManage:359 - Loaded plugin power (category:power,tabindex:4)
2024-01-17 18:02:42,756 [INFO] PluginManage:310 - Check plugin projectmanager
2024-01-17 18:02:42,768 [INFO] PluginManage:359 - Loaded plugin projectmanager (category:projectmanager,tabindex:3)
2024-01-17 18:02:42,768 [INFO] PluginManage:310 - Check plugin thirdparty
2024-01-17 18:02:42,849 [INFO] PluginManage:359 - Loaded plugin thirdparty (category:base,tabindex:-1)
2024-01-17 18:02:42,849 [INFO] PluginManage:310 - Check plugin tools
2024-01-17 18:02:42,849 [WARN] IntegrityCheckThread:84 - waiting for thirdparty lock release [integrity check]
2024-01-17 18:02:42,849 [INFO] IntegrityCheckThread:86 - entering critical section [integrity check]
2024-01-17 18:02:42,850 [INFO] ThirdPartyUpdaterWithRetryManager:70 - Updater plugin not ready yet. [1/15]
2024-01-17 18:02:42,851 [INFO] PluginManage:359 - Loaded plugin tools (category:base,tabindex:7)
2024-01-17 18:02:42,851 [INFO] PluginManage:310 - Check plugin tutovideos
2024-01-17 18:02:42,952 [INFO] PluginManage:359 - Loaded plugin tutovideos (category:base,tabindex:-1)
2024-01-17 18:02:42,952 [INFO] PluginManage:310 - Check plugin updater
2024-01-17 18:02:42,959 [INFO] PluginManage:359 - Loaded plugin updater (category:base,tabindex:12)
2024-01-17 18:02:42,959 [INFO] PluginManage:310 - Check plugin userauth
2024-01-17 18:02:42,961 [INFO] UserAuth:114 - Init User Auth plugin
2024-01-17 18:02:42,963 [INFO] PluginManage:359 - Loaded plugin userauth (category:base,tabindex:14)
2024-01-17 18:02:42,963 [INFO] PluginManage:283 - PluginManage : Loaded plugins [17]
2024-01-17 18:02:43,094 [INFO] PinOutPanel:1499 - setPackage(No Configuration,No Configuration)
2024-01-17 18:02:43,141 [INFO] CADModel:165 - CPN selected for project level
2024-01-17 18:02:43,141 [INFO] CADModel:114 - Register for checkConnection events
2024-01-17 18:02:43,152 [INFO] IPUIPlugin:80 - create IPUIPlugin
2024-01-17 18:02:43,152 [INFO] PluginManager:220 - loadIPPluginJar : add adc
2024-01-17 18:02:43,153 [INFO] IPUIPlugin:80 - create IPUIPlugin
2024-01-17 18:02:43,153 [INFO] PluginManager:220 - loadIPPluginJar : add aes
2024-01-17 18:02:43,155 [INFO] IPUIPlugin:80 - create IPUIPlugin
2024-01-17 18:02:43,155 [INFO] PluginManager:220 - loadIPPluginJar : add can
2024-01-17 18:02:43,156 [INFO] IPUIPlugin:80 - create IPUIPlugin
2024-01-17 18:02:43,156 [INFO] PluginManager:220 - loadIPPluginJar : add comp
2024-01-17 18:02:43,157 [INFO] IPUIPlugin:80 - create IPUIPlugin
2024-01-17 18:02:43,157 [INFO] PluginManager:220 - loadIPPluginJar : add cryp
2024-01-17 18:02:43,159 [INFO] IPUIPlugin:80 - create IPUIPlugin
2024-01-17 18:02:43,159 [INFO] PluginManager:220 - loadIPPluginJar : add dfsdm
2024-01-17 18:02:43,162 [INFO] IPUIPlugin:80 - create IPUIPlugin
2024-01-17 18:02:43,162 [INFO] PluginManager:220 - loadIPPluginJar : add dma
2024-01-17 18:02:43,164 [INFO] IPUIPlugin:80 - create IPUIPlugin
2024-01-17 18:02:43,164 [INFO] PluginManager:220 - loadIPPluginJar : add dma3
2024-01-17 18:02:43,164 [INFO] IPUIPlugin:80 - create IPUIPlugin
2024-01-17 18:02:43,164 [INFO] PluginManager:220 - loadIPPluginJar : add fatfs
2024-01-17 18:02:43,167 [INFO] IPUIPlugin:80 - create IPUIPlugin
2024-01-17 18:02:43,167 [INFO] PluginManager:220 - loadIPPluginJar : add fmc
2024-01-17 18:02:43,170 [INFO] IPUIPlugin:80 - create IPUIPlugin
2024-01-17 18:02:43,170 [INFO] PluginManager:220 - loadIPPluginJar : add freertos
2024-01-17 18:02:43,171 [INFO] IPUIPlugin:80 - create IPUIPlugin
2024-01-17 18:02:43,171 [INFO] PluginManager:220 - loadIPPluginJar : add genericplugin
2024-01-17 18:02:43,172 [INFO] IPUIPlugin:80 - create IPUIPlugin
2024-01-17 18:02:43,172 [INFO] PluginManager:220 - loadIPPluginJar : add gfxmmu
2024-01-17 18:02:43,175 [INFO] IPUIPlugin:80 - create IPUIPlugin
2024-01-17 18:02:43,175 [INFO] PluginManager:220 - loadIPPluginJar : add gic
2024-01-17 18:02:43,177 [INFO] IPUIPlugin:80 - create IPUIPlugin
2024-01-17 18:02:43,177 [INFO] PluginManager:220 - loadIPPluginJar : add gpio
2024-01-17 18:02:43,179 [INFO] IPUIPlugin:80 - create IPUIPlugin
2024-01-17 18:02:43,179 [INFO] PluginManager:220 - loadIPPluginJar : add gtzc
2024-01-17 18:02:43,180 [INFO] IPUIPlugin:80 - create IPUIPlugin
2024-01-17 18:02:43,180 [INFO] PluginManager:220 - loadIPPluginJar : add hash
2024-01-17 18:02:43,181 [INFO] IPUIPlugin:80 - create IPUIPlugin
2024-01-17 18:02:43,181 [INFO] PluginManager:220 - loadIPPluginJar : add i2c
2024-01-17 18:02:43,183 [INFO] IPUIPlugin:80 - create IPUIPlugin
2024-01-17 18:02:43,183 [INFO] PluginManager:220 - loadIPPluginJar : add i2s
2024-01-17 18:02:43,184 [INFO] IPUIPlugin:80 - create IPUIPlugin
2024-01-17 18:02:43,184 [INFO] PluginManager:220 - loadIPPluginJar : add i3c
2024-01-17 18:02:43,186 [INFO] IPUIPlugin:80 - create IPUIPlugin
2024-01-17 18:02:43,186 [INFO] PluginManager:220 - loadIPPluginJar : add ipddr
2024-01-17 18:02:43,190 [INFO] IPUIPlugin:80 - create IPUIPlugin
2024-01-17 18:02:43,190 [INFO] PluginManager:220 - loadIPPluginJar : add linkedlist
2024-01-17 18:02:43,192 [INFO] IPUIPlugin:80 - create IPUIPlugin
2024-01-17 18:02:43,192 [INFO] PluginManager:220 - loadIPPluginJar : add lorawan
2024-01-17 18:02:43,193 [INFO] IPUIPlugin:80 - create IPUIPlugin
2024-01-17 18:02:43,193 [INFO] PluginManager:220 - loadIPPluginJar : add ltdc
2024-01-17 18:02:43,197 [INFO] IPUIPlugin:80 - create IPUIPlugin
2024-01-17 18:02:43,197 [INFO] PluginManager:220 - loadIPPluginJar : add mdma
2024-01-17 18:02:43,200 [INFO] IPUIPlugin:80 - create IPUIPlugin
2024-01-17 18:02:43,200 [INFO] PluginManager:220 - loadIPPluginJar : add nvic
2024-01-17 18:02:43,201 [INFO] IPUIPlugin:80 - create IPUIPlugin
2024-01-17 18:02:43,201 [INFO] PluginManager:220 - loadIPPluginJar : add opamp
2024-01-17 18:02:43,203 [INFO] IPUIPlugin:80 - create IPUIPlugin
2024-01-17 18:02:43,203 [INFO] PluginManager:220 - loadIPPluginJar : add openamp
2024-01-17 18:02:43,204 [INFO] IPUIPlugin:80 - create IPUIPlugin
2024-01-17 18:02:43,205 [INFO] PluginManager:220 - loadIPPluginJar : add pdm2pcm
2024-01-17 18:02:43,209 [INFO] IPUIPlugin:80 - create IPUIPlugin
2024-01-17 18:02:43,210 [INFO] PluginManager:220 - loadIPPluginJar : add plateformsettings
2024-01-17 18:02:43,211 [INFO] IPUIPlugin:80 - create IPUIPlugin
2024-01-17 18:02:43,211 [INFO] PluginManager:220 - loadIPPluginJar : add quadspi
2024-01-17 18:02:43,213 [INFO] IPUIPlugin:80 - create IPUIPlugin
2024-01-17 18:02:43,213 [INFO] PluginManager:220 - loadIPPluginJar : add resmgrutility
2024-01-17 18:02:43,215 [INFO] IPUIPlugin:80 - create IPUIPlugin
2024-01-17 18:02:43,215 [INFO] PluginManager:220 - loadIPPluginJar : add sai
2024-01-17 18:02:43,216 [INFO] IPUIPlugin:80 - create IPUIPlugin
2024-01-17 18:02:43,216 [INFO] PluginManager:220 - loadIPPluginJar : add spi
2024-01-17 18:02:43,220 [INFO] IPUIPlugin:80 - create IPUIPlugin
2024-01-17 18:02:43,220 [INFO] PluginManager:220 - loadIPPluginJar : add stm32_wpan
2024-01-17 18:02:43,222 [INFO] IPUIPlugin:80 - create IPUIPlugin
2024-01-17 18:02:43,222 [INFO] PluginManager:220 - loadIPPluginJar : add tim
2024-01-17 18:02:43,224 [INFO] IPUIPlugin:80 - create IPUIPlugin
2024-01-17 18:02:43,224 [INFO] PluginManager:220 - loadIPPluginJar : add touchsensing
2024-01-17 18:02:43,225 [INFO] IPUIPlugin:80 - create IPUIPlugin
2024-01-17 18:02:43,225 [INFO] PluginManager:220 - loadIPPluginJar : add tracer_emb
2024-01-17 18:02:43,226 [INFO] IPUIPlugin:80 - create IPUIPlugin
2024-01-17 18:02:43,226 [INFO] PluginManager:220 - loadIPPluginJar : add ts
2024-01-17 18:02:43,227 [INFO] IPUIPlugin:80 - create IPUIPlugin
2024-01-17 18:02:43,227 [INFO] PluginManager:220 - loadIPPluginJar : add tsc
2024-01-17 18:02:43,228 [INFO] IPUIPlugin:80 - create IPUIPlugin
2024-01-17 18:02:43,228 [INFO] PluginManager:220 - loadIPPluginJar : add ucpd
2024-01-17 18:02:43,230 [INFO] IPUIPlugin:80 - create IPUIPlugin
2024-01-17 18:02:43,230 [INFO] PluginManager:220 - loadIPPluginJar : add usart
2024-01-17 18:02:43,232 [INFO] IPUIPlugin:80 - create IPUIPlugin
2024-01-17 18:02:43,232 [INFO] PluginManager:220 - loadIPPluginJar : add usbx
2024-01-17 18:02:43,346 [INFO] CADModel:165 - CPN selected for project level
2024-01-17 18:02:43,346 [INFO] CADModel:114 - Register for checkConnection events
2024-01-17 18:02:43,346 [FATAL] Updater:308 - Updater called before beeing initialized
2024-01-17 18:02:43,346 [ERROR] CADModel:125 - Updater not yet initialized, retry later 
2024-01-17 18:02:43,443 [INFO] CADModel:165 - CPN selected for project level
2024-01-17 18:02:43,443 [INFO] CADModel:114 - Register for checkConnection events
2024-01-17 18:02:43,443 [FATAL] Updater:308 - Updater called before beeing initialized
2024-01-17 18:02:43,443 [ERROR] CADModel:125 - Updater not yet initialized, retry later 
2024-01-17 18:02:43,445 [FATAL] Updater:308 - Updater called before beeing initialized
2024-01-17 18:02:43,511 [FATAL] Updater:308 - Updater called before beeing initialized
2024-01-17 18:02:43,514 [INFO] DbMcusAds:53 - JSON generation date=Wed Nov 29 19:52:27 JST 2023 (1701255147349)
2024-01-17 18:02:43,514 [FATAL] Updater:308 - Updater called before beeing initialized
2024-01-17 18:02:43,537 [WARN] DetailPanel:346 - Failed to get advertising image, set to default
2024-01-17 18:02:43,595 [FATAL] Updater:308 - Updater called before beeing initialized
2024-01-17 18:02:43,596 [FATAL] Updater:308 - Updater called before beeing initialized
2024-01-17 18:02:43,596 [FATAL] Updater:308 - Updater called before beeing initialized
2024-01-17 18:02:43,596 [WARN] DetailPanel:346 - Failed to get advertising image, set to default
2024-01-17 18:02:43,597 [FATAL] Updater:308 - Updater called before beeing initialized
2024-01-17 18:02:43,628 [ERROR] Updater:1120 - MainUpdater not yet initialized. External WinMGr cannot be set.
2024-01-17 18:02:43,629 [INFO] Updater:1056 - Updater Version found : 6.10.0
2024-01-17 18:02:43,643 [INFO] ApplicationProperties:184 - Using Application install path: C:\ST\STM32CubeIDE_1.14.0\STM32CubeIDE\plugins\com.st.stm32cube.common.mx_6.10.0.202311202037
2024-01-17 18:02:43,823 [INFO] MainUpdater:2873 - connection check result : 10
2024-01-17 18:02:43,823 [INFO] MainUpdater:290 - Updater Check For Update Now.
2024-01-17 18:02:43,823 [INFO] MicroXplorer:498 - Change Database Version : DB.6.0.100
2024-01-17 18:02:43,829 [INFO] McuFinderGlobals:63 - Set McuFinder mode to 2 (CubeIDE integrated)
2024-01-17 18:02:43,945 [INFO] UserAuth:404 - Internet connection configuration mode: 1
2024-01-17 18:02:43,951 [INFO] JxBrowserEngine:152 - Initiate JxBrowser Engine with user profile folder
2024-01-17 18:02:43,980 [INFO] CheckServerUpdateThread:120 - End of CheckServer Thread
2024-01-17 18:02:44,268 [INFO] WebApp:161 - Instantiating new browser for Auth
2024-01-17 18:02:44,580 [INFO] WebApp:780 - Register for checkConnection events
2024-01-17 18:02:44,581 [INFO] WebApp:414 - Apply proxy settings
2024-01-17 18:02:44,581 [INFO] WebApp:499 - Chromium requires no authentication
2024-01-17 18:02:44,585 [INFO] WebApp:442 - Direct internet connection detected
2024-01-17 18:02:44,669 [INFO] WebApp:192 - Starting web application
2024-01-17 18:02:44,669 [INFO] WebApp:544 - Web application path used C:\ST\STM32CubeIDE_1.14.0\STM32CubeIDE\plugins\com.st.stm32cube.common.mx_6.10.0.202311202037\db\plugins\mcufinder\reactClient1\index.html
2024-01-17 18:02:45,970 [WARN] PackLoader:240 - Cannot read IP mode file for STMicroelectronics.X-CUBE-SMBUS.2.1.0
2024-01-17 18:02:45,977 [WARN] PackLoader:240 - Cannot read IP mode file for STMicroelectronics.X-CUBE-TOUCHGFX.4.23.0
2024-01-17 18:02:45,997 [WARN] PackLoader:240 - Cannot read IP mode file for STMicroelectronics.X-CUBE-AZRTOS-F7.1.1.0
2024-01-17 18:02:46,008 [WARN] PackLoader:240 - Cannot read IP mode file for STMicroelectronics.FP-SNS-MOTENV1.4.3.2
2024-01-17 18:02:46,014 [WARN] PackLoader:240 - Cannot read IP mode file for STMicroelectronics.FP-SNS-FLIGHT1.5.0.2
2024-01-17 18:02:46,024 [WARN] PackLoader:240 - Cannot read IP mode file for STMicroelectronics.X-CUBE-DISPLAY.3.0.0
2024-01-17 18:02:46,039 [WARN] PackLoader:240 - Cannot read IP mode file for STMicroelectronics.X-CUBE-BLE1.7.0.0
2024-01-17 18:02:46,046 [WARN] PackLoader:240 - Cannot read IP mode file for emotas.I-CUBE-CANOPEN.1.3.0
2024-01-17 18:02:46,051 [WARN] PackLoader:240 - Cannot read IP mode file for STMicroelectronics.X-CUBE-TOUCHGFX.4.22.1
2024-01-17 18:02:46,054 [WARN] PackLoader:240 - Cannot read IP mode file for STMicroelectronics.FP-SNS-SMARTAG2.1.2.0
2024-01-17 18:02:46,065 [INFO] LogOutputStream:77 - [STDOUT_REDIRECT] 1 : Invalid condition id : UX_CORESTACK_Condition cause : null
2024-01-17 18:02:46,066 [INFO] LogOutputStream:77 - [STDOUT_REDIRECT] 1 : Invalid condition id : UX_CORESTACK_Condition cause : null
2024-01-17 18:02:46,067 [INFO] LogOutputStream:77 - [STDOUT_REDIRECT] 1 : Invalid condition id : UX_CORESTACK_Condition cause : null
2024-01-17 18:02:46,068 [INFO] LogOutputStream:77 - [STDOUT_REDIRECT] 1 : Invalid condition id : UX_CORESTACK_Condition cause : null
2024-01-17 18:02:46,069 [INFO] LogOutputStream:77 - [STDOUT_REDIRECT] 1 : Invalid condition id : UX_CORESTACK_Condition cause : null
2024-01-17 18:02:46,074 [WARN] PackLoader:240 - Cannot read IP mode file for STMicroelectronics.X-CUBE-AZRTOS-WL.2.0.0
2024-01-17 18:02:46,087 [WARN] PackLoader:240 - Cannot read IP mode file for WES.I-CUBE-Cesium.1.3.0
2024-01-17 18:02:46,097 [WARN] PackLoader:240 - Cannot read IP mode file for STMicroelectronics.X-CUBE-BLE2.3.3.0
2024-01-17 18:02:46,108 [WARN] PackLoader:240 - Cannot read IP mode file for STMicroelectronics.X-CUBE-ALGOBUILD.1.3.0
2024-01-17 18:02:46,128 [WARN] PackLoader:240 - Cannot read IP mode file for STMicroelectronics.X-CUBE-AZRTOS-G0.1.1.0
2024-01-17 18:02:46,139 [WARN] PackLoader:240 - Cannot read IP mode file for STMicroelectronics.X-CUBE-NFC4.3.0.0
2024-01-17 18:02:46,150 [WARN] PackLoader:240 - Cannot read IP mode file for STMicroelectronics.X-CUBE-BLEMGR.3.0.0
2024-01-17 18:02:46,157 [WARN] PackLoader:240 - Cannot read IP mode file for STMicroelectronics.FP-ATR-SIGFOX1.3.2.0
2024-01-17 18:02:46,185 [WARN] PackLoader:240 - Cannot read IP mode file for SEGGER.I-CUBE-embOS.1.3.1
2024-01-17 18:02:46,229 [WARN] PackLoader:240 - Cannot read IP mode file for STMicroelectronics.X-CUBE-GNSS1.6.0.0
2024-01-17 18:02:46,243 [WARN] PackLoader:240 - Cannot read IP mode file for STMicroelectronics.X-CUBE-AZRTOS-F4.1.1.0
2024-01-17 18:02:46,250 [WARN] PackLoader:240 - Cannot read IP mode file for wolfSSL.I-CUBE-wolfSSL.5.6.3
2024-01-17 18:02:46,265 [WARN] PackLoader:240 - Cannot read IP mode file for STMicroelectronics.X-CUBE-AZRTOS-L5.2.0.0
2024-01-17 18:02:46,273 [WARN] PackLoader:240 - Cannot read IP mode file for STMicroelectronics.X-CUBE-EEPRMA1.4.2.0
2024-01-17 18:02:46,280 [WARN] PackLoader:240 - Cannot read IP mode file for ITTIA_DB.I-CUBE-ITTIADB.8.8.0
2024-01-17 18:02:46,285 [WARN] PackLoader:240 - Cannot read IP mode file for STMicroelectronics.X-CUBE-BLEMGR.2.0.0
2024-01-17 18:02:46,297 [WARN] ConditionMgr:438 - getConditionDescription Invalid condition id : UX DEVICE CLASS RTOS Condition cause : null
2024-01-17 18:02:46,297 [WARN] ConditionMgr:438 - getConditionDescription Invalid condition id : UX DEVICE CLASS RTOS Condition cause : null
2024-01-17 18:02:46,299 [WARN] PackLoader:240 - Cannot read IP mode file for STMicroelectronics.X-CUBE-AZRTOS-H7.3.1.0
2024-01-17 18:02:46,300 [WARN] ConditionMgr:1039 - genDependencies : Invalid condition id : UX DEVICE CLASS RTOS Condition cause : null
2024-01-17 18:02:46,300 [WARN] ConditionMgr:1039 - genDependencies : Invalid condition id : UX DEVICE CLASS RTOS Condition cause : null
2024-01-17 18:02:46,300 [WARN] ConditionMgr:1039 - genDependencies : Invalid condition id : UX DEVICE CLASS RTOS Condition cause : null
2024-01-17 18:02:46,300 [WARN] ConditionMgr:1039 - genDependencies : Invalid condition id : UX DEVICE CLASS RTOS Condition cause : null
2024-01-17 18:02:46,301 [WARN] ConditionMgr:1039 - genDependencies : Invalid condition id : UX DEVICE CLASS RTOS Condition cause : null
2024-01-17 18:02:46,304 [WARN] PackLoader:240 - Cannot read IP mode file for STMicroelectronics.X-CUBE-NFC7.1.0.1
2024-01-17 18:02:46,310 [WARN] PackLoader:240 - Cannot read IP mode file for STMicroelectronics.X-CUBE-NFC6.3.0.0
2024-01-17 18:02:46,317 [WARN] PackLoader:240 - Cannot read IP mode file for STMicroelectronics.X-CUBE-EEPRMA1.4.1.0
2024-01-17 18:02:46,322 [WARN] PackLoader:240 - Cannot read IP mode file for STMicroelectronics.X-CUBE-AI.8.1.0
2024-01-17 18:02:46,334 [WARN] ConditionMgr:438 - getConditionDescription Invalid condition id : LAN8742 Phy interface Condition cause : null
2024-01-17 18:02:46,334 [WARN] PackLoader:240 - Cannot read IP mode file for STMicroelectronics.X-CUBE-AZRTOS-L4.2.0.0
2024-01-17 18:02:46,336 [WARN] ConditionMgr:1039 - genDependencies : Invalid condition id : LAN8742 Phy interface Condition cause : null
2024-01-17 18:02:46,337 [WARN] ConditionMgr:1039 - genDependencies : Invalid condition id : LAN8742 Phy interface Condition cause : null
2024-01-17 18:02:46,337 [WARN] ConditionMgr:1039 - genDependencies : Invalid condition id : LAN8742 Phy interface Condition cause : null
2024-01-17 18:02:46,343 [WARN] PackLoader:240 - Cannot read IP mode file for STMicroelectronics.X-CUBE-SFXS2LP1.4.0.0
2024-01-17 18:02:46,347 [WARN] PackLoader:240 - Cannot read IP mode file for STMicroelectronics.X-CUBE-ISPU.1.1.0
2024-01-17 18:02:46,353 [WARN] ConditionMgr:438 - getConditionDescription Invalid condition id : UX DEVICE CLASS RTOS Condition cause : null
2024-01-17 18:02:46,353 [WARN] ConditionMgr:438 - getConditionDescription Invalid condition id : UX DEVICE CLASS RTOS Condition cause : null
2024-01-17 18:02:46,354 [WARN] PackLoader:240 - Cannot read IP mode file for STMicroelectronics.X-CUBE-AZRTOS-WB.2.0.0
2024-01-17 18:02:46,355 [WARN] ConditionMgr:1039 - genDependencies : Invalid condition id : UX DEVICE CLASS RTOS Condition cause : null
2024-01-17 18:02:46,355 [WARN] ConditionMgr:1039 - genDependencies : Invalid condition id : UX DEVICE CLASS RTOS Condition cause : null
2024-01-17 18:02:46,355 [WARN] ConditionMgr:1039 - genDependencies : Invalid condition id : UX DEVICE CLASS RTOS Condition cause : null
2024-01-17 18:02:46,355 [WARN] ConditionMgr:1039 - genDependencies : Invalid condition id : UX DEVICE CLASS RTOS Condition cause : null
2024-01-17 18:02:46,355 [WARN] ConditionMgr:1039 - genDependencies : Invalid condition id : UX DEVICE CLASS RTOS Condition cause : null
2024-01-17 18:02:46,362 [WARN] PackLoader:240 - Cannot read IP mode file for STMicroelectronics.X-CUBE-SUBG2.5.0.0
2024-01-17 18:02:46,371 [WARN] PackLoader:240 - Cannot read IP mode file for STMicroelectronics.X-CUBE-TOF1.3.3.1
2024-01-17 18:02:46,385 [WARN] PackLoader:240 - Cannot read IP mode file for STMicroelectronics.X-CUBE-AZRTOS-G4.2.0.0
2024-01-17 18:02:46,399 [WARN] PackLoader:240 - Cannot read IP mode file for Infineon.AIROC-Wi-Fi-Bluetooth-STM32.1.5.1
2024-01-17 18:02:46,406 [WARN] PackLoader:240 - Cannot read IP mode file for STMicroelectronics.FP-SNS-MOTENVWB1.1.3.0
2024-01-17 18:02:46,410 [WARN] PackLoader:240 - Cannot read IP mode file for STMicroelectronics.FP-SNS-MOTENVWB1.1.3.1
2024-01-17 18:02:46,414 [WARN] PackLoader:240 - Cannot read IP mode file for STMicroelectronics.X-CUBE-ISPU.2.0.0
2024-01-17 18:02:46,444 [WARN] PackLoader:240 - Cannot read IP mode file for STMicroelectronics.X-CUBE-MEMS1.10.0.0
2024-01-17 18:02:46,533 [WARN] PackLoader:240 - Cannot read IP mode file for STMicroelectronics.X-CUBE-FREERTOS.1.1.0
2024-01-17 18:02:46,539 [WARN] PackLoader:240 - Cannot read IP mode file for portGmbH.I-Cube-SoM-uGOAL.1.1.0
2024-01-17 18:02:46,544 [WARN] PackLoader:240 - Cannot read IP mode file for STMicroelectronics.X-CUBE-ALS.1.0.1
2024-01-17 18:02:46,548 [WARN] PackLoader:240 - Cannot read IP mode file for STMicroelectronics.FP-ATR-ASTRA1.2.0.0
2024-01-17 18:02:46,557 [WARN] PackLoader:240 - Cannot read IP mode file for STMicroelectronics.X-CUBE-TOF1.3.4.0
2024-01-17 18:02:46,583 [WARN] PackLoader:240 - Cannot read IP mode file for STMicroelectronics.X-CUBE-AZRTOS-H7.3.2.0
2024-01-17 18:02:46,586 [INFO] ThirdParty:978 - Integrity check success = true
2024-01-17 18:02:46,586 [INFO] IntegrityCheckThread:100 - exiting critical section [integrity check]
2024-01-17 18:02:46,586 [INFO] IntegrityCheckThread:103 - End integrity checks thread
2024-01-17 18:02:51,280 [ERROR] LogOutputStream:75 - [STDERR_REDIRECT] 
