2024-01-24 16:42:43,979 [INFO] Activator:176 - 


2024-01-24 16:42:43,983 [INFO] Activator:177 - !SESSION log4j initialized
2024-01-24 16:42:46,482 [INFO] LogOutputStream:77 - [STDOUT_REDIRECT] 
2024-01-24 16:42:47,587 [INFO] ApplicationProperties:184 - Using Application install path: C:\ST\STM32CubeIDE_1.14.0\STM32CubeIDE\plugins\com.st.stm32cube.common.mx_6.10.0.202311202037
2024-01-24 16:42:47,601 [INFO] DbMcusXml:78 - Set database path to: C:\ST\STM32CubeIDE_1.14.0\STM32CubeIDE\plugins\com.st.stm32cube.common.mx_6.10.0.202311202037\\db\/mcu/
2024-01-24 16:42:47,601 [INFO] ApiDb:274 - Set plugin database path to: C:\ST\STM32CubeIDE_1.14.0\STM32CubeIDE\plugins\com.st.stm32cube.common.mx_6.10.0.202311202037\\db\/plugins/boardmanager/
2024-01-24 16:42:47,601 [WARN] ApiDb:259 - Overriding images path with different value:  => C:\ST\STM32CubeIDE_1.14.0\STM32CubeIDE\plugins\com.st.stm32cube.common.mx_6.10.0.202311202037\\db\/plugins/mcufinder/images/
2024-01-24 16:42:47,606 [INFO] ApiDb:250 - Set database path to: C:\Users\mizun\.stmcufinder\plugins\mcufinder//mcu/
2024-01-24 16:42:47,607 [INFO] DbMcusAds:125 - Set database path to: C:\Users\mizun\.stmcufinder\plugins\mcufinder//mcu/
2024-01-24 16:42:47,610 [INFO] CrossReferenceDbSqlite:203 - Set database path to: C:\Users\mizun\.stmcufinder\plugins\mcufinder//mcu/cs/
2024-01-24 16:42:47,695 [INFO] RulesReader:64 - Compatibility file has been processed (297 Rules)
2024-01-24 16:42:47,753 [INFO] DbMcusXml:78 - Set database path to: C:\ST\STM32CubeIDE_1.14.0\STM32CubeIDE\plugins\com.st.stm32cube.common.mx_6.10.0.202311202037\\db\/mcu/
2024-01-24 16:42:47,753 [INFO] ApiDb:274 - Set plugin database path to: C:\ST\STM32CubeIDE_1.14.0\STM32CubeIDE\plugins\com.st.stm32cube.common.mx_6.10.0.202311202037\\db\/plugins/boardmanager/
2024-01-24 16:42:47,753 [INFO] ApiDb:261 - Set plugin images path to: C:\ST\STM32CubeIDE_1.14.0\STM32CubeIDE\plugins\com.st.stm32cube.common.mx_6.10.0.202311202037\\db\/plugins/mcufinder/images/
2024-01-24 16:42:47,753 [WARN] DbFile:41 - Overriding database path with different value: C:\Users\mizun\.stmcufinder\plugins\mcufinder/ => C:\Users\mizun\.stmcufinder\plugins\mcufinder
2024-01-24 16:42:47,753 [INFO] ApiDb:250 - Set database path to: C:\Users\mizun\.stmcufinder\plugins\mcufinder//mcu/
2024-01-24 16:42:47,753 [WARN] DbFile:41 - Overriding database path with different value: C:\Users\mizun\.stmcufinder\plugins\mcufinder/ => C:\Users\mizun\.stmcufinder\plugins\mcufinder
2024-01-24 16:42:47,753 [INFO] DbMcusAds:125 - Set database path to: C:\Users\mizun\.stmcufinder\plugins\mcufinder//mcu/
2024-01-24 16:42:47,753 [WARN] DbFile:41 - Overriding database path with different value: C:\Users\mizun\.stmcufinder\plugins\mcufinder/ => C:\Users\mizun\.stmcufinder\plugins\mcufinder
2024-01-24 16:42:47,753 [WARN] DbFile:41 - Overriding database path with different value: C:\Users\mizun\.stmcufinder\plugins\mcufinder/ => C:\Users\mizun\.stmcufinder\plugins\mcufinder
2024-01-24 16:42:47,753 [INFO] CrossReferenceDbSqlite:203 - Set database path to: C:\Users\mizun\.stmcufinder\plugins\mcufinder//mcu/cs/
2024-01-24 16:42:47,818 [INFO] MainPanel:264 - HeapMemory: 268435456
2024-01-24 16:42:47,860 [INFO] DbMcusXml:78 - Set database path to: C:\ST\STM32CubeIDE_1.14.0\STM32CubeIDE\plugins\com.st.stm32cube.common.mx_6.10.0.202311202037\\db\/mcu/
2024-01-24 16:42:47,860 [INFO] ApiDb:274 - Set plugin database path to: C:\ST\STM32CubeIDE_1.14.0\STM32CubeIDE\plugins\com.st.stm32cube.common.mx_6.10.0.202311202037\\db\/plugins/boardmanager/
2024-01-24 16:42:47,860 [INFO] ApiDb:261 - Set plugin images path to: C:\ST\STM32CubeIDE_1.14.0\STM32CubeIDE\plugins\com.st.stm32cube.common.mx_6.10.0.202311202037\\db\/plugins/mcufinder/images/
2024-01-24 16:42:47,860 [WARN] DbFile:41 - Overriding database path with different value: C:\Users\mizun\.stmcufinder\plugins\mcufinder/ => C:\Users\mizun\.stmcufinder\plugins\mcufinder
2024-01-24 16:42:47,860 [INFO] ApiDb:250 - Set database path to: C:\Users\mizun\.stmcufinder\plugins\mcufinder//mcu/
2024-01-24 16:42:47,861 [WARN] DbFile:41 - Overriding database path with different value: C:\Users\mizun\.stmcufinder\plugins\mcufinder/ => C:\Users\mizun\.stmcufinder\plugins\mcufinder
2024-01-24 16:42:47,861 [INFO] DbMcusAds:125 - Set database path to: C:\Users\mizun\.stmcufinder\plugins\mcufinder//mcu/
2024-01-24 16:42:47,861 [WARN] DbFile:41 - Overriding database path with different value: C:\Users\mizun\.stmcufinder\plugins\mcufinder/ => C:\Users\mizun\.stmcufinder\plugins\mcufinder
2024-01-24 16:42:47,861 [WARN] DbFile:41 - Overriding database path with different value: C:\Users\mizun\.stmcufinder\plugins\mcufinder/ => C:\Users\mizun\.stmcufinder\plugins\mcufinder
2024-01-24 16:42:47,861 [INFO] CrossReferenceDbSqlite:203 - Set database path to: C:\Users\mizun\.stmcufinder\plugins\mcufinder//mcu/cs/
2024-01-24 16:42:47,872 [INFO] ApplicationProperties:184 - Using Application install path: C:\ST\STM32CubeIDE_1.14.0\STM32CubeIDE\plugins\com.st.stm32cube.common.mx_6.10.0.202311202037
2024-01-24 16:42:47,873 [INFO] PluginManage:196 - Search for loadable plugins [exclusion list=, ]
2024-01-24 16:42:47,874 [INFO] PluginManage:310 - Check plugin analytics
2024-01-24 16:42:47,991 [INFO] AnalyticsPlugin:253 - Accepted Software Licenses: 
2024-01-24 16:42:47,991 [INFO] AnalyticsPlugin:255 - Accepted CMSIS Pack Licenses: 
2024-01-24 16:42:47,991 [INFO] AnalyticsPlugin:257 - Accepted Firmware Licenses: 
2024-01-24 16:42:47,991 [INFO] PluginManage:359 - Loaded plugin analytics (category:tool,tabindex:-1)
2024-01-24 16:42:47,992 [INFO] PluginManage:310 - Check plugin cadmodel
2024-01-24 16:42:47,995 [INFO] CADModel:105 - Init CAD model plugin
2024-01-24 16:42:47,995 [INFO] PluginManage:359 - Loaded plugin cadmodel (category:power,tabindex:5)
2024-01-24 16:42:47,995 [INFO] PluginManage:310 - Check plugin clock
2024-01-24 16:42:48,002 [INFO] PluginManage:359 - Loaded plugin clock (category:base,tabindex:2)
2024-01-24 16:42:48,002 [INFO] PluginManage:310 - Check plugin ddr
2024-01-24 16:42:48,004 [INFO] PluginManage:359 - Loaded plugin ddr (category:tool,tabindex:6)
2024-01-24 16:42:48,004 [INFO] PluginManage:310 - Check plugin filemanager
2024-01-24 16:42:48,129 [INFO] PluginManage:359 - Loaded plugin filemanager (category:base,tabindex:10)
2024-01-24 16:42:48,129 [INFO] PluginManage:310 - Check plugin ipmanager
2024-01-24 16:42:48,135 [INFO] PluginManage:359 - Loaded plugin ipmanager (category:base,tabindex:5)
2024-01-24 16:42:48,136 [INFO] PluginManage:310 - Check plugin lpbam
2024-01-24 16:42:48,146 [INFO] PluginManage:359 - Loaded plugin lpbam (category:base,tabindex:0)
2024-01-24 16:42:48,146 [INFO] PluginManage:310 - Check plugin memorymap
2024-01-24 16:42:48,156 [INFO] PluginManage:359 - Loaded plugin memorymap (category:base,tabindex:4)
2024-01-24 16:42:48,156 [INFO] PluginManage:310 - Check plugin pinoutandconfiguration
2024-01-24 16:42:48,163 [INFO] PluginManage:359 - Loaded plugin pinoutandconfiguration (category:base,tabindex:1)
2024-01-24 16:42:48,163 [INFO] PluginManage:310 - Check plugin pinoutconfig
2024-01-24 16:42:48,232 [WARN] SupportedApi:132 - Cannot load RTOS API schema: s4s-elt-must-match.1: The content of 'definitions' must match (annotation?, (simpleType | complexType)?, (unique | key | keyref)*)). A problem was found starting at: attribute.
2024-01-24 16:42:48,314 [INFO] PluginManage:359 - Loaded plugin pinoutconfig (category:base,tabindex:0)
2024-01-24 16:42:48,314 [INFO] PluginManage:310 - Check plugin power
2024-01-24 16:42:48,320 [INFO] PluginManage:359 - Loaded plugin power (category:power,tabindex:4)
2024-01-24 16:42:48,320 [INFO] PluginManage:310 - Check plugin projectmanager
2024-01-24 16:42:48,331 [INFO] PluginManage:359 - Loaded plugin projectmanager (category:projectmanager,tabindex:3)
2024-01-24 16:42:48,331 [INFO] PluginManage:310 - Check plugin thirdparty
2024-01-24 16:42:48,411 [INFO] PluginManage:359 - Loaded plugin thirdparty (category:base,tabindex:-1)
2024-01-24 16:42:48,411 [WARN] IntegrityCheckThread:84 - waiting for thirdparty lock release [integrity check]
2024-01-24 16:42:48,411 [INFO] PluginManage:310 - Check plugin tools
2024-01-24 16:42:48,411 [INFO] IntegrityCheckThread:86 - entering critical section [integrity check]
2024-01-24 16:42:48,412 [INFO] ThirdPartyUpdaterWithRetryManager:70 - Updater plugin not ready yet. [1/15]
2024-01-24 16:42:48,413 [INFO] PluginManage:359 - Loaded plugin tools (category:base,tabindex:7)
2024-01-24 16:42:48,414 [INFO] PluginManage:310 - Check plugin tutovideos
2024-01-24 16:42:48,513 [INFO] PluginManage:359 - Loaded plugin tutovideos (category:base,tabindex:-1)
2024-01-24 16:42:48,513 [INFO] PluginManage:310 - Check plugin updater
2024-01-24 16:42:48,520 [INFO] PluginManage:359 - Loaded plugin updater (category:base,tabindex:12)
2024-01-24 16:42:48,520 [INFO] PluginManage:310 - Check plugin userauth
2024-01-24 16:42:48,524 [INFO] UserAuth:114 - Init User Auth plugin
2024-01-24 16:42:48,524 [INFO] PluginManage:359 - Loaded plugin userauth (category:base,tabindex:14)
2024-01-24 16:42:48,524 [INFO] PluginManage:283 - PluginManage : Loaded plugins [17]
2024-01-24 16:42:48,665 [INFO] PinOutPanel:1499 - setPackage(No Configuration,No Configuration)
2024-01-24 16:42:48,717 [INFO] CADModel:165 - CPN selected for project level
2024-01-24 16:42:48,717 [INFO] CADModel:114 - Register for checkConnection events
2024-01-24 16:42:48,728 [INFO] IPUIPlugin:80 - create IPUIPlugin
2024-01-24 16:42:48,728 [INFO] PluginManager:220 - loadIPPluginJar : add adc
2024-01-24 16:42:48,729 [INFO] IPUIPlugin:80 - create IPUIPlugin
2024-01-24 16:42:48,729 [INFO] PluginManager:220 - loadIPPluginJar : add aes
2024-01-24 16:42:48,731 [INFO] IPUIPlugin:80 - create IPUIPlugin
2024-01-24 16:42:48,731 [INFO] PluginManager:220 - loadIPPluginJar : add can
2024-01-24 16:42:48,732 [INFO] IPUIPlugin:80 - create IPUIPlugin
2024-01-24 16:42:48,732 [INFO] PluginManager:220 - loadIPPluginJar : add comp
2024-01-24 16:42:48,733 [INFO] IPUIPlugin:80 - create IPUIPlugin
2024-01-24 16:42:48,733 [INFO] PluginManager:220 - loadIPPluginJar : add cryp
2024-01-24 16:42:48,735 [INFO] IPUIPlugin:80 - create IPUIPlugin
2024-01-24 16:42:48,735 [INFO] PluginManager:220 - loadIPPluginJar : add dfsdm
2024-01-24 16:42:48,739 [INFO] IPUIPlugin:80 - create IPUIPlugin
2024-01-24 16:42:48,739 [INFO] PluginManager:220 - loadIPPluginJar : add dma
2024-01-24 16:42:48,741 [INFO] IPUIPlugin:80 - create IPUIPlugin
2024-01-24 16:42:48,741 [INFO] PluginManager:220 - loadIPPluginJar : add dma3
2024-01-24 16:42:48,741 [INFO] IPUIPlugin:80 - create IPUIPlugin
2024-01-24 16:42:48,741 [INFO] PluginManager:220 - loadIPPluginJar : add fatfs
2024-01-24 16:42:48,745 [INFO] IPUIPlugin:80 - create IPUIPlugin
2024-01-24 16:42:48,745 [INFO] PluginManager:220 - loadIPPluginJar : add fmc
2024-01-24 16:42:48,748 [INFO] IPUIPlugin:80 - create IPUIPlugin
2024-01-24 16:42:48,748 [INFO] PluginManager:220 - loadIPPluginJar : add freertos
2024-01-24 16:42:48,749 [INFO] IPUIPlugin:80 - create IPUIPlugin
2024-01-24 16:42:48,749 [INFO] PluginManager:220 - loadIPPluginJar : add genericplugin
2024-01-24 16:42:48,750 [INFO] IPUIPlugin:80 - create IPUIPlugin
2024-01-24 16:42:48,750 [INFO] PluginManager:220 - loadIPPluginJar : add gfxmmu
2024-01-24 16:42:48,754 [INFO] IPUIPlugin:80 - create IPUIPlugin
2024-01-24 16:42:48,754 [INFO] PluginManager:220 - loadIPPluginJar : add gic
2024-01-24 16:42:48,757 [INFO] IPUIPlugin:80 - create IPUIPlugin
2024-01-24 16:42:48,757 [INFO] PluginManager:220 - loadIPPluginJar : add gpio
2024-01-24 16:42:48,759 [INFO] IPUIPlugin:80 - create IPUIPlugin
2024-01-24 16:42:48,759 [INFO] PluginManager:220 - loadIPPluginJar : add gtzc
2024-01-24 16:42:48,760 [INFO] IPUIPlugin:80 - create IPUIPlugin
2024-01-24 16:42:48,760 [INFO] PluginManager:220 - loadIPPluginJar : add hash
2024-01-24 16:42:48,762 [INFO] IPUIPlugin:80 - create IPUIPlugin
2024-01-24 16:42:48,762 [INFO] PluginManager:220 - loadIPPluginJar : add i2c
2024-01-24 16:42:48,763 [INFO] IPUIPlugin:80 - create IPUIPlugin
2024-01-24 16:42:48,763 [INFO] PluginManager:220 - loadIPPluginJar : add i2s
2024-01-24 16:42:48,764 [INFO] IPUIPlugin:80 - create IPUIPlugin
2024-01-24 16:42:48,765 [INFO] PluginManager:220 - loadIPPluginJar : add i3c
2024-01-24 16:42:48,767 [INFO] IPUIPlugin:80 - create IPUIPlugin
2024-01-24 16:42:48,767 [INFO] PluginManager:220 - loadIPPluginJar : add ipddr
2024-01-24 16:42:48,772 [INFO] IPUIPlugin:80 - create IPUIPlugin
2024-01-24 16:42:48,772 [INFO] PluginManager:220 - loadIPPluginJar : add linkedlist
2024-01-24 16:42:48,773 [INFO] IPUIPlugin:80 - create IPUIPlugin
2024-01-24 16:42:48,773 [INFO] PluginManager:220 - loadIPPluginJar : add lorawan
2024-01-24 16:42:48,774 [INFO] IPUIPlugin:80 - create IPUIPlugin
2024-01-24 16:42:48,774 [INFO] PluginManager:220 - loadIPPluginJar : add ltdc
2024-01-24 16:42:48,778 [INFO] IPUIPlugin:80 - create IPUIPlugin
2024-01-24 16:42:48,778 [INFO] PluginManager:220 - loadIPPluginJar : add mdma
2024-01-24 16:42:48,781 [INFO] IPUIPlugin:80 - create IPUIPlugin
2024-01-24 16:42:48,781 [INFO] PluginManager:220 - loadIPPluginJar : add nvic
2024-01-24 16:42:48,783 [INFO] IPUIPlugin:80 - create IPUIPlugin
2024-01-24 16:42:48,783 [INFO] PluginManager:220 - loadIPPluginJar : add opamp
2024-01-24 16:42:48,785 [INFO] IPUIPlugin:80 - create IPUIPlugin
2024-01-24 16:42:48,785 [INFO] PluginManager:220 - loadIPPluginJar : add openamp
2024-01-24 16:42:48,787 [INFO] IPUIPlugin:80 - create IPUIPlugin
2024-01-24 16:42:48,787 [INFO] PluginManager:220 - loadIPPluginJar : add pdm2pcm
2024-01-24 16:42:48,790 [INFO] IPUIPlugin:80 - create IPUIPlugin
2024-01-24 16:42:48,792 [INFO] PluginManager:220 - loadIPPluginJar : add plateformsettings
2024-01-24 16:42:48,793 [INFO] IPUIPlugin:80 - create IPUIPlugin
2024-01-24 16:42:48,793 [INFO] PluginManager:220 - loadIPPluginJar : add quadspi
2024-01-24 16:42:48,795 [INFO] IPUIPlugin:80 - create IPUIPlugin
2024-01-24 16:42:48,795 [INFO] PluginManager:220 - loadIPPluginJar : add resmgrutility
2024-01-24 16:42:48,797 [INFO] IPUIPlugin:80 - create IPUIPlugin
2024-01-24 16:42:48,797 [INFO] PluginManager:220 - loadIPPluginJar : add sai
2024-01-24 16:42:48,799 [INFO] IPUIPlugin:80 - create IPUIPlugin
2024-01-24 16:42:48,799 [INFO] PluginManager:220 - loadIPPluginJar : add spi
2024-01-24 16:42:48,802 [INFO] IPUIPlugin:80 - create IPUIPlugin
2024-01-24 16:42:48,802 [INFO] PluginManager:220 - loadIPPluginJar : add stm32_wpan
2024-01-24 16:42:48,803 [INFO] IPUIPlugin:80 - create IPUIPlugin
2024-01-24 16:42:48,803 [INFO] PluginManager:220 - loadIPPluginJar : add tim
2024-01-24 16:42:48,805 [INFO] IPUIPlugin:80 - create IPUIPlugin
2024-01-24 16:42:48,805 [INFO] PluginManager:220 - loadIPPluginJar : add touchsensing
2024-01-24 16:42:48,806 [INFO] IPUIPlugin:80 - create IPUIPlugin
2024-01-24 16:42:48,806 [INFO] PluginManager:220 - loadIPPluginJar : add tracer_emb
2024-01-24 16:42:48,807 [INFO] IPUIPlugin:80 - create IPUIPlugin
2024-01-24 16:42:48,807 [INFO] PluginManager:220 - loadIPPluginJar : add ts
2024-01-24 16:42:48,809 [INFO] IPUIPlugin:80 - create IPUIPlugin
2024-01-24 16:42:48,809 [INFO] PluginManager:220 - loadIPPluginJar : add tsc
2024-01-24 16:42:48,810 [INFO] IPUIPlugin:80 - create IPUIPlugin
2024-01-24 16:42:48,810 [INFO] PluginManager:220 - loadIPPluginJar : add ucpd
2024-01-24 16:42:48,811 [INFO] IPUIPlugin:80 - create IPUIPlugin
2024-01-24 16:42:48,811 [INFO] PluginManager:220 - loadIPPluginJar : add usart
2024-01-24 16:42:48,813 [INFO] IPUIPlugin:80 - create IPUIPlugin
2024-01-24 16:42:48,813 [INFO] PluginManager:220 - loadIPPluginJar : add usbx
2024-01-24 16:42:48,926 [INFO] CADModel:165 - CPN selected for project level
2024-01-24 16:42:48,926 [INFO] CADModel:114 - Register for checkConnection events
2024-01-24 16:42:48,926 [FATAL] Updater:308 - Updater called before beeing initialized
2024-01-24 16:42:48,926 [ERROR] CADModel:125 - Updater not yet initialized, retry later 
2024-01-24 16:42:49,015 [INFO] CADModel:165 - CPN selected for project level
2024-01-24 16:42:49,015 [INFO] CADModel:114 - Register for checkConnection events
2024-01-24 16:42:49,015 [FATAL] Updater:308 - Updater called before beeing initialized
2024-01-24 16:42:49,015 [ERROR] CADModel:125 - Updater not yet initialized, retry later 
2024-01-24 16:42:49,018 [FATAL] Updater:308 - Updater called before beeing initialized
2024-01-24 16:42:49,175 [FATAL] Updater:308 - Updater called before beeing initialized
2024-01-24 16:42:49,180 [INFO] DbMcusAds:53 - JSON generation date=Wed Nov 29 19:52:27 JST 2023 (1701255147200)
2024-01-24 16:42:49,180 [FATAL] Updater:308 - Updater called before beeing initialized
2024-01-24 16:42:49,205 [WARN] DetailPanel:346 - Failed to get advertising image, set to default
2024-01-24 16:42:49,271 [FATAL] Updater:308 - Updater called before beeing initialized
2024-01-24 16:42:49,272 [FATAL] Updater:308 - Updater called before beeing initialized
2024-01-24 16:42:49,272 [FATAL] Updater:308 - Updater called before beeing initialized
2024-01-24 16:42:49,272 [WARN] DetailPanel:346 - Failed to get advertising image, set to default
2024-01-24 16:42:49,273 [FATAL] Updater:308 - Updater called before beeing initialized
2024-01-24 16:42:49,303 [ERROR] Updater:1120 - MainUpdater not yet initialized. External WinMGr cannot be set.
2024-01-24 16:42:49,304 [INFO] Updater:1056 - Updater Version found : 6.10.0
2024-01-24 16:42:49,319 [INFO] ApplicationProperties:184 - Using Application install path: C:\ST\STM32CubeIDE_1.14.0\STM32CubeIDE\plugins\com.st.stm32cube.common.mx_6.10.0.202311202037
2024-01-24 16:42:49,635 [INFO] MainUpdater:2873 - connection check result : 10
2024-01-24 16:42:49,635 [INFO] MainUpdater:290 - Updater Check For Update Now.
2024-01-24 16:42:49,635 [INFO] MicroXplorer:498 - Change Database Version : DB.6.0.100
2024-01-24 16:42:49,644 [INFO] McuFinderGlobals:63 - Set McuFinder mode to 2 (CubeIDE integrated)
2024-01-24 16:42:49,650 [INFO] UserAuth:404 - Internet connection configuration mode: 1
2024-01-24 16:42:49,669 [INFO] JxBrowserEngine:152 - Initiate JxBrowser Engine with user profile folder
2024-01-24 16:42:49,777 [INFO] CheckServerUpdateThread:120 - End of CheckServer Thread
2024-01-24 16:42:50,082 [INFO] WebApp:161 - Instantiating new browser for Auth
2024-01-24 16:42:50,435 [INFO] WebApp:780 - Register for checkConnection events
2024-01-24 16:42:50,435 [INFO] WebApp:414 - Apply proxy settings
2024-01-24 16:42:50,436 [INFO] WebApp:499 - Chromium requires no authentication
2024-01-24 16:42:50,440 [INFO] WebApp:442 - Direct internet connection detected
2024-01-24 16:42:50,529 [INFO] WebApp:192 - Starting web application
2024-01-24 16:42:50,530 [INFO] WebApp:544 - Web application path used C:\ST\STM32CubeIDE_1.14.0\STM32CubeIDE\plugins\com.st.stm32cube.common.mx_6.10.0.202311202037\db\plugins\mcufinder\reactClient1\index.html
2024-01-24 16:42:51,522 [WARN] PackLoader:240 - Cannot read IP mode file for STMicroelectronics.X-CUBE-SMBUS.2.1.0
2024-01-24 16:42:51,528 [WARN] PackLoader:240 - Cannot read IP mode file for STMicroelectronics.X-CUBE-TOUCHGFX.4.23.0
2024-01-24 16:42:51,546 [WARN] PackLoader:240 - Cannot read IP mode file for STMicroelectronics.X-CUBE-AZRTOS-F7.1.1.0
2024-01-24 16:42:51,554 [WARN] PackLoader:240 - Cannot read IP mode file for STMicroelectronics.FP-SNS-MOTENV1.4.3.2
2024-01-24 16:42:51,560 [WARN] PackLoader:240 - Cannot read IP mode file for STMicroelectronics.FP-SNS-FLIGHT1.5.0.2
2024-01-24 16:42:51,569 [WARN] PackLoader:240 - Cannot read IP mode file for STMicroelectronics.X-CUBE-DISPLAY.3.0.0
2024-01-24 16:42:51,582 [WARN] PackLoader:240 - Cannot read IP mode file for STMicroelectronics.X-CUBE-BLE1.7.0.0
2024-01-24 16:42:51,587 [WARN] PackLoader:240 - Cannot read IP mode file for emotas.I-CUBE-CANOPEN.1.3.0
2024-01-24 16:42:51,589 [WARN] PackLoader:240 - Cannot read IP mode file for STMicroelectronics.X-CUBE-TOUCHGFX.4.22.1
2024-01-24 16:42:51,593 [WARN] PackLoader:240 - Cannot read IP mode file for STMicroelectronics.FP-SNS-SMARTAG2.1.2.0
2024-01-24 16:42:51,602 [INFO] LogOutputStream:77 - [STDOUT_REDIRECT] 1 : Invalid condition id : UX_CORESTACK_Condition cause : null
2024-01-24 16:42:51,603 [INFO] LogOutputStream:77 - [STDOUT_REDIRECT] 1 : Invalid condition id : UX_CORESTACK_Condition cause : null
2024-01-24 16:42:51,604 [INFO] LogOutputStream:77 - [STDOUT_REDIRECT] 1 : Invalid condition id : UX_CORESTACK_Condition cause : null
2024-01-24 16:42:51,605 [INFO] LogOutputStream:77 - [STDOUT_REDIRECT] 1 : Invalid condition id : UX_CORESTACK_Condition cause : null
2024-01-24 16:42:51,606 [INFO] LogOutputStream:77 - [STDOUT_REDIRECT] 1 : Invalid condition id : UX_CORESTACK_Condition cause : null
2024-01-24 16:42:51,608 [WARN] PackLoader:240 - Cannot read IP mode file for STMicroelectronics.X-CUBE-AZRTOS-WL.2.0.0
2024-01-24 16:42:51,616 [WARN] PackLoader:240 - Cannot read IP mode file for WES.I-CUBE-Cesium.1.3.0
2024-01-24 16:42:51,620 [WARN] PackLoader:240 - Cannot read IP mode file for STMicroelectronics.X-CUBE-BLE2.3.3.0
2024-01-24 16:42:51,625 [WARN] PackLoader:240 - Cannot read IP mode file for STMicroelectronics.X-CUBE-ALGOBUILD.1.3.0
2024-01-24 16:42:51,637 [WARN] PackLoader:240 - Cannot read IP mode file for STMicroelectronics.X-CUBE-AZRTOS-G0.1.1.0
2024-01-24 16:42:51,643 [WARN] PackLoader:240 - Cannot read IP mode file for STMicroelectronics.X-CUBE-NFC4.3.0.0
2024-01-24 16:42:51,658 [WARN] PackLoader:240 - Cannot read IP mode file for STMicroelectronics.X-CUBE-BLEMGR.3.0.0
2024-01-24 16:42:51,668 [WARN] PackLoader:240 - Cannot read IP mode file for STMicroelectronics.FP-ATR-SIGFOX1.3.2.0
2024-01-24 16:42:51,710 [WARN] PackLoader:240 - Cannot read IP mode file for SEGGER.I-CUBE-embOS.1.3.1
2024-01-24 16:42:51,742 [WARN] PackLoader:240 - Cannot read IP mode file for STMicroelectronics.X-CUBE-GNSS1.6.0.0
2024-01-24 16:42:51,756 [WARN] PackLoader:240 - Cannot read IP mode file for STMicroelectronics.X-CUBE-AZRTOS-F4.1.1.0
2024-01-24 16:42:51,763 [WARN] PackLoader:240 - Cannot read IP mode file for wolfSSL.I-CUBE-wolfSSL.5.6.3
2024-01-24 16:42:51,773 [WARN] PackLoader:240 - Cannot read IP mode file for STMicroelectronics.X-CUBE-AZRTOS-L5.2.0.0
2024-01-24 16:42:51,784 [WARN] PackLoader:240 - Cannot read IP mode file for STMicroelectronics.X-CUBE-EEPRMA1.4.2.0
2024-01-24 16:42:51,792 [WARN] PackLoader:240 - Cannot read IP mode file for ITTIA_DB.I-CUBE-ITTIADB.8.8.0
2024-01-24 16:42:51,800 [WARN] PackLoader:240 - Cannot read IP mode file for STMicroelectronics.X-CUBE-BLEMGR.2.0.0
2024-01-24 16:42:51,811 [WARN] ConditionMgr:438 - getConditionDescription Invalid condition id : UX DEVICE CLASS RTOS Condition cause : null
2024-01-24 16:42:51,811 [WARN] ConditionMgr:438 - getConditionDescription Invalid condition id : UX DEVICE CLASS RTOS Condition cause : null
2024-01-24 16:42:51,813 [WARN] PackLoader:240 - Cannot read IP mode file for STMicroelectronics.X-CUBE-AZRTOS-H7.3.1.0
2024-01-24 16:42:51,814 [WARN] ConditionMgr:1039 - genDependencies : Invalid condition id : UX DEVICE CLASS RTOS Condition cause : null
2024-01-24 16:42:51,815 [WARN] ConditionMgr:1039 - genDependencies : Invalid condition id : UX DEVICE CLASS RTOS Condition cause : null
2024-01-24 16:42:51,815 [WARN] ConditionMgr:1039 - genDependencies : Invalid condition id : UX DEVICE CLASS RTOS Condition cause : null
2024-01-24 16:42:51,815 [WARN] ConditionMgr:1039 - genDependencies : Invalid condition id : UX DEVICE CLASS RTOS Condition cause : null
2024-01-24 16:42:51,815 [WARN] ConditionMgr:1039 - genDependencies : Invalid condition id : UX DEVICE CLASS RTOS Condition cause : null
2024-01-24 16:42:51,820 [WARN] PackLoader:240 - Cannot read IP mode file for STMicroelectronics.X-CUBE-NFC7.1.0.1
2024-01-24 16:42:51,825 [WARN] PackLoader:240 - Cannot read IP mode file for STMicroelectronics.X-CUBE-NFC6.3.0.0
2024-01-24 16:42:51,830 [WARN] PackLoader:240 - Cannot read IP mode file for STMicroelectronics.X-CUBE-EEPRMA1.4.1.0
2024-01-24 16:42:51,834 [WARN] PackLoader:240 - Cannot read IP mode file for STMicroelectronics.X-CUBE-AI.8.1.0
2024-01-24 16:42:51,842 [WARN] ConditionMgr:438 - getConditionDescription Invalid condition id : LAN8742 Phy interface Condition cause : null
2024-01-24 16:42:51,842 [WARN] PackLoader:240 - Cannot read IP mode file for STMicroelectronics.X-CUBE-AZRTOS-L4.2.0.0
2024-01-24 16:42:51,843 [WARN] ConditionMgr:1039 - genDependencies : Invalid condition id : LAN8742 Phy interface Condition cause : null
2024-01-24 16:42:51,843 [WARN] ConditionMgr:1039 - genDependencies : Invalid condition id : LAN8742 Phy interface Condition cause : null
2024-01-24 16:42:51,844 [WARN] ConditionMgr:1039 - genDependencies : Invalid condition id : LAN8742 Phy interface Condition cause : null
2024-01-24 16:42:51,849 [WARN] PackLoader:240 - Cannot read IP mode file for STMicroelectronics.X-CUBE-SFXS2LP1.4.0.0
2024-01-24 16:42:51,852 [WARN] PackLoader:240 - Cannot read IP mode file for STMicroelectronics.X-CUBE-ISPU.1.1.0
2024-01-24 16:42:51,858 [WARN] ConditionMgr:438 - getConditionDescription Invalid condition id : UX DEVICE CLASS RTOS Condition cause : null
2024-01-24 16:42:51,858 [WARN] ConditionMgr:438 - getConditionDescription Invalid condition id : UX DEVICE CLASS RTOS Condition cause : null
2024-01-24 16:42:51,859 [WARN] PackLoader:240 - Cannot read IP mode file for STMicroelectronics.X-CUBE-AZRTOS-WB.2.0.0
2024-01-24 16:42:51,860 [WARN] ConditionMgr:1039 - genDependencies : Invalid condition id : UX DEVICE CLASS RTOS Condition cause : null
2024-01-24 16:42:51,860 [WARN] ConditionMgr:1039 - genDependencies : Invalid condition id : UX DEVICE CLASS RTOS Condition cause : null
2024-01-24 16:42:51,860 [WARN] ConditionMgr:1039 - genDependencies : Invalid condition id : UX DEVICE CLASS RTOS Condition cause : null
2024-01-24 16:42:51,860 [WARN] ConditionMgr:1039 - genDependencies : Invalid condition id : UX DEVICE CLASS RTOS Condition cause : null
2024-01-24 16:42:51,861 [WARN] ConditionMgr:1039 - genDependencies : Invalid condition id : UX DEVICE CLASS RTOS Condition cause : null
2024-01-24 16:42:51,870 [WARN] PackLoader:240 - Cannot read IP mode file for STMicroelectronics.X-CUBE-SUBG2.5.0.0
2024-01-24 16:42:51,884 [WARN] PackLoader:240 - Cannot read IP mode file for STMicroelectronics.X-CUBE-TOF1.3.3.1
2024-01-24 16:42:51,897 [WARN] PackLoader:240 - Cannot read IP mode file for STMicroelectronics.X-CUBE-AZRTOS-G4.2.0.0
2024-01-24 16:42:51,905 [WARN] PackLoader:240 - Cannot read IP mode file for Infineon.AIROC-Wi-Fi-Bluetooth-STM32.1.5.1
2024-01-24 16:42:51,912 [WARN] PackLoader:240 - Cannot read IP mode file for STMicroelectronics.FP-SNS-MOTENVWB1.1.3.0
2024-01-24 16:42:51,915 [WARN] PackLoader:240 - Cannot read IP mode file for STMicroelectronics.FP-SNS-MOTENVWB1.1.3.1
2024-01-24 16:42:51,919 [WARN] PackLoader:240 - Cannot read IP mode file for STMicroelectronics.X-CUBE-ISPU.2.0.0
2024-01-24 16:42:51,944 [WARN] PackLoader:240 - Cannot read IP mode file for STMicroelectronics.X-CUBE-MEMS1.10.0.0
2024-01-24 16:42:52,011 [WARN] PackLoader:240 - Cannot read IP mode file for STMicroelectronics.X-CUBE-FREERTOS.1.1.0
2024-01-24 16:42:52,016 [WARN] PackLoader:240 - Cannot read IP mode file for portGmbH.I-Cube-SoM-uGOAL.1.1.0
2024-01-24 16:42:52,018 [WARN] PackLoader:240 - Cannot read IP mode file for STMicroelectronics.X-CUBE-ALS.1.0.1
2024-01-24 16:42:52,021 [WARN] PackLoader:240 - Cannot read IP mode file for STMicroelectronics.FP-ATR-ASTRA1.2.0.0
2024-01-24 16:42:52,029 [WARN] PackLoader:240 - Cannot read IP mode file for STMicroelectronics.X-CUBE-TOF1.3.4.0
2024-01-24 16:42:52,043 [WARN] PackLoader:240 - Cannot read IP mode file for STMicroelectronics.X-CUBE-AZRTOS-H7.3.2.0
2024-01-24 16:42:52,045 [INFO] ThirdParty:978 - Integrity check success = true
2024-01-24 16:42:52,046 [INFO] IntegrityCheckThread:100 - exiting critical section [integrity check]
2024-01-24 16:42:52,046 [INFO] IntegrityCheckThread:103 - End integrity checks thread
2024-01-24 16:43:11,328 [ERROR] LogOutputStream:75 - [STDERR_REDIRECT] SLF4J: Failed to load class "org.slf4j.impl.StaticLoggerBinder".
2024-01-24 16:43:11,329 [ERROR] LogOutputStream:75 - [STDERR_REDIRECT] SLF4J: Defaulting to no-operation (NOP) logger implementation
2024-01-24 16:43:11,330 [ERROR] LogOutputStream:75 - [STDERR_REDIRECT] SLF4J: See http://www.slf4j.org/codes.html#StaticLoggerBinder for further details.
2024-01-24 18:11:48,043 [ERROR] LogOutputStream:75 - [STDERR_REDIRECT] 
2024-01-24 23:07:24,307 [INFO] Activator:176 - 


2024-01-24 23:07:24,308 [INFO] Activator:177 - !SESSION log4j initialized
2024-01-24 23:07:27,574 [INFO] LogOutputStream:77 - [STDOUT_REDIRECT] 
2024-01-24 23:07:29,087 [INFO] ApplicationProperties:184 - Using Application install path: C:\ST\STM32CubeIDE_1.14.0\STM32CubeIDE\plugins\com.st.stm32cube.common.mx_6.10.0.202311202037
2024-01-24 23:07:29,106 [INFO] DbMcusXml:78 - Set database path to: C:\ST\STM32CubeIDE_1.14.0\STM32CubeIDE\plugins\com.st.stm32cube.common.mx_6.10.0.202311202037\\db\/mcu/
2024-01-24 23:07:29,107 [INFO] ApiDb:274 - Set plugin database path to: C:\ST\STM32CubeIDE_1.14.0\STM32CubeIDE\plugins\com.st.stm32cube.common.mx_6.10.0.202311202037\\db\/plugins/boardmanager/
2024-01-24 23:07:29,107 [WARN] ApiDb:259 - Overriding images path with different value:  => C:\ST\STM32CubeIDE_1.14.0\STM32CubeIDE\plugins\com.st.stm32cube.common.mx_6.10.0.202311202037\\db\/plugins/mcufinder/images/
2024-01-24 23:07:29,116 [INFO] ApiDb:250 - Set database path to: C:\Users\mizun\.stmcufinder\plugins\mcufinder//mcu/
2024-01-24 23:07:29,118 [INFO] DbMcusAds:125 - Set database path to: C:\Users\mizun\.stmcufinder\plugins\mcufinder//mcu/
2024-01-24 23:07:29,119 [INFO] CrossReferenceDbSqlite:203 - Set database path to: C:\Users\mizun\.stmcufinder\plugins\mcufinder//mcu/cs/
2024-01-24 23:07:29,224 [INFO] RulesReader:64 - Compatibility file has been processed (297 Rules)
2024-01-24 23:07:29,313 [INFO] DbMcusXml:78 - Set database path to: C:\ST\STM32CubeIDE_1.14.0\STM32CubeIDE\plugins\com.st.stm32cube.common.mx_6.10.0.202311202037\\db\/mcu/
2024-01-24 23:07:29,313 [INFO] ApiDb:274 - Set plugin database path to: C:\ST\STM32CubeIDE_1.14.0\STM32CubeIDE\plugins\com.st.stm32cube.common.mx_6.10.0.202311202037\\db\/plugins/boardmanager/
2024-01-24 23:07:29,313 [INFO] ApiDb:261 - Set plugin images path to: C:\ST\STM32CubeIDE_1.14.0\STM32CubeIDE\plugins\com.st.stm32cube.common.mx_6.10.0.202311202037\\db\/plugins/mcufinder/images/
2024-01-24 23:07:29,314 [WARN] DbFile:41 - Overriding database path with different value: C:\Users\mizun\.stmcufinder\plugins\mcufinder/ => C:\Users\mizun\.stmcufinder\plugins\mcufinder
2024-01-24 23:07:29,314 [INFO] ApiDb:250 - Set database path to: C:\Users\mizun\.stmcufinder\plugins\mcufinder//mcu/
2024-01-24 23:07:29,314 [WARN] DbFile:41 - Overriding database path with different value: C:\Users\mizun\.stmcufinder\plugins\mcufinder/ => C:\Users\mizun\.stmcufinder\plugins\mcufinder
2024-01-24 23:07:29,314 [INFO] DbMcusAds:125 - Set database path to: C:\Users\mizun\.stmcufinder\plugins\mcufinder//mcu/
2024-01-24 23:07:29,314 [WARN] DbFile:41 - Overriding database path with different value: C:\Users\mizun\.stmcufinder\plugins\mcufinder/ => C:\Users\mizun\.stmcufinder\plugins\mcufinder
2024-01-24 23:07:29,314 [WARN] DbFile:41 - Overriding database path with different value: C:\Users\mizun\.stmcufinder\plugins\mcufinder/ => C:\Users\mizun\.stmcufinder\plugins\mcufinder
2024-01-24 23:07:29,314 [INFO] CrossReferenceDbSqlite:203 - Set database path to: C:\Users\mizun\.stmcufinder\plugins\mcufinder//mcu/cs/
2024-01-24 23:07:29,406 [INFO] MainPanel:264 - HeapMemory: 268435456
2024-01-24 23:07:29,496 [INFO] DbMcusXml:78 - Set database path to: C:\ST\STM32CubeIDE_1.14.0\STM32CubeIDE\plugins\com.st.stm32cube.common.mx_6.10.0.202311202037\\db\/mcu/
2024-01-24 23:07:29,496 [INFO] ApiDb:274 - Set plugin database path to: C:\ST\STM32CubeIDE_1.14.0\STM32CubeIDE\plugins\com.st.stm32cube.common.mx_6.10.0.202311202037\\db\/plugins/boardmanager/
2024-01-24 23:07:29,496 [INFO] ApiDb:261 - Set plugin images path to: C:\ST\STM32CubeIDE_1.14.0\STM32CubeIDE\plugins\com.st.stm32cube.common.mx_6.10.0.202311202037\\db\/plugins/mcufinder/images/
2024-01-24 23:07:29,496 [WARN] DbFile:41 - Overriding database path with different value: C:\Users\mizun\.stmcufinder\plugins\mcufinder/ => C:\Users\mizun\.stmcufinder\plugins\mcufinder
2024-01-24 23:07:29,496 [INFO] ApiDb:250 - Set database path to: C:\Users\mizun\.stmcufinder\plugins\mcufinder//mcu/
2024-01-24 23:07:29,496 [WARN] DbFile:41 - Overriding database path with different value: C:\Users\mizun\.stmcufinder\plugins\mcufinder/ => C:\Users\mizun\.stmcufinder\plugins\mcufinder
2024-01-24 23:07:29,497 [INFO] DbMcusAds:125 - Set database path to: C:\Users\mizun\.stmcufinder\plugins\mcufinder//mcu/
2024-01-24 23:07:29,497 [WARN] DbFile:41 - Overriding database path with different value: C:\Users\mizun\.stmcufinder\plugins\mcufinder/ => C:\Users\mizun\.stmcufinder\plugins\mcufinder
2024-01-24 23:07:29,497 [WARN] DbFile:41 - Overriding database path with different value: C:\Users\mizun\.stmcufinder\plugins\mcufinder/ => C:\Users\mizun\.stmcufinder\plugins\mcufinder
2024-01-24 23:07:29,497 [INFO] CrossReferenceDbSqlite:203 - Set database path to: C:\Users\mizun\.stmcufinder\plugins\mcufinder//mcu/cs/
2024-01-24 23:07:29,514 [INFO] ApplicationProperties:184 - Using Application install path: C:\ST\STM32CubeIDE_1.14.0\STM32CubeIDE\plugins\com.st.stm32cube.common.mx_6.10.0.202311202037
2024-01-24 23:07:29,516 [INFO] PluginManage:196 - Search for loadable plugins [exclusion list=, ]
2024-01-24 23:07:29,517 [INFO] PluginManage:310 - Check plugin analytics
2024-01-24 23:07:29,643 [INFO] AnalyticsPlugin:253 - Accepted Software Licenses: 
2024-01-24 23:07:29,643 [INFO] AnalyticsPlugin:255 - Accepted CMSIS Pack Licenses: 
2024-01-24 23:07:29,643 [INFO] AnalyticsPlugin:257 - Accepted Firmware Licenses: 
2024-01-24 23:07:29,645 [INFO] PluginManage:359 - Loaded plugin analytics (category:tool,tabindex:-1)
2024-01-24 23:07:29,645 [INFO] PluginManage:310 - Check plugin cadmodel
2024-01-24 23:07:29,656 [INFO] CADModel:105 - Init CAD model plugin
2024-01-24 23:07:29,656 [INFO] PluginManage:359 - Loaded plugin cadmodel (category:power,tabindex:5)
2024-01-24 23:07:29,656 [INFO] PluginManage:310 - Check plugin clock
2024-01-24 23:07:29,669 [INFO] PluginManage:359 - Loaded plugin clock (category:base,tabindex:2)
2024-01-24 23:07:29,671 [INFO] PluginManage:310 - Check plugin ddr
2024-01-24 23:07:29,673 [INFO] PluginManage:359 - Loaded plugin ddr (category:tool,tabindex:6)
2024-01-24 23:07:29,673 [INFO] PluginManage:310 - Check plugin filemanager
2024-01-24 23:07:29,788 [INFO] PluginManage:359 - Loaded plugin filemanager (category:base,tabindex:10)
2024-01-24 23:07:29,790 [INFO] PluginManage:310 - Check plugin ipmanager
2024-01-24 23:07:29,796 [INFO] PluginManage:359 - Loaded plugin ipmanager (category:base,tabindex:5)
2024-01-24 23:07:29,796 [INFO] PluginManage:310 - Check plugin lpbam
2024-01-24 23:07:29,808 [INFO] PluginManage:359 - Loaded plugin lpbam (category:base,tabindex:0)
2024-01-24 23:07:29,808 [INFO] PluginManage:310 - Check plugin memorymap
2024-01-24 23:07:29,830 [INFO] PluginManage:359 - Loaded plugin memorymap (category:base,tabindex:4)
2024-01-24 23:07:29,830 [INFO] PluginManage:310 - Check plugin pinoutandconfiguration
2024-01-24 23:07:29,845 [INFO] PluginManage:359 - Loaded plugin pinoutandconfiguration (category:base,tabindex:1)
2024-01-24 23:07:29,845 [INFO] PluginManage:310 - Check plugin pinoutconfig
2024-01-24 23:07:29,945 [WARN] SupportedApi:132 - Cannot load RTOS API schema: s4s-elt-must-match.1: The content of 'definitions' must match (annotation?, (simpleType | complexType)?, (unique | key | keyref)*)). A problem was found starting at: attribute.
2024-01-24 23:07:30,054 [INFO] PluginManage:359 - Loaded plugin pinoutconfig (category:base,tabindex:0)
2024-01-24 23:07:30,054 [INFO] PluginManage:310 - Check plugin power
2024-01-24 23:07:30,069 [INFO] PluginManage:359 - Loaded plugin power (category:power,tabindex:4)
2024-01-24 23:07:30,070 [INFO] PluginManage:310 - Check plugin projectmanager
2024-01-24 23:07:30,082 [INFO] PluginManage:359 - Loaded plugin projectmanager (category:projectmanager,tabindex:3)
2024-01-24 23:07:30,082 [INFO] PluginManage:310 - Check plugin thirdparty
2024-01-24 23:07:30,320 [INFO] PluginManage:359 - Loaded plugin thirdparty (category:base,tabindex:-1)
2024-01-24 23:07:30,320 [WARN] IntegrityCheckThread:84 - waiting for thirdparty lock release [integrity check]
2024-01-24 23:07:30,320 [INFO] PluginManage:310 - Check plugin tools
2024-01-24 23:07:30,320 [INFO] IntegrityCheckThread:86 - entering critical section [integrity check]
2024-01-24 23:07:30,320 [INFO] ThirdPartyUpdaterWithRetryManager:70 - Updater plugin not ready yet. [1/15]
2024-01-24 23:07:30,348 [INFO] PluginManage:359 - Loaded plugin tools (category:base,tabindex:7)
2024-01-24 23:07:30,348 [INFO] PluginManage:310 - Check plugin tutovideos
2024-01-24 23:07:30,524 [INFO] PluginManage:359 - Loaded plugin tutovideos (category:base,tabindex:-1)
2024-01-24 23:07:30,524 [INFO] PluginManage:310 - Check plugin updater
2024-01-24 23:07:30,533 [INFO] PluginManage:359 - Loaded plugin updater (category:base,tabindex:12)
2024-01-24 23:07:30,533 [INFO] PluginManage:310 - Check plugin userauth
2024-01-24 23:07:30,537 [INFO] UserAuth:114 - Init User Auth plugin
2024-01-24 23:07:30,537 [INFO] PluginManage:359 - Loaded plugin userauth (category:base,tabindex:14)
2024-01-24 23:07:30,537 [INFO] PluginManage:283 - PluginManage : Loaded plugins [17]
2024-01-24 23:07:30,745 [INFO] PinOutPanel:1499 - setPackage(No Configuration,No Configuration)
2024-01-24 23:07:30,804 [INFO] CADModel:165 - CPN selected for project level
2024-01-24 23:07:30,804 [INFO] CADModel:114 - Register for checkConnection events
2024-01-24 23:07:30,824 [INFO] IPUIPlugin:80 - create IPUIPlugin
2024-01-24 23:07:30,824 [INFO] PluginManager:220 - loadIPPluginJar : add adc
2024-01-24 23:07:30,848 [INFO] IPUIPlugin:80 - create IPUIPlugin
2024-01-24 23:07:30,849 [INFO] PluginManager:220 - loadIPPluginJar : add aes
2024-01-24 23:07:30,873 [INFO] IPUIPlugin:80 - create IPUIPlugin
2024-01-24 23:07:30,873 [INFO] PluginManager:220 - loadIPPluginJar : add can
2024-01-24 23:07:30,887 [INFO] IPUIPlugin:80 - create IPUIPlugin
2024-01-24 23:07:30,888 [INFO] PluginManager:220 - loadIPPluginJar : add comp
2024-01-24 23:07:30,906 [INFO] IPUIPlugin:80 - create IPUIPlugin
2024-01-24 23:07:30,906 [INFO] PluginManager:220 - loadIPPluginJar : add cryp
2024-01-24 23:07:30,924 [INFO] IPUIPlugin:80 - create IPUIPlugin
2024-01-24 23:07:30,924 [INFO] PluginManager:220 - loadIPPluginJar : add dfsdm
2024-01-24 23:07:30,934 [INFO] IPUIPlugin:80 - create IPUIPlugin
2024-01-24 23:07:30,935 [INFO] PluginManager:220 - loadIPPluginJar : add dma
2024-01-24 23:07:30,964 [INFO] IPUIPlugin:80 - create IPUIPlugin
2024-01-24 23:07:30,964 [INFO] PluginManager:220 - loadIPPluginJar : add dma3
2024-01-24 23:07:30,975 [INFO] IPUIPlugin:80 - create IPUIPlugin
2024-01-24 23:07:30,975 [INFO] PluginManager:220 - loadIPPluginJar : add fatfs
2024-01-24 23:07:31,003 [INFO] IPUIPlugin:80 - create IPUIPlugin
2024-01-24 23:07:31,003 [INFO] PluginManager:220 - loadIPPluginJar : add fmc
2024-01-24 23:07:31,013 [INFO] IPUIPlugin:80 - create IPUIPlugin
2024-01-24 23:07:31,013 [INFO] PluginManager:220 - loadIPPluginJar : add freertos
2024-01-24 23:07:31,025 [INFO] IPUIPlugin:80 - create IPUIPlugin
2024-01-24 23:07:31,025 [INFO] PluginManager:220 - loadIPPluginJar : add genericplugin
2024-01-24 23:07:31,090 [INFO] IPUIPlugin:80 - create IPUIPlugin
2024-01-24 23:07:31,090 [INFO] PluginManager:220 - loadIPPluginJar : add gfxmmu
2024-01-24 23:07:31,190 [INFO] IPUIPlugin:80 - create IPUIPlugin
2024-01-24 23:07:31,190 [INFO] PluginManager:220 - loadIPPluginJar : add gic
2024-01-24 23:07:31,198 [INFO] IPUIPlugin:80 - create IPUIPlugin
2024-01-24 23:07:31,198 [INFO] PluginManager:220 - loadIPPluginJar : add gpio
2024-01-24 23:07:31,256 [INFO] IPUIPlugin:80 - create IPUIPlugin
2024-01-24 23:07:31,256 [INFO] PluginManager:220 - loadIPPluginJar : add gtzc
2024-01-24 23:07:31,278 [INFO] IPUIPlugin:80 - create IPUIPlugin
2024-01-24 23:07:31,278 [INFO] PluginManager:220 - loadIPPluginJar : add hash
2024-01-24 23:07:31,312 [INFO] IPUIPlugin:80 - create IPUIPlugin
2024-01-24 23:07:31,312 [INFO] PluginManager:220 - loadIPPluginJar : add i2c
2024-01-24 23:07:31,348 [INFO] IPUIPlugin:80 - create IPUIPlugin
2024-01-24 23:07:31,348 [INFO] PluginManager:220 - loadIPPluginJar : add i2s
2024-01-24 23:07:31,384 [INFO] IPUIPlugin:80 - create IPUIPlugin
2024-01-24 23:07:31,384 [INFO] PluginManager:220 - loadIPPluginJar : add i3c
2024-01-24 23:07:31,451 [INFO] IPUIPlugin:80 - create IPUIPlugin
2024-01-24 23:07:31,451 [INFO] PluginManager:220 - loadIPPluginJar : add ipddr
2024-01-24 23:07:31,510 [INFO] IPUIPlugin:80 - create IPUIPlugin
2024-01-24 23:07:31,510 [INFO] PluginManager:220 - loadIPPluginJar : add linkedlist
2024-01-24 23:07:31,530 [INFO] IPUIPlugin:80 - create IPUIPlugin
2024-01-24 23:07:31,530 [INFO] PluginManager:220 - loadIPPluginJar : add lorawan
2024-01-24 23:07:31,553 [INFO] IPUIPlugin:80 - create IPUIPlugin
2024-01-24 23:07:31,553 [INFO] PluginManager:220 - loadIPPluginJar : add ltdc
2024-01-24 23:07:31,565 [INFO] IPUIPlugin:80 - create IPUIPlugin
2024-01-24 23:07:31,565 [INFO] PluginManager:220 - loadIPPluginJar : add mdma
2024-01-24 23:07:31,576 [INFO] IPUIPlugin:80 - create IPUIPlugin
2024-01-24 23:07:31,576 [INFO] PluginManager:220 - loadIPPluginJar : add nvic
2024-01-24 23:07:31,607 [INFO] IPUIPlugin:80 - create IPUIPlugin
2024-01-24 23:07:31,607 [INFO] PluginManager:220 - loadIPPluginJar : add opamp
2024-01-24 23:07:31,661 [INFO] IPUIPlugin:80 - create IPUIPlugin
2024-01-24 23:07:31,661 [INFO] PluginManager:220 - loadIPPluginJar : add openamp
2024-01-24 23:07:31,693 [INFO] IPUIPlugin:80 - create IPUIPlugin
2024-01-24 23:07:31,693 [INFO] PluginManager:220 - loadIPPluginJar : add pdm2pcm
2024-01-24 23:07:31,703 [INFO] IPUIPlugin:80 - create IPUIPlugin
2024-01-24 23:07:31,705 [INFO] PluginManager:220 - loadIPPluginJar : add plateformsettings
2024-01-24 23:07:31,720 [INFO] IPUIPlugin:80 - create IPUIPlugin
2024-01-24 23:07:31,720 [INFO] PluginManager:220 - loadIPPluginJar : add quadspi
2024-01-24 23:07:31,729 [INFO] IPUIPlugin:80 - create IPUIPlugin
2024-01-24 23:07:31,729 [INFO] PluginManager:220 - loadIPPluginJar : add resmgrutility
2024-01-24 23:07:31,760 [INFO] IPUIPlugin:80 - create IPUIPlugin
2024-01-24 23:07:31,760 [INFO] PluginManager:220 - loadIPPluginJar : add sai
2024-01-24 23:07:31,782 [INFO] IPUIPlugin:80 - create IPUIPlugin
2024-01-24 23:07:31,782 [INFO] PluginManager:220 - loadIPPluginJar : add spi
2024-01-24 23:07:31,841 [INFO] IPUIPlugin:80 - create IPUIPlugin
2024-01-24 23:07:31,841 [INFO] PluginManager:220 - loadIPPluginJar : add stm32_wpan
2024-01-24 23:07:31,858 [INFO] IPUIPlugin:80 - create IPUIPlugin
2024-01-24 23:07:31,858 [INFO] PluginManager:220 - loadIPPluginJar : add tim
2024-01-24 23:07:31,910 [INFO] IPUIPlugin:80 - create IPUIPlugin
2024-01-24 23:07:31,910 [INFO] PluginManager:220 - loadIPPluginJar : add touchsensing
2024-01-24 23:07:31,928 [INFO] IPUIPlugin:80 - create IPUIPlugin
2024-01-24 23:07:31,928 [INFO] PluginManager:220 - loadIPPluginJar : add tracer_emb
2024-01-24 23:07:31,944 [INFO] IPUIPlugin:80 - create IPUIPlugin
2024-01-24 23:07:31,944 [INFO] PluginManager:220 - loadIPPluginJar : add ts
2024-01-24 23:07:31,963 [INFO] IPUIPlugin:80 - create IPUIPlugin
2024-01-24 23:07:31,963 [INFO] PluginManager:220 - loadIPPluginJar : add tsc
2024-01-24 23:07:31,980 [INFO] IPUIPlugin:80 - create IPUIPlugin
2024-01-24 23:07:31,981 [INFO] PluginManager:220 - loadIPPluginJar : add ucpd
2024-01-24 23:07:32,018 [INFO] IPUIPlugin:80 - create IPUIPlugin
2024-01-24 23:07:32,018 [INFO] PluginManager:220 - loadIPPluginJar : add usart
2024-01-24 23:07:32,053 [INFO] IPUIPlugin:80 - create IPUIPlugin
2024-01-24 23:07:32,053 [INFO] PluginManager:220 - loadIPPluginJar : add usbx
2024-01-24 23:07:32,168 [INFO] CADModel:165 - CPN selected for project level
2024-01-24 23:07:32,168 [INFO] CADModel:114 - Register for checkConnection events
2024-01-24 23:07:32,168 [FATAL] Updater:308 - Updater called before beeing initialized
2024-01-24 23:07:32,169 [ERROR] CADModel:125 - Updater not yet initialized, retry later 
2024-01-24 23:07:32,280 [INFO] CADModel:165 - CPN selected for project level
2024-01-24 23:07:32,280 [INFO] CADModel:114 - Register for checkConnection events
2024-01-24 23:07:32,280 [FATAL] Updater:308 - Updater called before beeing initialized
2024-01-24 23:07:32,280 [ERROR] CADModel:125 - Updater not yet initialized, retry later 
2024-01-24 23:07:32,283 [FATAL] Updater:308 - Updater called before beeing initialized
2024-01-24 23:07:32,364 [FATAL] Updater:308 - Updater called before beeing initialized
2024-01-24 23:07:32,370 [INFO] DbMcusAds:53 - JSON generation date=Wed Nov 29 19:52:27 JST 2023 (1701255147200)
2024-01-24 23:07:32,372 [FATAL] Updater:308 - Updater called before beeing initialized
2024-01-24 23:07:32,433 [WARN] DetailPanel:346 - Failed to get advertising image, set to default
2024-01-24 23:07:32,501 [FATAL] Updater:308 - Updater called before beeing initialized
2024-01-24 23:07:32,503 [FATAL] Updater:308 - Updater called before beeing initialized
2024-01-24 23:07:32,504 [FATAL] Updater:308 - Updater called before beeing initialized
2024-01-24 23:07:32,504 [WARN] DetailPanel:346 - Failed to get advertising image, set to default
2024-01-24 23:07:32,504 [FATAL] Updater:308 - Updater called before beeing initialized
2024-01-24 23:07:32,556 [ERROR] Updater:1120 - MainUpdater not yet initialized. External WinMGr cannot be set.
2024-01-24 23:07:32,564 [INFO] Updater:1056 - Updater Version found : 6.10.0
2024-01-24 23:07:32,579 [INFO] ApplicationProperties:184 - Using Application install path: C:\ST\STM32CubeIDE_1.14.0\STM32CubeIDE\plugins\com.st.stm32cube.common.mx_6.10.0.202311202037
2024-01-24 23:07:33,133 [INFO] MainUpdater:2873 - connection check result : 10
2024-01-24 23:07:33,133 [INFO] MainUpdater:290 - Updater Check For Update Now.
2024-01-24 23:07:33,134 [INFO] MicroXplorer:498 - Change Database Version : DB.6.0.100
2024-01-24 23:07:33,146 [INFO] McuFinderGlobals:63 - Set McuFinder mode to 2 (CubeIDE integrated)
2024-01-24 23:07:33,158 [INFO] UserAuth:404 - Internet connection configuration mode: 1
2024-01-24 23:07:33,191 [INFO] JxBrowserEngine:152 - Initiate JxBrowser Engine with user profile folder
2024-01-24 23:07:33,317 [INFO] CheckServerUpdateThread:120 - End of CheckServer Thread
2024-01-24 23:07:33,453 [WARN] PackLoader:240 - Cannot read IP mode file for STMicroelectronics.X-CUBE-SMBUS.2.1.0
2024-01-24 23:07:33,466 [WARN] PackLoader:240 - Cannot read IP mode file for STMicroelectronics.X-CUBE-TOUCHGFX.4.23.0
2024-01-24 23:07:33,504 [WARN] PackLoader:240 - Cannot read IP mode file for STMicroelectronics.X-CUBE-AZRTOS-F7.1.1.0
2024-01-24 23:07:33,526 [WARN] PackLoader:240 - Cannot read IP mode file for STMicroelectronics.FP-SNS-MOTENV1.4.3.2
2024-01-24 23:07:33,542 [WARN] PackLoader:240 - Cannot read IP mode file for STMicroelectronics.FP-SNS-FLIGHT1.5.0.2
2024-01-24 23:07:33,563 [WARN] PackLoader:240 - Cannot read IP mode file for STMicroelectronics.X-CUBE-DISPLAY.3.0.0
2024-01-24 23:07:33,584 [WARN] PackLoader:240 - Cannot read IP mode file for STMicroelectronics.X-CUBE-BLE1.7.0.0
2024-01-24 23:07:33,599 [WARN] PackLoader:240 - Cannot read IP mode file for emotas.I-CUBE-CANOPEN.1.3.0
2024-01-24 23:07:33,614 [WARN] PackLoader:240 - Cannot read IP mode file for STMicroelectronics.X-CUBE-TOUCHGFX.4.22.1
2024-01-24 23:07:33,627 [WARN] PackLoader:240 - Cannot read IP mode file for STMicroelectronics.FP-SNS-SMARTAG2.1.2.0
2024-01-24 23:07:33,645 [INFO] LogOutputStream:77 - [STDOUT_REDIRECT] 1 : Invalid condition id : UX_CORESTACK_Condition cause : null
2024-01-24 23:07:33,645 [INFO] LogOutputStream:77 - [STDOUT_REDIRECT] 1 : Invalid condition id : UX_CORESTACK_Condition cause : null
2024-01-24 23:07:33,646 [INFO] LogOutputStream:77 - [STDOUT_REDIRECT] 1 : Invalid condition id : UX_CORESTACK_Condition cause : null
2024-01-24 23:07:33,646 [INFO] LogOutputStream:77 - [STDOUT_REDIRECT] 1 : Invalid condition id : UX_CORESTACK_Condition cause : null
2024-01-24 23:07:33,647 [INFO] LogOutputStream:77 - [STDOUT_REDIRECT] 1 : Invalid condition id : UX_CORESTACK_Condition cause : null
2024-01-24 23:07:33,648 [WARN] PackLoader:240 - Cannot read IP mode file for STMicroelectronics.X-CUBE-AZRTOS-WL.2.0.0
2024-01-24 23:07:33,661 [WARN] PackLoader:240 - Cannot read IP mode file for WES.I-CUBE-Cesium.1.3.0
2024-01-24 23:07:33,673 [WARN] PackLoader:240 - Cannot read IP mode file for STMicroelectronics.X-CUBE-BLE2.3.3.0
2024-01-24 23:07:33,685 [WARN] PackLoader:240 - Cannot read IP mode file for STMicroelectronics.X-CUBE-ALGOBUILD.1.3.0
2024-01-24 23:07:33,705 [WARN] PackLoader:240 - Cannot read IP mode file for STMicroelectronics.X-CUBE-AZRTOS-G0.1.1.0
2024-01-24 23:07:33,720 [WARN] PackLoader:240 - Cannot read IP mode file for STMicroelectronics.X-CUBE-NFC4.3.0.0
2024-01-24 23:07:33,736 [WARN] PackLoader:240 - Cannot read IP mode file for STMicroelectronics.X-CUBE-BLEMGR.3.0.0
2024-01-24 23:07:33,746 [WARN] PackLoader:240 - Cannot read IP mode file for STMicroelectronics.FP-ATR-SIGFOX1.3.2.0
2024-01-24 23:07:33,774 [WARN] PackLoader:240 - Cannot read IP mode file for SEGGER.I-CUBE-embOS.1.3.1
2024-01-24 23:07:33,817 [WARN] PackLoader:240 - Cannot read IP mode file for STMicroelectronics.X-CUBE-GNSS1.6.0.0
2024-01-24 23:07:33,841 [WARN] PackLoader:240 - Cannot read IP mode file for STMicroelectronics.X-CUBE-AZRTOS-F4.1.1.0
2024-01-24 23:07:33,857 [WARN] PackLoader:240 - Cannot read IP mode file for wolfSSL.I-CUBE-wolfSSL.5.6.3
2024-01-24 23:07:33,883 [WARN] PackLoader:240 - Cannot read IP mode file for STMicroelectronics.X-CUBE-AZRTOS-L5.2.0.0
2024-01-24 23:07:33,895 [WARN] PackLoader:240 - Cannot read IP mode file for STMicroelectronics.X-CUBE-EEPRMA1.4.2.0
2024-01-24 23:07:33,906 [WARN] PackLoader:240 - Cannot read IP mode file for ITTIA_DB.I-CUBE-ITTIADB.8.8.0
2024-01-24 23:07:33,918 [WARN] PackLoader:240 - Cannot read IP mode file for STMicroelectronics.X-CUBE-BLEMGR.2.0.0
2024-01-24 23:07:33,945 [WARN] ConditionMgr:438 - getConditionDescription Invalid condition id : UX DEVICE CLASS RTOS Condition cause : null
2024-01-24 23:07:33,945 [WARN] ConditionMgr:438 - getConditionDescription Invalid condition id : UX DEVICE CLASS RTOS Condition cause : null
2024-01-24 23:07:33,948 [WARN] PackLoader:240 - Cannot read IP mode file for STMicroelectronics.X-CUBE-AZRTOS-H7.3.1.0
2024-01-24 23:07:33,949 [WARN] ConditionMgr:1039 - genDependencies : Invalid condition id : UX DEVICE CLASS RTOS Condition cause : null
2024-01-24 23:07:33,950 [WARN] ConditionMgr:1039 - genDependencies : Invalid condition id : UX DEVICE CLASS RTOS Condition cause : null
2024-01-24 23:07:33,950 [WARN] ConditionMgr:1039 - genDependencies : Invalid condition id : UX DEVICE CLASS RTOS Condition cause : null
2024-01-24 23:07:33,951 [WARN] ConditionMgr:1039 - genDependencies : Invalid condition id : UX DEVICE CLASS RTOS Condition cause : null
2024-01-24 23:07:33,951 [WARN] ConditionMgr:1039 - genDependencies : Invalid condition id : UX DEVICE CLASS RTOS Condition cause : null
2024-01-24 23:07:33,965 [WARN] PackLoader:240 - Cannot read IP mode file for STMicroelectronics.X-CUBE-NFC7.1.0.1
2024-01-24 23:07:33,981 [WARN] PackLoader:240 - Cannot read IP mode file for STMicroelectronics.X-CUBE-NFC6.3.0.0
2024-01-24 23:07:33,995 [WARN] PackLoader:240 - Cannot read IP mode file for STMicroelectronics.X-CUBE-EEPRMA1.4.1.0
2024-01-24 23:07:34,007 [WARN] PackLoader:240 - Cannot read IP mode file for STMicroelectronics.X-CUBE-AI.8.1.0
2024-01-24 23:07:34,036 [WARN] ConditionMgr:438 - getConditionDescription Invalid condition id : LAN8742 Phy interface Condition cause : null
2024-01-24 23:07:34,036 [WARN] PackLoader:240 - Cannot read IP mode file for STMicroelectronics.X-CUBE-AZRTOS-L4.2.0.0
2024-01-24 23:07:34,037 [WARN] ConditionMgr:1039 - genDependencies : Invalid condition id : LAN8742 Phy interface Condition cause : null
2024-01-24 23:07:34,037 [WARN] ConditionMgr:1039 - genDependencies : Invalid condition id : LAN8742 Phy interface Condition cause : null
2024-01-24 23:07:34,038 [WARN] ConditionMgr:1039 - genDependencies : Invalid condition id : LAN8742 Phy interface Condition cause : null
2024-01-24 23:07:34,054 [WARN] PackLoader:240 - Cannot read IP mode file for STMicroelectronics.X-CUBE-SFXS2LP1.4.0.0
2024-01-24 23:07:34,069 [WARN] PackLoader:240 - Cannot read IP mode file for STMicroelectronics.X-CUBE-ISPU.1.1.0
2024-01-24 23:07:34,094 [WARN] ConditionMgr:438 - getConditionDescription Invalid condition id : UX DEVICE CLASS RTOS Condition cause : null
2024-01-24 23:07:34,094 [WARN] ConditionMgr:438 - getConditionDescription Invalid condition id : UX DEVICE CLASS RTOS Condition cause : null
2024-01-24 23:07:34,096 [WARN] PackLoader:240 - Cannot read IP mode file for STMicroelectronics.X-CUBE-AZRTOS-WB.2.0.0
2024-01-24 23:07:34,096 [WARN] ConditionMgr:1039 - genDependencies : Invalid condition id : UX DEVICE CLASS RTOS Condition cause : null
2024-01-24 23:07:34,097 [WARN] ConditionMgr:1039 - genDependencies : Invalid condition id : UX DEVICE CLASS RTOS Condition cause : null
2024-01-24 23:07:34,097 [WARN] ConditionMgr:1039 - genDependencies : Invalid condition id : UX DEVICE CLASS RTOS Condition cause : null
2024-01-24 23:07:34,097 [WARN] ConditionMgr:1039 - genDependencies : Invalid condition id : UX DEVICE CLASS RTOS Condition cause : null
2024-01-24 23:07:34,098 [WARN] ConditionMgr:1039 - genDependencies : Invalid condition id : UX DEVICE CLASS RTOS Condition cause : null
2024-01-24 23:07:34,113 [WARN] PackLoader:240 - Cannot read IP mode file for STMicroelectronics.X-CUBE-SUBG2.5.0.0
2024-01-24 23:07:34,134 [WARN] PackLoader:240 - Cannot read IP mode file for STMicroelectronics.X-CUBE-TOF1.3.3.1
2024-01-24 23:07:34,159 [WARN] PackLoader:240 - Cannot read IP mode file for STMicroelectronics.X-CUBE-AZRTOS-G4.2.0.0
2024-01-24 23:07:34,182 [WARN] PackLoader:240 - Cannot read IP mode file for Infineon.AIROC-Wi-Fi-Bluetooth-STM32.1.5.1
2024-01-24 23:07:34,195 [WARN] PackLoader:240 - Cannot read IP mode file for STMicroelectronics.FP-SNS-MOTENVWB1.1.3.0
2024-01-24 23:07:34,206 [WARN] PackLoader:240 - Cannot read IP mode file for STMicroelectronics.FP-SNS-MOTENVWB1.1.3.1
2024-01-24 23:07:34,214 [WARN] PackLoader:240 - Cannot read IP mode file for STMicroelectronics.X-CUBE-ISPU.2.0.0
2024-01-24 23:07:34,248 [WARN] PackLoader:240 - Cannot read IP mode file for STMicroelectronics.X-CUBE-MEMS1.10.0.0
2024-01-24 23:07:34,330 [WARN] PackLoader:240 - Cannot read IP mode file for STMicroelectronics.X-CUBE-FREERTOS.1.1.0
2024-01-24 23:07:34,343 [WARN] PackLoader:240 - Cannot read IP mode file for portGmbH.I-Cube-SoM-uGOAL.1.1.0
2024-01-24 23:07:34,354 [WARN] PackLoader:240 - Cannot read IP mode file for STMicroelectronics.X-CUBE-ALS.1.0.1
2024-01-24 23:07:34,366 [WARN] PackLoader:240 - Cannot read IP mode file for STMicroelectronics.FP-ATR-ASTRA1.2.0.0
2024-01-24 23:07:34,386 [WARN] PackLoader:240 - Cannot read IP mode file for STMicroelectronics.X-CUBE-TOF1.3.4.0
2024-01-24 23:07:34,440 [WARN] PackLoader:240 - Cannot read IP mode file for STMicroelectronics.X-CUBE-AZRTOS-H7.3.2.0
2024-01-24 23:07:34,444 [INFO] ThirdParty:978 - Integrity check success = true
2024-01-24 23:07:34,445 [INFO] IntegrityCheckThread:100 - exiting critical section [integrity check]
2024-01-24 23:07:34,445 [INFO] IntegrityCheckThread:103 - End integrity checks thread
2024-01-24 23:07:35,561 [INFO] WebApp:161 - Instantiating new browser for Auth
2024-01-24 23:07:36,073 [INFO] WebApp:780 - Register for checkConnection events
2024-01-24 23:07:36,073 [INFO] WebApp:414 - Apply proxy settings
2024-01-24 23:07:36,073 [INFO] WebApp:499 - Chromium requires no authentication
2024-01-24 23:07:36,082 [INFO] WebApp:442 - Direct internet connection detected
2024-01-24 23:07:36,238 [INFO] WebApp:192 - Starting web application
2024-01-24 23:07:36,238 [INFO] WebApp:544 - Web application path used C:\ST\STM32CubeIDE_1.14.0\STM32CubeIDE\plugins\com.st.stm32cube.common.mx_6.10.0.202311202037\db\plugins\mcufinder\reactClient1\index.html
2024-01-24 23:07:56,959 [ERROR] LogOutputStream:75 - [STDERR_REDIRECT] SLF4J: Failed to load class "org.slf4j.impl.StaticLoggerBinder".
2024-01-24 23:07:56,960 [ERROR] LogOutputStream:75 - [STDERR_REDIRECT] SLF4J: Defaulting to no-operation (NOP) logger implementation
2024-01-24 23:07:56,961 [ERROR] LogOutputStream:75 - [STDERR_REDIRECT] SLF4J: See http://www.slf4j.org/codes.html#StaticLoggerBinder for further details.
2024-01-24 23:12:16,990 [ERROR] LogOutputStream:75 - [STDERR_REDIRECT] 
2024-01-24 23:12:23,616 [INFO] Activator:176 - 


2024-01-24 23:12:23,617 [INFO] Activator:177 - !SESSION log4j initialized
2024-01-24 23:12:27,000 [INFO] LogOutputStream:77 - [STDOUT_REDIRECT] 
2024-01-24 23:12:27,912 [INFO] ApplicationProperties:184 - Using Application install path: C:\ST\STM32CubeIDE_1.14.0\STM32CubeIDE\plugins\com.st.stm32cube.common.mx_6.10.0.202311202037
2024-01-24 23:12:27,929 [INFO] DbMcusXml:78 - Set database path to: C:\ST\STM32CubeIDE_1.14.0\STM32CubeIDE\plugins\com.st.stm32cube.common.mx_6.10.0.202311202037\\db\/mcu/
2024-01-24 23:12:27,929 [INFO] ApiDb:274 - Set plugin database path to: C:\ST\STM32CubeIDE_1.14.0\STM32CubeIDE\plugins\com.st.stm32cube.common.mx_6.10.0.202311202037\\db\/plugins/boardmanager/
2024-01-24 23:12:27,929 [WARN] ApiDb:259 - Overriding images path with different value:  => C:\ST\STM32CubeIDE_1.14.0\STM32CubeIDE\plugins\com.st.stm32cube.common.mx_6.10.0.202311202037\\db\/plugins/mcufinder/images/
2024-01-24 23:12:27,933 [INFO] ApiDb:250 - Set database path to: C:\Users\mizun\.stmcufinder\plugins\mcufinder//mcu/
2024-01-24 23:12:27,934 [INFO] DbMcusAds:125 - Set database path to: C:\Users\mizun\.stmcufinder\plugins\mcufinder//mcu/
2024-01-24 23:12:27,936 [INFO] CrossReferenceDbSqlite:203 - Set database path to: C:\Users\mizun\.stmcufinder\plugins\mcufinder//mcu/cs/
2024-01-24 23:12:28,057 [INFO] RulesReader:64 - Compatibility file has been processed (297 Rules)
2024-01-24 23:12:28,129 [INFO] DbMcusXml:78 - Set database path to: C:\ST\STM32CubeIDE_1.14.0\STM32CubeIDE\plugins\com.st.stm32cube.common.mx_6.10.0.202311202037\\db\/mcu/
2024-01-24 23:12:28,130 [INFO] ApiDb:274 - Set plugin database path to: C:\ST\STM32CubeIDE_1.14.0\STM32CubeIDE\plugins\com.st.stm32cube.common.mx_6.10.0.202311202037\\db\/plugins/boardmanager/
2024-01-24 23:12:28,130 [INFO] ApiDb:261 - Set plugin images path to: C:\ST\STM32CubeIDE_1.14.0\STM32CubeIDE\plugins\com.st.stm32cube.common.mx_6.10.0.202311202037\\db\/plugins/mcufinder/images/
2024-01-24 23:12:28,130 [WARN] DbFile:41 - Overriding database path with different value: C:\Users\mizun\.stmcufinder\plugins\mcufinder/ => C:\Users\mizun\.stmcufinder\plugins\mcufinder
2024-01-24 23:12:28,130 [INFO] ApiDb:250 - Set database path to: C:\Users\mizun\.stmcufinder\plugins\mcufinder//mcu/
2024-01-24 23:12:28,130 [WARN] DbFile:41 - Overriding database path with different value: C:\Users\mizun\.stmcufinder\plugins\mcufinder/ => C:\Users\mizun\.stmcufinder\plugins\mcufinder
2024-01-24 23:12:28,130 [INFO] DbMcusAds:125 - Set database path to: C:\Users\mizun\.stmcufinder\plugins\mcufinder//mcu/
2024-01-24 23:12:28,130 [WARN] DbFile:41 - Overriding database path with different value: C:\Users\mizun\.stmcufinder\plugins\mcufinder/ => C:\Users\mizun\.stmcufinder\plugins\mcufinder
2024-01-24 23:12:28,130 [WARN] DbFile:41 - Overriding database path with different value: C:\Users\mizun\.stmcufinder\plugins\mcufinder/ => C:\Users\mizun\.stmcufinder\plugins\mcufinder
2024-01-24 23:12:28,130 [INFO] CrossReferenceDbSqlite:203 - Set database path to: C:\Users\mizun\.stmcufinder\plugins\mcufinder//mcu/cs/
2024-01-24 23:12:28,181 [INFO] MainPanel:264 - HeapMemory: 268435456
2024-01-24 23:12:28,233 [INFO] DbMcusXml:78 - Set database path to: C:\ST\STM32CubeIDE_1.14.0\STM32CubeIDE\plugins\com.st.stm32cube.common.mx_6.10.0.202311202037\\db\/mcu/
2024-01-24 23:12:28,233 [INFO] ApiDb:274 - Set plugin database path to: C:\ST\STM32CubeIDE_1.14.0\STM32CubeIDE\plugins\com.st.stm32cube.common.mx_6.10.0.202311202037\\db\/plugins/boardmanager/
2024-01-24 23:12:28,233 [INFO] ApiDb:261 - Set plugin images path to: C:\ST\STM32CubeIDE_1.14.0\STM32CubeIDE\plugins\com.st.stm32cube.common.mx_6.10.0.202311202037\\db\/plugins/mcufinder/images/
2024-01-24 23:12:28,234 [WARN] DbFile:41 - Overriding database path with different value: C:\Users\mizun\.stmcufinder\plugins\mcufinder/ => C:\Users\mizun\.stmcufinder\plugins\mcufinder
2024-01-24 23:12:28,234 [INFO] ApiDb:250 - Set database path to: C:\Users\mizun\.stmcufinder\plugins\mcufinder//mcu/
2024-01-24 23:12:28,234 [WARN] DbFile:41 - Overriding database path with different value: C:\Users\mizun\.stmcufinder\plugins\mcufinder/ => C:\Users\mizun\.stmcufinder\plugins\mcufinder
2024-01-24 23:12:28,234 [INFO] DbMcusAds:125 - Set database path to: C:\Users\mizun\.stmcufinder\plugins\mcufinder//mcu/
2024-01-24 23:12:28,234 [WARN] DbFile:41 - Overriding database path with different value: C:\Users\mizun\.stmcufinder\plugins\mcufinder/ => C:\Users\mizun\.stmcufinder\plugins\mcufinder
2024-01-24 23:12:28,234 [WARN] DbFile:41 - Overriding database path with different value: C:\Users\mizun\.stmcufinder\plugins\mcufinder/ => C:\Users\mizun\.stmcufinder\plugins\mcufinder
2024-01-24 23:12:28,234 [INFO] CrossReferenceDbSqlite:203 - Set database path to: C:\Users\mizun\.stmcufinder\plugins\mcufinder//mcu/cs/
2024-01-24 23:12:28,249 [INFO] ApplicationProperties:184 - Using Application install path: C:\ST\STM32CubeIDE_1.14.0\STM32CubeIDE\plugins\com.st.stm32cube.common.mx_6.10.0.202311202037
2024-01-24 23:12:28,250 [INFO] PluginManage:196 - Search for loadable plugins [exclusion list=, ]
2024-01-24 23:12:28,251 [INFO] PluginManage:310 - Check plugin analytics
2024-01-24 23:12:28,387 [INFO] AnalyticsPlugin:253 - Accepted Software Licenses: 
2024-01-24 23:12:28,387 [INFO] AnalyticsPlugin:255 - Accepted CMSIS Pack Licenses: 
2024-01-24 23:12:28,387 [INFO] AnalyticsPlugin:257 - Accepted Firmware Licenses: 
2024-01-24 23:12:28,389 [INFO] PluginManage:359 - Loaded plugin analytics (category:tool,tabindex:-1)
2024-01-24 23:12:28,390 [INFO] PluginManage:310 - Check plugin cadmodel
2024-01-24 23:12:28,394 [INFO] CADModel:105 - Init CAD model plugin
2024-01-24 23:12:28,394 [INFO] PluginManage:359 - Loaded plugin cadmodel (category:power,tabindex:5)
2024-01-24 23:12:28,394 [INFO] PluginManage:310 - Check plugin clock
2024-01-24 23:12:28,401 [INFO] PluginManage:359 - Loaded plugin clock (category:base,tabindex:2)
2024-01-24 23:12:28,401 [INFO] PluginManage:310 - Check plugin ddr
2024-01-24 23:12:28,403 [INFO] PluginManage:359 - Loaded plugin ddr (category:tool,tabindex:6)
2024-01-24 23:12:28,403 [INFO] PluginManage:310 - Check plugin filemanager
2024-01-24 23:12:28,508 [INFO] PluginManage:359 - Loaded plugin filemanager (category:base,tabindex:10)
2024-01-24 23:12:28,509 [INFO] PluginManage:310 - Check plugin ipmanager
2024-01-24 23:12:28,515 [INFO] PluginManage:359 - Loaded plugin ipmanager (category:base,tabindex:5)
2024-01-24 23:12:28,515 [INFO] PluginManage:310 - Check plugin lpbam
2024-01-24 23:12:28,523 [INFO] PluginManage:359 - Loaded plugin lpbam (category:base,tabindex:0)
2024-01-24 23:12:28,523 [INFO] PluginManage:310 - Check plugin memorymap
2024-01-24 23:12:28,532 [INFO] PluginManage:359 - Loaded plugin memorymap (category:base,tabindex:4)
2024-01-24 23:12:28,532 [INFO] PluginManage:310 - Check plugin pinoutandconfiguration
2024-01-24 23:12:28,538 [INFO] PluginManage:359 - Loaded plugin pinoutandconfiguration (category:base,tabindex:1)
2024-01-24 23:12:28,538 [INFO] PluginManage:310 - Check plugin pinoutconfig
2024-01-24 23:12:28,614 [WARN] SupportedApi:132 - Cannot load RTOS API schema: s4s-elt-must-match.1: The content of 'definitions' must match (annotation?, (simpleType | complexType)?, (unique | key | keyref)*)). A problem was found starting at: attribute.
2024-01-24 23:12:28,711 [INFO] PluginManage:359 - Loaded plugin pinoutconfig (category:base,tabindex:0)
2024-01-24 23:12:28,712 [INFO] PluginManage:310 - Check plugin power
2024-01-24 23:12:28,717 [INFO] PluginManage:359 - Loaded plugin power (category:power,tabindex:4)
2024-01-24 23:12:28,717 [INFO] PluginManage:310 - Check plugin projectmanager
2024-01-24 23:12:28,727 [INFO] PluginManage:359 - Loaded plugin projectmanager (category:projectmanager,tabindex:3)
2024-01-24 23:12:28,727 [INFO] PluginManage:310 - Check plugin thirdparty
2024-01-24 23:12:28,826 [INFO] PluginManage:359 - Loaded plugin thirdparty (category:base,tabindex:-1)
2024-01-24 23:12:28,826 [WARN] IntegrityCheckThread:84 - waiting for thirdparty lock release [integrity check]
2024-01-24 23:12:28,826 [INFO] PluginManage:310 - Check plugin tools
2024-01-24 23:12:28,826 [INFO] IntegrityCheckThread:86 - entering critical section [integrity check]
2024-01-24 23:12:28,827 [INFO] ThirdPartyUpdaterWithRetryManager:70 - Updater plugin not ready yet. [1/15]
2024-01-24 23:12:28,829 [INFO] PluginManage:359 - Loaded plugin tools (category:base,tabindex:7)
2024-01-24 23:12:28,829 [INFO] PluginManage:310 - Check plugin tutovideos
2024-01-24 23:12:28,942 [INFO] PluginManage:359 - Loaded plugin tutovideos (category:base,tabindex:-1)
2024-01-24 23:12:28,943 [INFO] PluginManage:310 - Check plugin updater
2024-01-24 23:12:28,949 [INFO] PluginManage:359 - Loaded plugin updater (category:base,tabindex:12)
2024-01-24 23:12:28,950 [INFO] PluginManage:310 - Check plugin userauth
2024-01-24 23:12:28,954 [INFO] UserAuth:114 - Init User Auth plugin
2024-01-24 23:12:28,954 [INFO] PluginManage:359 - Loaded plugin userauth (category:base,tabindex:14)
2024-01-24 23:12:28,954 [INFO] PluginManage:283 - PluginManage : Loaded plugins [17]
2024-01-24 23:12:29,104 [INFO] PinOutPanel:1499 - setPackage(No Configuration,No Configuration)
2024-01-24 23:12:29,157 [INFO] CADModel:165 - CPN selected for project level
2024-01-24 23:12:29,158 [INFO] CADModel:114 - Register for checkConnection events
2024-01-24 23:12:29,170 [INFO] IPUIPlugin:80 - create IPUIPlugin
2024-01-24 23:12:29,170 [INFO] PluginManager:220 - loadIPPluginJar : add adc
2024-01-24 23:12:29,171 [INFO] IPUIPlugin:80 - create IPUIPlugin
2024-01-24 23:12:29,171 [INFO] PluginManager:220 - loadIPPluginJar : add aes
2024-01-24 23:12:29,173 [INFO] IPUIPlugin:80 - create IPUIPlugin
2024-01-24 23:12:29,173 [INFO] PluginManager:220 - loadIPPluginJar : add can
2024-01-24 23:12:29,174 [INFO] IPUIPlugin:80 - create IPUIPlugin
2024-01-24 23:12:29,174 [INFO] PluginManager:220 - loadIPPluginJar : add comp
2024-01-24 23:12:29,175 [INFO] IPUIPlugin:80 - create IPUIPlugin
2024-01-24 23:12:29,175 [INFO] PluginManager:220 - loadIPPluginJar : add cryp
2024-01-24 23:12:29,176 [INFO] IPUIPlugin:80 - create IPUIPlugin
2024-01-24 23:12:29,176 [INFO] PluginManager:220 - loadIPPluginJar : add dfsdm
2024-01-24 23:12:29,180 [INFO] IPUIPlugin:80 - create IPUIPlugin
2024-01-24 23:12:29,180 [INFO] PluginManager:220 - loadIPPluginJar : add dma
2024-01-24 23:12:29,181 [INFO] IPUIPlugin:80 - create IPUIPlugin
2024-01-24 23:12:29,181 [INFO] PluginManager:220 - loadIPPluginJar : add dma3
2024-01-24 23:12:29,182 [INFO] IPUIPlugin:80 - create IPUIPlugin
2024-01-24 23:12:29,182 [INFO] PluginManager:220 - loadIPPluginJar : add fatfs
2024-01-24 23:12:29,185 [INFO] IPUIPlugin:80 - create IPUIPlugin
2024-01-24 23:12:29,185 [INFO] PluginManager:220 - loadIPPluginJar : add fmc
2024-01-24 23:12:29,188 [INFO] IPUIPlugin:80 - create IPUIPlugin
2024-01-24 23:12:29,188 [INFO] PluginManager:220 - loadIPPluginJar : add freertos
2024-01-24 23:12:29,188 [INFO] IPUIPlugin:80 - create IPUIPlugin
2024-01-24 23:12:29,189 [INFO] PluginManager:220 - loadIPPluginJar : add genericplugin
2024-01-24 23:12:29,189 [INFO] IPUIPlugin:80 - create IPUIPlugin
2024-01-24 23:12:29,190 [INFO] PluginManager:220 - loadIPPluginJar : add gfxmmu
2024-01-24 23:12:29,194 [INFO] IPUIPlugin:80 - create IPUIPlugin
2024-01-24 23:12:29,194 [INFO] PluginManager:220 - loadIPPluginJar : add gic
2024-01-24 23:12:29,196 [INFO] IPUIPlugin:80 - create IPUIPlugin
2024-01-24 23:12:29,196 [INFO] PluginManager:220 - loadIPPluginJar : add gpio
2024-01-24 23:12:29,198 [INFO] IPUIPlugin:80 - create IPUIPlugin
2024-01-24 23:12:29,198 [INFO] PluginManager:220 - loadIPPluginJar : add gtzc
2024-01-24 23:12:29,199 [INFO] IPUIPlugin:80 - create IPUIPlugin
2024-01-24 23:12:29,199 [INFO] PluginManager:220 - loadIPPluginJar : add hash
2024-01-24 23:12:29,200 [INFO] IPUIPlugin:80 - create IPUIPlugin
2024-01-24 23:12:29,200 [INFO] PluginManager:220 - loadIPPluginJar : add i2c
2024-01-24 23:12:29,202 [INFO] IPUIPlugin:80 - create IPUIPlugin
2024-01-24 23:12:29,202 [INFO] PluginManager:220 - loadIPPluginJar : add i2s
2024-01-24 23:12:29,204 [INFO] IPUIPlugin:80 - create IPUIPlugin
2024-01-24 23:12:29,204 [INFO] PluginManager:220 - loadIPPluginJar : add i3c
2024-01-24 23:12:29,206 [INFO] IPUIPlugin:80 - create IPUIPlugin
2024-01-24 23:12:29,206 [INFO] PluginManager:220 - loadIPPluginJar : add ipddr
2024-01-24 23:12:29,211 [INFO] IPUIPlugin:80 - create IPUIPlugin
2024-01-24 23:12:29,211 [INFO] PluginManager:220 - loadIPPluginJar : add linkedlist
2024-01-24 23:12:29,213 [INFO] IPUIPlugin:80 - create IPUIPlugin
2024-01-24 23:12:29,213 [INFO] PluginManager:220 - loadIPPluginJar : add lorawan
2024-01-24 23:12:29,214 [INFO] IPUIPlugin:80 - create IPUIPlugin
2024-01-24 23:12:29,214 [INFO] PluginManager:220 - loadIPPluginJar : add ltdc
2024-01-24 23:12:29,219 [INFO] IPUIPlugin:80 - create IPUIPlugin
2024-01-24 23:12:29,219 [INFO] PluginManager:220 - loadIPPluginJar : add mdma
2024-01-24 23:12:29,222 [INFO] IPUIPlugin:80 - create IPUIPlugin
2024-01-24 23:12:29,222 [INFO] PluginManager:220 - loadIPPluginJar : add nvic
2024-01-24 23:12:29,224 [INFO] IPUIPlugin:80 - create IPUIPlugin
2024-01-24 23:12:29,224 [INFO] PluginManager:220 - loadIPPluginJar : add opamp
2024-01-24 23:12:29,226 [INFO] IPUIPlugin:80 - create IPUIPlugin
2024-01-24 23:12:29,226 [INFO] PluginManager:220 - loadIPPluginJar : add openamp
2024-01-24 23:12:29,228 [INFO] IPUIPlugin:80 - create IPUIPlugin
2024-01-24 23:12:29,228 [INFO] PluginManager:220 - loadIPPluginJar : add pdm2pcm
2024-01-24 23:12:29,232 [INFO] IPUIPlugin:80 - create IPUIPlugin
2024-01-24 23:12:29,234 [INFO] PluginManager:220 - loadIPPluginJar : add plateformsettings
2024-01-24 23:12:29,235 [INFO] IPUIPlugin:80 - create IPUIPlugin
2024-01-24 23:12:29,235 [INFO] PluginManager:220 - loadIPPluginJar : add quadspi
2024-01-24 23:12:29,237 [INFO] IPUIPlugin:80 - create IPUIPlugin
2024-01-24 23:12:29,237 [INFO] PluginManager:220 - loadIPPluginJar : add resmgrutility
2024-01-24 23:12:29,239 [INFO] IPUIPlugin:80 - create IPUIPlugin
2024-01-24 23:12:29,239 [INFO] PluginManager:220 - loadIPPluginJar : add sai
2024-01-24 23:12:29,240 [INFO] IPUIPlugin:80 - create IPUIPlugin
2024-01-24 23:12:29,240 [INFO] PluginManager:220 - loadIPPluginJar : add spi
2024-01-24 23:12:29,244 [INFO] IPUIPlugin:80 - create IPUIPlugin
2024-01-24 23:12:29,244 [INFO] PluginManager:220 - loadIPPluginJar : add stm32_wpan
2024-01-24 23:12:29,245 [INFO] IPUIPlugin:80 - create IPUIPlugin
2024-01-24 23:12:29,245 [INFO] PluginManager:220 - loadIPPluginJar : add tim
2024-01-24 23:12:29,247 [INFO] IPUIPlugin:80 - create IPUIPlugin
2024-01-24 23:12:29,247 [INFO] PluginManager:220 - loadIPPluginJar : add touchsensing
2024-01-24 23:12:29,249 [INFO] IPUIPlugin:80 - create IPUIPlugin
2024-01-24 23:12:29,249 [INFO] PluginManager:220 - loadIPPluginJar : add tracer_emb
2024-01-24 23:12:29,250 [INFO] IPUIPlugin:80 - create IPUIPlugin
2024-01-24 23:12:29,250 [INFO] PluginManager:220 - loadIPPluginJar : add ts
2024-01-24 23:12:29,251 [INFO] IPUIPlugin:80 - create IPUIPlugin
2024-01-24 23:12:29,251 [INFO] PluginManager:220 - loadIPPluginJar : add tsc
2024-01-24 23:12:29,252 [INFO] IPUIPlugin:80 - create IPUIPlugin
2024-01-24 23:12:29,252 [INFO] PluginManager:220 - loadIPPluginJar : add ucpd
2024-01-24 23:12:29,254 [INFO] IPUIPlugin:80 - create IPUIPlugin
2024-01-24 23:12:29,254 [INFO] PluginManager:220 - loadIPPluginJar : add usart
2024-01-24 23:12:29,256 [INFO] IPUIPlugin:80 - create IPUIPlugin
2024-01-24 23:12:29,256 [INFO] PluginManager:220 - loadIPPluginJar : add usbx
2024-01-24 23:12:29,369 [INFO] CADModel:165 - CPN selected for project level
2024-01-24 23:12:29,370 [INFO] CADModel:114 - Register for checkConnection events
2024-01-24 23:12:29,370 [FATAL] Updater:308 - Updater called before beeing initialized
2024-01-24 23:12:29,370 [ERROR] CADModel:125 - Updater not yet initialized, retry later 
2024-01-24 23:12:29,466 [INFO] CADModel:165 - CPN selected for project level
2024-01-24 23:12:29,466 [INFO] CADModel:114 - Register for checkConnection events
2024-01-24 23:12:29,466 [FATAL] Updater:308 - Updater called before beeing initialized
2024-01-24 23:12:29,466 [ERROR] CADModel:125 - Updater not yet initialized, retry later 
2024-01-24 23:12:29,470 [FATAL] Updater:308 - Updater called before beeing initialized
2024-01-24 23:12:29,539 [FATAL] Updater:308 - Updater called before beeing initialized
2024-01-24 23:12:29,542 [INFO] DbMcusAds:53 - JSON generation date=Wed Nov 29 19:52:27 JST 2023 (1701255147200)
2024-01-24 23:12:29,542 [FATAL] Updater:308 - Updater called before beeing initialized
2024-01-24 23:12:29,565 [WARN] DetailPanel:346 - Failed to get advertising image, set to default
2024-01-24 23:12:29,626 [FATAL] Updater:308 - Updater called before beeing initialized
2024-01-24 23:12:29,628 [FATAL] Updater:308 - Updater called before beeing initialized
2024-01-24 23:12:29,628 [FATAL] Updater:308 - Updater called before beeing initialized
2024-01-24 23:12:29,628 [WARN] DetailPanel:346 - Failed to get advertising image, set to default
2024-01-24 23:12:29,628 [FATAL] Updater:308 - Updater called before beeing initialized
2024-01-24 23:12:29,663 [ERROR] Updater:1120 - MainUpdater not yet initialized. External WinMGr cannot be set.
2024-01-24 23:12:29,664 [INFO] Updater:1056 - Updater Version found : 6.10.0
2024-01-24 23:12:29,679 [INFO] ApplicationProperties:184 - Using Application install path: C:\ST\STM32CubeIDE_1.14.0\STM32CubeIDE\plugins\com.st.stm32cube.common.mx_6.10.0.202311202037
2024-01-24 23:12:29,910 [INFO] MainUpdater:2873 - connection check result : 10
2024-01-24 23:12:29,912 [INFO] MainUpdater:290 - Updater Check For Update Now.
2024-01-24 23:12:29,912 [INFO] MicroXplorer:498 - Change Database Version : DB.6.0.100
2024-01-24 23:12:29,922 [INFO] McuFinderGlobals:63 - Set McuFinder mode to 2 (CubeIDE integrated)
2024-01-24 23:12:29,930 [INFO] UserAuth:404 - Internet connection configuration mode: 1
2024-01-24 23:12:29,952 [INFO] JxBrowserEngine:152 - Initiate JxBrowser Engine with user profile folder
2024-01-24 23:12:30,061 [INFO] CheckServerUpdateThread:120 - End of CheckServer Thread
2024-01-24 23:12:30,535 [ERROR] LogOutputStream:75 - [STDERR_REDIRECT] SLF4J: Failed to load class "org.slf4j.impl.StaticLoggerBinder".
2024-01-24 23:12:30,536 [ERROR] LogOutputStream:75 - [STDERR_REDIRECT] SLF4J: Defaulting to no-operation (NOP) logger implementation
2024-01-24 23:12:30,537 [ERROR] LogOutputStream:75 - [STDERR_REDIRECT] SLF4J: See http://www.slf4j.org/codes.html#StaticLoggerBinder for further details.
2024-01-24 23:12:30,551 [INFO] WebApp:161 - Instantiating new browser for Auth
2024-01-24 23:12:30,932 [INFO] WebApp:780 - Register for checkConnection events
2024-01-24 23:12:30,932 [INFO] WebApp:414 - Apply proxy settings
2024-01-24 23:12:30,932 [INFO] WebApp:499 - Chromium requires no authentication
2024-01-24 23:12:30,936 [INFO] WebApp:442 - Direct internet connection detected
2024-01-24 23:12:31,030 [INFO] WebApp:192 - Starting web application
2024-01-24 23:12:31,031 [INFO] WebApp:544 - Web application path used C:\ST\STM32CubeIDE_1.14.0\STM32CubeIDE\plugins\com.st.stm32cube.common.mx_6.10.0.202311202037\db\plugins\mcufinder\reactClient1\index.html
2024-01-24 23:12:31,922 [WARN] PackLoader:240 - Cannot read IP mode file for STMicroelectronics.X-CUBE-SMBUS.2.1.0
2024-01-24 23:12:31,927 [WARN] PackLoader:240 - Cannot read IP mode file for STMicroelectronics.X-CUBE-TOUCHGFX.4.23.0
2024-01-24 23:12:31,944 [WARN] PackLoader:240 - Cannot read IP mode file for STMicroelectronics.X-CUBE-AZRTOS-F7.1.1.0
2024-01-24 23:12:31,952 [WARN] PackLoader:240 - Cannot read IP mode file for STMicroelectronics.FP-SNS-MOTENV1.4.3.2
2024-01-24 23:12:31,956 [WARN] PackLoader:240 - Cannot read IP mode file for STMicroelectronics.FP-SNS-FLIGHT1.5.0.2
2024-01-24 23:12:31,961 [WARN] PackLoader:240 - Cannot read IP mode file for STMicroelectronics.X-CUBE-DISPLAY.3.0.0
2024-01-24 23:12:31,971 [WARN] PackLoader:240 - Cannot read IP mode file for STMicroelectronics.X-CUBE-BLE1.7.0.0
2024-01-24 23:12:31,976 [WARN] PackLoader:240 - Cannot read IP mode file for emotas.I-CUBE-CANOPEN.1.3.0
2024-01-24 23:12:31,978 [WARN] PackLoader:240 - Cannot read IP mode file for STMicroelectronics.X-CUBE-TOUCHGFX.4.22.1
2024-01-24 23:12:31,980 [WARN] PackLoader:240 - Cannot read IP mode file for STMicroelectronics.FP-SNS-SMARTAG2.1.2.0
2024-01-24 23:12:31,988 [INFO] LogOutputStream:77 - [STDOUT_REDIRECT] 1 : Invalid condition id : UX_CORESTACK_Condition cause : null
2024-01-24 23:12:31,989 [INFO] LogOutputStream:77 - [STDOUT_REDIRECT] 1 : Invalid condition id : UX_CORESTACK_Condition cause : null
2024-01-24 23:12:31,990 [INFO] LogOutputStream:77 - [STDOUT_REDIRECT] 1 : Invalid condition id : UX_CORESTACK_Condition cause : null
2024-01-24 23:12:31,991 [INFO] LogOutputStream:77 - [STDOUT_REDIRECT] 1 : Invalid condition id : UX_CORESTACK_Condition cause : null
2024-01-24 23:12:31,992 [INFO] LogOutputStream:77 - [STDOUT_REDIRECT] 1 : Invalid condition id : UX_CORESTACK_Condition cause : null
2024-01-24 23:12:31,993 [WARN] PackLoader:240 - Cannot read IP mode file for STMicroelectronics.X-CUBE-AZRTOS-WL.2.0.0
2024-01-24 23:12:32,001 [WARN] PackLoader:240 - Cannot read IP mode file for WES.I-CUBE-Cesium.1.3.0
2024-01-24 23:12:32,006 [WARN] PackLoader:240 - Cannot read IP mode file for STMicroelectronics.X-CUBE-BLE2.3.3.0
2024-01-24 23:12:32,009 [WARN] PackLoader:240 - Cannot read IP mode file for STMicroelectronics.X-CUBE-ALGOBUILD.1.3.0
2024-01-24 23:12:32,019 [WARN] PackLoader:240 - Cannot read IP mode file for STMicroelectronics.X-CUBE-AZRTOS-G0.1.1.0
2024-01-24 23:12:32,025 [WARN] PackLoader:240 - Cannot read IP mode file for STMicroelectronics.X-CUBE-NFC4.3.0.0
2024-01-24 23:12:32,032 [WARN] PackLoader:240 - Cannot read IP mode file for STMicroelectronics.X-CUBE-BLEMGR.3.0.0
2024-01-24 23:12:32,038 [WARN] PackLoader:240 - Cannot read IP mode file for STMicroelectronics.FP-ATR-SIGFOX1.3.2.0
2024-01-24 23:12:32,056 [WARN] PackLoader:240 - Cannot read IP mode file for SEGGER.I-CUBE-embOS.1.3.1
2024-01-24 23:12:32,091 [WARN] PackLoader:240 - Cannot read IP mode file for STMicroelectronics.X-CUBE-GNSS1.6.0.0
2024-01-24 23:12:32,107 [WARN] PackLoader:240 - Cannot read IP mode file for STMicroelectronics.X-CUBE-AZRTOS-F4.1.1.0
2024-01-24 23:12:32,128 [WARN] PackLoader:240 - Cannot read IP mode file for wolfSSL.I-CUBE-wolfSSL.5.6.3
2024-01-24 23:12:32,145 [WARN] PackLoader:240 - Cannot read IP mode file for STMicroelectronics.X-CUBE-AZRTOS-L5.2.0.0
2024-01-24 23:12:32,155 [WARN] PackLoader:240 - Cannot read IP mode file for STMicroelectronics.X-CUBE-EEPRMA1.4.2.0
2024-01-24 23:12:32,160 [WARN] PackLoader:240 - Cannot read IP mode file for ITTIA_DB.I-CUBE-ITTIADB.8.8.0
2024-01-24 23:12:32,165 [WARN] PackLoader:240 - Cannot read IP mode file for STMicroelectronics.X-CUBE-BLEMGR.2.0.0
2024-01-24 23:12:32,175 [WARN] ConditionMgr:438 - getConditionDescription Invalid condition id : UX DEVICE CLASS RTOS Condition cause : null
2024-01-24 23:12:32,175 [WARN] ConditionMgr:438 - getConditionDescription Invalid condition id : UX DEVICE CLASS RTOS Condition cause : null
2024-01-24 23:12:32,176 [WARN] PackLoader:240 - Cannot read IP mode file for STMicroelectronics.X-CUBE-AZRTOS-H7.3.1.0
2024-01-24 23:12:32,177 [WARN] ConditionMgr:1039 - genDependencies : Invalid condition id : UX DEVICE CLASS RTOS Condition cause : null
2024-01-24 23:12:32,177 [WARN] ConditionMgr:1039 - genDependencies : Invalid condition id : UX DEVICE CLASS RTOS Condition cause : null
2024-01-24 23:12:32,177 [WARN] ConditionMgr:1039 - genDependencies : Invalid condition id : UX DEVICE CLASS RTOS Condition cause : null
2024-01-24 23:12:32,177 [WARN] ConditionMgr:1039 - genDependencies : Invalid condition id : UX DEVICE CLASS RTOS Condition cause : null
2024-01-24 23:12:32,178 [WARN] ConditionMgr:1039 - genDependencies : Invalid condition id : UX DEVICE CLASS RTOS Condition cause : null
2024-01-24 23:12:32,182 [WARN] PackLoader:240 - Cannot read IP mode file for STMicroelectronics.X-CUBE-NFC7.1.0.1
2024-01-24 23:12:32,186 [WARN] PackLoader:240 - Cannot read IP mode file for STMicroelectronics.X-CUBE-NFC6.3.0.0
2024-01-24 23:12:32,190 [WARN] PackLoader:240 - Cannot read IP mode file for STMicroelectronics.X-CUBE-EEPRMA1.4.1.0
2024-01-24 23:12:32,193 [WARN] PackLoader:240 - Cannot read IP mode file for STMicroelectronics.X-CUBE-AI.8.1.0
2024-01-24 23:12:32,202 [WARN] ConditionMgr:438 - getConditionDescription Invalid condition id : LAN8742 Phy interface Condition cause : null
2024-01-24 23:12:32,203 [WARN] PackLoader:240 - Cannot read IP mode file for STMicroelectronics.X-CUBE-AZRTOS-L4.2.0.0
2024-01-24 23:12:32,204 [WARN] ConditionMgr:1039 - genDependencies : Invalid condition id : LAN8742 Phy interface Condition cause : null
2024-01-24 23:12:32,204 [WARN] ConditionMgr:1039 - genDependencies : Invalid condition id : LAN8742 Phy interface Condition cause : null
2024-01-24 23:12:32,204 [WARN] ConditionMgr:1039 - genDependencies : Invalid condition id : LAN8742 Phy interface Condition cause : null
2024-01-24 23:12:32,210 [WARN] PackLoader:240 - Cannot read IP mode file for STMicroelectronics.X-CUBE-SFXS2LP1.4.0.0
2024-01-24 23:12:32,213 [WARN] PackLoader:240 - Cannot read IP mode file for STMicroelectronics.X-CUBE-ISPU.1.1.0
2024-01-24 23:12:32,220 [WARN] ConditionMgr:438 - getConditionDescription Invalid condition id : UX DEVICE CLASS RTOS Condition cause : null
2024-01-24 23:12:32,220 [WARN] ConditionMgr:438 - getConditionDescription Invalid condition id : UX DEVICE CLASS RTOS Condition cause : null
2024-01-24 23:12:32,223 [WARN] PackLoader:240 - Cannot read IP mode file for STMicroelectronics.X-CUBE-AZRTOS-WB.2.0.0
2024-01-24 23:12:32,224 [WARN] ConditionMgr:1039 - genDependencies : Invalid condition id : UX DEVICE CLASS RTOS Condition cause : null
2024-01-24 23:12:32,224 [WARN] ConditionMgr:1039 - genDependencies : Invalid condition id : UX DEVICE CLASS RTOS Condition cause : null
2024-01-24 23:12:32,224 [WARN] ConditionMgr:1039 - genDependencies : Invalid condition id : UX DEVICE CLASS RTOS Condition cause : null
2024-01-24 23:12:32,224 [WARN] ConditionMgr:1039 - genDependencies : Invalid condition id : UX DEVICE CLASS RTOS Condition cause : null
2024-01-24 23:12:32,224 [WARN] ConditionMgr:1039 - genDependencies : Invalid condition id : UX DEVICE CLASS RTOS Condition cause : null
2024-01-24 23:12:32,230 [WARN] PackLoader:240 - Cannot read IP mode file for STMicroelectronics.X-CUBE-SUBG2.5.0.0
2024-01-24 23:12:32,241 [WARN] PackLoader:240 - Cannot read IP mode file for STMicroelectronics.X-CUBE-TOF1.3.3.1
2024-01-24 23:12:32,253 [WARN] PackLoader:240 - Cannot read IP mode file for STMicroelectronics.X-CUBE-AZRTOS-G4.2.0.0
2024-01-24 23:12:32,261 [WARN] PackLoader:240 - Cannot read IP mode file for Infineon.AIROC-Wi-Fi-Bluetooth-STM32.1.5.1
2024-01-24 23:12:32,266 [WARN] PackLoader:240 - Cannot read IP mode file for STMicroelectronics.FP-SNS-MOTENVWB1.1.3.0
2024-01-24 23:12:32,269 [WARN] PackLoader:240 - Cannot read IP mode file for STMicroelectronics.FP-SNS-MOTENVWB1.1.3.1
2024-01-24 23:12:32,271 [WARN] PackLoader:240 - Cannot read IP mode file for STMicroelectronics.X-CUBE-ISPU.2.0.0
2024-01-24 23:12:32,293 [WARN] PackLoader:240 - Cannot read IP mode file for STMicroelectronics.X-CUBE-MEMS1.10.0.0
2024-01-24 23:12:32,368 [WARN] PackLoader:240 - Cannot read IP mode file for STMicroelectronics.X-CUBE-FREERTOS.1.1.0
2024-01-24 23:12:32,375 [WARN] PackLoader:240 - Cannot read IP mode file for portGmbH.I-Cube-SoM-uGOAL.1.1.0
2024-01-24 23:12:32,379 [WARN] PackLoader:240 - Cannot read IP mode file for STMicroelectronics.X-CUBE-ALS.1.0.1
2024-01-24 23:12:32,386 [WARN] PackLoader:240 - Cannot read IP mode file for STMicroelectronics.FP-ATR-ASTRA1.2.0.0
2024-01-24 23:12:32,395 [WARN] PackLoader:240 - Cannot read IP mode file for STMicroelectronics.X-CUBE-TOF1.3.4.0
2024-01-24 23:12:32,433 [WARN] PackLoader:240 - Cannot read IP mode file for STMicroelectronics.X-CUBE-AZRTOS-H7.3.2.0
2024-01-24 23:12:32,439 [INFO] ThirdParty:978 - Integrity check success = true
2024-01-24 23:12:32,440 [INFO] IntegrityCheckThread:100 - exiting critical section [integrity check]
2024-01-24 23:12:32,440 [INFO] IntegrityCheckThread:103 - End integrity checks thread
2024-01-24 23:15:14,980 [ERROR] LogOutputStream:75 - [STDERR_REDIRECT] 
