2024-01-17 17:52:39,772 [INFO] Activator:176 - 


2024-01-17 17:52:39,774 [INFO] Activator:177 - !SESSION log4j initialized
2024-01-17 17:52:41,383 [INFO] LogOutputStream:77 - [STDOUT_REDIRECT] 
2024-01-17 17:52:42,402 [INFO] ApplicationProperties:184 - Using Application install path: C:\ST\STM32CubeIDE_1.14.0\STM32CubeIDE\plugins\com.st.stm32cube.common.mx_6.10.0.202311202037
2024-01-17 17:52:42,416 [INFO] DbMcusXml:78 - Set database path to: C:\ST\STM32CubeIDE_1.14.0\STM32CubeIDE\plugins\com.st.stm32cube.common.mx_6.10.0.202311202037\\db\/mcu/
2024-01-17 17:52:42,416 [INFO] ApiDb:274 - Set plugin database path to: C:\ST\STM32CubeIDE_1.14.0\STM32CubeIDE\plugins\com.st.stm32cube.common.mx_6.10.0.202311202037\\db\/plugins/boardmanager/
2024-01-17 17:52:42,417 [WARN] ApiDb:259 - Overriding images path with different value:  => C:\ST\STM32CubeIDE_1.14.0\STM32CubeIDE\plugins\com.st.stm32cube.common.mx_6.10.0.202311202037\\db\/plugins/mcufinder/images/
2024-01-17 17:52:42,421 [INFO] ApiDb:250 - Set database path to: C:\Users\mizun\.stmcufinder\plugins\mcufinder//mcu/
2024-01-17 17:52:42,422 [INFO] DbMcusAds:125 - Set database path to: C:\Users\mizun\.stmcufinder\plugins\mcufinder//mcu/
2024-01-17 17:52:42,424 [INFO] CrossReferenceDbSqlite:203 - Set database path to: C:\Users\mizun\.stmcufinder\plugins\mcufinder//mcu/cs/
2024-01-17 17:52:42,502 [INFO] RulesReader:64 - Compatibility file has been processed (297 Rules)
2024-01-17 17:52:42,562 [INFO] DbMcusXml:78 - Set database path to: C:\ST\STM32CubeIDE_1.14.0\STM32CubeIDE\plugins\com.st.stm32cube.common.mx_6.10.0.202311202037\\db\/mcu/
2024-01-17 17:52:42,562 [INFO] ApiDb:274 - Set plugin database path to: C:\ST\STM32CubeIDE_1.14.0\STM32CubeIDE\plugins\com.st.stm32cube.common.mx_6.10.0.202311202037\\db\/plugins/boardmanager/
2024-01-17 17:52:42,562 [INFO] ApiDb:261 - Set plugin images path to: C:\ST\STM32CubeIDE_1.14.0\STM32CubeIDE\plugins\com.st.stm32cube.common.mx_6.10.0.202311202037\\db\/plugins/mcufinder/images/
2024-01-17 17:52:42,562 [WARN] DbFile:41 - Overriding database path with different value: C:\Users\mizun\.stmcufinder\plugins\mcufinder/ => C:\Users\mizun\.stmcufinder\plugins\mcufinder
2024-01-17 17:52:42,562 [INFO] ApiDb:250 - Set database path to: C:\Users\mizun\.stmcufinder\plugins\mcufinder//mcu/
2024-01-17 17:52:42,562 [WARN] DbFile:41 - Overriding database path with different value: C:\Users\mizun\.stmcufinder\plugins\mcufinder/ => C:\Users\mizun\.stmcufinder\plugins\mcufinder
2024-01-17 17:52:42,562 [INFO] DbMcusAds:125 - Set database path to: C:\Users\mizun\.stmcufinder\plugins\mcufinder//mcu/
2024-01-17 17:52:42,562 [WARN] DbFile:41 - Overriding database path with different value: C:\Users\mizun\.stmcufinder\plugins\mcufinder/ => C:\Users\mizun\.stmcufinder\plugins\mcufinder
2024-01-17 17:52:42,562 [WARN] DbFile:41 - Overriding database path with different value: C:\Users\mizun\.stmcufinder\plugins\mcufinder/ => C:\Users\mizun\.stmcufinder\plugins\mcufinder
2024-01-17 17:52:42,562 [INFO] CrossReferenceDbSqlite:203 - Set database path to: C:\Users\mizun\.stmcufinder\plugins\mcufinder//mcu/cs/
2024-01-17 17:52:42,608 [INFO] MainPanel:264 - HeapMemory: 268435456
2024-01-17 17:52:42,651 [INFO] DbMcusXml:78 - Set database path to: C:\ST\STM32CubeIDE_1.14.0\STM32CubeIDE\plugins\com.st.stm32cube.common.mx_6.10.0.202311202037\\db\/mcu/
2024-01-17 17:52:42,651 [INFO] ApiDb:274 - Set plugin database path to: C:\ST\STM32CubeIDE_1.14.0\STM32CubeIDE\plugins\com.st.stm32cube.common.mx_6.10.0.202311202037\\db\/plugins/boardmanager/
2024-01-17 17:52:42,651 [INFO] ApiDb:261 - Set plugin images path to: C:\ST\STM32CubeIDE_1.14.0\STM32CubeIDE\plugins\com.st.stm32cube.common.mx_6.10.0.202311202037\\db\/plugins/mcufinder/images/
2024-01-17 17:52:42,652 [WARN] DbFile:41 - Overriding database path with different value: C:\Users\mizun\.stmcufinder\plugins\mcufinder/ => C:\Users\mizun\.stmcufinder\plugins\mcufinder
2024-01-17 17:52:42,652 [INFO] ApiDb:250 - Set database path to: C:\Users\mizun\.stmcufinder\plugins\mcufinder//mcu/
2024-01-17 17:52:42,652 [WARN] DbFile:41 - Overriding database path with different value: C:\Users\mizun\.stmcufinder\plugins\mcufinder/ => C:\Users\mizun\.stmcufinder\plugins\mcufinder
2024-01-17 17:52:42,652 [INFO] DbMcusAds:125 - Set database path to: C:\Users\mizun\.stmcufinder\plugins\mcufinder//mcu/
2024-01-17 17:52:42,652 [WARN] DbFile:41 - Overriding database path with different value: C:\Users\mizun\.stmcufinder\plugins\mcufinder/ => C:\Users\mizun\.stmcufinder\plugins\mcufinder
2024-01-17 17:52:42,652 [WARN] DbFile:41 - Overriding database path with different value: C:\Users\mizun\.stmcufinder\plugins\mcufinder/ => C:\Users\mizun\.stmcufinder\plugins\mcufinder
2024-01-17 17:52:42,652 [INFO] CrossReferenceDbSqlite:203 - Set database path to: C:\Users\mizun\.stmcufinder\plugins\mcufinder//mcu/cs/
2024-01-17 17:52:42,662 [INFO] ApplicationProperties:184 - Using Application install path: C:\ST\STM32CubeIDE_1.14.0\STM32CubeIDE\plugins\com.st.stm32cube.common.mx_6.10.0.202311202037
2024-01-17 17:52:42,664 [INFO] PluginManage:196 - Search for loadable plugins [exclusion list=, ]
2024-01-17 17:52:42,664 [INFO] PluginManage:310 - Check plugin analytics
2024-01-17 17:52:42,799 [INFO] AnalyticsPlugin:253 - Accepted Software Licenses: STM32CubeMX.6.9.2
2024-01-17 17:52:42,799 [INFO] AnalyticsPlugin:255 - Accepted CMSIS Pack Licenses: 
2024-01-17 17:52:42,799 [INFO] AnalyticsPlugin:257 - Accepted Firmware Licenses: FW.L4.1.18.0,FW.F4.1.27.0
2024-01-17 17:52:42,801 [INFO] PluginManage:359 - Loaded plugin analytics (category:tool,tabindex:-1)
2024-01-17 17:52:42,802 [INFO] PluginManage:310 - Check plugin cadmodel
2024-01-17 17:52:42,805 [INFO] CADModel:105 - Init CAD model plugin
2024-01-17 17:52:42,806 [INFO] PluginManage:359 - Loaded plugin cadmodel (category:power,tabindex:5)
2024-01-17 17:52:42,806 [INFO] PluginManage:310 - Check plugin clock
2024-01-17 17:52:42,814 [INFO] PluginManage:359 - Loaded plugin clock (category:base,tabindex:2)
2024-01-17 17:52:42,814 [INFO] PluginManage:310 - Check plugin ddr
2024-01-17 17:52:42,815 [INFO] PluginManage:359 - Loaded plugin ddr (category:tool,tabindex:6)
2024-01-17 17:52:42,815 [INFO] PluginManage:310 - Check plugin filemanager
2024-01-17 17:52:42,925 [INFO] PluginManage:359 - Loaded plugin filemanager (category:base,tabindex:10)
2024-01-17 17:52:42,926 [INFO] PluginManage:310 - Check plugin ipmanager
2024-01-17 17:52:42,932 [INFO] PluginManage:359 - Loaded plugin ipmanager (category:base,tabindex:5)
2024-01-17 17:52:42,932 [INFO] PluginManage:310 - Check plugin lpbam
2024-01-17 17:52:42,940 [INFO] PluginManage:359 - Loaded plugin lpbam (category:base,tabindex:0)
2024-01-17 17:52:42,940 [INFO] PluginManage:310 - Check plugin memorymap
2024-01-17 17:52:42,949 [INFO] PluginManage:359 - Loaded plugin memorymap (category:base,tabindex:4)
2024-01-17 17:52:42,949 [INFO] PluginManage:310 - Check plugin pinoutandconfiguration
2024-01-17 17:52:42,954 [INFO] PluginManage:359 - Loaded plugin pinoutandconfiguration (category:base,tabindex:1)
2024-01-17 17:52:42,956 [INFO] PluginManage:310 - Check plugin pinoutconfig
2024-01-17 17:52:43,041 [WARN] SupportedApi:132 - Cannot load RTOS API schema: s4s-elt-must-match.1: The content of 'definitions' must match (annotation?, (simpleType | complexType)?, (unique | key | keyref)*)). A problem was found starting at: attribute.
2024-01-17 17:52:43,125 [INFO] PluginManage:359 - Loaded plugin pinoutconfig (category:base,tabindex:0)
2024-01-17 17:52:43,125 [INFO] PluginManage:310 - Check plugin power
2024-01-17 17:52:43,130 [INFO] PluginManage:359 - Loaded plugin power (category:power,tabindex:4)
2024-01-17 17:52:43,130 [INFO] PluginManage:310 - Check plugin projectmanager
2024-01-17 17:52:43,140 [INFO] PluginManage:359 - Loaded plugin projectmanager (category:projectmanager,tabindex:3)
2024-01-17 17:52:43,140 [INFO] PluginManage:310 - Check plugin thirdparty
2024-01-17 17:52:43,214 [WARN] IntegrityCheckThread:84 - waiting for thirdparty lock release [integrity check]
2024-01-17 17:52:43,214 [INFO] PluginManage:359 - Loaded plugin thirdparty (category:base,tabindex:-1)
2024-01-17 17:52:43,214 [INFO] IntegrityCheckThread:86 - entering critical section [integrity check]
2024-01-17 17:52:43,214 [INFO] PluginManage:310 - Check plugin tools
2024-01-17 17:52:43,214 [INFO] ThirdPartyUpdaterWithRetryManager:70 - Updater plugin not ready yet. [1/15]
2024-01-17 17:52:43,216 [INFO] PluginManage:359 - Loaded plugin tools (category:base,tabindex:7)
2024-01-17 17:52:43,216 [INFO] PluginManage:310 - Check plugin tutovideos
2024-01-17 17:52:43,312 [INFO] PluginManage:359 - Loaded plugin tutovideos (category:base,tabindex:-1)
2024-01-17 17:52:43,312 [INFO] PluginManage:310 - Check plugin updater
2024-01-17 17:52:43,319 [INFO] PluginManage:359 - Loaded plugin updater (category:base,tabindex:12)
2024-01-17 17:52:43,319 [INFO] PluginManage:310 - Check plugin userauth
2024-01-17 17:52:43,322 [INFO] UserAuth:114 - Init User Auth plugin
2024-01-17 17:52:43,322 [INFO] PluginManage:359 - Loaded plugin userauth (category:base,tabindex:14)
2024-01-17 17:52:43,322 [INFO] PluginManage:283 - PluginManage : Loaded plugins [17]
2024-01-17 17:52:43,465 [INFO] PinOutPanel:1499 - setPackage(No Configuration,No Configuration)
2024-01-17 17:52:43,513 [INFO] CADModel:165 - CPN selected for project level
2024-01-17 17:52:43,513 [INFO] CADModel:114 - Register for checkConnection events
2024-01-17 17:52:43,524 [INFO] IPUIPlugin:80 - create IPUIPlugin
2024-01-17 17:52:43,524 [INFO] PluginManager:220 - loadIPPluginJar : add adc
2024-01-17 17:52:43,525 [INFO] IPUIPlugin:80 - create IPUIPlugin
2024-01-17 17:52:43,525 [INFO] PluginManager:220 - loadIPPluginJar : add aes
2024-01-17 17:52:43,527 [INFO] IPUIPlugin:80 - create IPUIPlugin
2024-01-17 17:52:43,527 [INFO] PluginManager:220 - loadIPPluginJar : add can
2024-01-17 17:52:43,528 [INFO] IPUIPlugin:80 - create IPUIPlugin
2024-01-17 17:52:43,528 [INFO] PluginManager:220 - loadIPPluginJar : add comp
2024-01-17 17:52:43,530 [INFO] IPUIPlugin:80 - create IPUIPlugin
2024-01-17 17:52:43,530 [INFO] PluginManager:220 - loadIPPluginJar : add cryp
2024-01-17 17:52:43,531 [INFO] IPUIPlugin:80 - create IPUIPlugin
2024-01-17 17:52:43,531 [INFO] PluginManager:220 - loadIPPluginJar : add dfsdm
2024-01-17 17:52:43,535 [INFO] IPUIPlugin:80 - create IPUIPlugin
2024-01-17 17:52:43,535 [INFO] PluginManager:220 - loadIPPluginJar : add dma
2024-01-17 17:52:43,538 [INFO] IPUIPlugin:80 - create IPUIPlugin
2024-01-17 17:52:43,538 [INFO] PluginManager:220 - loadIPPluginJar : add dma3
2024-01-17 17:52:43,538 [INFO] IPUIPlugin:80 - create IPUIPlugin
2024-01-17 17:52:43,538 [INFO] PluginManager:220 - loadIPPluginJar : add fatfs
2024-01-17 17:52:43,540 [INFO] IPUIPlugin:80 - create IPUIPlugin
2024-01-17 17:52:43,540 [INFO] PluginManager:220 - loadIPPluginJar : add fmc
2024-01-17 17:52:43,544 [INFO] IPUIPlugin:80 - create IPUIPlugin
2024-01-17 17:52:43,544 [INFO] PluginManager:220 - loadIPPluginJar : add freertos
2024-01-17 17:52:43,545 [INFO] IPUIPlugin:80 - create IPUIPlugin
2024-01-17 17:52:43,547 [INFO] PluginManager:220 - loadIPPluginJar : add genericplugin
2024-01-17 17:52:43,548 [INFO] IPUIPlugin:80 - create IPUIPlugin
2024-01-17 17:52:43,548 [INFO] PluginManager:220 - loadIPPluginJar : add gfxmmu
2024-01-17 17:52:43,552 [INFO] IPUIPlugin:80 - create IPUIPlugin
2024-01-17 17:52:43,552 [INFO] PluginManager:220 - loadIPPluginJar : add gic
2024-01-17 17:52:43,555 [INFO] IPUIPlugin:80 - create IPUIPlugin
2024-01-17 17:52:43,556 [INFO] PluginManager:220 - loadIPPluginJar : add gpio
2024-01-17 17:52:43,557 [INFO] IPUIPlugin:80 - create IPUIPlugin
2024-01-17 17:52:43,557 [INFO] PluginManager:220 - loadIPPluginJar : add gtzc
2024-01-17 17:52:43,559 [INFO] IPUIPlugin:80 - create IPUIPlugin
2024-01-17 17:52:43,559 [INFO] PluginManager:220 - loadIPPluginJar : add hash
2024-01-17 17:52:43,560 [INFO] IPUIPlugin:80 - create IPUIPlugin
2024-01-17 17:52:43,560 [INFO] PluginManager:220 - loadIPPluginJar : add i2c
2024-01-17 17:52:43,562 [INFO] IPUIPlugin:80 - create IPUIPlugin
2024-01-17 17:52:43,562 [INFO] PluginManager:220 - loadIPPluginJar : add i2s
2024-01-17 17:52:43,563 [INFO] IPUIPlugin:80 - create IPUIPlugin
2024-01-17 17:52:43,563 [INFO] PluginManager:220 - loadIPPluginJar : add i3c
2024-01-17 17:52:43,565 [INFO] IPUIPlugin:80 - create IPUIPlugin
2024-01-17 17:52:43,565 [INFO] PluginManager:220 - loadIPPluginJar : add ipddr
2024-01-17 17:52:43,570 [INFO] IPUIPlugin:80 - create IPUIPlugin
2024-01-17 17:52:43,570 [INFO] PluginManager:220 - loadIPPluginJar : add linkedlist
2024-01-17 17:52:43,572 [INFO] IPUIPlugin:80 - create IPUIPlugin
2024-01-17 17:52:43,572 [INFO] PluginManager:220 - loadIPPluginJar : add lorawan
2024-01-17 17:52:43,573 [INFO] IPUIPlugin:80 - create IPUIPlugin
2024-01-17 17:52:43,573 [INFO] PluginManager:220 - loadIPPluginJar : add ltdc
2024-01-17 17:52:43,578 [INFO] IPUIPlugin:80 - create IPUIPlugin
2024-01-17 17:52:43,578 [INFO] PluginManager:220 - loadIPPluginJar : add mdma
2024-01-17 17:52:43,580 [INFO] IPUIPlugin:80 - create IPUIPlugin
2024-01-17 17:52:43,581 [INFO] PluginManager:220 - loadIPPluginJar : add nvic
2024-01-17 17:52:43,583 [INFO] IPUIPlugin:80 - create IPUIPlugin
2024-01-17 17:52:43,583 [INFO] PluginManager:220 - loadIPPluginJar : add opamp
2024-01-17 17:52:43,585 [INFO] IPUIPlugin:80 - create IPUIPlugin
2024-01-17 17:52:43,585 [INFO] PluginManager:220 - loadIPPluginJar : add openamp
2024-01-17 17:52:43,587 [INFO] IPUIPlugin:80 - create IPUIPlugin
2024-01-17 17:52:43,587 [INFO] PluginManager:220 - loadIPPluginJar : add pdm2pcm
2024-01-17 17:52:43,591 [INFO] IPUIPlugin:80 - create IPUIPlugin
2024-01-17 17:52:43,593 [INFO] PluginManager:220 - loadIPPluginJar : add plateformsettings
2024-01-17 17:52:43,595 [INFO] IPUIPlugin:80 - create IPUIPlugin
2024-01-17 17:52:43,595 [INFO] PluginManager:220 - loadIPPluginJar : add quadspi
2024-01-17 17:52:43,597 [INFO] IPUIPlugin:80 - create IPUIPlugin
2024-01-17 17:52:43,597 [INFO] PluginManager:220 - loadIPPluginJar : add resmgrutility
2024-01-17 17:52:43,599 [INFO] IPUIPlugin:80 - create IPUIPlugin
2024-01-17 17:52:43,599 [INFO] PluginManager:220 - loadIPPluginJar : add sai
2024-01-17 17:52:43,600 [INFO] IPUIPlugin:80 - create IPUIPlugin
2024-01-17 17:52:43,600 [INFO] PluginManager:220 - loadIPPluginJar : add spi
2024-01-17 17:52:43,604 [INFO] IPUIPlugin:80 - create IPUIPlugin
2024-01-17 17:52:43,605 [INFO] PluginManager:220 - loadIPPluginJar : add stm32_wpan
2024-01-17 17:52:43,606 [INFO] IPUIPlugin:80 - create IPUIPlugin
2024-01-17 17:52:43,606 [INFO] PluginManager:220 - loadIPPluginJar : add tim
2024-01-17 17:52:43,608 [INFO] IPUIPlugin:80 - create IPUIPlugin
2024-01-17 17:52:43,608 [INFO] PluginManager:220 - loadIPPluginJar : add touchsensing
2024-01-17 17:52:43,609 [INFO] IPUIPlugin:80 - create IPUIPlugin
2024-01-17 17:52:43,609 [INFO] PluginManager:220 - loadIPPluginJar : add tracer_emb
2024-01-17 17:52:43,610 [INFO] IPUIPlugin:80 - create IPUIPlugin
2024-01-17 17:52:43,610 [INFO] PluginManager:220 - loadIPPluginJar : add ts
2024-01-17 17:52:43,611 [INFO] IPUIPlugin:80 - create IPUIPlugin
2024-01-17 17:52:43,612 [INFO] PluginManager:220 - loadIPPluginJar : add tsc
2024-01-17 17:52:43,612 [INFO] IPUIPlugin:80 - create IPUIPlugin
2024-01-17 17:52:43,612 [INFO] PluginManager:220 - loadIPPluginJar : add ucpd
2024-01-17 17:52:43,615 [INFO] IPUIPlugin:80 - create IPUIPlugin
2024-01-17 17:52:43,615 [INFO] PluginManager:220 - loadIPPluginJar : add usart
2024-01-17 17:52:43,616 [INFO] IPUIPlugin:80 - create IPUIPlugin
2024-01-17 17:52:43,618 [INFO] PluginManager:220 - loadIPPluginJar : add usbx
2024-01-17 17:52:43,728 [INFO] CADModel:165 - CPN selected for project level
2024-01-17 17:52:43,728 [INFO] CADModel:114 - Register for checkConnection events
2024-01-17 17:52:43,728 [FATAL] Updater:308 - Updater called before beeing initialized
2024-01-17 17:52:43,728 [ERROR] CADModel:125 - Updater not yet initialized, retry later 
2024-01-17 17:52:43,820 [INFO] CADModel:165 - CPN selected for project level
2024-01-17 17:52:43,820 [INFO] CADModel:114 - Register for checkConnection events
2024-01-17 17:52:43,821 [FATAL] Updater:308 - Updater called before beeing initialized
2024-01-17 17:52:43,821 [ERROR] CADModel:125 - Updater not yet initialized, retry later 
2024-01-17 17:52:43,823 [FATAL] Updater:308 - Updater called before beeing initialized
2024-01-17 17:52:43,893 [FATAL] Updater:308 - Updater called before beeing initialized
2024-01-17 17:52:43,896 [INFO] DbMcusAds:53 - JSON generation date=Wed Nov 29 19:52:27 JST 2023 (1701255147349)
2024-01-17 17:52:43,896 [FATAL] Updater:308 - Updater called before beeing initialized
2024-01-17 17:52:43,918 [WARN] DetailPanel:346 - Failed to get advertising image, set to default
2024-01-17 17:52:43,977 [FATAL] Updater:308 - Updater called before beeing initialized
2024-01-17 17:52:43,978 [FATAL] Updater:308 - Updater called before beeing initialized
2024-01-17 17:52:43,978 [FATAL] Updater:308 - Updater called before beeing initialized
2024-01-17 17:52:43,978 [WARN] DetailPanel:346 - Failed to get advertising image, set to default
2024-01-17 17:52:43,978 [FATAL] Updater:308 - Updater called before beeing initialized
2024-01-17 17:52:44,007 [ERROR] Updater:1120 - MainUpdater not yet initialized. External WinMGr cannot be set.
2024-01-17 17:52:44,008 [INFO] Updater:1056 - Updater Version found : 6.10.0
2024-01-17 17:52:44,020 [INFO] ApplicationProperties:184 - Using Application install path: C:\ST\STM32CubeIDE_1.14.0\STM32CubeIDE\plugins\com.st.stm32cube.common.mx_6.10.0.202311202037
2024-01-17 17:52:44,189 [INFO] MainUpdater:2873 - connection check result : 10
2024-01-17 17:52:44,189 [INFO] MainUpdater:290 - Updater Check For Update Now.
2024-01-17 17:52:44,189 [INFO] MicroXplorer:498 - Change Database Version : DB.6.0.100
2024-01-17 17:52:44,195 [INFO] McuFinderGlobals:63 - Set McuFinder mode to 2 (CubeIDE integrated)
2024-01-17 17:52:44,278 [INFO] UserAuth:404 - Internet connection configuration mode: 1
2024-01-17 17:52:44,285 [INFO] JxBrowserEngine:152 - Initiate JxBrowser Engine with user profile folder
2024-01-17 17:52:44,339 [INFO] CheckServerUpdateThread:120 - End of CheckServer Thread
2024-01-17 17:52:44,643 [INFO] WebApp:161 - Instantiating new browser for Auth
2024-01-17 17:52:44,951 [INFO] WebApp:780 - Register for checkConnection events
2024-01-17 17:52:44,951 [INFO] WebApp:414 - Apply proxy settings
2024-01-17 17:52:44,951 [INFO] WebApp:499 - Chromium requires no authentication
2024-01-17 17:52:44,957 [INFO] WebApp:442 - Direct internet connection detected
2024-01-17 17:52:45,046 [INFO] WebApp:192 - Starting web application
2024-01-17 17:52:45,046 [INFO] WebApp:544 - Web application path used C:\ST\STM32CubeIDE_1.14.0\STM32CubeIDE\plugins\com.st.stm32cube.common.mx_6.10.0.202311202037\db\plugins\mcufinder\reactClient1\index.html
2024-01-17 17:52:46,232 [ERROR] LogOutputStream:75 - [STDERR_REDIRECT] 
2024-01-17 17:52:49,732 [INFO] Activator:176 - 


2024-01-17 17:52:49,733 [INFO] Activator:177 - !SESSION log4j initialized
2024-01-17 17:52:51,870 [INFO] LogOutputStream:77 - [STDOUT_REDIRECT] 
2024-01-17 17:52:52,979 [INFO] ApplicationProperties:184 - Using Application install path: C:\ST\STM32CubeIDE_1.14.0\STM32CubeIDE\plugins\com.st.stm32cube.common.mx_6.10.0.202311202037
2024-01-17 17:52:52,993 [INFO] DbMcusXml:78 - Set database path to: C:\ST\STM32CubeIDE_1.14.0\STM32CubeIDE\plugins\com.st.stm32cube.common.mx_6.10.0.202311202037\\db\/mcu/
2024-01-17 17:52:52,993 [INFO] ApiDb:274 - Set plugin database path to: C:\ST\STM32CubeIDE_1.14.0\STM32CubeIDE\plugins\com.st.stm32cube.common.mx_6.10.0.202311202037\\db\/plugins/boardmanager/
2024-01-17 17:52:52,993 [WARN] ApiDb:259 - Overriding images path with different value:  => C:\ST\STM32CubeIDE_1.14.0\STM32CubeIDE\plugins\com.st.stm32cube.common.mx_6.10.0.202311202037\\db\/plugins/mcufinder/images/
2024-01-17 17:52:52,997 [INFO] ApiDb:250 - Set database path to: C:\Users\mizun\.stmcufinder\plugins\mcufinder//mcu/
2024-01-17 17:52:52,998 [INFO] DbMcusAds:125 - Set database path to: C:\Users\mizun\.stmcufinder\plugins\mcufinder//mcu/
2024-01-17 17:52:52,999 [INFO] CrossReferenceDbSqlite:203 - Set database path to: C:\Users\mizun\.stmcufinder\plugins\mcufinder//mcu/cs/
2024-01-17 17:52:53,083 [INFO] RulesReader:64 - Compatibility file has been processed (297 Rules)
2024-01-17 17:52:53,148 [INFO] DbMcusXml:78 - Set database path to: C:\ST\STM32CubeIDE_1.14.0\STM32CubeIDE\plugins\com.st.stm32cube.common.mx_6.10.0.202311202037\\db\/mcu/
2024-01-17 17:52:53,148 [INFO] ApiDb:274 - Set plugin database path to: C:\ST\STM32CubeIDE_1.14.0\STM32CubeIDE\plugins\com.st.stm32cube.common.mx_6.10.0.202311202037\\db\/plugins/boardmanager/
2024-01-17 17:52:53,148 [INFO] ApiDb:261 - Set plugin images path to: C:\ST\STM32CubeIDE_1.14.0\STM32CubeIDE\plugins\com.st.stm32cube.common.mx_6.10.0.202311202037\\db\/plugins/mcufinder/images/
2024-01-17 17:52:53,148 [WARN] DbFile:41 - Overriding database path with different value: C:\Users\mizun\.stmcufinder\plugins\mcufinder/ => C:\Users\mizun\.stmcufinder\plugins\mcufinder
2024-01-17 17:52:53,148 [INFO] ApiDb:250 - Set database path to: C:\Users\mizun\.stmcufinder\plugins\mcufinder//mcu/
2024-01-17 17:52:53,149 [WARN] DbFile:41 - Overriding database path with different value: C:\Users\mizun\.stmcufinder\plugins\mcufinder/ => C:\Users\mizun\.stmcufinder\plugins\mcufinder
2024-01-17 17:52:53,149 [INFO] DbMcusAds:125 - Set database path to: C:\Users\mizun\.stmcufinder\plugins\mcufinder//mcu/
2024-01-17 17:52:53,149 [WARN] DbFile:41 - Overriding database path with different value: C:\Users\mizun\.stmcufinder\plugins\mcufinder/ => C:\Users\mizun\.stmcufinder\plugins\mcufinder
2024-01-17 17:52:53,149 [WARN] DbFile:41 - Overriding database path with different value: C:\Users\mizun\.stmcufinder\plugins\mcufinder/ => C:\Users\mizun\.stmcufinder\plugins\mcufinder
2024-01-17 17:52:53,149 [INFO] CrossReferenceDbSqlite:203 - Set database path to: C:\Users\mizun\.stmcufinder\plugins\mcufinder//mcu/cs/
2024-01-17 17:52:53,193 [INFO] MainPanel:264 - HeapMemory: 268435456
2024-01-17 17:52:53,240 [INFO] DbMcusXml:78 - Set database path to: C:\ST\STM32CubeIDE_1.14.0\STM32CubeIDE\plugins\com.st.stm32cube.common.mx_6.10.0.202311202037\\db\/mcu/
2024-01-17 17:52:53,240 [INFO] ApiDb:274 - Set plugin database path to: C:\ST\STM32CubeIDE_1.14.0\STM32CubeIDE\plugins\com.st.stm32cube.common.mx_6.10.0.202311202037\\db\/plugins/boardmanager/
2024-01-17 17:52:53,240 [INFO] ApiDb:261 - Set plugin images path to: C:\ST\STM32CubeIDE_1.14.0\STM32CubeIDE\plugins\com.st.stm32cube.common.mx_6.10.0.202311202037\\db\/plugins/mcufinder/images/
2024-01-17 17:52:53,240 [WARN] DbFile:41 - Overriding database path with different value: C:\Users\mizun\.stmcufinder\plugins\mcufinder/ => C:\Users\mizun\.stmcufinder\plugins\mcufinder
2024-01-17 17:52:53,240 [INFO] ApiDb:250 - Set database path to: C:\Users\mizun\.stmcufinder\plugins\mcufinder//mcu/
2024-01-17 17:52:53,240 [WARN] DbFile:41 - Overriding database path with different value: C:\Users\mizun\.stmcufinder\plugins\mcufinder/ => C:\Users\mizun\.stmcufinder\plugins\mcufinder
2024-01-17 17:52:53,240 [INFO] DbMcusAds:125 - Set database path to: C:\Users\mizun\.stmcufinder\plugins\mcufinder//mcu/
2024-01-17 17:52:53,240 [WARN] DbFile:41 - Overriding database path with different value: C:\Users\mizun\.stmcufinder\plugins\mcufinder/ => C:\Users\mizun\.stmcufinder\plugins\mcufinder
2024-01-17 17:52:53,240 [WARN] DbFile:41 - Overriding database path with different value: C:\Users\mizun\.stmcufinder\plugins\mcufinder/ => C:\Users\mizun\.stmcufinder\plugins\mcufinder
2024-01-17 17:52:53,240 [INFO] CrossReferenceDbSqlite:203 - Set database path to: C:\Users\mizun\.stmcufinder\plugins\mcufinder//mcu/cs/
2024-01-17 17:52:53,250 [INFO] ApplicationProperties:184 - Using Application install path: C:\ST\STM32CubeIDE_1.14.0\STM32CubeIDE\plugins\com.st.stm32cube.common.mx_6.10.0.202311202037
2024-01-17 17:52:53,252 [INFO] PluginManage:196 - Search for loadable plugins [exclusion list=, ]
2024-01-17 17:52:53,253 [INFO] PluginManage:310 - Check plugin analytics
2024-01-17 17:52:53,361 [INFO] AnalyticsPlugin:253 - Accepted Software Licenses: STM32CubeMX.6.9.2
2024-01-17 17:52:53,361 [INFO] AnalyticsPlugin:255 - Accepted CMSIS Pack Licenses: 
2024-01-17 17:52:53,362 [INFO] AnalyticsPlugin:257 - Accepted Firmware Licenses: FW.L4.1.18.0,FW.F4.1.27.0
2024-01-17 17:52:53,363 [INFO] PluginManage:359 - Loaded plugin analytics (category:tool,tabindex:-1)
2024-01-17 17:52:53,363 [INFO] PluginManage:310 - Check plugin cadmodel
2024-01-17 17:52:53,366 [INFO] CADModel:105 - Init CAD model plugin
2024-01-17 17:52:53,366 [INFO] PluginManage:359 - Loaded plugin cadmodel (category:power,tabindex:5)
2024-01-17 17:52:53,366 [INFO] PluginManage:310 - Check plugin clock
2024-01-17 17:52:53,371 [INFO] PluginManage:359 - Loaded plugin clock (category:base,tabindex:2)
2024-01-17 17:52:53,371 [INFO] PluginManage:310 - Check plugin ddr
2024-01-17 17:52:53,372 [INFO] PluginManage:359 - Loaded plugin ddr (category:tool,tabindex:6)
2024-01-17 17:52:53,372 [INFO] PluginManage:310 - Check plugin filemanager
2024-01-17 17:52:53,471 [INFO] PluginManage:359 - Loaded plugin filemanager (category:base,tabindex:10)
2024-01-17 17:52:53,471 [INFO] PluginManage:310 - Check plugin ipmanager
2024-01-17 17:52:53,480 [INFO] PluginManage:359 - Loaded plugin ipmanager (category:base,tabindex:5)
2024-01-17 17:52:53,480 [INFO] PluginManage:310 - Check plugin lpbam
2024-01-17 17:52:53,486 [INFO] PluginManage:359 - Loaded plugin lpbam (category:base,tabindex:0)
2024-01-17 17:52:53,486 [INFO] PluginManage:310 - Check plugin memorymap
2024-01-17 17:52:53,495 [INFO] PluginManage:359 - Loaded plugin memorymap (category:base,tabindex:4)
2024-01-17 17:52:53,495 [INFO] PluginManage:310 - Check plugin pinoutandconfiguration
2024-01-17 17:52:53,500 [INFO] PluginManage:359 - Loaded plugin pinoutandconfiguration (category:base,tabindex:1)
2024-01-17 17:52:53,501 [INFO] PluginManage:310 - Check plugin pinoutconfig
2024-01-17 17:52:53,592 [WARN] SupportedApi:132 - Cannot load RTOS API schema: s4s-elt-must-match.1: The content of 'definitions' must match (annotation?, (simpleType | complexType)?, (unique | key | keyref)*)). A problem was found starting at: attribute.
2024-01-17 17:52:53,694 [INFO] PluginManage:359 - Loaded plugin pinoutconfig (category:base,tabindex:0)
2024-01-17 17:52:53,694 [INFO] PluginManage:310 - Check plugin power
2024-01-17 17:52:53,699 [INFO] PluginManage:359 - Loaded plugin power (category:power,tabindex:4)
2024-01-17 17:52:53,699 [INFO] PluginManage:310 - Check plugin projectmanager
2024-01-17 17:52:53,708 [INFO] PluginManage:359 - Loaded plugin projectmanager (category:projectmanager,tabindex:3)
2024-01-17 17:52:53,709 [INFO] PluginManage:310 - Check plugin thirdparty
2024-01-17 17:52:53,778 [INFO] PluginManage:359 - Loaded plugin thirdparty (category:base,tabindex:-1)
2024-01-17 17:52:53,779 [INFO] PluginManage:310 - Check plugin tools
2024-01-17 17:52:53,778 [WARN] IntegrityCheckThread:84 - waiting for thirdparty lock release [integrity check]
2024-01-17 17:52:53,779 [INFO] IntegrityCheckThread:86 - entering critical section [integrity check]
2024-01-17 17:52:53,779 [INFO] ThirdPartyUpdaterWithRetryManager:70 - Updater plugin not ready yet. [1/15]
2024-01-17 17:52:53,781 [INFO] PluginManage:359 - Loaded plugin tools (category:base,tabindex:7)
2024-01-17 17:52:53,781 [INFO] PluginManage:310 - Check plugin tutovideos
2024-01-17 17:52:53,886 [INFO] PluginManage:359 - Loaded plugin tutovideos (category:base,tabindex:-1)
2024-01-17 17:52:53,887 [INFO] PluginManage:310 - Check plugin updater
2024-01-17 17:52:53,893 [INFO] PluginManage:359 - Loaded plugin updater (category:base,tabindex:12)
2024-01-17 17:52:53,893 [INFO] PluginManage:310 - Check plugin userauth
2024-01-17 17:52:53,896 [INFO] UserAuth:114 - Init User Auth plugin
2024-01-17 17:52:53,896 [INFO] PluginManage:359 - Loaded plugin userauth (category:base,tabindex:14)
2024-01-17 17:52:53,897 [INFO] PluginManage:283 - PluginManage : Loaded plugins [17]
2024-01-17 17:52:54,024 [INFO] PinOutPanel:1499 - setPackage(No Configuration,No Configuration)
2024-01-17 17:52:54,070 [INFO] CADModel:165 - CPN selected for project level
2024-01-17 17:52:54,070 [INFO] CADModel:114 - Register for checkConnection events
2024-01-17 17:52:54,080 [INFO] IPUIPlugin:80 - create IPUIPlugin
2024-01-17 17:52:54,081 [INFO] PluginManager:220 - loadIPPluginJar : add adc
2024-01-17 17:52:54,082 [INFO] IPUIPlugin:80 - create IPUIPlugin
2024-01-17 17:52:54,082 [INFO] PluginManager:220 - loadIPPluginJar : add aes
2024-01-17 17:52:54,084 [INFO] IPUIPlugin:80 - create IPUIPlugin
2024-01-17 17:52:54,084 [INFO] PluginManager:220 - loadIPPluginJar : add can
2024-01-17 17:52:54,084 [INFO] IPUIPlugin:80 - create IPUIPlugin
2024-01-17 17:52:54,085 [INFO] PluginManager:220 - loadIPPluginJar : add comp
2024-01-17 17:52:54,086 [INFO] IPUIPlugin:80 - create IPUIPlugin
2024-01-17 17:52:54,086 [INFO] PluginManager:220 - loadIPPluginJar : add cryp
2024-01-17 17:52:54,088 [INFO] IPUIPlugin:80 - create IPUIPlugin
2024-01-17 17:52:54,088 [INFO] PluginManager:220 - loadIPPluginJar : add dfsdm
2024-01-17 17:52:54,092 [INFO] IPUIPlugin:80 - create IPUIPlugin
2024-01-17 17:52:54,092 [INFO] PluginManager:220 - loadIPPluginJar : add dma
2024-01-17 17:52:54,093 [INFO] IPUIPlugin:80 - create IPUIPlugin
2024-01-17 17:52:54,094 [INFO] PluginManager:220 - loadIPPluginJar : add dma3
2024-01-17 17:52:54,094 [INFO] IPUIPlugin:80 - create IPUIPlugin
2024-01-17 17:52:54,094 [INFO] PluginManager:220 - loadIPPluginJar : add fatfs
2024-01-17 17:52:54,097 [INFO] IPUIPlugin:80 - create IPUIPlugin
2024-01-17 17:52:54,097 [INFO] PluginManager:220 - loadIPPluginJar : add fmc
2024-01-17 17:52:54,100 [INFO] IPUIPlugin:80 - create IPUIPlugin
2024-01-17 17:52:54,100 [INFO] PluginManager:220 - loadIPPluginJar : add freertos
2024-01-17 17:52:54,101 [INFO] IPUIPlugin:80 - create IPUIPlugin
2024-01-17 17:52:54,101 [INFO] PluginManager:220 - loadIPPluginJar : add genericplugin
2024-01-17 17:52:54,102 [INFO] IPUIPlugin:80 - create IPUIPlugin
2024-01-17 17:52:54,102 [INFO] PluginManager:220 - loadIPPluginJar : add gfxmmu
2024-01-17 17:52:54,105 [INFO] IPUIPlugin:80 - create IPUIPlugin
2024-01-17 17:52:54,105 [INFO] PluginManager:220 - loadIPPluginJar : add gic
2024-01-17 17:52:54,107 [INFO] IPUIPlugin:80 - create IPUIPlugin
2024-01-17 17:52:54,107 [INFO] PluginManager:220 - loadIPPluginJar : add gpio
2024-01-17 17:52:54,108 [INFO] IPUIPlugin:80 - create IPUIPlugin
2024-01-17 17:52:54,108 [INFO] PluginManager:220 - loadIPPluginJar : add gtzc
2024-01-17 17:52:54,110 [INFO] IPUIPlugin:80 - create IPUIPlugin
2024-01-17 17:52:54,110 [INFO] PluginManager:220 - loadIPPluginJar : add hash
2024-01-17 17:52:54,111 [INFO] IPUIPlugin:80 - create IPUIPlugin
2024-01-17 17:52:54,111 [INFO] PluginManager:220 - loadIPPluginJar : add i2c
2024-01-17 17:52:54,112 [INFO] IPUIPlugin:80 - create IPUIPlugin
2024-01-17 17:52:54,112 [INFO] PluginManager:220 - loadIPPluginJar : add i2s
2024-01-17 17:52:54,113 [INFO] IPUIPlugin:80 - create IPUIPlugin
2024-01-17 17:52:54,113 [INFO] PluginManager:220 - loadIPPluginJar : add i3c
2024-01-17 17:52:54,115 [INFO] IPUIPlugin:80 - create IPUIPlugin
2024-01-17 17:52:54,115 [INFO] PluginManager:220 - loadIPPluginJar : add ipddr
2024-01-17 17:52:54,119 [INFO] IPUIPlugin:80 - create IPUIPlugin
2024-01-17 17:52:54,120 [INFO] PluginManager:220 - loadIPPluginJar : add linkedlist
2024-01-17 17:52:54,121 [INFO] IPUIPlugin:80 - create IPUIPlugin
2024-01-17 17:52:54,121 [INFO] PluginManager:220 - loadIPPluginJar : add lorawan
2024-01-17 17:52:54,122 [INFO] IPUIPlugin:80 - create IPUIPlugin
2024-01-17 17:52:54,122 [INFO] PluginManager:220 - loadIPPluginJar : add ltdc
2024-01-17 17:52:54,126 [INFO] IPUIPlugin:80 - create IPUIPlugin
2024-01-17 17:52:54,126 [INFO] PluginManager:220 - loadIPPluginJar : add mdma
2024-01-17 17:52:54,129 [INFO] IPUIPlugin:80 - create IPUIPlugin
2024-01-17 17:52:54,129 [INFO] PluginManager:220 - loadIPPluginJar : add nvic
2024-01-17 17:52:54,130 [INFO] IPUIPlugin:80 - create IPUIPlugin
2024-01-17 17:52:54,130 [INFO] PluginManager:220 - loadIPPluginJar : add opamp
2024-01-17 17:52:54,132 [INFO] IPUIPlugin:80 - create IPUIPlugin
2024-01-17 17:52:54,132 [INFO] PluginManager:220 - loadIPPluginJar : add openamp
2024-01-17 17:52:54,133 [INFO] IPUIPlugin:80 - create IPUIPlugin
2024-01-17 17:52:54,133 [INFO] PluginManager:220 - loadIPPluginJar : add pdm2pcm
2024-01-17 17:52:54,137 [INFO] IPUIPlugin:80 - create IPUIPlugin
2024-01-17 17:52:54,139 [INFO] PluginManager:220 - loadIPPluginJar : add plateformsettings
2024-01-17 17:52:54,140 [INFO] IPUIPlugin:80 - create IPUIPlugin
2024-01-17 17:52:54,140 [INFO] PluginManager:220 - loadIPPluginJar : add quadspi
2024-01-17 17:52:54,142 [INFO] IPUIPlugin:80 - create IPUIPlugin
2024-01-17 17:52:54,142 [INFO] PluginManager:220 - loadIPPluginJar : add resmgrutility
2024-01-17 17:52:54,144 [INFO] IPUIPlugin:80 - create IPUIPlugin
2024-01-17 17:52:54,144 [INFO] PluginManager:220 - loadIPPluginJar : add sai
2024-01-17 17:52:54,145 [INFO] IPUIPlugin:80 - create IPUIPlugin
2024-01-17 17:52:54,145 [INFO] PluginManager:220 - loadIPPluginJar : add spi
2024-01-17 17:52:54,149 [INFO] IPUIPlugin:80 - create IPUIPlugin
2024-01-17 17:52:54,149 [INFO] PluginManager:220 - loadIPPluginJar : add stm32_wpan
2024-01-17 17:52:54,149 [INFO] IPUIPlugin:80 - create IPUIPlugin
2024-01-17 17:52:54,150 [INFO] PluginManager:220 - loadIPPluginJar : add tim
2024-01-17 17:52:54,151 [INFO] IPUIPlugin:80 - create IPUIPlugin
2024-01-17 17:52:54,151 [INFO] PluginManager:220 - loadIPPluginJar : add touchsensing
2024-01-17 17:52:54,152 [INFO] IPUIPlugin:80 - create IPUIPlugin
2024-01-17 17:52:54,152 [INFO] PluginManager:220 - loadIPPluginJar : add tracer_emb
2024-01-17 17:52:54,153 [INFO] IPUIPlugin:80 - create IPUIPlugin
2024-01-17 17:52:54,153 [INFO] PluginManager:220 - loadIPPluginJar : add ts
2024-01-17 17:52:54,154 [INFO] IPUIPlugin:80 - create IPUIPlugin
2024-01-17 17:52:54,154 [INFO] PluginManager:220 - loadIPPluginJar : add tsc
2024-01-17 17:52:54,155 [INFO] IPUIPlugin:80 - create IPUIPlugin
2024-01-17 17:52:54,155 [INFO] PluginManager:220 - loadIPPluginJar : add ucpd
2024-01-17 17:52:54,156 [INFO] IPUIPlugin:80 - create IPUIPlugin
2024-01-17 17:52:54,156 [INFO] PluginManager:220 - loadIPPluginJar : add usart
2024-01-17 17:52:54,158 [INFO] IPUIPlugin:80 - create IPUIPlugin
2024-01-17 17:52:54,158 [INFO] PluginManager:220 - loadIPPluginJar : add usbx
2024-01-17 17:52:54,265 [INFO] CADModel:165 - CPN selected for project level
2024-01-17 17:52:54,265 [INFO] CADModel:114 - Register for checkConnection events
2024-01-17 17:52:54,266 [FATAL] Updater:308 - Updater called before beeing initialized
2024-01-17 17:52:54,266 [ERROR] CADModel:125 - Updater not yet initialized, retry later 
2024-01-17 17:52:54,352 [INFO] CADModel:165 - CPN selected for project level
2024-01-17 17:52:54,352 [INFO] CADModel:114 - Register for checkConnection events
2024-01-17 17:52:54,352 [FATAL] Updater:308 - Updater called before beeing initialized
2024-01-17 17:52:54,352 [ERROR] CADModel:125 - Updater not yet initialized, retry later 
2024-01-17 17:52:54,354 [FATAL] Updater:308 - Updater called before beeing initialized
2024-01-17 17:52:54,416 [FATAL] Updater:308 - Updater called before beeing initialized
2024-01-17 17:52:54,419 [INFO] DbMcusAds:53 - JSON generation date=Wed Nov 29 19:52:27 JST 2023 (1701255147349)
2024-01-17 17:52:54,419 [FATAL] Updater:308 - Updater called before beeing initialized
2024-01-17 17:52:54,441 [WARN] DetailPanel:346 - Failed to get advertising image, set to default
2024-01-17 17:52:54,502 [FATAL] Updater:308 - Updater called before beeing initialized
2024-01-17 17:52:54,505 [FATAL] Updater:308 - Updater called before beeing initialized
2024-01-17 17:52:54,505 [FATAL] Updater:308 - Updater called before beeing initialized
2024-01-17 17:52:54,505 [WARN] DetailPanel:346 - Failed to get advertising image, set to default
2024-01-17 17:52:54,505 [FATAL] Updater:308 - Updater called before beeing initialized
2024-01-17 17:52:54,533 [ERROR] Updater:1120 - MainUpdater not yet initialized. External WinMGr cannot be set.
2024-01-17 17:52:54,535 [INFO] Updater:1056 - Updater Version found : 6.10.0
2024-01-17 17:52:54,547 [INFO] ApplicationProperties:184 - Using Application install path: C:\ST\STM32CubeIDE_1.14.0\STM32CubeIDE\plugins\com.st.stm32cube.common.mx_6.10.0.202311202037
2024-01-17 17:52:54,715 [INFO] MainUpdater:2873 - connection check result : 10
2024-01-17 17:52:54,715 [INFO] MainUpdater:290 - Updater Check For Update Now.
2024-01-17 17:52:54,716 [INFO] MicroXplorer:498 - Change Database Version : DB.6.0.100
2024-01-17 17:52:54,722 [INFO] McuFinderGlobals:63 - Set McuFinder mode to 2 (CubeIDE integrated)
2024-01-17 17:52:54,818 [INFO] UserAuth:404 - Internet connection configuration mode: 1
2024-01-17 17:52:54,826 [INFO] JxBrowserEngine:152 - Initiate JxBrowser Engine with user profile folder
2024-01-17 17:52:54,877 [INFO] CheckServerUpdateThread:120 - End of CheckServer Thread
2024-01-17 17:52:55,181 [INFO] WebApp:161 - Instantiating new browser for Auth
2024-01-17 17:52:55,480 [INFO] WebApp:780 - Register for checkConnection events
2024-01-17 17:52:55,480 [INFO] WebApp:414 - Apply proxy settings
2024-01-17 17:52:55,480 [INFO] WebApp:499 - Chromium requires no authentication
2024-01-17 17:52:55,484 [INFO] WebApp:442 - Direct internet connection detected
2024-01-17 17:52:55,568 [INFO] WebApp:192 - Starting web application
2024-01-17 17:52:55,568 [INFO] WebApp:544 - Web application path used C:\ST\STM32CubeIDE_1.14.0\STM32CubeIDE\plugins\com.st.stm32cube.common.mx_6.10.0.202311202037\db\plugins\mcufinder\reactClient1\index.html
2024-01-17 17:52:56,849 [WARN] PackLoader:240 - Cannot read IP mode file for STMicroelectronics.X-CUBE-SMBUS.2.1.0
2024-01-17 17:52:56,854 [WARN] PackLoader:240 - Cannot read IP mode file for STMicroelectronics.X-CUBE-TOUCHGFX.4.23.0
2024-01-17 17:52:56,882 [WARN] PackLoader:240 - Cannot read IP mode file for STMicroelectronics.X-CUBE-AZRTOS-F7.1.1.0
2024-01-17 17:52:56,905 [WARN] PackLoader:240 - Cannot read IP mode file for STMicroelectronics.FP-SNS-MOTENV1.4.3.2
2024-01-17 17:52:56,925 [WARN] PackLoader:240 - Cannot read IP mode file for STMicroelectronics.FP-SNS-FLIGHT1.5.0.2
2024-01-17 17:52:56,931 [WARN] PackLoader:240 - Cannot read IP mode file for STMicroelectronics.X-CUBE-DISPLAY.3.0.0
2024-01-17 17:52:56,942 [WARN] PackLoader:240 - Cannot read IP mode file for STMicroelectronics.X-CUBE-BLE1.7.0.0
2024-01-17 17:52:56,947 [WARN] PackLoader:240 - Cannot read IP mode file for emotas.I-CUBE-CANOPEN.1.3.0
2024-01-17 17:52:56,950 [WARN] PackLoader:240 - Cannot read IP mode file for STMicroelectronics.X-CUBE-TOUCHGFX.4.22.1
2024-01-17 17:52:56,953 [WARN] PackLoader:240 - Cannot read IP mode file for STMicroelectronics.FP-SNS-SMARTAG2.1.2.0
2024-01-17 17:52:56,962 [INFO] LogOutputStream:77 - [STDOUT_REDIRECT] 1 : Invalid condition id : UX_CORESTACK_Condition cause : null
2024-01-17 17:52:56,963 [INFO] LogOutputStream:77 - [STDOUT_REDIRECT] 1 : Invalid condition id : UX_CORESTACK_Condition cause : null
2024-01-17 17:52:56,964 [INFO] LogOutputStream:77 - [STDOUT_REDIRECT] 1 : Invalid condition id : UX_CORESTACK_Condition cause : null
2024-01-17 17:52:56,964 [INFO] LogOutputStream:77 - [STDOUT_REDIRECT] 1 : Invalid condition id : UX_CORESTACK_Condition cause : null
2024-01-17 17:52:56,965 [INFO] LogOutputStream:77 - [STDOUT_REDIRECT] 1 : Invalid condition id : UX_CORESTACK_Condition cause : null
2024-01-17 17:52:56,968 [WARN] PackLoader:240 - Cannot read IP mode file for STMicroelectronics.X-CUBE-AZRTOS-WL.2.0.0
2024-01-17 17:52:56,977 [WARN] PackLoader:240 - Cannot read IP mode file for WES.I-CUBE-Cesium.1.3.0
2024-01-17 17:52:56,981 [WARN] PackLoader:240 - Cannot read IP mode file for STMicroelectronics.X-CUBE-BLE2.3.3.0
2024-01-17 17:52:56,985 [WARN] PackLoader:240 - Cannot read IP mode file for STMicroelectronics.X-CUBE-ALGOBUILD.1.3.0
2024-01-17 17:52:56,995 [WARN] PackLoader:240 - Cannot read IP mode file for STMicroelectronics.X-CUBE-AZRTOS-G0.1.1.0
2024-01-17 17:52:57,000 [WARN] PackLoader:240 - Cannot read IP mode file for STMicroelectronics.X-CUBE-NFC4.3.0.0
2024-01-17 17:52:57,006 [WARN] PackLoader:240 - Cannot read IP mode file for STMicroelectronics.X-CUBE-BLEMGR.3.0.0
2024-01-17 17:52:57,011 [WARN] PackLoader:240 - Cannot read IP mode file for STMicroelectronics.FP-ATR-SIGFOX1.3.2.0
2024-01-17 17:52:57,038 [WARN] PackLoader:240 - Cannot read IP mode file for SEGGER.I-CUBE-embOS.1.3.1
2024-01-17 17:52:57,065 [WARN] PackLoader:240 - Cannot read IP mode file for STMicroelectronics.X-CUBE-GNSS1.6.0.0
2024-01-17 17:52:57,078 [WARN] PackLoader:240 - Cannot read IP mode file for STMicroelectronics.X-CUBE-AZRTOS-F4.1.1.0
2024-01-17 17:52:57,083 [WARN] PackLoader:240 - Cannot read IP mode file for wolfSSL.I-CUBE-wolfSSL.5.6.3
2024-01-17 17:52:57,093 [WARN] PackLoader:240 - Cannot read IP mode file for STMicroelectronics.X-CUBE-AZRTOS-L5.2.0.0
2024-01-17 17:52:57,098 [WARN] PackLoader:240 - Cannot read IP mode file for STMicroelectronics.X-CUBE-EEPRMA1.4.2.0
2024-01-17 17:52:57,101 [WARN] PackLoader:240 - Cannot read IP mode file for ITTIA_DB.I-CUBE-ITTIADB.8.8.0
2024-01-17 17:52:57,105 [WARN] PackLoader:240 - Cannot read IP mode file for STMicroelectronics.X-CUBE-BLEMGR.2.0.0
2024-01-17 17:52:57,115 [WARN] ConditionMgr:438 - getConditionDescription Invalid condition id : UX DEVICE CLASS RTOS Condition cause : null
2024-01-17 17:52:57,116 [WARN] ConditionMgr:438 - getConditionDescription Invalid condition id : UX DEVICE CLASS RTOS Condition cause : null
2024-01-17 17:52:57,117 [WARN] PackLoader:240 - Cannot read IP mode file for STMicroelectronics.X-CUBE-AZRTOS-H7.3.1.0
2024-01-17 17:52:57,118 [WARN] ConditionMgr:1039 - genDependencies : Invalid condition id : UX DEVICE CLASS RTOS Condition cause : null
2024-01-17 17:52:57,118 [WARN] ConditionMgr:1039 - genDependencies : Invalid condition id : UX DEVICE CLASS RTOS Condition cause : null
2024-01-17 17:52:57,118 [WARN] ConditionMgr:1039 - genDependencies : Invalid condition id : UX DEVICE CLASS RTOS Condition cause : null
2024-01-17 17:52:57,118 [WARN] ConditionMgr:1039 - genDependencies : Invalid condition id : UX DEVICE CLASS RTOS Condition cause : null
2024-01-17 17:52:57,118 [WARN] ConditionMgr:1039 - genDependencies : Invalid condition id : UX DEVICE CLASS RTOS Condition cause : null
2024-01-17 17:52:57,122 [WARN] PackLoader:240 - Cannot read IP mode file for STMicroelectronics.X-CUBE-NFC7.1.0.1
2024-01-17 17:52:57,126 [WARN] PackLoader:240 - Cannot read IP mode file for STMicroelectronics.X-CUBE-NFC6.3.0.0
2024-01-17 17:52:57,130 [WARN] PackLoader:240 - Cannot read IP mode file for STMicroelectronics.X-CUBE-EEPRMA1.4.1.0
2024-01-17 17:52:57,132 [WARN] PackLoader:240 - Cannot read IP mode file for STMicroelectronics.X-CUBE-AI.8.1.0
2024-01-17 17:52:57,140 [WARN] ConditionMgr:438 - getConditionDescription Invalid condition id : LAN8742 Phy interface Condition cause : null
2024-01-17 17:52:57,141 [WARN] PackLoader:240 - Cannot read IP mode file for STMicroelectronics.X-CUBE-AZRTOS-L4.2.0.0
2024-01-17 17:52:57,142 [WARN] ConditionMgr:1039 - genDependencies : Invalid condition id : LAN8742 Phy interface Condition cause : null
2024-01-17 17:52:57,142 [WARN] ConditionMgr:1039 - genDependencies : Invalid condition id : LAN8742 Phy interface Condition cause : null
2024-01-17 17:52:57,142 [WARN] ConditionMgr:1039 - genDependencies : Invalid condition id : LAN8742 Phy interface Condition cause : null
2024-01-17 17:52:57,146 [WARN] PackLoader:240 - Cannot read IP mode file for STMicroelectronics.X-CUBE-SFXS2LP1.4.0.0
2024-01-17 17:52:57,149 [WARN] PackLoader:240 - Cannot read IP mode file for STMicroelectronics.X-CUBE-ISPU.1.1.0
2024-01-17 17:52:57,154 [WARN] ConditionMgr:438 - getConditionDescription Invalid condition id : UX DEVICE CLASS RTOS Condition cause : null
2024-01-17 17:52:57,154 [WARN] ConditionMgr:438 - getConditionDescription Invalid condition id : UX DEVICE CLASS RTOS Condition cause : null
2024-01-17 17:52:57,155 [WARN] PackLoader:240 - Cannot read IP mode file for STMicroelectronics.X-CUBE-AZRTOS-WB.2.0.0
2024-01-17 17:52:57,156 [WARN] ConditionMgr:1039 - genDependencies : Invalid condition id : UX DEVICE CLASS RTOS Condition cause : null
2024-01-17 17:52:57,156 [WARN] ConditionMgr:1039 - genDependencies : Invalid condition id : UX DEVICE CLASS RTOS Condition cause : null
2024-01-17 17:52:57,156 [WARN] ConditionMgr:1039 - genDependencies : Invalid condition id : UX DEVICE CLASS RTOS Condition cause : null
2024-01-17 17:52:57,156 [WARN] ConditionMgr:1039 - genDependencies : Invalid condition id : UX DEVICE CLASS RTOS Condition cause : null
2024-01-17 17:52:57,156 [WARN] ConditionMgr:1039 - genDependencies : Invalid condition id : UX DEVICE CLASS RTOS Condition cause : null
2024-01-17 17:52:57,161 [WARN] PackLoader:240 - Cannot read IP mode file for STMicroelectronics.X-CUBE-SUBG2.5.0.0
2024-01-17 17:52:57,168 [WARN] PackLoader:240 - Cannot read IP mode file for STMicroelectronics.X-CUBE-TOF1.3.3.1
2024-01-17 17:52:57,179 [WARN] PackLoader:240 - Cannot read IP mode file for STMicroelectronics.X-CUBE-AZRTOS-G4.2.0.0
2024-01-17 17:52:57,187 [WARN] PackLoader:240 - Cannot read IP mode file for Infineon.AIROC-Wi-Fi-Bluetooth-STM32.1.5.1
2024-01-17 17:52:57,195 [WARN] PackLoader:240 - Cannot read IP mode file for STMicroelectronics.FP-SNS-MOTENVWB1.1.3.0
2024-01-17 17:52:57,198 [WARN] PackLoader:240 - Cannot read IP mode file for STMicroelectronics.FP-SNS-MOTENVWB1.1.3.1
2024-01-17 17:52:57,201 [WARN] PackLoader:240 - Cannot read IP mode file for STMicroelectronics.X-CUBE-ISPU.2.0.0
2024-01-17 17:52:57,229 [WARN] PackLoader:240 - Cannot read IP mode file for STMicroelectronics.X-CUBE-MEMS1.10.0.0
2024-01-17 17:52:57,296 [WARN] PackLoader:240 - Cannot read IP mode file for STMicroelectronics.X-CUBE-FREERTOS.1.1.0
2024-01-17 17:52:57,300 [WARN] PackLoader:240 - Cannot read IP mode file for portGmbH.I-Cube-SoM-uGOAL.1.1.0
2024-01-17 17:52:57,303 [WARN] PackLoader:240 - Cannot read IP mode file for STMicroelectronics.X-CUBE-ALS.1.0.1
2024-01-17 17:52:57,306 [WARN] PackLoader:240 - Cannot read IP mode file for STMicroelectronics.FP-ATR-ASTRA1.2.0.0
2024-01-17 17:52:57,314 [WARN] PackLoader:240 - Cannot read IP mode file for STMicroelectronics.X-CUBE-TOF1.3.4.0
2024-01-17 17:52:57,327 [WARN] PackLoader:240 - Cannot read IP mode file for STMicroelectronics.X-CUBE-AZRTOS-H7.3.2.0
2024-01-17 17:52:57,329 [INFO] ThirdParty:978 - Integrity check success = true
2024-01-17 17:52:57,329 [INFO] IntegrityCheckThread:100 - exiting critical section [integrity check]
2024-01-17 17:52:57,329 [INFO] IntegrityCheckThread:103 - End integrity checks thread
2024-01-17 17:53:07,906 [ERROR] LogOutputStream:75 - [STDERR_REDIRECT] 
