2024-01-17 17:52:13,870 [INFO] Activator:176 - 


2024-01-17 17:52:13,872 [INFO] Activator:177 - !SESSION log4j initialized
2024-01-17 17:52:15,398 [INFO] LogOutputStream:77 - [STDOUT_REDIRECT] 
2024-01-17 17:52:16,514 [INFO] ApplicationProperties:184 - Using Application install path: C:\ST\STM32CubeIDE_1.14.0\STM32CubeIDE\plugins\com.st.stm32cube.common.mx_6.10.0.202311202037
2024-01-17 17:52:16,530 [INFO] DbMcusXml:78 - Set database path to: C:\ST\STM32CubeIDE_1.14.0\STM32CubeIDE\plugins\com.st.stm32cube.common.mx_6.10.0.202311202037\\db\/mcu/
2024-01-17 17:52:16,530 [INFO] ApiDb:274 - Set plugin database path to: C:\ST\STM32CubeIDE_1.14.0\STM32CubeIDE\plugins\com.st.stm32cube.common.mx_6.10.0.202311202037\\db\/plugins/boardmanager/
2024-01-17 17:52:16,531 [WARN] ApiDb:259 - Overriding images path with different value:  => C:\ST\STM32CubeIDE_1.14.0\STM32CubeIDE\plugins\com.st.stm32cube.common.mx_6.10.0.202311202037\\db\/plugins/mcufinder/images/
2024-01-17 17:52:16,535 [INFO] ApiDb:250 - Set database path to: C:\Users\mizun\.stmcufinder\plugins\mcufinder//mcu/
2024-01-17 17:52:16,536 [INFO] DbMcusAds:125 - Set database path to: C:\Users\mizun\.stmcufinder\plugins\mcufinder//mcu/
2024-01-17 17:52:16,538 [INFO] CrossReferenceDbSqlite:203 - Set database path to: C:\Users\mizun\.stmcufinder\plugins\mcufinder//mcu/cs/
2024-01-17 17:52:16,628 [INFO] RulesReader:64 - Compatibility file has been processed (297 Rules)
2024-01-17 17:52:16,689 [INFO] DbMcusXml:78 - Set database path to: C:\ST\STM32CubeIDE_1.14.0\STM32CubeIDE\plugins\com.st.stm32cube.common.mx_6.10.0.202311202037\\db\/mcu/
2024-01-17 17:52:16,689 [INFO] ApiDb:274 - Set plugin database path to: C:\ST\STM32CubeIDE_1.14.0\STM32CubeIDE\plugins\com.st.stm32cube.common.mx_6.10.0.202311202037\\db\/plugins/boardmanager/
2024-01-17 17:52:16,690 [INFO] ApiDb:261 - Set plugin images path to: C:\ST\STM32CubeIDE_1.14.0\STM32CubeIDE\plugins\com.st.stm32cube.common.mx_6.10.0.202311202037\\db\/plugins/mcufinder/images/
2024-01-17 17:52:16,690 [WARN] DbFile:41 - Overriding database path with different value: C:\Users\mizun\.stmcufinder\plugins\mcufinder/ => C:\Users\mizun\.stmcufinder\plugins\mcufinder
2024-01-17 17:52:16,690 [INFO] ApiDb:250 - Set database path to: C:\Users\mizun\.stmcufinder\plugins\mcufinder//mcu/
2024-01-17 17:52:16,690 [WARN] DbFile:41 - Overriding database path with different value: C:\Users\mizun\.stmcufinder\plugins\mcufinder/ => C:\Users\mizun\.stmcufinder\plugins\mcufinder
2024-01-17 17:52:16,690 [INFO] DbMcusAds:125 - Set database path to: C:\Users\mizun\.stmcufinder\plugins\mcufinder//mcu/
2024-01-17 17:52:16,690 [WARN] DbFile:41 - Overriding database path with different value: C:\Users\mizun\.stmcufinder\plugins\mcufinder/ => C:\Users\mizun\.stmcufinder\plugins\mcufinder
2024-01-17 17:52:16,690 [WARN] DbFile:41 - Overriding database path with different value: C:\Users\mizun\.stmcufinder\plugins\mcufinder/ => C:\Users\mizun\.stmcufinder\plugins\mcufinder
2024-01-17 17:52:16,690 [INFO] CrossReferenceDbSqlite:203 - Set database path to: C:\Users\mizun\.stmcufinder\plugins\mcufinder//mcu/cs/
2024-01-17 17:52:16,733 [INFO] MainPanel:264 - HeapMemory: 268435456
2024-01-17 17:52:16,776 [INFO] DbMcusXml:78 - Set database path to: C:\ST\STM32CubeIDE_1.14.0\STM32CubeIDE\plugins\com.st.stm32cube.common.mx_6.10.0.202311202037\\db\/mcu/
2024-01-17 17:52:16,776 [INFO] ApiDb:274 - Set plugin database path to: C:\ST\STM32CubeIDE_1.14.0\STM32CubeIDE\plugins\com.st.stm32cube.common.mx_6.10.0.202311202037\\db\/plugins/boardmanager/
2024-01-17 17:52:16,776 [INFO] ApiDb:261 - Set plugin images path to: C:\ST\STM32CubeIDE_1.14.0\STM32CubeIDE\plugins\com.st.stm32cube.common.mx_6.10.0.202311202037\\db\/plugins/mcufinder/images/
2024-01-17 17:52:16,777 [WARN] DbFile:41 - Overriding database path with different value: C:\Users\mizun\.stmcufinder\plugins\mcufinder/ => C:\Users\mizun\.stmcufinder\plugins\mcufinder
2024-01-17 17:52:16,777 [INFO] ApiDb:250 - Set database path to: C:\Users\mizun\.stmcufinder\plugins\mcufinder//mcu/
2024-01-17 17:52:16,777 [WARN] DbFile:41 - Overriding database path with different value: C:\Users\mizun\.stmcufinder\plugins\mcufinder/ => C:\Users\mizun\.stmcufinder\plugins\mcufinder
2024-01-17 17:52:16,777 [INFO] DbMcusAds:125 - Set database path to: C:\Users\mizun\.stmcufinder\plugins\mcufinder//mcu/
2024-01-17 17:52:16,777 [WARN] DbFile:41 - Overriding database path with different value: C:\Users\mizun\.stmcufinder\plugins\mcufinder/ => C:\Users\mizun\.stmcufinder\plugins\mcufinder
2024-01-17 17:52:16,777 [WARN] DbFile:41 - Overriding database path with different value: C:\Users\mizun\.stmcufinder\plugins\mcufinder/ => C:\Users\mizun\.stmcufinder\plugins\mcufinder
2024-01-17 17:52:16,777 [INFO] CrossReferenceDbSqlite:203 - Set database path to: C:\Users\mizun\.stmcufinder\plugins\mcufinder//mcu/cs/
2024-01-17 17:52:16,788 [INFO] ApplicationProperties:184 - Using Application install path: C:\ST\STM32CubeIDE_1.14.0\STM32CubeIDE\plugins\com.st.stm32cube.common.mx_6.10.0.202311202037
2024-01-17 17:52:16,790 [INFO] PluginManage:196 - Search for loadable plugins [exclusion list=, ]
2024-01-17 17:52:16,790 [INFO] PluginManage:310 - Check plugin analytics
2024-01-17 17:52:16,908 [INFO] AnalyticsPlugin:253 - Accepted Software Licenses: STM32CubeMX.6.9.2
2024-01-17 17:52:16,909 [INFO] AnalyticsPlugin:255 - Accepted CMSIS Pack Licenses: 
2024-01-17 17:52:16,909 [INFO] AnalyticsPlugin:257 - Accepted Firmware Licenses: FW.L4.1.18.0,FW.F4.1.27.0
2024-01-17 17:52:16,911 [INFO] PluginManage:359 - Loaded plugin analytics (category:tool,tabindex:-1)
2024-01-17 17:52:16,911 [INFO] PluginManage:310 - Check plugin cadmodel
2024-01-17 17:52:16,914 [INFO] CADModel:105 - Init CAD model plugin
2024-01-17 17:52:16,914 [INFO] PluginManage:359 - Loaded plugin cadmodel (category:power,tabindex:5)
2024-01-17 17:52:16,914 [INFO] PluginManage:310 - Check plugin clock
2024-01-17 17:52:16,920 [INFO] PluginManage:359 - Loaded plugin clock (category:base,tabindex:2)
2024-01-17 17:52:16,920 [INFO] PluginManage:310 - Check plugin ddr
2024-01-17 17:52:16,921 [INFO] PluginManage:359 - Loaded plugin ddr (category:tool,tabindex:6)
2024-01-17 17:52:16,921 [INFO] PluginManage:310 - Check plugin filemanager
2024-01-17 17:52:17,030 [INFO] PluginManage:359 - Loaded plugin filemanager (category:base,tabindex:10)
2024-01-17 17:52:17,031 [INFO] PluginManage:310 - Check plugin ipmanager
2024-01-17 17:52:17,037 [INFO] PluginManage:359 - Loaded plugin ipmanager (category:base,tabindex:5)
2024-01-17 17:52:17,037 [INFO] PluginManage:310 - Check plugin lpbam
2024-01-17 17:52:17,045 [INFO] PluginManage:359 - Loaded plugin lpbam (category:base,tabindex:0)
2024-01-17 17:52:17,045 [INFO] PluginManage:310 - Check plugin memorymap
2024-01-17 17:52:17,056 [INFO] PluginManage:359 - Loaded plugin memorymap (category:base,tabindex:4)
2024-01-17 17:52:17,057 [INFO] PluginManage:310 - Check plugin pinoutandconfiguration
2024-01-17 17:52:17,064 [INFO] PluginManage:359 - Loaded plugin pinoutandconfiguration (category:base,tabindex:1)
2024-01-17 17:52:17,065 [INFO] PluginManage:310 - Check plugin pinoutconfig
2024-01-17 17:52:17,154 [WARN] SupportedApi:132 - Cannot load RTOS API schema: s4s-elt-must-match.1: The content of 'definitions' must match (annotation?, (simpleType | complexType)?, (unique | key | keyref)*)). A problem was found starting at: attribute.
2024-01-17 17:52:17,236 [INFO] PluginManage:359 - Loaded plugin pinoutconfig (category:base,tabindex:0)
2024-01-17 17:52:17,236 [INFO] PluginManage:310 - Check plugin power
2024-01-17 17:52:17,241 [INFO] PluginManage:359 - Loaded plugin power (category:power,tabindex:4)
2024-01-17 17:52:17,241 [INFO] PluginManage:310 - Check plugin projectmanager
2024-01-17 17:52:17,252 [INFO] PluginManage:359 - Loaded plugin projectmanager (category:projectmanager,tabindex:3)
2024-01-17 17:52:17,252 [INFO] PluginManage:310 - Check plugin thirdparty
2024-01-17 17:52:17,326 [INFO] PluginManage:359 - Loaded plugin thirdparty (category:base,tabindex:-1)
2024-01-17 17:52:17,326 [WARN] IntegrityCheckThread:84 - waiting for thirdparty lock release [integrity check]
2024-01-17 17:52:17,327 [INFO] PluginManage:310 - Check plugin tools
2024-01-17 17:52:17,327 [INFO] IntegrityCheckThread:86 - entering critical section [integrity check]
2024-01-17 17:52:17,327 [INFO] ThirdPartyUpdaterWithRetryManager:70 - Updater plugin not ready yet. [1/15]
2024-01-17 17:52:17,329 [INFO] PluginManage:359 - Loaded plugin tools (category:base,tabindex:7)
2024-01-17 17:52:17,329 [INFO] PluginManage:310 - Check plugin tutovideos
2024-01-17 17:52:17,420 [INFO] PluginManage:359 - Loaded plugin tutovideos (category:base,tabindex:-1)
2024-01-17 17:52:17,420 [INFO] PluginManage:310 - Check plugin updater
2024-01-17 17:52:17,426 [INFO] PluginManage:359 - Loaded plugin updater (category:base,tabindex:12)
2024-01-17 17:52:17,427 [INFO] PluginManage:310 - Check plugin userauth
2024-01-17 17:52:17,430 [INFO] UserAuth:114 - Init User Auth plugin
2024-01-17 17:52:17,430 [INFO] PluginManage:359 - Loaded plugin userauth (category:base,tabindex:14)
2024-01-17 17:52:17,430 [INFO] PluginManage:283 - PluginManage : Loaded plugins [17]
2024-01-17 17:52:17,567 [INFO] PinOutPanel:1499 - setPackage(No Configuration,No Configuration)
2024-01-17 17:52:17,615 [INFO] CADModel:165 - CPN selected for project level
2024-01-17 17:52:17,616 [INFO] CADModel:114 - Register for checkConnection events
2024-01-17 17:52:17,626 [INFO] IPUIPlugin:80 - create IPUIPlugin
2024-01-17 17:52:17,626 [INFO] PluginManager:220 - loadIPPluginJar : add adc
2024-01-17 17:52:17,627 [INFO] IPUIPlugin:80 - create IPUIPlugin
2024-01-17 17:52:17,627 [INFO] PluginManager:220 - loadIPPluginJar : add aes
2024-01-17 17:52:17,629 [INFO] IPUIPlugin:80 - create IPUIPlugin
2024-01-17 17:52:17,629 [INFO] PluginManager:220 - loadIPPluginJar : add can
2024-01-17 17:52:17,630 [INFO] IPUIPlugin:80 - create IPUIPlugin
2024-01-17 17:52:17,630 [INFO] PluginManager:220 - loadIPPluginJar : add comp
2024-01-17 17:52:17,631 [INFO] IPUIPlugin:80 - create IPUIPlugin
2024-01-17 17:52:17,631 [INFO] PluginManager:220 - loadIPPluginJar : add cryp
2024-01-17 17:52:17,632 [INFO] IPUIPlugin:80 - create IPUIPlugin
2024-01-17 17:52:17,632 [INFO] PluginManager:220 - loadIPPluginJar : add dfsdm
2024-01-17 17:52:17,635 [INFO] IPUIPlugin:80 - create IPUIPlugin
2024-01-17 17:52:17,636 [INFO] PluginManager:220 - loadIPPluginJar : add dma
2024-01-17 17:52:17,637 [INFO] IPUIPlugin:80 - create IPUIPlugin
2024-01-17 17:52:17,637 [INFO] PluginManager:220 - loadIPPluginJar : add dma3
2024-01-17 17:52:17,638 [INFO] IPUIPlugin:80 - create IPUIPlugin
2024-01-17 17:52:17,638 [INFO] PluginManager:220 - loadIPPluginJar : add fatfs
2024-01-17 17:52:17,640 [INFO] IPUIPlugin:80 - create IPUIPlugin
2024-01-17 17:52:17,640 [INFO] PluginManager:220 - loadIPPluginJar : add fmc
2024-01-17 17:52:17,643 [INFO] IPUIPlugin:80 - create IPUIPlugin
2024-01-17 17:52:17,643 [INFO] PluginManager:220 - loadIPPluginJar : add freertos
2024-01-17 17:52:17,644 [INFO] IPUIPlugin:80 - create IPUIPlugin
2024-01-17 17:52:17,644 [INFO] PluginManager:220 - loadIPPluginJar : add genericplugin
2024-01-17 17:52:17,645 [INFO] IPUIPlugin:80 - create IPUIPlugin
2024-01-17 17:52:17,645 [INFO] PluginManager:220 - loadIPPluginJar : add gfxmmu
2024-01-17 17:52:17,648 [INFO] IPUIPlugin:80 - create IPUIPlugin
2024-01-17 17:52:17,648 [INFO] PluginManager:220 - loadIPPluginJar : add gic
2024-01-17 17:52:17,651 [INFO] IPUIPlugin:80 - create IPUIPlugin
2024-01-17 17:52:17,651 [INFO] PluginManager:220 - loadIPPluginJar : add gpio
2024-01-17 17:52:17,652 [INFO] IPUIPlugin:80 - create IPUIPlugin
2024-01-17 17:52:17,652 [INFO] PluginManager:220 - loadIPPluginJar : add gtzc
2024-01-17 17:52:17,654 [INFO] IPUIPlugin:80 - create IPUIPlugin
2024-01-17 17:52:17,654 [INFO] PluginManager:220 - loadIPPluginJar : add hash
2024-01-17 17:52:17,655 [INFO] IPUIPlugin:80 - create IPUIPlugin
2024-01-17 17:52:17,655 [INFO] PluginManager:220 - loadIPPluginJar : add i2c
2024-01-17 17:52:17,657 [INFO] IPUIPlugin:80 - create IPUIPlugin
2024-01-17 17:52:17,657 [INFO] PluginManager:220 - loadIPPluginJar : add i2s
2024-01-17 17:52:17,658 [INFO] IPUIPlugin:80 - create IPUIPlugin
2024-01-17 17:52:17,658 [INFO] PluginManager:220 - loadIPPluginJar : add i3c
2024-01-17 17:52:17,660 [INFO] IPUIPlugin:80 - create IPUIPlugin
2024-01-17 17:52:17,660 [INFO] PluginManager:220 - loadIPPluginJar : add ipddr
2024-01-17 17:52:17,666 [INFO] IPUIPlugin:80 - create IPUIPlugin
2024-01-17 17:52:17,666 [INFO] PluginManager:220 - loadIPPluginJar : add linkedlist
2024-01-17 17:52:17,667 [INFO] IPUIPlugin:80 - create IPUIPlugin
2024-01-17 17:52:17,668 [INFO] PluginManager:220 - loadIPPluginJar : add lorawan
2024-01-17 17:52:17,668 [INFO] IPUIPlugin:80 - create IPUIPlugin
2024-01-17 17:52:17,668 [INFO] PluginManager:220 - loadIPPluginJar : add ltdc
2024-01-17 17:52:17,673 [INFO] IPUIPlugin:80 - create IPUIPlugin
2024-01-17 17:52:17,673 [INFO] PluginManager:220 - loadIPPluginJar : add mdma
2024-01-17 17:52:17,676 [INFO] IPUIPlugin:80 - create IPUIPlugin
2024-01-17 17:52:17,676 [INFO] PluginManager:220 - loadIPPluginJar : add nvic
2024-01-17 17:52:17,678 [INFO] IPUIPlugin:80 - create IPUIPlugin
2024-01-17 17:52:17,678 [INFO] PluginManager:220 - loadIPPluginJar : add opamp
2024-01-17 17:52:17,680 [INFO] IPUIPlugin:80 - create IPUIPlugin
2024-01-17 17:52:17,680 [INFO] PluginManager:220 - loadIPPluginJar : add openamp
2024-01-17 17:52:17,682 [INFO] IPUIPlugin:80 - create IPUIPlugin
2024-01-17 17:52:17,682 [INFO] PluginManager:220 - loadIPPluginJar : add pdm2pcm
2024-01-17 17:52:17,686 [INFO] IPUIPlugin:80 - create IPUIPlugin
2024-01-17 17:52:17,688 [INFO] PluginManager:220 - loadIPPluginJar : add plateformsettings
2024-01-17 17:52:17,689 [INFO] IPUIPlugin:80 - create IPUIPlugin
2024-01-17 17:52:17,689 [INFO] PluginManager:220 - loadIPPluginJar : add quadspi
2024-01-17 17:52:17,691 [INFO] IPUIPlugin:80 - create IPUIPlugin
2024-01-17 17:52:17,691 [INFO] PluginManager:220 - loadIPPluginJar : add resmgrutility
2024-01-17 17:52:17,692 [INFO] IPUIPlugin:80 - create IPUIPlugin
2024-01-17 17:52:17,692 [INFO] PluginManager:220 - loadIPPluginJar : add sai
2024-01-17 17:52:17,693 [INFO] IPUIPlugin:80 - create IPUIPlugin
2024-01-17 17:52:17,694 [INFO] PluginManager:220 - loadIPPluginJar : add spi
2024-01-17 17:52:17,696 [INFO] IPUIPlugin:80 - create IPUIPlugin
2024-01-17 17:52:17,697 [INFO] PluginManager:220 - loadIPPluginJar : add stm32_wpan
2024-01-17 17:52:17,698 [INFO] IPUIPlugin:80 - create IPUIPlugin
2024-01-17 17:52:17,698 [INFO] PluginManager:220 - loadIPPluginJar : add tim
2024-01-17 17:52:17,699 [INFO] IPUIPlugin:80 - create IPUIPlugin
2024-01-17 17:52:17,699 [INFO] PluginManager:220 - loadIPPluginJar : add touchsensing
2024-01-17 17:52:17,701 [INFO] IPUIPlugin:80 - create IPUIPlugin
2024-01-17 17:52:17,701 [INFO] PluginManager:220 - loadIPPluginJar : add tracer_emb
2024-01-17 17:52:17,702 [INFO] IPUIPlugin:80 - create IPUIPlugin
2024-01-17 17:52:17,702 [INFO] PluginManager:220 - loadIPPluginJar : add ts
2024-01-17 17:52:17,702 [INFO] IPUIPlugin:80 - create IPUIPlugin
2024-01-17 17:52:17,702 [INFO] PluginManager:220 - loadIPPluginJar : add tsc
2024-01-17 17:52:17,703 [INFO] IPUIPlugin:80 - create IPUIPlugin
2024-01-17 17:52:17,703 [INFO] PluginManager:220 - loadIPPluginJar : add ucpd
2024-01-17 17:52:17,704 [INFO] IPUIPlugin:80 - create IPUIPlugin
2024-01-17 17:52:17,704 [INFO] PluginManager:220 - loadIPPluginJar : add usart
2024-01-17 17:52:17,706 [INFO] IPUIPlugin:80 - create IPUIPlugin
2024-01-17 17:52:17,706 [INFO] PluginManager:220 - loadIPPluginJar : add usbx
2024-01-17 17:52:17,817 [INFO] CADModel:165 - CPN selected for project level
2024-01-17 17:52:17,817 [INFO] CADModel:114 - Register for checkConnection events
2024-01-17 17:52:17,817 [FATAL] Updater:308 - Updater called before beeing initialized
2024-01-17 17:52:17,817 [ERROR] CADModel:125 - Updater not yet initialized, retry later 
2024-01-17 17:52:17,913 [INFO] CADModel:165 - CPN selected for project level
2024-01-17 17:52:17,913 [INFO] CADModel:114 - Register for checkConnection events
2024-01-17 17:52:17,913 [FATAL] Updater:308 - Updater called before beeing initialized
2024-01-17 17:52:17,913 [ERROR] CADModel:125 - Updater not yet initialized, retry later 
2024-01-17 17:52:17,915 [FATAL] Updater:308 - Updater called before beeing initialized
2024-01-17 17:52:17,980 [FATAL] Updater:308 - Updater called before beeing initialized
2024-01-17 17:52:17,983 [INFO] DbMcusAds:53 - JSON generation date=Wed Nov 29 19:52:27 JST 2023 (1701255147349)
2024-01-17 17:52:17,983 [FATAL] Updater:308 - Updater called before beeing initialized
2024-01-17 17:52:18,004 [WARN] DetailPanel:346 - Failed to get advertising image, set to default
2024-01-17 17:52:18,064 [FATAL] Updater:308 - Updater called before beeing initialized
2024-01-17 17:52:18,065 [FATAL] Updater:308 - Updater called before beeing initialized
2024-01-17 17:52:18,065 [FATAL] Updater:308 - Updater called before beeing initialized
2024-01-17 17:52:18,065 [WARN] DetailPanel:346 - Failed to get advertising image, set to default
2024-01-17 17:52:18,066 [FATAL] Updater:308 - Updater called before beeing initialized
2024-01-17 17:52:18,097 [ERROR] Updater:1120 - MainUpdater not yet initialized. External WinMGr cannot be set.
2024-01-17 17:52:18,099 [INFO] Updater:1056 - Updater Version found : 6.10.0
2024-01-17 17:52:18,114 [INFO] ApplicationProperties:184 - Using Application install path: C:\ST\STM32CubeIDE_1.14.0\STM32CubeIDE\plugins\com.st.stm32cube.common.mx_6.10.0.202311202037
2024-01-17 17:52:18,293 [INFO] MainUpdater:2873 - connection check result : 10
2024-01-17 17:52:18,293 [INFO] MainUpdater:290 - Updater Check For Update Now.
2024-01-17 17:52:18,293 [INFO] MicroXplorer:498 - Change Database Version : DB.6.0.100
2024-01-17 17:52:18,304 [INFO] McuFinderGlobals:63 - Set McuFinder mode to 2 (CubeIDE integrated)
2024-01-17 17:52:18,402 [INFO] UserAuth:404 - Internet connection configuration mode: 1
2024-01-17 17:52:18,409 [INFO] JxBrowserEngine:152 - Initiate JxBrowser Engine with user profile folder
2024-01-17 17:52:18,449 [INFO] CheckServerUpdateThread:120 - End of CheckServer Thread
2024-01-17 17:52:18,716 [INFO] WebApp:161 - Instantiating new browser for Auth
2024-01-17 17:52:19,014 [INFO] WebApp:780 - Register for checkConnection events
2024-01-17 17:52:19,014 [INFO] WebApp:414 - Apply proxy settings
2024-01-17 17:52:19,014 [INFO] WebApp:499 - Chromium requires no authentication
2024-01-17 17:52:19,018 [INFO] WebApp:442 - Direct internet connection detected
2024-01-17 17:52:19,102 [INFO] WebApp:192 - Starting web application
2024-01-17 17:52:19,102 [INFO] WebApp:544 - Web application path used C:\ST\STM32CubeIDE_1.14.0\STM32CubeIDE\plugins\com.st.stm32cube.common.mx_6.10.0.202311202037\db\plugins\mcufinder\reactClient1\index.html
2024-01-17 17:52:20,447 [WARN] PackLoader:240 - Cannot read IP mode file for STMicroelectronics.X-CUBE-SMBUS.2.1.0
2024-01-17 17:52:20,452 [WARN] PackLoader:240 - Cannot read IP mode file for STMicroelectronics.X-CUBE-TOUCHGFX.4.23.0
2024-01-17 17:52:20,469 [WARN] PackLoader:240 - Cannot read IP mode file for STMicroelectronics.X-CUBE-AZRTOS-F7.1.1.0
2024-01-17 17:52:20,477 [WARN] PackLoader:240 - Cannot read IP mode file for STMicroelectronics.FP-SNS-MOTENV1.4.3.2
2024-01-17 17:52:20,482 [WARN] PackLoader:240 - Cannot read IP mode file for STMicroelectronics.FP-SNS-FLIGHT1.5.0.2
2024-01-17 17:52:20,488 [WARN] PackLoader:240 - Cannot read IP mode file for STMicroelectronics.X-CUBE-DISPLAY.3.0.0
2024-01-17 17:52:20,498 [WARN] PackLoader:240 - Cannot read IP mode file for STMicroelectronics.X-CUBE-BLE1.7.0.0
2024-01-17 17:52:20,502 [WARN] PackLoader:240 - Cannot read IP mode file for emotas.I-CUBE-CANOPEN.1.3.0
2024-01-17 17:52:20,506 [WARN] PackLoader:240 - Cannot read IP mode file for STMicroelectronics.X-CUBE-TOUCHGFX.4.22.1
2024-01-17 17:52:20,509 [WARN] PackLoader:240 - Cannot read IP mode file for STMicroelectronics.FP-SNS-SMARTAG2.1.2.0
2024-01-17 17:52:20,517 [INFO] LogOutputStream:77 - [STDOUT_REDIRECT] 1 : Invalid condition id : UX_CORESTACK_Condition cause : null
2024-01-17 17:52:20,518 [INFO] LogOutputStream:77 - [STDOUT_REDIRECT] 1 : Invalid condition id : UX_CORESTACK_Condition cause : null
2024-01-17 17:52:20,520 [INFO] LogOutputStream:77 - [STDOUT_REDIRECT] 1 : Invalid condition id : UX_CORESTACK_Condition cause : null
2024-01-17 17:52:20,521 [INFO] LogOutputStream:77 - [STDOUT_REDIRECT] 1 : Invalid condition id : UX_CORESTACK_Condition cause : null
2024-01-17 17:52:20,522 [INFO] LogOutputStream:77 - [STDOUT_REDIRECT] 1 : Invalid condition id : UX_CORESTACK_Condition cause : null
2024-01-17 17:52:20,525 [WARN] PackLoader:240 - Cannot read IP mode file for STMicroelectronics.X-CUBE-AZRTOS-WL.2.0.0
2024-01-17 17:52:20,533 [WARN] PackLoader:240 - Cannot read IP mode file for WES.I-CUBE-Cesium.1.3.0
2024-01-17 17:52:20,540 [WARN] PackLoader:240 - Cannot read IP mode file for STMicroelectronics.X-CUBE-BLE2.3.3.0
2024-01-17 17:52:20,545 [WARN] PackLoader:240 - Cannot read IP mode file for STMicroelectronics.X-CUBE-ALGOBUILD.1.3.0
2024-01-17 17:52:20,557 [WARN] PackLoader:240 - Cannot read IP mode file for STMicroelectronics.X-CUBE-AZRTOS-G0.1.1.0
2024-01-17 17:52:20,562 [WARN] PackLoader:240 - Cannot read IP mode file for STMicroelectronics.X-CUBE-NFC4.3.0.0
2024-01-17 17:52:20,572 [WARN] PackLoader:240 - Cannot read IP mode file for STMicroelectronics.X-CUBE-BLEMGR.3.0.0
2024-01-17 17:52:20,576 [WARN] PackLoader:240 - Cannot read IP mode file for STMicroelectronics.FP-ATR-SIGFOX1.3.2.0
2024-01-17 17:52:20,603 [WARN] PackLoader:240 - Cannot read IP mode file for SEGGER.I-CUBE-embOS.1.3.1
2024-01-17 17:52:20,637 [WARN] PackLoader:240 - Cannot read IP mode file for STMicroelectronics.X-CUBE-GNSS1.6.0.0
2024-01-17 17:52:20,648 [WARN] PackLoader:240 - Cannot read IP mode file for STMicroelectronics.X-CUBE-AZRTOS-F4.1.1.0
2024-01-17 17:52:20,653 [WARN] PackLoader:240 - Cannot read IP mode file for wolfSSL.I-CUBE-wolfSSL.5.6.3
2024-01-17 17:52:20,664 [WARN] PackLoader:240 - Cannot read IP mode file for STMicroelectronics.X-CUBE-AZRTOS-L5.2.0.0
2024-01-17 17:52:20,670 [WARN] PackLoader:240 - Cannot read IP mode file for STMicroelectronics.X-CUBE-EEPRMA1.4.2.0
2024-01-17 17:52:20,675 [WARN] PackLoader:240 - Cannot read IP mode file for ITTIA_DB.I-CUBE-ITTIADB.8.8.0
2024-01-17 17:52:20,681 [WARN] PackLoader:240 - Cannot read IP mode file for STMicroelectronics.X-CUBE-BLEMGR.2.0.0
2024-01-17 17:52:20,693 [WARN] ConditionMgr:438 - getConditionDescription Invalid condition id : UX DEVICE CLASS RTOS Condition cause : null
2024-01-17 17:52:20,693 [WARN] ConditionMgr:438 - getConditionDescription Invalid condition id : UX DEVICE CLASS RTOS Condition cause : null
2024-01-17 17:52:20,695 [WARN] PackLoader:240 - Cannot read IP mode file for STMicroelectronics.X-CUBE-AZRTOS-H7.3.1.0
2024-01-17 17:52:20,696 [WARN] ConditionMgr:1039 - genDependencies : Invalid condition id : UX DEVICE CLASS RTOS Condition cause : null
2024-01-17 17:52:20,696 [WARN] ConditionMgr:1039 - genDependencies : Invalid condition id : UX DEVICE CLASS RTOS Condition cause : null
2024-01-17 17:52:20,696 [WARN] ConditionMgr:1039 - genDependencies : Invalid condition id : UX DEVICE CLASS RTOS Condition cause : null
2024-01-17 17:52:20,696 [WARN] ConditionMgr:1039 - genDependencies : Invalid condition id : UX DEVICE CLASS RTOS Condition cause : null
2024-01-17 17:52:20,696 [WARN] ConditionMgr:1039 - genDependencies : Invalid condition id : UX DEVICE CLASS RTOS Condition cause : null
2024-01-17 17:52:20,701 [WARN] PackLoader:240 - Cannot read IP mode file for STMicroelectronics.X-CUBE-NFC7.1.0.1
2024-01-17 17:52:20,709 [WARN] PackLoader:240 - Cannot read IP mode file for STMicroelectronics.X-CUBE-NFC6.3.0.0
2024-01-17 17:52:20,714 [WARN] PackLoader:240 - Cannot read IP mode file for STMicroelectronics.X-CUBE-EEPRMA1.4.1.0
2024-01-17 17:52:20,717 [WARN] PackLoader:240 - Cannot read IP mode file for STMicroelectronics.X-CUBE-AI.8.1.0
2024-01-17 17:52:20,728 [WARN] ConditionMgr:438 - getConditionDescription Invalid condition id : LAN8742 Phy interface Condition cause : null
2024-01-17 17:52:20,729 [WARN] PackLoader:240 - Cannot read IP mode file for STMicroelectronics.X-CUBE-AZRTOS-L4.2.0.0
2024-01-17 17:52:20,729 [WARN] ConditionMgr:1039 - genDependencies : Invalid condition id : LAN8742 Phy interface Condition cause : null
2024-01-17 17:52:20,729 [WARN] ConditionMgr:1039 - genDependencies : Invalid condition id : LAN8742 Phy interface Condition cause : null
2024-01-17 17:52:20,730 [WARN] ConditionMgr:1039 - genDependencies : Invalid condition id : LAN8742 Phy interface Condition cause : null
2024-01-17 17:52:20,734 [WARN] PackLoader:240 - Cannot read IP mode file for STMicroelectronics.X-CUBE-SFXS2LP1.4.0.0
2024-01-17 17:52:20,738 [WARN] PackLoader:240 - Cannot read IP mode file for STMicroelectronics.X-CUBE-ISPU.1.1.0
2024-01-17 17:52:20,745 [WARN] ConditionMgr:438 - getConditionDescription Invalid condition id : UX DEVICE CLASS RTOS Condition cause : null
2024-01-17 17:52:20,746 [WARN] ConditionMgr:438 - getConditionDescription Invalid condition id : UX DEVICE CLASS RTOS Condition cause : null
2024-01-17 17:52:20,747 [WARN] PackLoader:240 - Cannot read IP mode file for STMicroelectronics.X-CUBE-AZRTOS-WB.2.0.0
2024-01-17 17:52:20,747 [WARN] ConditionMgr:1039 - genDependencies : Invalid condition id : UX DEVICE CLASS RTOS Condition cause : null
2024-01-17 17:52:20,747 [WARN] ConditionMgr:1039 - genDependencies : Invalid condition id : UX DEVICE CLASS RTOS Condition cause : null
2024-01-17 17:52:20,747 [WARN] ConditionMgr:1039 - genDependencies : Invalid condition id : UX DEVICE CLASS RTOS Condition cause : null
2024-01-17 17:52:20,747 [WARN] ConditionMgr:1039 - genDependencies : Invalid condition id : UX DEVICE CLASS RTOS Condition cause : null
2024-01-17 17:52:20,747 [WARN] ConditionMgr:1039 - genDependencies : Invalid condition id : UX DEVICE CLASS RTOS Condition cause : null
2024-01-17 17:52:20,753 [WARN] PackLoader:240 - Cannot read IP mode file for STMicroelectronics.X-CUBE-SUBG2.5.0.0
2024-01-17 17:52:20,760 [WARN] PackLoader:240 - Cannot read IP mode file for STMicroelectronics.X-CUBE-TOF1.3.3.1
2024-01-17 17:52:20,772 [WARN] PackLoader:240 - Cannot read IP mode file for STMicroelectronics.X-CUBE-AZRTOS-G4.2.0.0
2024-01-17 17:52:20,781 [WARN] PackLoader:240 - Cannot read IP mode file for Infineon.AIROC-Wi-Fi-Bluetooth-STM32.1.5.1
2024-01-17 17:52:20,784 [WARN] PackLoader:240 - Cannot read IP mode file for STMicroelectronics.FP-SNS-MOTENVWB1.1.3.0
2024-01-17 17:52:20,788 [WARN] PackLoader:240 - Cannot read IP mode file for STMicroelectronics.FP-SNS-MOTENVWB1.1.3.1
2024-01-17 17:52:20,790 [WARN] PackLoader:240 - Cannot read IP mode file for STMicroelectronics.X-CUBE-ISPU.2.0.0
2024-01-17 17:52:20,812 [WARN] PackLoader:240 - Cannot read IP mode file for STMicroelectronics.X-CUBE-MEMS1.10.0.0
2024-01-17 17:52:20,897 [WARN] PackLoader:240 - Cannot read IP mode file for STMicroelectronics.X-CUBE-FREERTOS.1.1.0
2024-01-17 17:52:20,901 [WARN] PackLoader:240 - Cannot read IP mode file for portGmbH.I-Cube-SoM-uGOAL.1.1.0
2024-01-17 17:52:20,905 [WARN] PackLoader:240 - Cannot read IP mode file for STMicroelectronics.X-CUBE-ALS.1.0.1
2024-01-17 17:52:20,909 [WARN] PackLoader:240 - Cannot read IP mode file for STMicroelectronics.FP-ATR-ASTRA1.2.0.0
2024-01-17 17:52:20,914 [WARN] PackLoader:240 - Cannot read IP mode file for STMicroelectronics.X-CUBE-TOF1.3.4.0
2024-01-17 17:52:20,937 [WARN] PackLoader:240 - Cannot read IP mode file for STMicroelectronics.X-CUBE-AZRTOS-H7.3.2.0
2024-01-17 17:52:20,940 [INFO] ThirdParty:978 - Integrity check success = true
2024-01-17 17:52:20,940 [INFO] IntegrityCheckThread:100 - exiting critical section [integrity check]
2024-01-17 17:52:20,940 [INFO] IntegrityCheckThread:103 - End integrity checks thread
2024-01-17 17:52:35,740 [ERROR] LogOutputStream:75 - [STDERR_REDIRECT] 
