2024-02-08 15:36:00,810 [INFO] Activator:176 - 


2024-02-08 15:36:00,816 [INFO] Activator:177 - !SESSION log4j initialized
2024-02-08 15:36:07,105 [INFO] LogOutputStream:77 - [STDOUT_REDIRECT] 
2024-02-08 15:36:15,575 [INFO] ApplicationProperties:184 - Using Application install path: C:\ST\STM32CubeIDE_1.14.0\STM32CubeIDE\plugins\com.st.stm32cube.common.mx_6.10.0.202311202037
2024-02-08 15:36:15,594 [INFO] DbMcusXml:78 - Set database path to: C:\ST\STM32CubeIDE_1.14.0\STM32CubeIDE\plugins\com.st.stm32cube.common.mx_6.10.0.202311202037\\db\/mcu/
2024-02-08 15:36:15,594 [INFO] ApiDb:274 - Set plugin database path to: C:\ST\STM32CubeIDE_1.14.0\STM32CubeIDE\plugins\com.st.stm32cube.common.mx_6.10.0.202311202037\\db\/plugins/boardmanager/
2024-02-08 15:36:15,595 [WARN] ApiDb:259 - Overriding images path with different value:  => C:\ST\STM32CubeIDE_1.14.0\STM32CubeIDE\plugins\com.st.stm32cube.common.mx_6.10.0.202311202037\\db\/plugins/mcufinder/images/
2024-02-08 15:36:15,611 [INFO] ApiDb:250 - Set database path to: C:\Users\mizun\.stmcufinder\plugins\mcufinder//mcu/
2024-02-08 15:36:15,613 [INFO] DbMcusAds:125 - Set database path to: C:\Users\mizun\.stmcufinder\plugins\mcufinder//mcu/
2024-02-08 15:36:15,614 [INFO] CrossReferenceDbSqlite:203 - Set database path to: C:\Users\mizun\.stmcufinder\plugins\mcufinder//mcu/cs/
2024-02-08 15:36:15,766 [INFO] RulesReader:64 - Compatibility file has been processed (297 Rules)
2024-02-08 15:36:15,874 [INFO] DbMcusXml:78 - Set database path to: C:\ST\STM32CubeIDE_1.14.0\STM32CubeIDE\plugins\com.st.stm32cube.common.mx_6.10.0.202311202037\\db\/mcu/
2024-02-08 15:36:15,875 [INFO] ApiDb:274 - Set plugin database path to: C:\ST\STM32CubeIDE_1.14.0\STM32CubeIDE\plugins\com.st.stm32cube.common.mx_6.10.0.202311202037\\db\/plugins/boardmanager/
2024-02-08 15:36:15,875 [INFO] ApiDb:261 - Set plugin images path to: C:\ST\STM32CubeIDE_1.14.0\STM32CubeIDE\plugins\com.st.stm32cube.common.mx_6.10.0.202311202037\\db\/plugins/mcufinder/images/
2024-02-08 15:36:15,875 [WARN] DbFile:41 - Overriding database path with different value: C:\Users\mizun\.stmcufinder\plugins\mcufinder/ => C:\Users\mizun\.stmcufinder\plugins\mcufinder
2024-02-08 15:36:15,875 [INFO] ApiDb:250 - Set database path to: C:\Users\mizun\.stmcufinder\plugins\mcufinder//mcu/
2024-02-08 15:36:15,875 [WARN] DbFile:41 - Overriding database path with different value: C:\Users\mizun\.stmcufinder\plugins\mcufinder/ => C:\Users\mizun\.stmcufinder\plugins\mcufinder
2024-02-08 15:36:15,875 [INFO] DbMcusAds:125 - Set database path to: C:\Users\mizun\.stmcufinder\plugins\mcufinder//mcu/
2024-02-08 15:36:15,875 [WARN] DbFile:41 - Overriding database path with different value: C:\Users\mizun\.stmcufinder\plugins\mcufinder/ => C:\Users\mizun\.stmcufinder\plugins\mcufinder
2024-02-08 15:36:15,875 [WARN] DbFile:41 - Overriding database path with different value: C:\Users\mizun\.stmcufinder\plugins\mcufinder/ => C:\Users\mizun\.stmcufinder\plugins\mcufinder
2024-02-08 15:36:15,875 [INFO] CrossReferenceDbSqlite:203 - Set database path to: C:\Users\mizun\.stmcufinder\plugins\mcufinder//mcu/cs/
2024-02-08 15:36:15,971 [INFO] MainPanel:264 - HeapMemory: 268435456
2024-02-08 15:36:16,125 [INFO] DbMcusXml:78 - Set database path to: C:\ST\STM32CubeIDE_1.14.0\STM32CubeIDE\plugins\com.st.stm32cube.common.mx_6.10.0.202311202037\\db\/mcu/
2024-02-08 15:36:16,125 [INFO] ApiDb:274 - Set plugin database path to: C:\ST\STM32CubeIDE_1.14.0\STM32CubeIDE\plugins\com.st.stm32cube.common.mx_6.10.0.202311202037\\db\/plugins/boardmanager/
2024-02-08 15:36:16,125 [INFO] ApiDb:261 - Set plugin images path to: C:\ST\STM32CubeIDE_1.14.0\STM32CubeIDE\plugins\com.st.stm32cube.common.mx_6.10.0.202311202037\\db\/plugins/mcufinder/images/
2024-02-08 15:36:16,126 [WARN] DbFile:41 - Overriding database path with different value: C:\Users\mizun\.stmcufinder\plugins\mcufinder/ => C:\Users\mizun\.stmcufinder\plugins\mcufinder
2024-02-08 15:36:16,126 [INFO] ApiDb:250 - Set database path to: C:\Users\mizun\.stmcufinder\plugins\mcufinder//mcu/
2024-02-08 15:36:16,126 [WARN] DbFile:41 - Overriding database path with different value: C:\Users\mizun\.stmcufinder\plugins\mcufinder/ => C:\Users\mizun\.stmcufinder\plugins\mcufinder
2024-02-08 15:36:16,126 [INFO] DbMcusAds:125 - Set database path to: C:\Users\mizun\.stmcufinder\plugins\mcufinder//mcu/
2024-02-08 15:36:16,126 [WARN] DbFile:41 - Overriding database path with different value: C:\Users\mizun\.stmcufinder\plugins\mcufinder/ => C:\Users\mizun\.stmcufinder\plugins\mcufinder
2024-02-08 15:36:16,126 [WARN] DbFile:41 - Overriding database path with different value: C:\Users\mizun\.stmcufinder\plugins\mcufinder/ => C:\Users\mizun\.stmcufinder\plugins\mcufinder
2024-02-08 15:36:16,127 [INFO] CrossReferenceDbSqlite:203 - Set database path to: C:\Users\mizun\.stmcufinder\plugins\mcufinder//mcu/cs/
2024-02-08 15:36:16,153 [INFO] ApplicationProperties:184 - Using Application install path: C:\ST\STM32CubeIDE_1.14.0\STM32CubeIDE\plugins\com.st.stm32cube.common.mx_6.10.0.202311202037
2024-02-08 15:36:16,156 [INFO] PluginManage:196 - Search for loadable plugins [exclusion list=, ]
2024-02-08 15:36:16,159 [INFO] PluginManage:310 - Check plugin analytics
2024-02-08 15:36:21,412 [INFO] AnalyticsPlugin:253 - Accepted Software Licenses: 
2024-02-08 15:36:21,413 [INFO] AnalyticsPlugin:255 - Accepted CMSIS Pack Licenses: 
2024-02-08 15:36:21,413 [INFO] AnalyticsPlugin:257 - Accepted Firmware Licenses: 
2024-02-08 15:36:21,415 [INFO] PluginManage:359 - Loaded plugin analytics (category:tool,tabindex:-1)
2024-02-08 15:36:21,415 [INFO] PluginManage:310 - Check plugin cadmodel
2024-02-08 15:36:21,429 [INFO] CADModel:105 - Init CAD model plugin
2024-02-08 15:36:21,429 [INFO] PluginManage:359 - Loaded plugin cadmodel (category:power,tabindex:5)
2024-02-08 15:36:21,430 [INFO] PluginManage:310 - Check plugin clock
2024-02-08 15:36:21,446 [INFO] PluginManage:359 - Loaded plugin clock (category:base,tabindex:2)
2024-02-08 15:36:21,446 [INFO] PluginManage:310 - Check plugin ddr
2024-02-08 15:36:21,448 [INFO] PluginManage:359 - Loaded plugin ddr (category:tool,tabindex:6)
2024-02-08 15:36:21,449 [INFO] PluginManage:310 - Check plugin filemanager
2024-02-08 15:36:21,584 [INFO] PluginManage:359 - Loaded plugin filemanager (category:base,tabindex:10)
2024-02-08 15:36:21,584 [INFO] PluginManage:310 - Check plugin ipmanager
2024-02-08 15:36:21,591 [INFO] PluginManage:359 - Loaded plugin ipmanager (category:base,tabindex:5)
2024-02-08 15:36:21,591 [INFO] PluginManage:310 - Check plugin lpbam
2024-02-08 15:36:21,608 [INFO] PluginManage:359 - Loaded plugin lpbam (category:base,tabindex:0)
2024-02-08 15:36:21,608 [INFO] PluginManage:310 - Check plugin memorymap
2024-02-08 15:36:21,632 [INFO] PluginManage:359 - Loaded plugin memorymap (category:base,tabindex:4)
2024-02-08 15:36:21,633 [INFO] PluginManage:310 - Check plugin pinoutandconfiguration
2024-02-08 15:36:21,646 [INFO] PluginManage:359 - Loaded plugin pinoutandconfiguration (category:base,tabindex:1)
2024-02-08 15:36:21,646 [INFO] PluginManage:310 - Check plugin pinoutconfig
2024-02-08 15:36:21,778 [WARN] SupportedApi:132 - Cannot load RTOS API schema: s4s-elt-must-match.1: The content of 'definitions' must match (annotation?, (simpleType | complexType)?, (unique | key | keyref)*)). A problem was found starting at: attribute.
2024-02-08 15:36:21,908 [INFO] PluginManage:359 - Loaded plugin pinoutconfig (category:base,tabindex:0)
2024-02-08 15:36:21,908 [INFO] PluginManage:310 - Check plugin power
2024-02-08 15:36:21,929 [INFO] PluginManage:359 - Loaded plugin power (category:power,tabindex:4)
2024-02-08 15:36:21,929 [INFO] PluginManage:310 - Check plugin projectmanager
2024-02-08 15:36:21,946 [INFO] PluginManage:359 - Loaded plugin projectmanager (category:projectmanager,tabindex:3)
2024-02-08 15:36:21,946 [INFO] PluginManage:310 - Check plugin thirdparty
2024-02-08 15:36:22,207 [INFO] PluginManage:359 - Loaded plugin thirdparty (category:base,tabindex:-1)
2024-02-08 15:36:22,207 [WARN] IntegrityCheckThread:84 - waiting for thirdparty lock release [integrity check]
2024-02-08 15:36:22,207 [INFO] IntegrityCheckThread:86 - entering critical section [integrity check]
2024-02-08 15:36:22,207 [INFO] PluginManage:310 - Check plugin tools
2024-02-08 15:36:22,207 [INFO] ThirdPartyUpdaterWithRetryManager:70 - Updater plugin not ready yet. [1/15]
2024-02-08 15:36:22,230 [INFO] PluginManage:359 - Loaded plugin tools (category:base,tabindex:7)
2024-02-08 15:36:22,230 [INFO] PluginManage:310 - Check plugin tutovideos
2024-02-08 15:36:22,526 [INFO] PluginManage:359 - Loaded plugin tutovideos (category:base,tabindex:-1)
2024-02-08 15:36:22,526 [INFO] PluginManage:310 - Check plugin updater
2024-02-08 15:36:22,540 [INFO] PluginManage:359 - Loaded plugin updater (category:base,tabindex:12)
2024-02-08 15:36:22,540 [INFO] PluginManage:310 - Check plugin userauth
2024-02-08 15:36:22,548 [INFO] UserAuth:114 - Init User Auth plugin
2024-02-08 15:36:22,548 [INFO] PluginManage:359 - Loaded plugin userauth (category:base,tabindex:14)
2024-02-08 15:36:22,548 [INFO] PluginManage:283 - PluginManage : Loaded plugins [17]
2024-02-08 15:36:22,799 [INFO] PinOutPanel:1499 - setPackage(No Configuration,No Configuration)
2024-02-08 15:36:22,872 [INFO] CADModel:165 - CPN selected for project level
2024-02-08 15:36:22,872 [INFO] CADModel:114 - Register for checkConnection events
2024-02-08 15:36:22,901 [INFO] IPUIPlugin:80 - create IPUIPlugin
2024-02-08 15:36:22,901 [INFO] PluginManager:220 - loadIPPluginJar : add adc
2024-02-08 15:36:22,941 [INFO] IPUIPlugin:80 - create IPUIPlugin
2024-02-08 15:36:22,943 [INFO] PluginManager:220 - loadIPPluginJar : add aes
2024-02-08 15:36:22,989 [INFO] IPUIPlugin:80 - create IPUIPlugin
2024-02-08 15:36:22,990 [INFO] PluginManager:220 - loadIPPluginJar : add can
2024-02-08 15:36:23,021 [INFO] IPUIPlugin:80 - create IPUIPlugin
2024-02-08 15:36:23,022 [INFO] PluginManager:220 - loadIPPluginJar : add comp
2024-02-08 15:36:23,069 [INFO] IPUIPlugin:80 - create IPUIPlugin
2024-02-08 15:36:23,069 [INFO] PluginManager:220 - loadIPPluginJar : add cryp
2024-02-08 15:36:23,111 [INFO] IPUIPlugin:80 - create IPUIPlugin
2024-02-08 15:36:23,112 [INFO] PluginManager:220 - loadIPPluginJar : add dfsdm
2024-02-08 15:36:23,135 [INFO] IPUIPlugin:80 - create IPUIPlugin
2024-02-08 15:36:23,135 [INFO] PluginManager:220 - loadIPPluginJar : add dma
2024-02-08 15:36:23,197 [INFO] IPUIPlugin:80 - create IPUIPlugin
2024-02-08 15:36:23,197 [INFO] PluginManager:220 - loadIPPluginJar : add dma3
2024-02-08 15:36:23,226 [INFO] IPUIPlugin:80 - create IPUIPlugin
2024-02-08 15:36:23,226 [INFO] PluginManager:220 - loadIPPluginJar : add fatfs
2024-02-08 15:36:23,285 [INFO] IPUIPlugin:80 - create IPUIPlugin
2024-02-08 15:36:23,285 [INFO] PluginManager:220 - loadIPPluginJar : add fmc
2024-02-08 15:36:23,302 [INFO] IPUIPlugin:80 - create IPUIPlugin
2024-02-08 15:36:23,302 [INFO] PluginManager:220 - loadIPPluginJar : add freertos
2024-02-08 15:36:23,322 [INFO] IPUIPlugin:80 - create IPUIPlugin
2024-02-08 15:36:23,322 [INFO] PluginManager:220 - loadIPPluginJar : add genericplugin
2024-02-08 15:36:23,399 [INFO] IPUIPlugin:80 - create IPUIPlugin
2024-02-08 15:36:23,400 [INFO] PluginManager:220 - loadIPPluginJar : add gfxmmu
2024-02-08 15:36:23,510 [INFO] IPUIPlugin:80 - create IPUIPlugin
2024-02-08 15:36:23,510 [INFO] PluginManager:220 - loadIPPluginJar : add gic
2024-02-08 15:36:23,523 [INFO] IPUIPlugin:80 - create IPUIPlugin
2024-02-08 15:36:23,524 [INFO] PluginManager:220 - loadIPPluginJar : add gpio
2024-02-08 15:36:23,578 [INFO] IPUIPlugin:80 - create IPUIPlugin
2024-02-08 15:36:23,578 [INFO] PluginManager:220 - loadIPPluginJar : add gtzc
2024-02-08 15:36:23,599 [INFO] IPUIPlugin:80 - create IPUIPlugin
2024-02-08 15:36:23,599 [INFO] PluginManager:220 - loadIPPluginJar : add hash
2024-02-08 15:36:23,637 [INFO] IPUIPlugin:80 - create IPUIPlugin
2024-02-08 15:36:23,637 [INFO] PluginManager:220 - loadIPPluginJar : add i2c
2024-02-08 15:36:23,674 [INFO] IPUIPlugin:80 - create IPUIPlugin
2024-02-08 15:36:23,674 [INFO] PluginManager:220 - loadIPPluginJar : add i2s
2024-02-08 15:36:23,722 [INFO] IPUIPlugin:80 - create IPUIPlugin
2024-02-08 15:36:23,722 [INFO] PluginManager:220 - loadIPPluginJar : add i3c
2024-02-08 15:36:23,847 [INFO] IPUIPlugin:80 - create IPUIPlugin
2024-02-08 15:36:23,848 [INFO] PluginManager:220 - loadIPPluginJar : add ipddr
2024-02-08 15:36:23,916 [INFO] IPUIPlugin:80 - create IPUIPlugin
2024-02-08 15:36:23,916 [INFO] PluginManager:220 - loadIPPluginJar : add linkedlist
2024-02-08 15:36:23,939 [INFO] IPUIPlugin:80 - create IPUIPlugin
2024-02-08 15:36:23,939 [INFO] PluginManager:220 - loadIPPluginJar : add lorawan
2024-02-08 15:36:23,962 [INFO] IPUIPlugin:80 - create IPUIPlugin
2024-02-08 15:36:23,963 [INFO] PluginManager:220 - loadIPPluginJar : add ltdc
2024-02-08 15:36:23,973 [INFO] IPUIPlugin:80 - create IPUIPlugin
2024-02-08 15:36:23,974 [INFO] PluginManager:220 - loadIPPluginJar : add mdma
2024-02-08 15:36:23,985 [INFO] IPUIPlugin:80 - create IPUIPlugin
2024-02-08 15:36:23,985 [INFO] PluginManager:220 - loadIPPluginJar : add nvic
2024-02-08 15:36:24,007 [INFO] IPUIPlugin:80 - create IPUIPlugin
2024-02-08 15:36:24,007 [INFO] PluginManager:220 - loadIPPluginJar : add opamp
2024-02-08 15:36:24,043 [INFO] IPUIPlugin:80 - create IPUIPlugin
2024-02-08 15:36:24,043 [INFO] PluginManager:220 - loadIPPluginJar : add openamp
2024-02-08 15:36:24,070 [INFO] IPUIPlugin:80 - create IPUIPlugin
2024-02-08 15:36:24,070 [INFO] PluginManager:220 - loadIPPluginJar : add pdm2pcm
2024-02-08 15:36:24,081 [INFO] IPUIPlugin:80 - create IPUIPlugin
2024-02-08 15:36:24,084 [INFO] PluginManager:220 - loadIPPluginJar : add plateformsettings
2024-02-08 15:36:24,098 [INFO] IPUIPlugin:80 - create IPUIPlugin
2024-02-08 15:36:24,098 [INFO] PluginManager:220 - loadIPPluginJar : add quadspi
2024-02-08 15:36:24,106 [INFO] IPUIPlugin:80 - create IPUIPlugin
2024-02-08 15:36:24,106 [INFO] PluginManager:220 - loadIPPluginJar : add resmgrutility
2024-02-08 15:36:24,136 [INFO] IPUIPlugin:80 - create IPUIPlugin
2024-02-08 15:36:24,136 [INFO] PluginManager:220 - loadIPPluginJar : add sai
2024-02-08 15:36:24,164 [INFO] IPUIPlugin:80 - create IPUIPlugin
2024-02-08 15:36:24,165 [INFO] PluginManager:220 - loadIPPluginJar : add spi
2024-02-08 15:36:24,229 [INFO] IPUIPlugin:80 - create IPUIPlugin
2024-02-08 15:36:24,229 [INFO] PluginManager:220 - loadIPPluginJar : add stm32_wpan
2024-02-08 15:36:24,248 [INFO] IPUIPlugin:80 - create IPUIPlugin
2024-02-08 15:36:24,248 [INFO] PluginManager:220 - loadIPPluginJar : add tim
2024-02-08 15:36:24,279 [INFO] IPUIPlugin:80 - create IPUIPlugin
2024-02-08 15:36:24,279 [INFO] PluginManager:220 - loadIPPluginJar : add touchsensing
2024-02-08 15:36:24,293 [INFO] IPUIPlugin:80 - create IPUIPlugin
2024-02-08 15:36:24,293 [INFO] PluginManager:220 - loadIPPluginJar : add tracer_emb
2024-02-08 15:36:24,308 [INFO] IPUIPlugin:80 - create IPUIPlugin
2024-02-08 15:36:24,308 [INFO] PluginManager:220 - loadIPPluginJar : add ts
2024-02-08 15:36:24,324 [INFO] IPUIPlugin:80 - create IPUIPlugin
2024-02-08 15:36:24,324 [INFO] PluginManager:220 - loadIPPluginJar : add tsc
2024-02-08 15:36:24,338 [INFO] IPUIPlugin:80 - create IPUIPlugin
2024-02-08 15:36:24,338 [INFO] PluginManager:220 - loadIPPluginJar : add ucpd
2024-02-08 15:36:24,367 [INFO] IPUIPlugin:80 - create IPUIPlugin
2024-02-08 15:36:24,367 [INFO] PluginManager:220 - loadIPPluginJar : add usart
2024-02-08 15:36:24,399 [INFO] IPUIPlugin:80 - create IPUIPlugin
2024-02-08 15:36:24,399 [INFO] PluginManager:220 - loadIPPluginJar : add usbx
2024-02-08 15:36:24,519 [INFO] CADModel:165 - CPN selected for project level
2024-02-08 15:36:24,519 [INFO] CADModel:114 - Register for checkConnection events
2024-02-08 15:36:24,520 [FATAL] Updater:308 - Updater called before beeing initialized
2024-02-08 15:36:24,520 [ERROR] CADModel:125 - Updater not yet initialized, retry later 
2024-02-08 15:36:24,748 [INFO] CADModel:165 - CPN selected for project level
2024-02-08 15:36:24,749 [INFO] CADModel:114 - Register for checkConnection events
2024-02-08 15:36:24,749 [FATAL] Updater:308 - Updater called before beeing initialized
2024-02-08 15:36:24,749 [ERROR] CADModel:125 - Updater not yet initialized, retry later 
2024-02-08 15:36:24,752 [FATAL] Updater:308 - Updater called before beeing initialized
2024-02-08 15:36:24,852 [FATAL] Updater:308 - Updater called before beeing initialized
2024-02-08 15:36:24,859 [INFO] DbMcusAds:53 - JSON generation date=Wed Nov 29 19:52:27 JST 2023 (1701255147200)
2024-02-08 15:36:24,859 [FATAL] Updater:308 - Updater called before beeing initialized
2024-02-08 15:36:24,917 [WARN] DetailPanel:346 - Failed to get advertising image, set to default
2024-02-08 15:36:24,987 [FATAL] Updater:308 - Updater called before beeing initialized
2024-02-08 15:36:24,990 [FATAL] Updater:308 - Updater called before beeing initialized
2024-02-08 15:36:24,990 [FATAL] Updater:308 - Updater called before beeing initialized
2024-02-08 15:36:24,990 [WARN] DetailPanel:346 - Failed to get advertising image, set to default
2024-02-08 15:36:24,991 [FATAL] Updater:308 - Updater called before beeing initialized
2024-02-08 15:36:25,046 [ERROR] Updater:1120 - MainUpdater not yet initialized. External WinMGr cannot be set.
2024-02-08 15:36:25,055 [INFO] Updater:1056 - Updater Version found : 6.10.0
2024-02-08 15:36:25,078 [INFO] ApplicationProperties:184 - Using Application install path: C:\ST\STM32CubeIDE_1.14.0\STM32CubeIDE\plugins\com.st.stm32cube.common.mx_6.10.0.202311202037
2024-02-08 15:36:25,209 [INFO] ThirdPartyUpdaterWithRetryManager:70 - Updater plugin not ready yet. [2/15]
2024-02-08 15:36:25,562 [INFO] MainUpdater:2873 - connection check result : 10
2024-02-08 15:36:25,562 [INFO] MainUpdater:3567 - Updater definition file requires update
2024-02-08 15:36:25,563 [INFO] MainUpdater:290 - Updater Check For Update Now.
2024-02-08 15:36:25,564 [INFO] MicroXplorer:498 - Change Database Version : DB.6.0.100
2024-02-08 15:36:25,591 [INFO] McuFinderGlobals:63 - Set McuFinder mode to 2 (CubeIDE integrated)
2024-02-08 15:36:25,606 [INFO] UserAuth:404 - Internet connection configuration mode: 1
2024-02-08 15:36:25,652 [INFO] JxBrowserEngine:152 - Initiate JxBrowser Engine with user profile folder
2024-02-08 15:36:25,701 [INFO] ServerAccessManage:473 - Download File updaters.zip
2024-02-08 15:36:25,798 [INFO] FileExtend:240 - Unzip File : updaters.zip
2024-02-08 15:36:25,799 [INFO] FileExtend:255 - Standard Zip Deflate
2024-02-08 15:36:26,167 [INFO] ServerAccessManage:473 - Download File PacksControlFlags.xml
2024-02-08 15:36:26,266 [INFO] ServerAccessManage:473 - Download File cubemx.pidx
2024-02-08 15:36:26,446 [INFO] LoadServerUpdatesThread:375 - End of LoadServerUpdate Thread
2024-02-08 15:36:26,702 [INFO] CheckServerUpdateThread:120 - End of CheckServer Thread
2024-02-08 15:36:28,442 [WARN] PackLoader:240 - Cannot read IP mode file for STMicroelectronics.X-CUBE-SMBUS.2.1.0
2024-02-08 15:36:28,465 [WARN] PackLoader:240 - Cannot read IP mode file for STMicroelectronics.X-CUBE-TOUCHGFX.4.23.0
2024-02-08 15:36:28,513 [WARN] PackLoader:240 - Cannot read IP mode file for STMicroelectronics.X-CUBE-AZRTOS-F7.1.1.0
2024-02-08 15:36:28,534 [WARN] PackLoader:240 - Cannot read IP mode file for STMicroelectronics.FP-SNS-MOTENV1.4.3.2
2024-02-08 15:36:28,550 [WARN] PackLoader:240 - Cannot read IP mode file for STMicroelectronics.FP-SNS-FLIGHT1.5.0.2
2024-02-08 15:36:28,572 [WARN] PackLoader:240 - Cannot read IP mode file for STMicroelectronics.X-CUBE-DISPLAY.3.0.0
2024-02-08 15:36:28,598 [WARN] PackLoader:240 - Cannot read IP mode file for STMicroelectronics.X-CUBE-BLE1.7.0.0
2024-02-08 15:36:28,614 [WARN] PackLoader:240 - Cannot read IP mode file for emotas.I-CUBE-CANOPEN.1.3.0
2024-02-08 15:36:28,627 [WARN] PackLoader:240 - Cannot read IP mode file for STMicroelectronics.X-CUBE-TOUCHGFX.4.22.1
2024-02-08 15:36:28,644 [WARN] PackLoader:240 - Cannot read IP mode file for STMicroelectronics.FP-SNS-SMARTAG2.1.2.0
2024-02-08 15:36:28,668 [INFO] LogOutputStream:77 - [STDOUT_REDIRECT] 1 : Invalid condition id : UX_CORESTACK_Condition cause : null
2024-02-08 15:36:28,669 [INFO] LogOutputStream:77 - [STDOUT_REDIRECT] 1 : Invalid condition id : UX_CORESTACK_Condition cause : null
2024-02-08 15:36:28,671 [INFO] LogOutputStream:77 - [STDOUT_REDIRECT] 1 : Invalid condition id : UX_CORESTACK_Condition cause : null
2024-02-08 15:36:28,673 [INFO] LogOutputStream:77 - [STDOUT_REDIRECT] 1 : Invalid condition id : UX_CORESTACK_Condition cause : null
2024-02-08 15:36:28,676 [INFO] LogOutputStream:77 - [STDOUT_REDIRECT] 1 : Invalid condition id : UX_CORESTACK_Condition cause : null
2024-02-08 15:36:28,681 [WARN] PackLoader:240 - Cannot read IP mode file for STMicroelectronics.X-CUBE-AZRTOS-WL.2.0.0
2024-02-08 15:36:28,702 [WARN] PackLoader:240 - Cannot read IP mode file for WES.I-CUBE-Cesium.1.3.0
2024-02-08 15:36:28,714 [WARN] PackLoader:240 - Cannot read IP mode file for STMicroelectronics.X-CUBE-BLE2.3.3.0
2024-02-08 15:36:28,730 [WARN] PackLoader:240 - Cannot read IP mode file for STMicroelectronics.X-CUBE-ALGOBUILD.1.3.0
2024-02-08 15:36:28,759 [WARN] PackLoader:240 - Cannot read IP mode file for STMicroelectronics.X-CUBE-AZRTOS-G0.1.1.0
2024-02-08 15:36:28,780 [WARN] PackLoader:240 - Cannot read IP mode file for STMicroelectronics.X-CUBE-NFC4.3.0.0
2024-02-08 15:36:28,806 [WARN] PackLoader:240 - Cannot read IP mode file for STMicroelectronics.X-CUBE-BLEMGR.3.0.0
2024-02-08 15:36:28,823 [WARN] PackLoader:240 - Cannot read IP mode file for STMicroelectronics.FP-ATR-SIGFOX1.3.2.0
2024-02-08 15:36:28,843 [WARN] PackLoader:240 - Cannot read IP mode file for STMicroelectronics.X-CUBE-EEPRMA1.5.1.0
2024-02-08 15:36:28,894 [WARN] PackLoader:240 - Cannot read IP mode file for SEGGER.I-CUBE-embOS.1.3.1
2024-02-08 15:36:28,951 [WARN] PackLoader:240 - Cannot read IP mode file for STMicroelectronics.X-CUBE-GNSS1.6.0.0
2024-02-08 15:36:28,985 [WARN] PackLoader:240 - Cannot read IP mode file for STMicroelectronics.X-CUBE-AZRTOS-F4.1.1.0
2024-02-08 15:36:29,001 [INFO] WebApp:161 - Instantiating new browser for Auth
2024-02-08 15:36:29,003 [WARN] PackLoader:240 - Cannot read IP mode file for wolfSSL.I-CUBE-wolfSSL.5.6.3
2024-02-08 15:36:29,056 [WARN] PackLoader:240 - Cannot read IP mode file for STMicroelectronics.X-CUBE-AZRTOS-L5.2.0.0
2024-02-08 15:36:29,084 [WARN] PackLoader:240 - Cannot read IP mode file for STMicroelectronics.X-CUBE-EEPRMA1.4.2.0
2024-02-08 15:36:29,101 [WARN] PackLoader:240 - Cannot read IP mode file for ITTIA_DB.I-CUBE-ITTIADB.8.8.0
2024-02-08 15:36:29,123 [WARN] PackLoader:240 - Cannot read IP mode file for STMicroelectronics.X-CUBE-BLEMGR.2.0.0
2024-02-08 15:36:29,159 [WARN] ConditionMgr:438 - getConditionDescription Invalid condition id : UX DEVICE CLASS RTOS Condition cause : null
2024-02-08 15:36:29,160 [WARN] ConditionMgr:438 - getConditionDescription Invalid condition id : UX DEVICE CLASS RTOS Condition cause : null
2024-02-08 15:36:29,165 [WARN] PackLoader:240 - Cannot read IP mode file for STMicroelectronics.X-CUBE-AZRTOS-H7.3.1.0
2024-02-08 15:36:29,166 [WARN] ConditionMgr:1039 - genDependencies : Invalid condition id : UX DEVICE CLASS RTOS Condition cause : null
2024-02-08 15:36:29,166 [WARN] ConditionMgr:1039 - genDependencies : Invalid condition id : UX DEVICE CLASS RTOS Condition cause : null
2024-02-08 15:36:29,167 [WARN] ConditionMgr:1039 - genDependencies : Invalid condition id : UX DEVICE CLASS RTOS Condition cause : null
2024-02-08 15:36:29,167 [WARN] ConditionMgr:1039 - genDependencies : Invalid condition id : UX DEVICE CLASS RTOS Condition cause : null
2024-02-08 15:36:29,167 [WARN] ConditionMgr:1039 - genDependencies : Invalid condition id : UX DEVICE CLASS RTOS Condition cause : null
2024-02-08 15:36:29,183 [WARN] PackLoader:240 - Cannot read IP mode file for STMicroelectronics.X-CUBE-NFC7.1.0.1
2024-02-08 15:36:29,200 [WARN] PackLoader:240 - Cannot read IP mode file for STMicroelectronics.X-CUBE-NFC6.3.0.0
2024-02-08 15:36:29,216 [WARN] PackLoader:240 - Cannot read IP mode file for STMicroelectronics.X-CUBE-EEPRMA1.4.1.0
2024-02-08 15:36:29,232 [WARN] PackLoader:240 - Cannot read IP mode file for STMicroelectronics.X-CUBE-AI.8.1.0
2024-02-08 15:36:29,275 [WARN] ConditionMgr:438 - getConditionDescription Invalid condition id : LAN8742 Phy interface Condition cause : null
2024-02-08 15:36:29,276 [WARN] PackLoader:240 - Cannot read IP mode file for STMicroelectronics.X-CUBE-AZRTOS-L4.2.0.0
2024-02-08 15:36:29,276 [WARN] ConditionMgr:1039 - genDependencies : Invalid condition id : LAN8742 Phy interface Condition cause : null
2024-02-08 15:36:29,278 [WARN] ConditionMgr:1039 - genDependencies : Invalid condition id : LAN8742 Phy interface Condition cause : null
2024-02-08 15:36:29,279 [WARN] ConditionMgr:1039 - genDependencies : Invalid condition id : LAN8742 Phy interface Condition cause : null
2024-02-08 15:36:29,298 [WARN] PackLoader:240 - Cannot read IP mode file for STMicroelectronics.X-CUBE-SFXS2LP1.4.0.0
2024-02-08 15:36:29,314 [WARN] PackLoader:240 - Cannot read IP mode file for STMicroelectronics.X-CUBE-ISPU.1.1.0
2024-02-08 15:36:29,345 [WARN] ConditionMgr:438 - getConditionDescription Invalid condition id : UX DEVICE CLASS RTOS Condition cause : null
2024-02-08 15:36:29,345 [WARN] ConditionMgr:438 - getConditionDescription Invalid condition id : UX DEVICE CLASS RTOS Condition cause : null
2024-02-08 15:36:29,347 [WARN] PackLoader:240 - Cannot read IP mode file for STMicroelectronics.X-CUBE-AZRTOS-WB.2.0.0
2024-02-08 15:36:29,348 [WARN] ConditionMgr:1039 - genDependencies : Invalid condition id : UX DEVICE CLASS RTOS Condition cause : null
2024-02-08 15:36:29,348 [WARN] ConditionMgr:1039 - genDependencies : Invalid condition id : UX DEVICE CLASS RTOS Condition cause : null
2024-02-08 15:36:29,348 [WARN] ConditionMgr:1039 - genDependencies : Invalid condition id : UX DEVICE CLASS RTOS Condition cause : null
2024-02-08 15:36:29,349 [WARN] ConditionMgr:1039 - genDependencies : Invalid condition id : UX DEVICE CLASS RTOS Condition cause : null
2024-02-08 15:36:29,349 [WARN] ConditionMgr:1039 - genDependencies : Invalid condition id : UX DEVICE CLASS RTOS Condition cause : null
2024-02-08 15:36:29,371 [WARN] PackLoader:240 - Cannot read IP mode file for STMicroelectronics.X-CUBE-SUBG2.5.0.0
2024-02-08 15:36:29,398 [WARN] PackLoader:240 - Cannot read IP mode file for STMicroelectronics.X-CUBE-TOF1.3.3.1
2024-02-08 15:36:29,432 [WARN] PackLoader:240 - Cannot read IP mode file for STMicroelectronics.X-CUBE-AZRTOS-G4.2.0.0
2024-02-08 15:36:29,457 [WARN] PackLoader:240 - Cannot read IP mode file for Infineon.AIROC-Wi-Fi-Bluetooth-STM32.1.5.1
2024-02-08 15:36:29,476 [WARN] PackLoader:240 - Cannot read IP mode file for STMicroelectronics.FP-SNS-MOTENVWB1.1.3.0
2024-02-08 15:36:29,489 [WARN] PackLoader:240 - Cannot read IP mode file for STMicroelectronics.FP-SNS-MOTENVWB1.1.3.1
2024-02-08 15:36:29,500 [WARN] PackLoader:240 - Cannot read IP mode file for STMicroelectronics.X-CUBE-ISPU.2.0.0
2024-02-08 15:36:29,543 [WARN] PackLoader:240 - Cannot read IP mode file for STMicroelectronics.X-CUBE-MEMS1.10.0.0
2024-02-08 15:36:29,675 [WARN] PackLoader:240 - Cannot read IP mode file for STMicroelectronics.X-CUBE-FREERTOS.1.1.0
2024-02-08 15:36:29,692 [WARN] PackLoader:240 - Cannot read IP mode file for portGmbH.I-Cube-SoM-uGOAL.1.1.0
2024-02-08 15:36:29,719 [WARN] PackLoader:240 - Cannot read IP mode file for STMicroelectronics.X-CUBE-ALS.1.0.1
2024-02-08 15:36:29,734 [WARN] PackLoader:240 - Cannot read IP mode file for STMicroelectronics.FP-ATR-ASTRA1.2.0.0
2024-02-08 15:36:29,753 [WARN] PackLoader:240 - Cannot read IP mode file for STMicroelectronics.X-CUBE-TOF1.3.4.0
2024-02-08 15:36:29,796 [WARN] PackLoader:240 - Cannot read IP mode file for STMicroelectronics.X-CUBE-AZRTOS-H7.3.2.0
2024-02-08 15:36:29,799 [INFO] ThirdParty:978 - Integrity check success = true
2024-02-08 15:36:29,799 [INFO] IntegrityCheckThread:100 - exiting critical section [integrity check]
2024-02-08 15:36:29,799 [INFO] IntegrityCheckThread:103 - End integrity checks thread
2024-02-08 15:36:30,564 [INFO] WebApp:780 - Register for checkConnection events
2024-02-08 15:36:30,564 [INFO] WebApp:414 - Apply proxy settings
2024-02-08 15:36:30,565 [INFO] WebApp:499 - Chromium requires no authentication
2024-02-08 15:36:30,575 [INFO] WebApp:442 - Direct internet connection detected
2024-02-08 15:36:30,855 [INFO] WebApp:192 - Starting web application
2024-02-08 15:36:30,855 [INFO] WebApp:544 - Web application path used C:\ST\STM32CubeIDE_1.14.0\STM32CubeIDE\plugins\com.st.stm32cube.common.mx_6.10.0.202311202037\db\plugins\mcufinder\reactClient1\index.html
2024-02-08 15:36:51,803 [ERROR] LogOutputStream:75 - [STDERR_REDIRECT] SLF4J: Failed to load class "org.slf4j.impl.StaticLoggerBinder".
2024-02-08 15:36:51,803 [ERROR] LogOutputStream:75 - [STDERR_REDIRECT] SLF4J: Defaulting to no-operation (NOP) logger implementation
2024-02-08 15:36:51,804 [ERROR] LogOutputStream:75 - [STDERR_REDIRECT] SLF4J: See http://www.slf4j.org/codes.html#StaticLoggerBinder for further details.
2024-02-08 23:41:34,603 [ERROR] LogOutputStream:75 - [STDERR_REDIRECT] 
